#
# There is insufficient memory for the Java Runtime Environment to continue.
# Native memory allocation (mmap) failed to map 538968064 bytes. Error detail: G1 virtual space
# Possible reasons:
#   The system is out of physical RAM or swap space
#   This process is running with CompressedOops enabled, and the Java Heap may be blocking the growth of the native heap
# Possible solutions:
#   Reduce memory load on the system
#   Increase physical memory or swap space
#   Check if swap backing store is full
#   Decrease Java heap size (-Xmx/-Xms)
#   Decrease number of Java threads
#   Decrease Java thread stack sizes (-Xss)
#   Set larger code cache with -XX:ReservedCodeCacheSize=
#   JVM is running with Unscaled Compressed Oops mode in which the Java heap is
#     placed in the first 4GB address space. The Java Heap base address is the
#     maximum limit for the native heap growth. Please use -XX:HeapBaseMinAddress
#     to set the Java Heap base and to place the Java Heap above 4GB virtual address.
# This output file may be truncated or incomplete.
#
#  Out of Memory Error (os_windows.cpp:3618), pid=15144, tid=11408
#
# JRE version: OpenJDK Runtime Environment Temurin-17.0.16+8 (17.0.16+8) (build 17.0.16+8)
# Java VM: OpenJDK 64-Bit Server VM Temurin-17.0.16+8 (17.0.16+8, mixed mode, sharing, tiered, compressed oops, compressed class ptrs, g1 gc, windows-amd64)
# No core dump will be written. Minidumps are not enabled by default on client versions of Windows
#

---------------  S U M M A R Y ------------

Command Line: C:\Users\hp\AppData\Local\Temp\surefire9494254255756248207\surefirebooter-20260513130928712_3.jar C:\Users\hp\AppData\Local\Temp\surefire9494254255756248207 2026-05-13T13-09-28_549-jvmRun1 surefire-20260513130928712_1tmp surefire_0-20260513130928712_2tmp

Host: 13th Gen Intel(R) Core(TM) i5-1334U, 12 cores, 7G,  Windows 11 , 64 bit Build 26100 (10.0.26100.7705)
Time: Wed May 13 13:10:32 2026 Paris, Madrid (heure duild 26100 (10.0.26100.7705) elapsed time: 63.911732 seconds (0d 0h 1m 3s)

---------------  T H R E A D  ---------------

Current thread (0x0000027f29432850):  VMThread "VM Thread" [stack: 0x000000c31f700000,0x000000c31f800000] [id=11408]

Stack: [0x000000c31f700000,0x000000c31f800000]
Native frames: (J=compiled Java code, j=interpreted, Vv=VM code, C=native code)
V  [jvm.dll+0x683169]
V  [jvm.dll+0x839ac8]
V  [jvm.dll+0x83b573]
V  [jvm.dll+0x83bbe3]
V  [jvm.dll+0x2473ff]
V  [jvm.dll+0x67ff49]
V  [jvm.dll+0x674e3a]
V  [jvm.dll+0x304ea6]
V  [jvm.dll+0x30c366]
V  [jvm.dll+0x35deee]
V  [jvm.dll+0x35e12d]
V  [jvm.dll+0x2dc26c]
V  [jvm.dll+0x2da60f]
V  [jvm.dll+0x2d9d7c]
V  [jvm.dll+0x31d55b]
V  [jvm.dll+0x84041d]
V  [jvm.dll+0x841153]
V  [jvm.dll+0x84167f]
V  [jvm.dll+0x841a64]
V  [jvm.dll+0x841b2e]
V  [jvm.dll+0x7e979c]
V  [jvm.dll+0x682047]
C  [ucrtbase.dll+0x37b0]
C  [KERNEL32.DLL+0x2e8d7]
C  [ntdll.dll+0x8c40c]

VM_Operation (0x000000c31f1f85e0): G1CollectForAllocation, mode: safepoint, requested by thread 0x0000027f0ae27d70


---------------  P R O C E S S  ---------------

Threads class SMR info:
_java_thread_list=0x0000027f73323d20, length=25, elements={
0x0000027f0ae27d70, 0x0000027f29437cb0, 0x0000027f29438670, 0x0000027f295934d0,
0x0000027f29597db0, 0x0000027f29598680, 0x0000027f29599040, 0x0000027f2959ad40,
0x0000027f2959b7f0, 0x0000027f2959ca10, 0x0000027f296e46a0, 0x0000027f296e4e20,
0x0000027f6f4a8500, 0x0000027f298d4aa0, 0x0000027f71769b90, 0x0000027f7176a0a0,
0x0000027f7176a5b0, 0x0000027f7176aac0, 0x0000027f7176b4e0, 0x0000027f736e2cc0,
0x0000027f736e4100, 0x0000027f736e31d0, 0x0000027f71f41ca0, 0x0000027f71f421b0,
0x0000027f71f42bd0
}

Java Threads: ( => current thread )
  0x0000027f0ae27d70 JavaThread "main" [_thread_blocked, id=11256, stack(0x000000c31f100000,0x000000c31f200000)]
  0x0000027f29437cb0 JavaThread "Reference Handler" daemon [_thread_blocked, id=22920, stack(0x000000c31f800000,0x000000c31f900000)]
  0x0000027f29438670 JavaThread "Finalizer" daemon [_thread_blocked, id=7364, stack(0x000000c31f900000,0x000000c31fa00000)]
  0x0000027f295934d0 JavaThread "Signal Dispatcher" daemon [_thread_blocked, id=14892, stack(0x000000c31fa00000,0x000000c31fb00000)]
  0x0000027f29597db0 JavaThread "Attach Listener" daemon [_thread_blocked, id=992, stack(0x000000c31fb00000,0x000000c31fc00000)]
  0x0000027f29598680 JavaThread "Service Thread" daemon [_thread_blocked, id=19656, stack(0x000000c31fc00000,0x000000c31fd00000)]
  0x0000027f29599040 JavaThread "Monitor Deflation Thread" daemon [_thread_blocked, id=14244, stack(0x000000c31fd00000,0x000000c31fe00000)]
  0x0000027f2959ad40 JavaThread "C2 CompilerThread0" daemon [_thread_blocked, id=22624, stack(0x000000c31fe00000,0x000000c31ff00000)]
  0x0000027f2959b7f0 JavaThread "C1 CompilerThread0" daemon [_thread_blocked, id=22336, stack(0x000000c31ff00000,0x000000c320000000)]
  0x0000027f2959ca10 JavaThread "Sweeper thread" daemon [_thread_blocked, id=6552, stack(0x000000c320000000,0x000000c320100000)]
  0x0000027f296e46a0 JavaThread "Notification Thread" daemon [_thread_blocked, id=15688, stack(0x000000c320100000,0x000000c320200000)]
  0x0000027f296e4e20 JavaThread "Common-Cleaner" daemon [_thread_blocked, id=13132, stack(0x000000c320300000,0x000000c320400000)]
  0x0000027f6f4a8500 JavaThread "surefire-forkedjvm-stream-flusher" daemon [_thread_blocked, id=14324, stack(0x000000c320400000,0x000000c320500000)]
  0x0000027f298d4aa0 JavaThread "surefire-forkedjvm-command-thread" daemon [_thread_in_native, id=18936, stack(0x000000c320500000,0x000000c320600000)]
  0x0000027f71769b90 JavaThread "mysql-cj-abandoned-connection-cleanup" daemon [_thread_blocked, id=14420, stack(0x000000c320700000,0x000000c320800000)]
  0x0000027f7176a0a0 JavaThread "MVStore background writer D:/Platform-Pediatric-pidev-platform-nephrologie/Platform-Pediatric-pidev-platform-nephrologie/Back/data/pediatricdb.mv.db" daemon [_thread_blocked, id=14980, stack(0x000000c321200000,0x000000c321300000)]
  0x0000027f7176a5b0 JavaThread "HikariPool-1 housekeeper" daemon [_thread_blocked, id=25136, stack(0x000000c321500000,0x000000c321600000)]
  0x0000027f7176aac0 JavaThread "H2-serialization" daemon [_thread_blocked, id=14208, stack(0x000000c321600000,0x000000c321700000)]
  0x0000027f7176b4e0 JavaThread "H2-save" daemon [_thread_blocked, id=21188, stack(0x000000c321700000,0x000000c321800000)]
  0x0000027f736e2cc0 JavaThread "spring.cloud.inetutils" daemon [_thread_blocked, id=19532, stack(0x000000c321d00000,0x000000c321e00000)]
  0x0000027f736e4100 JavaThread "spectator-gauge-polling-0" daemon [_thread_blocked, id=25516, stack(0x000000c321e00000,0x000000c321f00000)]
  0x0000027f736e31d0 JavaThread "AsyncResolver-bootstrap-%d" daemon [_thread_blocked, id=5720, stack(0x000000c321f00000,0x000000c322000000)]
  0x0000027f71f41ca0 JavaThread "DiscoveryClient-%d" daemon [_thread_blocked, id=1692, stack(0x000000c322100000,0x000000c322200000)]
  0x0000027f71f421b0 JavaThread "DiscoveryClient-%d" daemon [_thread_blocked, id=24268, stack(0x000000c322200000,0x000000c322300000)]
  0x0000027f71f42bd0 JavaThread "DiscoveryClient-InstanceInfoReplicator-%d" daemon [_thread_blocked, id=22696, stack(0x000000c322300000,0x000000c322400000)]

Other Threads:
=>0x0000027f29432850 VMThread "VM Thread" [stack: 0x000000c31f700000,0x000000c31f800000] [id=11408]
  0x0000027f296e4b80 WatcherThread [stack: 0x000000c320200000,0x000000c320300000] [id=18668]
  0x0000027f0ae84030 GCTaskThread "GC Thread#0" [stack: 0x000000c31f200000,0x000000c31f300000] [id=19996]
  0x0000027f70083e00 GCTaskThread "GC Thread#1" [stack: 0x000000c320800000,0x000000c320900000] [id=24620]
  0x0000027f6f752730 GCTaskThread "GC Thread#2" [stack: 0x000000c320900000,0x000000c320a00000] [id=6012]
  0x0000027f70bd7c90 GCTaskThread "GC Thread#3" [stack: 0x000000c320a00000,0x000000c320b00000] [id=13072]
  0x0000027f6fc2c700 GCTaskThread "GC Thread#4" [stack: 0x000000c320b00000,0x000000c320c00000] [id=24408]
  0x0000027f6fc2c9c0 GCTaskThread "GC Thread#5" [stack: 0x000000c320c00000,0x000000c320d00000] [id=23144]
  0x0000027f6fc2cc80 GCTaskThread "GC Thread#6" [stack: 0x000000c320d00000,0x000000c320e00000] [id=23252]
  0x0000027f7021fe50 GCTaskThread "GC Thread#7" [stack: 0x000000c320f00000,0x000000c321000000] [id=22228]
  0x0000027f7003f190 GCTaskThread "GC Thread#8" [stack: 0x000000c321000000,0x000000c321100000] [id=11216]
  0x0000027f70091d90 GCTaskThread "GC Thread#9" [stack: 0x000000c321100000,0x000000c321200000] [id=23668]
  0x0000027f0ae957d0 ConcurrentGCThread "G1 Main Marker" [stack: 0x000000c31f300000,0x000000c31f400000] [id=23908]
  0x0000027f0ae98100 ConcurrentGCThread "G1 Conc#0" [stack: 0x000000c31f400000,0x000000c31f500000] [id=24688]
  0x0000027f70396560 ConcurrentGCThread "G1 Conc#1" [stack: 0x000000c321300000,0x000000c321400000] [id=23840]
  0x0000027f70395d20 ConcurrentGCThread "G1 Conc#2" [stack: 0x000000c321400000,0x000000c321500000] [id=6948]
  0x0000027f0aedecb0 ConcurrentGCThread "G1 Refine#0" [stack: 0x000000c31f500000,0x000000c31f600000] [id=24792]
  0x0000027f7078c390 ConcurrentGCThread "G1 Refine#1" [stack: 0x000000c320e00000,0x000000c320f00000] [id=23088]
  0x0000027f71cf19a0 ConcurrentGCThread "G1 Refine#2" [stack: 0x000000c321900000,0x000000c321a00000] [id=16692]
  0x0000027f76b91540 ConcurrentGCThread "G1 Refine#3" [stack: 0x000000c321a00000,0x000000c321b00000] [id=24856]
  0x0000027f76b94440 ConcurrentGCThread "G1 Refine#4" [stack: 0x000000c320600000,0x000000c320700000] [id=19236]
  0x0000027f292d12a0 ConcurrentGCThread "G1 Service" [stack: 0x000000c31f600000,0x000000c31f700000] [id=21204]

Threads with active compile tasks:
C2 CompilerThread0    63942 11604   !   4       java.util.zip.InflaterInputStream::read (138 bytes)

VM state: at safepoint (normal execution)

VM Mutex/Monitor currently owned by a thread:  ([mutex/lock_event])
[0x0000027f0ae24e50] Threads_lock - owner thread: 0x0000027f29432850
[0x0000027f0ae24b80] Heap_lock - owner thread: 0x0000027f0ae27d70

Heap address: 0x0000000085800000, size: 1960 MB, Compressed Oops mode: 32-bit

CDS archive(s) mapped at: [0x0000027f2a000000-0x0000027f2abb0000-0x0000027f2abb0000), size 12255232, SharedBaseAddress: 0x0000027f2a000000, ArchiveRelocationMode: 1.
Compressed class space mapped at: 0x0000027f2b000000-0x0000027f6b000000, reserved size: 1073741824
Narrow klass base: 0x0000027f2a000000, Narrow klass shift: 0, Narrow klass range: 0x100000000

GC Precious Log:
 CPUs: 12 total, 12 available
 Memory: 7835M
 Large Page Support: Disabled
 NUMA Support: Disabled
 Compressed Oops: Enabled (32-bit)
 Heap Region Size: 1M
 Heap Min Capacity: 8M
 Heap Initial Capacity: 124M
 Heap Max Capacity: 1960M
 Pre-touch: Disabled
 Parallel Workers: 10
 Concurrent Workers: 3
 Concurrent Refinement Workers: 10
 Periodic GC: Disabled

Heap:
 garbage-first heap   total 311296K, used 98598K [0x0000000085800000, 0x0000000100000000)
  region size 1024K, 2 young (2048K), 2 survivors (2048K)
 Metaspace       used 93219K, committed 93888K, reserved 1179648K
  class space    used 12841K, committed 13184K, reserved 1048576K

Heap Regions: E=young(eden), S=young(survivor), O=old, HS=humongous(starts), HC=humongous(continues), CS=collection set, F=free, OA=open archive, CA=closed archive, TAMS=top-at-mark-start (previous, next)
|   0|0x0000000085800000, 0x0000000085900000, 0x0000000085900000|100%|HS|  |TAMS 0x0000000085900000, 0x0000000085800000| Complete 
|   1|0x0000000085900000, 0x0000000085a00000, 0x0000000085a00000|100%|HS|  |TAMS 0x0000000085a00000, 0x0000000085900000| Complete 
|   2|0x0000000085a00000, 0x0000000085b00000, 0x0000000085b00000|100%|HS|  |TAMS 0x0000000085b00000, 0x0000000085a00000| Complete 
|   3|0x0000000085b00000, 0x0000000085c00000, 0x0000000085c00000|100%| O|  |TAMS 0x0000000085c00000, 0x0000000085b00000| Untracked 
|   4|0x0000000085c00000, 0x0000000085d00000, 0x0000000085d00000|100%| O|  |TAMS 0x0000000085d00000, 0x0000000085c00000| Untracked 
|   5|0x0000000085d00000, 0x0000000085e00000, 0x0000000085e00000|100%| O|  |TAMS 0x0000000085e00000, 0x0000000085d00000| Untracked 
|   6|0x0000000085e00000, 0x0000000085f00000, 0x0000000085f00000|100%| O|  |TAMS 0x0000000085f00000, 0x0000000085e00000| Untracked 
|   7|0x0000000085f00000, 0x0000000086000000, 0x0000000086000000|100%| O|  |TAMS 0x0000000086000000, 0x0000000085f00000| Untracked 
|   8|0x0000000086000000, 0x0000000086100000, 0x0000000086100000|100%| O|  |TAMS 0x0000000086100000, 0x0000000086000000| Untracked 
|   9|0x0000000086100000, 0x0000000086200000, 0x0000000086200000|100%| O|  |TAMS 0x0000000086200000, 0x0000000086100000| Untracked 
|  10|0x0000000086200000, 0x0000000086300000, 0x0000000086300000|100%| O|  |TAMS 0x0000000086300000, 0x0000000086200000| Untracked 
|  11|0x0000000086300000, 0x0000000086400000, 0x0000000086400000|100%| O|  |TAMS 0x0000000086400000, 0x0000000086300000| Untracked 
|  12|0x0000000086400000, 0x0000000086500000, 0x0000000086500000|100%| O|  |TAMS 0x0000000086500000, 0x0000000086400000| Untracked 
|  13|0x0000000086500000, 0x0000000086600000, 0x0000000086600000|100%| O|  |TAMS 0x0000000086600000, 0x0000000086500000| Untracked 
|  14|0x0000000086600000, 0x0000000086700000, 0x0000000086700000|100%| O|  |TAMS 0x0000000086700000, 0x0000000086600000| Untracked 
|  15|0x0000000086700000, 0x0000000086800000, 0x0000000086800000|100%| O|  |TAMS 0x0000000086800000, 0x0000000086700000| Untracked 
|  16|0x0000000086800000, 0x0000000086900000, 0x0000000086900000|100%| O|  |TAMS 0x0000000086900000, 0x0000000086800000| Untracked 
|  17|0x0000000086900000, 0x0000000086a00000, 0x0000000086a00000|100%| O|  |TAMS 0x0000000086a00000, 0x0000000086900000| Untracked 
|  18|0x0000000086a00000, 0x0000000086a9e800, 0x0000000086b00000| 61%| O|  |TAMS 0x0000000086a9e800, 0x0000000086a00000| Untracked 
|  19|0x0000000086b00000, 0x0000000086c00000, 0x0000000086c00000|100%| O|  |TAMS 0x0000000086c00000, 0x0000000086b00000| Untracked 
|  20|0x0000000086c00000, 0x0000000086d00000, 0x0000000086d00000|100%| O|  |TAMS 0x0000000086d00000, 0x0000000086c00000| Untracked 
|  21|0x0000000086d00000, 0x0000000086e00000, 0x0000000086e00000|100%| O|  |TAMS 0x0000000086e00000, 0x0000000086d00000| Untracked 
|  22|0x0000000086e00000, 0x0000000086f00000, 0x0000000086f00000|100%| O|  |TAMS 0x0000000086f00000, 0x0000000086e00000| Untracked 
|  23|0x0000000086f00000, 0x0000000087000000, 0x0000000087000000|100%| O|  |TAMS 0x0000000087000000, 0x0000000086f00000| Untracked 
|  24|0x0000000087000000, 0x0000000087100000, 0x0000000087100000|100%| O|  |TAMS 0x0000000087100000, 0x0000000087000000| Untracked 
|  25|0x0000000087100000, 0x0000000087200000, 0x0000000087200000|100%| O|  |TAMS 0x0000000087200000, 0x0000000087100000| Untracked 
|  26|0x0000000087200000, 0x0000000087300000, 0x0000000087300000|100%| O|  |TAMS 0x0000000087300000, 0x0000000087200000| Untracked 
|  27|0x0000000087300000, 0x0000000087400000, 0x0000000087400000|100%| O|  |TAMS 0x0000000087400000, 0x0000000087300000| Untracked 
|  28|0x0000000087400000, 0x0000000087500000, 0x0000000087500000|100%| O|  |TAMS 0x0000000087500000, 0x0000000087400000| Untracked 
|  29|0x0000000087500000, 0x0000000087600000, 0x0000000087600000|100%| O|  |TAMS 0x0000000087600000, 0x0000000087500000| Untracked 
|  30|0x0000000087600000, 0x0000000087700000, 0x0000000087700000|100%|HS|  |TAMS 0x0000000087700000, 0x0000000087600000| Complete 
|  31|0x0000000087700000, 0x0000000087800000, 0x0000000087800000|100%|HC|  |TAMS 0x0000000087800000, 0x0000000087700000| Complete 
|  32|0x0000000087800000, 0x0000000087900000, 0x0000000087900000|100%| O|  |TAMS 0x0000000087900000, 0x0000000087800000| Untracked 
|  33|0x0000000087900000, 0x0000000087a00000, 0x0000000087a00000|100%| O|  |TAMS 0x0000000087a00000, 0x0000000087900000| Untracked 
|  34|0x0000000087a00000, 0x0000000087b00000, 0x0000000087b00000|100%| O|  |TAMS 0x0000000087b00000, 0x0000000087a00000| Untracked 
|  35|0x0000000087b00000, 0x0000000087c00000, 0x0000000087c00000|100%| O|  |TAMS 0x0000000087c00000, 0x0000000087b00000| Untracked 
|  36|0x0000000087c00000, 0x0000000087d00000, 0x0000000087d00000|100%| O|  |TAMS 0x0000000087d00000, 0x0000000087c00000| Untracked 
|  37|0x0000000087d00000, 0x0000000087e00000, 0x0000000087e00000|100%| O|  |TAMS 0x0000000087e00000, 0x0000000087d00000| Untracked 
|  38|0x0000000087e00000, 0x0000000087f00000, 0x0000000087f00000|100%| O|  |TAMS 0x0000000087f00000, 0x0000000087e00000| Untracked 
|  39|0x0000000087f00000, 0x0000000088000000, 0x0000000088000000|100%| O|  |TAMS 0x0000000088000000, 0x0000000087f00000| Untracked 
|  40|0x0000000088000000, 0x0000000088100000, 0x0000000088100000|100%| O|  |TAMS 0x0000000088100000, 0x0000000088000000| Untracked 
|  41|0x0000000088100000, 0x0000000088200000, 0x0000000088200000|100%| O|  |TAMS 0x0000000088200000, 0x0000000088100000| Untracked 
|  42|0x0000000088200000, 0x0000000088300000, 0x0000000088300000|100%| O|  |TAMS 0x0000000088300000, 0x0000000088200000| Untracked 
|  43|0x0000000088300000, 0x0000000088400000, 0x0000000088400000|100%| O|  |TAMS 0x0000000088400000, 0x0000000088300000| Untracked 
|  44|0x0000000088400000, 0x0000000088500000, 0x0000000088500000|100%| O|  |TAMS 0x0000000088500000, 0x0000000088400000| Untracked 
|  45|0x0000000088500000, 0x0000000088600000, 0x0000000088600000|100%| O|  |TAMS 0x0000000088600000, 0x0000000088500000| Untracked 
|  46|0x0000000088600000, 0x0000000088700000, 0x0000000088700000|100%| O|  |TAMS 0x0000000088700000, 0x0000000088600000| Untracked 
|  47|0x0000000088700000, 0x0000000088800000, 0x0000000088800000|100%| O|  |TAMS 0x0000000088800000, 0x0000000088700000| Untracked 
|  48|0x0000000088800000, 0x0000000088900000, 0x0000000088900000|100%| O|  |TAMS 0x0000000088900000, 0x0000000088800000| Untracked 
|  49|0x0000000088900000, 0x0000000088a00000, 0x0000000088a00000|100%| O|  |TAMS 0x0000000088a00000, 0x0000000088900000| Untracked 
|  50|0x0000000088a00000, 0x0000000088b00000, 0x0000000088b00000|100%| O|  |TAMS 0x0000000088b00000, 0x0000000088a00000| Untracked 
|  51|0x0000000088b00000, 0x0000000088c00000, 0x0000000088c00000|100%| O|  |TAMS 0x0000000088c00000, 0x0000000088b00000| Untracked 
|  52|0x0000000088c00000, 0x0000000088d00000, 0x0000000088d00000|100%| O|  |TAMS 0x0000000088d00000, 0x0000000088c00000| Untracked 
|  53|0x0000000088d00000, 0x0000000088e00000, 0x0000000088e00000|100%| O|  |TAMS 0x0000000088e00000, 0x0000000088d00000| Untracked 
|  54|0x0000000088e00000, 0x0000000088f00000, 0x0000000088f00000|100%| O|  |TAMS 0x0000000088f00000, 0x0000000088e00000| Untracked 
|  55|0x0000000088f00000, 0x0000000089000000, 0x0000000089000000|100%| O|  |TAMS 0x0000000088f00000, 0x0000000088f00000| Untracked 
|  56|0x0000000089000000, 0x0000000089100000, 0x0000000089100000|100%| O|  |TAMS 0x0000000089000000, 0x0000000089000000| Untracked 
|  57|0x0000000089100000, 0x0000000089200000, 0x0000000089200000|100%| O|  |TAMS 0x0000000089100000, 0x0000000089100000| Untracked 
|  58|0x0000000089200000, 0x0000000089300000, 0x0000000089300000|100%| O|  |TAMS 0x0000000089200000, 0x0000000089200000| Untracked 
|  59|0x0000000089300000, 0x0000000089400000, 0x0000000089400000|100%| O|  |TAMS 0x0000000089400000, 0x0000000089300000| Untracked 
|  60|0x0000000089400000, 0x000000008943e000, 0x0000000089500000| 24%| O|  |TAMS 0x0000000089400000, 0x0000000089400000| Untracked 
|  61|0x0000000089500000, 0x0000000089500000, 0x0000000089600000|  0%| F|  |TAMS 0x0000000089500000, 0x0000000089500000| Untracked 
|  62|0x0000000089600000, 0x0000000089600000, 0x0000000089700000|  0%| F|  |TAMS 0x0000000089600000, 0x0000000089600000| Untracked 
|  63|0x0000000089700000, 0x0000000089700000, 0x0000000089800000|  0%| F|  |TAMS 0x0000000089700000, 0x0000000089700000| Untracked 
|  64|0x0000000089800000, 0x0000000089800000, 0x0000000089900000|  0%| F|  |TAMS 0x0000000089800000, 0x0000000089800000| Untracked 
|  65|0x0000000089900000, 0x0000000089900000, 0x0000000089a00000|  0%| F|  |TAMS 0x0000000089900000, 0x0000000089900000| Untracked 
|  66|0x0000000089a00000, 0x0000000089b00000, 0x0000000089b00000|100%| O|  |TAMS 0x0000000089b00000, 0x0000000089a00000| Untracked 
|  67|0x0000000089b00000, 0x0000000089c00000, 0x0000000089c00000|100%| O|  |TAMS 0x0000000089c00000, 0x0000000089b00000| Untracked 
|  68|0x0000000089c00000, 0x0000000089d00000, 0x0000000089d00000|100%| O|  |TAMS 0x0000000089c00000, 0x0000000089c00000| Untracked 
|  69|0x0000000089d00000, 0x0000000089d00000, 0x0000000089e00000|  0%| F|  |TAMS 0x0000000089d00000, 0x0000000089d00000| Untracked 
|  70|0x0000000089e00000, 0x0000000089e00000, 0x0000000089f00000|  0%| F|  |TAMS 0x0000000089e00000, 0x0000000089e00000| Untracked 
|  71|0x0000000089f00000, 0x0000000089f00000, 0x000000008a000000|  0%| F|  |TAMS 0x0000000089f00000, 0x0000000089f00000| Untracked 
|  72|0x000000008a000000, 0x000000008a000000, 0x000000008a100000|  0%| F|  |TAMS 0x000000008a000000, 0x000000008a000000| Untracked 
|  73|0x000000008a100000, 0x000000008a100000, 0x000000008a200000|  0%| F|  |TAMS 0x000000008a100000, 0x000000008a100000| Untracked 
|  74|0x000000008a200000, 0x000000008a200000, 0x000000008a300000|  0%| F|  |TAMS 0x000000008a200000, 0x000000008a200000| Untracked 
|  75|0x000000008a300000, 0x000000008a300000, 0x000000008a400000|  0%| F|  |TAMS 0x000000008a300000, 0x000000008a300000| Untracked 
|  76|0x000000008a400000, 0x000000008a400000, 0x000000008a500000|  0%| F|  |TAMS 0x000000008a400000, 0x000000008a400000| Untracked 
|  77|0x000000008a500000, 0x000000008a500000, 0x000000008a600000|  0%| F|  |TAMS 0x000000008a500000, 0x000000008a500000| Untracked 
|  78|0x000000008a600000, 0x000000008a700000, 0x000000008a700000|100%| O|  |TAMS 0x000000008a700000, 0x000000008a600000| Untracked 
|  79|0x000000008a700000, 0x000000008a700000, 0x000000008a800000|  0%| F|  |TAMS 0x000000008a700000, 0x000000008a700000| Untracked 
|  80|0x000000008a800000, 0x000000008a900000, 0x000000008a900000|100%| O|  |TAMS 0x000000008a800000, 0x000000008a800000| Untracked 
|  81|0x000000008a900000, 0x000000008aa00000, 0x000000008aa00000|100%| O|  |TAMS 0x000000008a900000, 0x000000008a900000| Untracked 
|  82|0x000000008aa00000, 0x000000008ab00000, 0x000000008ab00000|100%| O|  |TAMS 0x000000008aa00000, 0x000000008aa00000| Untracked 
|  83|0x000000008ab00000, 0x000000008ac00000, 0x000000008ac00000|100%| O|  |TAMS 0x000000008ab00000, 0x000000008ab00000| Untracked 
|  84|0x000000008ac00000, 0x000000008ad00000, 0x000000008ad00000|100%| O|  |TAMS 0x000000008ac00000, 0x000000008ac00000| Untracked 
|  85|0x000000008ad00000, 0x000000008ad00000, 0x000000008ae00000|  0%| F|  |TAMS 0x000000008ad00000, 0x000000008ad00000| Untracked 
|  86|0x000000008ae00000, 0x000000008ae00000, 0x000000008af00000|  0%| F|  |TAMS 0x000000008ae00000, 0x000000008ae00000| Untracked 
|  87|0x000000008af00000, 0x000000008af00000, 0x000000008b000000|  0%| F|  |TAMS 0x000000008af00000, 0x000000008af00000| Untracked 
|  88|0x000000008b000000, 0x000000008b000000, 0x000000008b100000|  0%| F|  |TAMS 0x000000008b000000, 0x000000008b000000| Untracked 
|  89|0x000000008b100000, 0x000000008b100000, 0x000000008b200000|  0%| F|  |TAMS 0x000000008b100000, 0x000000008b100000| Untracked 
|  90|0x000000008b200000, 0x000000008b200000, 0x000000008b300000|  0%| F|  |TAMS 0x000000008b200000, 0x000000008b200000| Untracked 
|  91|0x000000008b300000, 0x000000008b300000, 0x000000008b400000|  0%| F|  |TAMS 0x000000008b300000, 0x000000008b300000| Untracked 
|  92|0x000000008b400000, 0x000000008b400000, 0x000000008b500000|  0%| F|  |TAMS 0x000000008b400000, 0x000000008b400000| Untracked 
|  93|0x000000008b500000, 0x000000008b500000, 0x000000008b600000|  0%| F|  |TAMS 0x000000008b500000, 0x000000008b500000| Untracked 
|  94|0x000000008b600000, 0x000000008b600000, 0x000000008b700000|  0%| F|  |TAMS 0x000000008b600000, 0x000000008b600000| Untracked 
|  95|0x000000008b700000, 0x000000008b700000, 0x000000008b800000|  0%| F|  |TAMS 0x000000008b700000, 0x000000008b700000| Untracked 
|  96|0x000000008b800000, 0x000000008b800000, 0x000000008b900000|  0%| F|  |TAMS 0x000000008b800000, 0x000000008b800000| Untracked 
|  97|0x000000008b900000, 0x000000008b900000, 0x000000008ba00000|  0%| F|  |TAMS 0x000000008b900000, 0x000000008b900000| Untracked 
|  98|0x000000008ba00000, 0x000000008ba00000, 0x000000008bb00000|  0%| F|  |TAMS 0x000000008ba00000, 0x000000008ba00000| Untracked 
|  99|0x000000008bb00000, 0x000000008bb00000, 0x000000008bc00000|  0%| F|  |TAMS 0x000000008bb00000, 0x000000008bb00000| Untracked 
| 100|0x000000008bc00000, 0x000000008bc00000, 0x000000008bd00000|  0%| F|  |TAMS 0x000000008bc00000, 0x000000008bc00000| Untracked 
| 101|0x000000008bd00000, 0x000000008bd00000, 0x000000008be00000|  0%| F|  |TAMS 0x000000008bd00000, 0x000000008bd00000| Untracked 
| 102|0x000000008be00000, 0x000000008be00000, 0x000000008bf00000|  0%| F|  |TAMS 0x000000008be00000, 0x000000008be00000| Untracked 
| 103|0x000000008bf00000, 0x000000008bf00000, 0x000000008c000000|  0%| F|  |TAMS 0x000000008bf00000, 0x000000008bf00000| Untracked 
| 104|0x000000008c000000, 0x000000008c000000, 0x000000008c100000|  0%| F|  |TAMS 0x000000008c000000, 0x000000008c000000| Untracked 
| 105|0x000000008c100000, 0x000000008c100000, 0x000000008c200000|  0%| F|  |TAMS 0x000000008c100000, 0x000000008c100000| Untracked 
| 106|0x000000008c200000, 0x000000008c200000, 0x000000008c300000|  0%| F|  |TAMS 0x000000008c200000, 0x000000008c200000| Untracked 
| 107|0x000000008c300000, 0x000000008c300000, 0x000000008c400000|  0%| F|  |TAMS 0x000000008c300000, 0x000000008c300000| Untracked 
| 108|0x000000008c400000, 0x000000008c400000, 0x000000008c500000|  0%| F|  |TAMS 0x000000008c400000, 0x000000008c400000| Untracked 
| 109|0x000000008c500000, 0x000000008c500000, 0x000000008c600000|  0%| F|  |TAMS 0x000000008c500000, 0x000000008c500000| Untracked 
| 110|0x000000008c600000, 0x000000008c600000, 0x000000008c700000|  0%| F|  |TAMS 0x000000008c600000, 0x000000008c600000| Untracked 
| 111|0x000000008c700000, 0x000000008c800000, 0x000000008c800000|100%| O|  |TAMS 0x000000008c800000, 0x000000008c700000| Untracked 
| 112|0x000000008c800000, 0x000000008c900000, 0x000000008c900000|100%| O|  |TAMS 0x000000008c900000, 0x000000008c800000| Untracked 
| 113|0x000000008c900000, 0x000000008ca00000, 0x000000008ca00000|100%| O|  |TAMS 0x000000008ca00000, 0x000000008c900000| Untracked 
| 114|0x000000008ca00000, 0x000000008ca00000, 0x000000008cb00000|  0%| F|  |TAMS 0x000000008ca00000, 0x000000008ca00000| Untracked 
| 115|0x000000008cb00000, 0x000000008cb00000, 0x000000008cc00000|  0%| F|  |TAMS 0x000000008cb00000, 0x000000008cb00000| Untracked 
| 116|0x000000008cc00000, 0x000000008cc00000, 0x000000008cd00000|  0%| F|  |TAMS 0x000000008cc00000, 0x000000008cc00000| Untracked 
| 117|0x000000008cd00000, 0x000000008cd00000, 0x000000008ce00000|  0%| F|  |TAMS 0x000000008cd00000, 0x000000008cd00000| Untracked 
| 118|0x000000008ce00000, 0x000000008ce00000, 0x000000008cf00000|  0%| F|  |TAMS 0x000000008ce00000, 0x000000008ce00000| Untracked 
| 119|0x000000008cf00000, 0x000000008cf00000, 0x000000008d000000|  0%| F|  |TAMS 0x000000008cf00000, 0x000000008cf00000| Untracked 
| 120|0x000000008d000000, 0x000000008d000000, 0x000000008d100000|  0%| F|  |TAMS 0x000000008d000000, 0x000000008d000000| Untracked 
| 121|0x000000008d100000, 0x000000008d100000, 0x000000008d200000|  0%| F|  |TAMS 0x000000008d100000, 0x000000008d100000| Untracked 
| 122|0x000000008d200000, 0x000000008d200000, 0x000000008d300000|  0%| F|  |TAMS 0x000000008d200000, 0x000000008d200000| Untracked 
| 123|0x000000008d300000, 0x000000008d300000, 0x000000008d400000|  0%| F|  |TAMS 0x000000008d300000, 0x000000008d300000| Untracked 
| 124|0x000000008d400000, 0x000000008d400000, 0x000000008d500000|  0%| F|  |TAMS 0x000000008d400000, 0x000000008d400000| Untracked 
| 125|0x000000008d500000, 0x000000008d500000, 0x000000008d600000|  0%| F|  |TAMS 0x000000008d500000, 0x000000008d500000| Untracked 
| 126|0x000000008d600000, 0x000000008d600000, 0x000000008d700000|  0%| F|  |TAMS 0x000000008d600000, 0x000000008d600000| Untracked 
| 127|0x000000008d700000, 0x000000008d700000, 0x000000008d800000|  0%| F|  |TAMS 0x000000008d700000, 0x000000008d700000| Untracked 
| 128|0x000000008d800000, 0x000000008d800000, 0x000000008d900000|  0%| F|  |TAMS 0x000000008d800000, 0x000000008d800000| Untracked 
| 129|0x000000008d900000, 0x000000008da00000, 0x000000008da00000|100%| O|  |TAMS 0x000000008da00000, 0x000000008d900000| Untracked 
| 130|0x000000008da00000, 0x000000008da00000, 0x000000008db00000|  0%| F|  |TAMS 0x000000008da00000, 0x000000008da00000| Untracked 
| 131|0x000000008db00000, 0x000000008dc00000, 0x000000008dc00000|100%| O|  |TAMS 0x000000008dc00000, 0x000000008db00000| Untracked 
| 132|0x000000008dc00000, 0x000000008dd00000, 0x000000008dd00000|100%| O|  |TAMS 0x000000008dd00000, 0x000000008dc00000| Untracked 
| 133|0x000000008dd00000, 0x000000008de00000, 0x000000008de00000|100%| O|  |TAMS 0x000000008de00000, 0x000000008dd00000| Untracked 
| 134|0x000000008de00000, 0x000000008df00000, 0x000000008df00000|100%| O|  |TAMS 0x000000008df00000, 0x000000008de00000| Untracked 
| 135|0x000000008df00000, 0x000000008e000000, 0x000000008e000000|100%| O|  |TAMS 0x000000008e000000, 0x000000008df00000| Untracked 
| 136|0x000000008e000000, 0x000000008e100000, 0x000000008e100000|100%| O|  |TAMS 0x000000008e100000, 0x000000008e000000| Untracked 
| 137|0x000000008e100000, 0x000000008e200000, 0x000000008e200000|100%| O|  |TAMS 0x000000008e200000, 0x000000008e100000| Untracked 
| 138|0x000000008e200000, 0x000000008e300000, 0x000000008e300000|100%| O|  |TAMS 0x000000008e300000, 0x000000008e200000| Untracked 
| 139|0x000000008e300000, 0x000000008e400000, 0x000000008e400000|100%| O|  |TAMS 0x000000008e400000, 0x000000008e300000| Untracked 
| 140|0x000000008e400000, 0x000000008e500000, 0x000000008e500000|100%| O|  |TAMS 0x000000008e500000, 0x000000008e400000| Untracked 
| 141|0x000000008e500000, 0x000000008e600000, 0x000000008e600000|100%| O|  |TAMS 0x000000008e600000, 0x000000008e500000| Untracked 
| 142|0x000000008e600000, 0x000000008e700000, 0x000000008e700000|100%| O|  |TAMS 0x000000008e700000, 0x000000008e600000| Untracked 
| 143|0x000000008e700000, 0x000000008e800000, 0x000000008e800000|100%| O|  |TAMS 0x000000008e800000, 0x000000008e700000| Untracked 
| 144|0x000000008e800000, 0x000000008e900000, 0x000000008e900000|100%| O|  |TAMS 0x000000008e900000, 0x000000008e800000| Untracked 
| 145|0x000000008e900000, 0x000000008ea00000, 0x000000008ea00000|100%| O|  |TAMS 0x000000008ea00000, 0x000000008e900000| Untracked 
| 146|0x000000008ea00000, 0x000000008eb00000, 0x000000008eb00000|100%| O|  |TAMS 0x000000008eb00000, 0x000000008ea00000| Untracked 
| 147|0x000000008eb00000, 0x000000008ec00000, 0x000000008ec00000|100%| O|  |TAMS 0x000000008ebac200, 0x000000008eb00000| Untracked 
| 148|0x000000008ec00000, 0x000000008ed00000, 0x000000008ed00000|100%| O|  |TAMS 0x000000008ec00000, 0x000000008ec00000| Untracked 
| 149|0x000000008ed00000, 0x000000008ee00000, 0x000000008ee00000|100%| O|  |TAMS 0x000000008ed00000, 0x000000008ed00000| Untracked 
| 150|0x000000008ee00000, 0x000000008ef00000, 0x000000008ef00000|100%| O|  |TAMS 0x000000008ee00000, 0x000000008ee00000| Untracked 
| 151|0x000000008ef00000, 0x000000008f000000, 0x000000008f000000|100%| O|  |TAMS 0x000000008ef00000, 0x000000008ef00000| Untracked 
| 152|0x000000008f000000, 0x000000008f100000, 0x000000008f100000|100%| O|  |TAMS 0x000000008f000000, 0x000000008f000000| Untracked 
| 153|0x000000008f100000, 0x000000008f100000, 0x000000008f200000|  0%| F|  |TAMS 0x000000008f100000, 0x000000008f100000| Untracked 
| 154|0x000000008f200000, 0x000000008f200000, 0x000000008f300000|  0%| F|  |TAMS 0x000000008f200000, 0x000000008f200000| Untracked 
| 155|0x000000008f300000, 0x000000008f300000, 0x000000008f400000|  0%| F|  |TAMS 0x000000008f300000, 0x000000008f300000| Untracked 
| 156|0x000000008f400000, 0x000000008f400000, 0x000000008f500000|  0%| F|  |TAMS 0x000000008f400000, 0x000000008f400000| Untracked 
| 157|0x000000008f500000, 0x000000008f500000, 0x000000008f600000|  0%| F|  |TAMS 0x000000008f500000, 0x000000008f500000| Untracked 
| 158|0x000000008f600000, 0x000000008f600000, 0x000000008f700000|  0%| F|  |TAMS 0x000000008f600000, 0x000000008f600000| Untracked 
| 159|0x000000008f700000, 0x000000008f700000, 0x000000008f800000|  0%| F|  |TAMS 0x000000008f700000, 0x000000008f700000| Untracked 
| 160|0x000000008f800000, 0x000000008f800000, 0x000000008f900000|  0%| F|  |TAMS 0x000000008f800000, 0x000000008f800000| Untracked 
| 161|0x000000008f900000, 0x000000008f900000, 0x000000008fa00000|  0%| F|  |TAMS 0x000000008f900000, 0x000000008f900000| Untracked 
| 162|0x000000008fa00000, 0x000000008fa00000, 0x000000008fb00000|  0%| F|  |TAMS 0x000000008fa00000, 0x000000008fa00000| Untracked 
| 163|0x000000008fb00000, 0x000000008fb00000, 0x000000008fc00000|  0%| F|  |TAMS 0x000000008fb00000, 0x000000008fb00000| Untracked 
| 164|0x000000008fc00000, 0x000000008fc00000, 0x000000008fd00000|  0%| F|  |TAMS 0x000000008fc00000, 0x000000008fc00000| Untracked 
| 165|0x000000008fd00000, 0x000000008fd00000, 0x000000008fe00000|  0%| F|  |TAMS 0x000000008fd00000, 0x000000008fd00000| Untracked 
| 166|0x000000008fe00000, 0x000000008fe00000, 0x000000008ff00000|  0%| F|  |TAMS 0x000000008fe00000, 0x000000008fe00000| Untracked 
| 167|0x000000008ff00000, 0x000000008ff00000, 0x0000000090000000|  0%| F|  |TAMS 0x000000008ff00000, 0x000000008ff00000| Untracked 
| 168|0x0000000090000000, 0x0000000090000000, 0x0000000090100000|  0%| F|  |TAMS 0x0000000090000000, 0x0000000090000000| Untracked 
| 169|0x0000000090100000, 0x0000000090100000, 0x0000000090200000|  0%| F|  |TAMS 0x0000000090100000, 0x0000000090100000| Untracked 
| 170|0x0000000090200000, 0x0000000090200000, 0x0000000090300000|  0%| F|  |TAMS 0x0000000090200000, 0x0000000090200000| Untracked 
| 171|0x0000000090300000, 0x0000000090300000, 0x0000000090400000|  0%| F|  |TAMS 0x0000000090300000, 0x0000000090300000| Untracked 
| 172|0x0000000090400000, 0x0000000090400000, 0x0000000090500000|  0%| F|  |TAMS 0x0000000090400000, 0x0000000090400000| Untracked 
| 173|0x0000000090500000, 0x0000000090500000, 0x0000000090600000|  0%| F|  |TAMS 0x0000000090500000, 0x0000000090500000| Untracked 
| 174|0x0000000090600000, 0x0000000090600000, 0x0000000090700000|  0%| F|  |TAMS 0x0000000090600000, 0x0000000090600000| Untracked 
| 175|0x0000000090700000, 0x0000000090700000, 0x0000000090800000|  0%| F|  |TAMS 0x0000000090700000, 0x0000000090700000| Untracked 
| 176|0x0000000090800000, 0x0000000090800000, 0x0000000090900000|  0%| F|  |TAMS 0x0000000090800000, 0x0000000090800000| Untracked 
| 177|0x0000000090900000, 0x0000000090900000, 0x0000000090a00000|  0%| F|  |TAMS 0x0000000090900000, 0x0000000090900000| Untracked 
| 178|0x0000000090a00000, 0x0000000090a00000, 0x0000000090b00000|  0%| F|  |TAMS 0x0000000090a00000, 0x0000000090a00000| Untracked 
| 179|0x0000000090b00000, 0x0000000090b00000, 0x0000000090c00000|  0%| F|  |TAMS 0x0000000090b00000, 0x0000000090b00000| Untracked 
| 180|0x0000000090c00000, 0x0000000090c00000, 0x0000000090d00000|  0%| F|  |TAMS 0x0000000090c00000, 0x0000000090c00000| Untracked 
| 181|0x0000000090d00000, 0x0000000090d00000, 0x0000000090e00000|  0%| F|  |TAMS 0x0000000090d00000, 0x0000000090d00000| Untracked 
| 182|0x0000000090e00000, 0x0000000090e00000, 0x0000000090f00000|  0%| F|  |TAMS 0x0000000090e00000, 0x0000000090e00000| Untracked 
| 183|0x0000000090f00000, 0x0000000090f00000, 0x0000000091000000|  0%| F|  |TAMS 0x0000000090f00000, 0x0000000090f00000| Untracked 
| 184|0x0000000091000000, 0x0000000091000000, 0x0000000091100000|  0%| F|  |TAMS 0x0000000091000000, 0x0000000091000000| Untracked 
| 185|0x0000000091100000, 0x0000000091100000, 0x0000000091200000|  0%| F|  |TAMS 0x0000000091100000, 0x0000000091100000| Untracked 
| 186|0x0000000091200000, 0x0000000091200000, 0x0000000091300000|  0%| F|  |TAMS 0x0000000091200000, 0x0000000091200000| Untracked 
| 187|0x0000000091300000, 0x0000000091300000, 0x0000000091400000|  0%| F|  |TAMS 0x0000000091300000, 0x0000000091300000| Untracked 
| 188|0x0000000091400000, 0x0000000091400000, 0x0000000091500000|  0%| F|  |TAMS 0x0000000091400000, 0x0000000091400000| Untracked 
| 189|0x0000000091500000, 0x0000000091500000, 0x0000000091600000|  0%| F|  |TAMS 0x0000000091500000, 0x0000000091500000| Untracked 
| 190|0x0000000091600000, 0x0000000091600000, 0x0000000091700000|  0%| F|  |TAMS 0x0000000091600000, 0x0000000091600000| Untracked 
| 191|0x0000000091700000, 0x0000000091700000, 0x0000000091800000|  0%| F|  |TAMS 0x0000000091700000, 0x0000000091700000| Untracked 
| 192|0x0000000091800000, 0x0000000091800000, 0x0000000091900000|  0%| F|  |TAMS 0x0000000091800000, 0x0000000091800000| Untracked 
| 193|0x0000000091900000, 0x0000000091900000, 0x0000000091a00000|  0%| F|  |TAMS 0x0000000091900000, 0x0000000091900000| Untracked 
| 194|0x0000000091a00000, 0x0000000091a00000, 0x0000000091b00000|  0%| F|  |TAMS 0x0000000091a00000, 0x0000000091a00000| Untracked 
| 195|0x0000000091b00000, 0x0000000091b00000, 0x0000000091c00000|  0%| F|  |TAMS 0x0000000091b00000, 0x0000000091b00000| Untracked 
| 196|0x0000000091c00000, 0x0000000091c00000, 0x0000000091d00000|  0%| F|  |TAMS 0x0000000091c00000, 0x0000000091c00000| Untracked 
| 197|0x0000000091d00000, 0x0000000091d00000, 0x0000000091e00000|  0%| F|  |TAMS 0x0000000091d00000, 0x0000000091d00000| Untracked 
| 198|0x0000000091e00000, 0x0000000091e00000, 0x0000000091f00000|  0%| F|  |TAMS 0x0000000091e00000, 0x0000000091e00000| Untracked 
| 199|0x0000000091f00000, 0x0000000091f00000, 0x0000000092000000|  0%| F|  |TAMS 0x0000000091f00000, 0x0000000091f00000| Untracked 
| 200|0x0000000092000000, 0x0000000092000000, 0x0000000092100000|  0%| F|  |TAMS 0x0000000092000000, 0x0000000092000000| Untracked 
| 201|0x0000000092100000, 0x0000000092100000, 0x0000000092200000|  0%| F|  |TAMS 0x0000000092100000, 0x0000000092100000| Untracked 
| 202|0x0000000092200000, 0x0000000092200000, 0x0000000092300000|  0%| F|  |TAMS 0x0000000092200000, 0x0000000092200000| Untracked 
| 203|0x0000000092300000, 0x0000000092300000, 0x0000000092400000|  0%| F|  |TAMS 0x0000000092300000, 0x0000000092300000| Untracked 
| 204|0x0000000092400000, 0x0000000092400000, 0x0000000092500000|  0%| F|  |TAMS 0x0000000092400000, 0x0000000092400000| Untracked 
| 205|0x0000000092500000, 0x0000000092500000, 0x0000000092600000|  0%| F|  |TAMS 0x0000000092500000, 0x0000000092500000| Untracked 
| 206|0x0000000092600000, 0x0000000092600000, 0x0000000092700000|  0%| F|  |TAMS 0x0000000092600000, 0x0000000092600000| Untracked 
| 207|0x0000000092700000, 0x0000000092700000, 0x0000000092800000|  0%| F|  |TAMS 0x0000000092700000, 0x0000000092700000| Untracked 
| 208|0x0000000092800000, 0x0000000092800000, 0x0000000092900000|  0%| F|  |TAMS 0x0000000092800000, 0x0000000092800000| Untracked 
| 209|0x0000000092900000, 0x0000000092900000, 0x0000000092a00000|  0%| F|  |TAMS 0x0000000092900000, 0x0000000092900000| Untracked 
| 210|0x0000000092a00000, 0x0000000092a00000, 0x0000000092b00000|  0%| F|  |TAMS 0x0000000092a00000, 0x0000000092a00000| Untracked 
| 211|0x0000000092b00000, 0x0000000092b00000, 0x0000000092c00000|  0%| F|  |TAMS 0x0000000092b00000, 0x0000000092b00000| Untracked 
| 212|0x0000000092c00000, 0x0000000092c00000, 0x0000000092d00000|  0%| F|  |TAMS 0x0000000092c00000, 0x0000000092c00000| Untracked 
| 213|0x0000000092d00000, 0x0000000092d00000, 0x0000000092e00000|  0%| F|  |TAMS 0x0000000092d00000, 0x0000000092d00000| Untracked 
| 214|0x0000000092e00000, 0x0000000092e00000, 0x0000000092f00000|  0%| F|  |TAMS 0x0000000092e00000, 0x0000000092e00000| Untracked 
| 215|0x0000000092f00000, 0x0000000092f00000, 0x0000000093000000|  0%| F|  |TAMS 0x0000000092f00000, 0x0000000092f00000| Untracked 
| 216|0x0000000093000000, 0x0000000093000000, 0x0000000093100000|  0%| F|  |TAMS 0x0000000093000000, 0x0000000093000000| Untracked 
| 217|0x0000000093100000, 0x0000000093100000, 0x0000000093200000|  0%| F|  |TAMS 0x0000000093100000, 0x0000000093100000| Untracked 
| 218|0x0000000093200000, 0x0000000093200000, 0x0000000093300000|  0%| F|  |TAMS 0x0000000093200000, 0x0000000093200000| Untracked 
| 219|0x0000000093300000, 0x0000000093300000, 0x0000000093400000|  0%| F|  |TAMS 0x0000000093300000, 0x0000000093300000| Untracked 
| 220|0x0000000093400000, 0x0000000093400000, 0x0000000093500000|  0%| F|  |TAMS 0x0000000093400000, 0x0000000093400000| Untracked 
| 221|0x0000000093500000, 0x0000000093500000, 0x0000000093600000|  0%| F|  |TAMS 0x0000000093500000, 0x0000000093500000| Untracked 
| 222|0x0000000093600000, 0x0000000093600000, 0x0000000093700000|  0%| F|  |TAMS 0x0000000093600000, 0x0000000093600000| Untracked 
| 223|0x0000000093700000, 0x0000000093700000, 0x0000000093800000|  0%| F|  |TAMS 0x0000000093700000, 0x0000000093700000| Untracked 
| 224|0x0000000093800000, 0x0000000093800000, 0x0000000093900000|  0%| F|  |TAMS 0x0000000093800000, 0x0000000093800000| Untracked 
| 225|0x0000000093900000, 0x0000000093900000, 0x0000000093a00000|  0%| F|  |TAMS 0x0000000093900000, 0x0000000093900000| Untracked 
| 226|0x0000000093a00000, 0x0000000093a00000, 0x0000000093b00000|  0%| F|  |TAMS 0x0000000093a00000, 0x0000000093a00000| Untracked 
| 227|0x0000000093b00000, 0x0000000093b00000, 0x0000000093c00000|  0%| F|  |TAMS 0x0000000093b00000, 0x0000000093b00000| Untracked 
| 228|0x0000000093c00000, 0x0000000093c00000, 0x0000000093d00000|  0%| F|  |TAMS 0x0000000093c00000, 0x0000000093c00000| Untracked 
| 229|0x0000000093d00000, 0x0000000093d00000, 0x0000000093e00000|  0%| F|  |TAMS 0x0000000093d00000, 0x0000000093d00000| Untracked 
| 230|0x0000000093e00000, 0x0000000093e00000, 0x0000000093f00000|  0%| F|  |TAMS 0x0000000093e00000, 0x0000000093e00000| Untracked 
| 231|0x0000000093f00000, 0x0000000093f00000, 0x0000000094000000|  0%| F|  |TAMS 0x0000000093f00000, 0x0000000093f00000| Untracked 
| 232|0x0000000094000000, 0x0000000094000000, 0x0000000094100000|  0%| F|  |TAMS 0x0000000094000000, 0x0000000094000000| Untracked 
| 233|0x0000000094100000, 0x0000000094100000, 0x0000000094200000|  0%| F|  |TAMS 0x0000000094100000, 0x0000000094100000| Untracked 
| 234|0x0000000094200000, 0x0000000094200000, 0x0000000094300000|  0%| F|  |TAMS 0x0000000094200000, 0x0000000094200000| Untracked 
| 235|0x0000000094300000, 0x0000000094300000, 0x0000000094400000|  0%| F|  |TAMS 0x0000000094300000, 0x0000000094300000| Untracked 
| 236|0x0000000094400000, 0x0000000094400000, 0x0000000094500000|  0%| F|  |TAMS 0x0000000094400000, 0x0000000094400000| Untracked 
| 237|0x0000000094500000, 0x0000000094500000, 0x0000000094600000|  0%| F|  |TAMS 0x0000000094500000, 0x0000000094500000| Untracked 
| 238|0x0000000094600000, 0x0000000094600000, 0x0000000094700000|  0%| F|  |TAMS 0x0000000094600000, 0x0000000094600000| Untracked 
| 239|0x0000000094700000, 0x0000000094700000, 0x0000000094800000|  0%| F|  |TAMS 0x0000000094700000, 0x0000000094700000| Untracked 
| 240|0x0000000094800000, 0x0000000094800000, 0x0000000094900000|  0%| F|  |TAMS 0x0000000094800000, 0x0000000094800000| Untracked 
| 241|0x0000000094900000, 0x0000000094900000, 0x0000000094a00000|  0%| F|  |TAMS 0x0000000094900000, 0x0000000094900000| Untracked 
| 242|0x0000000094a00000, 0x0000000094a00000, 0x0000000094b00000|  0%| F|  |TAMS 0x0000000094a00000, 0x0000000094a00000| Untracked 
| 243|0x0000000094b00000, 0x0000000094b00000, 0x0000000094c00000|  0%| F|  |TAMS 0x0000000094b00000, 0x0000000094b00000| Untracked 
| 244|0x0000000094c00000, 0x0000000094c00000, 0x0000000094d00000|  0%| F|  |TAMS 0x0000000094c00000, 0x0000000094c00000| Untracked 
| 245|0x0000000094d00000, 0x0000000094d00000, 0x0000000094e00000|  0%| F|  |TAMS 0x0000000094d00000, 0x0000000094d00000| Untracked 
| 246|0x0000000094e00000, 0x0000000094e00000, 0x0000000094f00000|  0%| F|  |TAMS 0x0000000094e00000, 0x0000000094e00000| Untracked 
| 247|0x0000000094f00000, 0x0000000094f00000, 0x0000000095000000|  0%| F|  |TAMS 0x0000000094f00000, 0x0000000094f00000| Untracked 
| 248|0x0000000095000000, 0x0000000095000000, 0x0000000095100000|  0%| F|  |TAMS 0x0000000095000000, 0x0000000095000000| Untracked 
| 249|0x0000000095100000, 0x0000000095100000, 0x0000000095200000|  0%| F|  |TAMS 0x0000000095100000, 0x0000000095100000| Untracked 
| 250|0x0000000095200000, 0x0000000095200000, 0x0000000095300000|  0%| F|  |TAMS 0x0000000095200000, 0x0000000095200000| Untracked 
| 251|0x0000000095300000, 0x0000000095300000, 0x0000000095400000|  0%| F|  |TAMS 0x0000000095300000, 0x0000000095300000| Untracked 
| 252|0x0000000095400000, 0x0000000095400000, 0x0000000095500000|  0%| F|  |TAMS 0x0000000095400000, 0x0000000095400000| Untracked 
| 253|0x0000000095500000, 0x0000000095500000, 0x0000000095600000|  0%| F|  |TAMS 0x0000000095500000, 0x0000000095500000| Untracked 
| 254|0x0000000095600000, 0x0000000095600000, 0x0000000095700000|  0%| F|  |TAMS 0x0000000095600000, 0x0000000095600000| Untracked 
| 255|0x0000000095700000, 0x0000000095700000, 0x0000000095800000|  0%| F|  |TAMS 0x0000000095700000, 0x0000000095700000| Untracked 
| 256|0x0000000095800000, 0x0000000095800000, 0x0000000095900000|  0%| F|  |TAMS 0x0000000095800000, 0x0000000095800000| Untracked 
| 257|0x0000000095900000, 0x0000000095900000, 0x0000000095a00000|  0%| F|  |TAMS 0x0000000095900000, 0x0000000095900000| Untracked 
| 258|0x0000000095a00000, 0x0000000095a00000, 0x0000000095b00000|  0%| F|  |TAMS 0x0000000095a00000, 0x0000000095a00000| Untracked 
| 259|0x0000000095b00000, 0x0000000095b00000, 0x0000000095c00000|  0%| F|  |TAMS 0x0000000095b00000, 0x0000000095b00000| Untracked 
| 260|0x0000000095c00000, 0x0000000095c00000, 0x0000000095d00000|  0%| F|  |TAMS 0x0000000095c00000, 0x0000000095c00000| Untracked 
| 261|0x0000000095d00000, 0x0000000095d00000, 0x0000000095e00000|  0%| F|  |TAMS 0x0000000095d00000, 0x0000000095d00000| Untracked 
| 262|0x0000000095e00000, 0x0000000095e00000, 0x0000000095f00000|  0%| F|  |TAMS 0x0000000095e00000, 0x0000000095e00000| Untracked 
| 263|0x0000000095f00000, 0x0000000095f00000, 0x0000000096000000|  0%| F|  |TAMS 0x0000000095f00000, 0x0000000095f00000| Untracked 
| 264|0x0000000096000000, 0x0000000096000000, 0x0000000096100000|  0%| F|  |TAMS 0x0000000096000000, 0x0000000096000000| Untracked 
| 265|0x0000000096100000, 0x0000000096100000, 0x0000000096200000|  0%| F|  |TAMS 0x0000000096100000, 0x0000000096100000| Untracked 
| 266|0x0000000096200000, 0x0000000096200000, 0x0000000096300000|  0%| F|  |TAMS 0x0000000096200000, 0x0000000096200000| Untracked 
| 267|0x0000000096300000, 0x0000000096300000, 0x0000000096400000|  0%| F|  |TAMS 0x0000000096300000, 0x0000000096300000| Untracked 
| 268|0x0000000096400000, 0x0000000096400000, 0x0000000096500000|  0%| F|  |TAMS 0x0000000096400000, 0x0000000096400000| Untracked 
| 269|0x0000000096500000, 0x0000000096500000, 0x0000000096600000|  0%| F|  |TAMS 0x0000000096500000, 0x0000000096500000| Untracked 
| 270|0x0000000096600000, 0x0000000096600000, 0x0000000096700000|  0%| F|  |TAMS 0x0000000096600000, 0x0000000096600000| Untracked 
| 271|0x0000000096700000, 0x0000000096700000, 0x0000000096800000|  0%| F|  |TAMS 0x0000000096700000, 0x0000000096700000| Untracked 
| 272|0x0000000096800000, 0x0000000096800000, 0x0000000096900000|  0%| F|  |TAMS 0x0000000096800000, 0x0000000096800000| Untracked 
| 273|0x0000000096900000, 0x0000000096900000, 0x0000000096a00000|  0%| F|  |TAMS 0x0000000096900000, 0x0000000096900000| Untracked 
| 274|0x0000000096a00000, 0x0000000096a00000, 0x0000000096b00000|  0%| F|  |TAMS 0x0000000096a00000, 0x0000000096a00000| Untracked 
| 275|0x0000000096b00000, 0x0000000096b00000, 0x0000000096c00000|  0%| F|  |TAMS 0x0000000096b00000, 0x0000000096b00000| Untracked 
| 276|0x0000000096c00000, 0x0000000096c00000, 0x0000000096d00000|  0%| F|  |TAMS 0x0000000096c00000, 0x0000000096c00000| Untracked 
| 277|0x0000000096d00000, 0x0000000096d00000, 0x0000000096e00000|  0%| F|  |TAMS 0x0000000096d00000, 0x0000000096d00000| Untracked 
| 278|0x0000000096e00000, 0x0000000096e00000, 0x0000000096f00000|  0%| F|  |TAMS 0x0000000096e00000, 0x0000000096e00000| Untracked 
| 279|0x0000000096f00000, 0x0000000096f00000, 0x0000000097000000|  0%| F|  |TAMS 0x0000000096f00000, 0x0000000096f00000| Untracked 
| 280|0x0000000097000000, 0x0000000097000000, 0x0000000097100000|  0%| F|  |TAMS 0x0000000097000000, 0x0000000097000000| Untracked 
| 281|0x0000000097100000, 0x0000000097100000, 0x0000000097200000|  0%| F|  |TAMS 0x0000000097100000, 0x0000000097100000| Untracked 
| 282|0x0000000097200000, 0x0000000097200000, 0x0000000097300000|  0%| F|  |TAMS 0x0000000097200000, 0x0000000097200000| Untracked 
| 283|0x0000000097300000, 0x0000000097300000, 0x0000000097400000|  0%| F|  |TAMS 0x0000000097300000, 0x0000000097300000| Untracked 
| 284|0x0000000097400000, 0x0000000097400000, 0x0000000097500000|  0%| F|  |TAMS 0x0000000097400000, 0x0000000097400000| Untracked 
| 285|0x0000000097500000, 0x0000000097500000, 0x0000000097600000|  0%| F|  |TAMS 0x0000000097500000, 0x0000000097500000| Untracked 
| 286|0x0000000097600000, 0x0000000097600000, 0x0000000097700000|  0%| F|  |TAMS 0x0000000097600000, 0x0000000097600000| Untracked 
| 287|0x0000000097700000, 0x000000009776d170, 0x0000000097800000| 42%| S|CS|TAMS 0x0000000097700000, 0x0000000097700000| Complete 
| 288|0x0000000097800000, 0x0000000097900000, 0x0000000097900000|100%| S|CS|TAMS 0x0000000097800000, 0x0000000097800000| Complete 
| 289|0x0000000097900000, 0x0000000097900000, 0x0000000097a00000|  0%| F|  |TAMS 0x0000000097900000, 0x0000000097900000| Untracked 
| 290|0x0000000097a00000, 0x0000000097a00000, 0x0000000097b00000|  0%| F|  |TAMS 0x0000000097a00000, 0x0000000097a00000| Untracked 
| 291|0x0000000097b00000, 0x0000000097b00000, 0x0000000097c00000|  0%| F|  |TAMS 0x0000000097b00000, 0x0000000097b00000| Untracked 
| 292|0x0000000097c00000, 0x0000000097c00000, 0x0000000097d00000|  0%| F|  |TAMS 0x0000000097c00000, 0x0000000097c00000| Untracked 
| 293|0x0000000097d00000, 0x0000000097d00000, 0x0000000097e00000|  0%| F|  |TAMS 0x0000000097d00000, 0x0000000097d00000| Untracked 
| 294|0x0000000097e00000, 0x0000000097e00000, 0x0000000097f00000|  0%| F|  |TAMS 0x0000000097e00000, 0x0000000097e00000| Untracked 
| 295|0x0000000097f00000, 0x0000000097f00000, 0x0000000098000000|  0%| F|  |TAMS 0x0000000097f00000, 0x0000000097f00000| Untracked 
| 296|0x0000000098000000, 0x0000000098000000, 0x0000000098100000|  0%| F|  |TAMS 0x0000000098000000, 0x0000000098000000| Untracked 
| 297|0x0000000098100000, 0x0000000098100000, 0x0000000098200000|  0%| F|  |TAMS 0x0000000098100000, 0x0000000098100000| Untracked 
| 298|0x0000000098200000, 0x0000000098200000, 0x0000000098300000|  0%| F|  |TAMS 0x0000000098200000, 0x0000000098200000| Untracked 
| 299|0x0000000098300000, 0x0000000098300000, 0x0000000098400000|  0%| F|  |TAMS 0x0000000098300000, 0x0000000098300000| Untracked 
| 300|0x0000000098400000, 0x0000000098400000, 0x0000000098500000|  0%| F|  |TAMS 0x0000000098400000, 0x0000000098400000| Untracked 
| 301|0x0000000098500000, 0x0000000098500000, 0x0000000098600000|  0%| F|  |TAMS 0x0000000098500000, 0x0000000098500000| Untracked 
| 302|0x0000000098600000, 0x0000000098600000, 0x0000000098700000|  0%| F|  |TAMS 0x0000000098600000, 0x0000000098600000| Untracked 
| 303|0x0000000098700000, 0x0000000098700000, 0x0000000098800000|  0%| F|  |TAMS 0x0000000098700000, 0x0000000098700000| Untracked 

Card table byte_map: [0x0000027f222b0000,0x0000027f22690000] _byte_map_base: 0x0000027f21e84000

Marking Bits (Prev, Next): (CMBitMap*) 0x0000027f0ae84690, (CMBitMap*) 0x0000027f0ae84650
 Prev Bits: [0x0000027f24910000, 0x0000027f267b0000)
 Next Bits: [0x0000027f22a70000, 0x0000027f24910000)

Polling page: 0x0000027f08fd0000

Metaspace:

Usage:
  Non-class:     78.49 MB used.
      Class:     12.54 MB used.
       Both:     91.03 MB used.

Virtual space:
  Non-class space:      128.00 MB reserved,      78.81 MB ( 62%) committed,  2 nodes.
      Class space:        1.00 GB reserved,      12.88 MB (  1%) committed,  1 nodes.
             Both:        1.12 GB reserved,      91.69 MB (  8%) committed. 

Chunk freelists:
   Non-Class:  1.16 MB
       Class:  2.98 MB
        Both:  4.14 MB

MaxMetaspaceSize: unlimited
CompressedClassSpaceSize: 1.00 GB
Initial GC threshold: 21.00 MB
Current GC threshold: 133.75 MB
CDS: on
MetaspaceReclaimPolicy: balanced
 - commit_granule_bytes: 65536.
 - commit_granule_words: 8192.
 - virtual_space_node_default_size: 8388608.
 - enlarge_chunks_in_place: 1.
 - new_chunks_are_fully_committed: 0.
 - uncommit_free_chunks: 1.
 - use_allocation_guard: 0.
 - handle_deallocations: 1.


Internal statistics:

num_allocs_failed_limit: 9.
num_arena_births: 1004.
num_arena_deaths: 0.
num_vsnodes_births: 3.
num_vsnodes_deaths: 0.
num_space_committed: 1467.
num_space_uncommitted: 0.
num_chunks_returned_to_freelist: 9.
num_chunks_taken_from_freelist: 4573.
num_chunk_merges: 9.
num_chunk_splits: 3263.
num_chunks_enlarged: 2531.
num_inconsistent_stats: 0.

CodeHeap 'non-profiled nmethods': size=120000Kb used=7942Kb max_used=7942Kb free=112057Kb
 bounds [0x0000027f1a450000, 0x0000027f1ac20000, 0x0000027f21980000]
CodeHeap 'profiled nmethods': size=120000Kb used=19894Kb max_used=19894Kb free=100105Kb
 bounds [0x0000027f12980000, 0x0000027f13cf0000, 0x0000027f19eb0000]
CodeHeap 'non-nmethods': size=5760Kb used=1402Kb max_used=1470Kb free=4357Kb
 bounds [0x0000027f19eb0000, 0x0000027f1a120000, 0x0000027f1a450000]
 total_blobs=10823 nmethods=10084 adapters=649
 compilation: enabled
              stopped_count=0, restarted_count=0
 full_count=0

Compilation events (20 events):
Event: 63.547 Thread 0x0000027f2959ad40 nmethod 11580 0x0000027f1ac0b410 code [0x0000027f1ac0b5a0, 0x0000027f1ac0b658]
Event: 63.553 Thread 0x0000027f72519250 nmethod 11576 0x0000027f1ac0b710 code [0x0000027f1ac0b940, 0x0000027f1ac0d080]
Event: 63.557 Thread 0x0000027f72518d00 nmethod 11578 0x0000027f1ac0dc10 code [0x0000027f1ac0de40, 0x0000027f1ac0f8e0]
Event: 63.576 Thread 0x0000027f2959b7f0 11595       3       java.lang.Integer::stringSize (47 bytes)
Event: 63.576 Thread 0x0000027f2959b7f0 nmethod 11595 0x0000027f13ceb610 code [0x0000027f13ceb7c0, 0x0000027f13ceba18]
Event: 63.577 Thread 0x0000027f2959b7f0 11596       3       java.lang.invoke.InvokerBytecodeGenerator::emitIconstInsn (75 bytes)
Event: 63.577 Thread 0x0000027f2959b7f0 nmethod 11596 0x0000027f13cebb10 code [0x0000027f13cebd40, 0x0000027f13cec5d8]
Event: 63.763 Thread 0x0000027f2959ad40 11597       4       org.h2.mvstore.MVMap::hasChangesSince (13 bytes)
Event: 63.763 Thread 0x0000027f72519250 11598       4       org.h2.mvstore.RootReference::hasChangesSince (48 bytes)
Event: 63.767 Thread 0x0000027f72519250 nmethod 11598 0x0000027f1ac10890 code [0x0000027f1ac10a40, 0x0000027f1ac10c68]
Event: 63.768 Thread 0x0000027f2959ad40 nmethod 11597 0x0000027f1ac10e90 code [0x0000027f1ac11040, 0x0000027f1ac112c8]
Event: 63.865 Thread 0x0000027f2959b7f0 11599       3       sun.security.jca.Providers::getThreadProviderList (18 bytes)
Event: 63.866 Thread 0x0000027f2959b7f0 nmethod 11599 0x0000027f13cec810 code [0x0000027f13cec9c0, 0x0000027f13ceccc8]
Event: 63.870 Thread 0x0000027f2959b7f0 11600       3       jdk.internal.perf.PerfCounter::addElapsedTimeFrom (10 bytes)
Event: 63.870 Thread 0x0000027f2959b7f0 nmethod 11600 0x0000027f13cecd90 code [0x0000027f13cecf40, 0x0000027f13ced0c8]
Event: 63.871 Thread 0x0000027f2959b7f0 11601   !   3       java.util.zip.Inflater::finished (19 bytes)
Event: 63.872 Thread 0x0000027f2959b7f0 nmethod 11601 0x0000027f13ced190 code [0x0000027f13ced340, 0x0000027f13ced538]
Event: 63.873 Thread 0x0000027f2959b7f0 11602       3       java.io.FileDescriptor$1::getAppend (5 bytes)
Event: 63.873 Thread 0x0000027f2959b7f0 nmethod 11602 0x0000027f13ced610 code [0x0000027f13ced7a0, 0x0000027f13ced8b8]
Event: 63.890 Thread 0x0000027f2959ad40 11604   !   4       java.util.zip.InflaterInputStream::read (138 bytes)

GC Heap History (20 events):
Event: 56.047 GC heap after
{Heap after GC invocations=28 (full 0):
 garbage-first heap   total 311296K, used 135290K [0x0000000085800000, 0x0000000100000000)
  region size 1024K, 1 young (1024K), 1 survivors (1024K)
 Metaspace       used 77743K, committed 78272K, reserved 1179648K
  class space    used 10766K, committed 11008K, reserved 1048576K
}
Event: 56.713 GC heap before
{Heap before GC invocations=28 (full 0):
 garbage-first heap   total 311296K, used 205946K [0x0000000085800000, 0x0000000100000000)
  region size 1024K, 70 young (71680K), 1 survivors (1024K)
 Metaspace       used 77761K, committed 78272K, reserved 1179648K
  class space    used 10777K, committed 11008K, reserved 1048576K
}
Event: 56.718 GC heap after
{Heap after GC invocations=29 (full 0):
 garbage-first heap   total 311296K, used 137819K [0x0000000085800000, 0x0000000100000000)
  region size 1024K, 4 young (4096K), 4 survivors (4096K)
 Metaspace       used 77761K, committed 78272K, reserved 1179648K
  class space    used 10777K, committed 11008K, reserved 1048576K
}
Event: 57.428 GC heap before
{Heap before GC invocations=29 (full 0):
 garbage-first heap   total 311296K, used 216667K [0x0000000085800000, 0x0000000100000000)
  region size 1024K, 81 young (82944K), 4 survivors (4096K)
 Metaspace       used 77761K, committed 78272K, reserved 1179648K
  class space    used 10777K, committed 11008K, reserved 1048576K
}
Event: 57.435 GC heap after
{Heap after GC invocations=30 (full 0):
 garbage-first heap   total 311296K, used 141625K [0x0000000085800000, 0x0000000100000000)
  region size 1024K, 8 young (8192K), 8 survivors (8192K)
 Metaspace       used 77761K, committed 78272K, reserved 1179648K
  class space    used 10777K, committed 11008K, reserved 1048576K
}
Event: 57.769 GC heap before
{Heap before GC invocations=30 (full 0):
 garbage-first heap   total 311296K, used 226617K [0x0000000085800000, 0x0000000100000000)
  region size 1024K, 91 young (93184K), 8 survivors (8192K)
 Metaspace       used 77965K, committed 78528K, reserved 1179648K
  class space    used 10878K, committed 11136K, reserved 1048576K
}
Event: 57.776 GC heap after
{Heap after GC invocations=31 (full 0):
 garbage-first heap   total 311296K, used 142450K [0x0000000085800000, 0x0000000100000000)
  region size 1024K, 7 young (7168K), 7 survivors (7168K)
 Metaspace       used 77965K, committed 78528K, reserved 1179648K
  class space    used 10878K, committed 11136K, reserved 1048576K
}
Event: 58.343 GC heap before
{Heap before GC invocations=31 (full 0):
 garbage-first heap   total 311296K, used 233586K [0x0000000085800000, 0x0000000100000000)
  region size 1024K, 96 young (98304K), 7 survivors (7168K)
 Metaspace       used 78406K, committed 78976K, reserved 1179648K
  class space    used 10891K, committed 11136K, reserved 1048576K
}
Event: 58.348 GC heap after
{Heap after GC invocations=32 (full 0):
 garbage-first heap   total 311296K, used 140557K [0x0000000085800000, 0x0000000100000000)
  region size 1024K, 5 young (5120K), 5 survivors (5120K)
 Metaspace       used 78406K, committed 78976K, reserved 1179648K
  class space    used 10891K, committed 11136K, reserved 1048576K
}
Event: 58.612 GC heap before
{Heap before GC invocations=32 (full 0):
 garbage-first heap   total 311296K, used 240909K [0x0000000085800000, 0x0000000100000000)
  region size 1024K, 103 young (105472K), 5 survivors (5120K)
 Metaspace       used 78568K, committed 79104K, reserved 1179648K
  class space    used 10898K, committed 11136K, reserved 1048576K
}
Event: 58.625 GC heap after
{Heap after GC invocations=33 (full 0):
 garbage-first heap   total 311296K, used 150932K [0x0000000085800000, 0x0000000100000000)
  region size 1024K, 13 young (13312K), 13 survivors (13312K)
 Metaspace       used 78568K, committed 79104K, reserved 1179648K
  class space    used 10898K, committed 11136K, reserved 1048576K
}
Event: 58.957 GC heap before
{Heap before GC invocations=33 (full 0):
 garbage-first heap   total 311296K, used 241044K [0x0000000085800000, 0x0000000100000000)
  region size 1024K, 101 young (103424K), 13 survivors (13312K)
 Metaspace       used 78734K, committed 79360K, reserved 1179648K
  class space    used 10902K, committed 11200K, reserved 1048576K
}
Event: 58.969 GC heap after
{Heap after GC invocations=34 (full 0):
 garbage-first heap   total 311296K, used 154922K [0x0000000085800000, 0x0000000100000000)
  region size 1024K, 4 young (4096K), 4 survivors (4096K)
 Metaspace       used 78734K, committed 79360K, reserved 1179648K
  class space    used 10902K, committed 11200K, reserved 1048576K
}
Event: 60.077 GC heap before
{Heap before GC invocations=34 (full 0):
 garbage-first heap   total 311296K, used 246058K [0x0000000085800000, 0x0000000100000000)
  region size 1024K, 93 young (95232K), 4 survivors (4096K)
 Metaspace       used 81562K, committed 82176K, reserved 1179648K
  class space    used 11217K, committed 11520K, reserved 1048576K
}
Event: 60.086 GC heap after
{Heap after GC invocations=35 (full 0):
 garbage-first heap   total 311296K, used 158446K [0x0000000085800000, 0x0000000100000000)
  region size 1024K, 8 young (8192K), 8 survivors (8192K)
 Metaspace       used 81562K, committed 82176K, reserved 1179648K
  class space    used 11217K, committed 11520K, reserved 1048576K
}
Event: 63.189 GC heap before
{Heap before GC invocations=36 (full 0):
 garbage-first heap   total 311296K, used 239342K [0x0000000085800000, 0x0000000100000000)
  region size 1024K, 97 young (99328K), 8 survivors (8192K)
 Metaspace       used 89728K, committed 90368K, reserved 1179648K
  class space    used 12364K, committed 12672K, reserved 1048576K
}
Event: 63.202 GC heap after
{Heap after GC invocations=37 (full 0):
 garbage-first heap   total 311296K, used 156740K [0x0000000085800000, 0x0000000100000000)
  region size 1024K, 12 young (12288K), 12 survivors (12288K)
 Metaspace       used 89728K, committed 90368K, reserved 1179648K
  class space    used 12364K, committed 12672K, reserved 1048576K
}
Event: 63.246 GC heap before
{Heap before GC invocations=37 (full 0):
 garbage-first heap   total 311296K, used 159812K [0x0000000085800000, 0x0000000100000000)
  region size 1024K, 15 young (15360K), 12 survivors (12288K)
 Metaspace       used 90299K, committed 90944K, reserved 1179648K
  class space    used 12446K, committed 12736K, reserved 1048576K
}
Event: 63.256 GC heap after
{Heap after GC invocations=38 (full 0):
 garbage-first heap   total 311296K, used 126340K [0x0000000085800000, 0x0000000100000000)
  region size 1024K, 2 young (2048K), 2 survivors (2048K)
 Metaspace       used 90299K, committed 90944K, reserved 1179648K
  class space    used 12446K, committed 12736K, reserved 1048576K
}
Event: 63.898 GC heap before
{Heap before GC invocations=38 (full 0):
 garbage-first heap   total 311296K, used 139652K [0x0000000085800000, 0x0000000100000000)
  region size 1024K, 15 young (15360K), 2 survivors (2048K)
 Metaspace       used 93219K, committed 93888K, reserved 1179648K
  class space    used 12841K, committed 13184K, reserved 1048576K
}

Dll operation events (14 events):
Event: 0.021 Loaded shared library C:\Program Files\Eclipse Adoptium\jdk-17.0.16.8-hotspot\bin\java.dll
Event: 0.043 Loaded shared library C:\Program Files\Eclipse Adoptium\jdk-17.0.16.8-hotspot\bin\jsvml.dll
Event: 0.077 Loaded shared library C:\Program Files\Eclipse Adoptium\jdk-17.0.16.8-hotspot\bin\net.dll
Event: 0.080 Loaded shared library C:\Program Files\Eclipse Adoptium\jdk-17.0.16.8-hotspot\bin\nio.dll
Event: 0.084 Loaded shared library C:\Program Files\Eclipse Adoptium\jdk-17.0.16.8-hotspot\bin\zip.dll
Event: 0.176 Loaded shared library C:\Program Files\Eclipse Adoptium\jdk-17.0.16.8-hotspot\bin\management.dll
Event: 0.189 Loaded shared library C:\Program Files\Eclipse Adoptium\jdk-17.0.16.8-hotspot\bin\management_ext.dll
Event: 0.223 Loaded shared library C:\Program Files\Eclipse Adoptium\jdk-17.0.16.8-hotspot\bin\jimage.dll
Event: 3.417 Loaded shared library C:\Program Files\Eclipse Adoptium\jdk-17.0.16.8-hotspot\bin\sunmscapi.dll
Event: 7.407 Loaded shared library C:\Program Files\Eclipse Adoptium\jdk-17.0.16.8-hotspot\bin\verify.dll
Event: 63.359 Loaded shared library C:\Program Files\Eclipse Adoptium\jdk-17.0.16.8-hotspot\bin\extnet.dll
Event: 63.812 Loaded shared library C:\Program Files\Eclipse Adoptium\jdk-17.0.16.8-hotspot\bin\instrument.dll
Event: 63.814 Loaded shared library C:\Program Files\Eclipse Adoptium\jdk-17.0.16.8-hotspot\bin\zip.dll
Event: 63.818 Loaded shared library C:\Program Files\Eclipse Adoptium\jdk-17.0.16.8-hotspot\bin\instrument.dll

Deoptimization events (20 events):
Event: 63.554 Thread 0x0000027f0ae27d70 Uncommon trap: trap_request=0xffffffbe fr.pc=0x0000027f1abff5bc relative=0x000000000000021c
Event: 63.554 Thread 0x0000027f0ae27d70 Uncommon trap: reason=profile_predicate action=maybe_recompile pc=0x0000027f1abff5bc method=java.util.HashMap.keysToArray([Ljava/lang/Object;)[Ljava/lang/Object; @ 36 c2
Event: 63.554 Thread 0x0000027f0ae27d70 DEOPT PACKING pc=0x0000027f1abff5bc sp=0x000000c31f1fb750
Event: 63.554 Thread 0x0000027f0ae27d70 DEOPT UNPACKING pc=0x0000027f19f069a3 sp=0x000000c31f1fb6e0 mode 2
Event: 63.569 Thread 0x0000027f0ae27d70 Uncommon trap: trap_request=0xffffffde fr.pc=0x0000027f1a5bc904 relative=0x00000000000018e4
Event: 63.569 Thread 0x0000027f0ae27d70 Uncommon trap: reason=class_check action=maybe_recompile pc=0x0000027f1a5bc904 method=java.util.zip.InflaterInputStream.read([BII)I @ 100 c2
Event: 63.569 Thread 0x0000027f0ae27d70 DEOPT PACKING pc=0x0000027f1a5bc904 sp=0x000000c31f1f9d60
Event: 63.569 Thread 0x0000027f0ae27d70 DEOPT UNPACKING pc=0x0000027f19f069a3 sp=0x000000c31f1f9db0 mode 2
Event: 63.569 Thread 0x0000027f0ae27d70 Uncommon trap: trap_request=0xffffffde fr.pc=0x0000027f1a5bc904 relative=0x00000000000018e4
Event: 63.569 Thread 0x0000027f0ae27d70 Uncommon trap: reason=class_check action=maybe_recompile pc=0x0000027f1a5bc904 method=java.util.zip.InflaterInputStream.read([BII)I @ 100 c2
Event: 63.569 Thread 0x0000027f0ae27d70 DEOPT PACKING pc=0x0000027f1a5bc904 sp=0x000000c31f1f9d60
Event: 63.569 Thread 0x0000027f0ae27d70 DEOPT UNPACKING pc=0x0000027f19f069a3 sp=0x000000c31f1f9db0 mode 2
Event: 63.889 Thread 0x0000027f0ae27d70 Uncommon trap: trap_request=0xffffff45 fr.pc=0x0000027f1a642430 relative=0x0000000000003a70
Event: 63.889 Thread 0x0000027f0ae27d70 Uncommon trap: reason=unstable_if action=reinterpret pc=0x0000027f1a642430 method=jdk.internal.loader.BuiltinClassLoader.loadClassOrNull(Ljava/lang/String;Z)Ljava/lang/Class; @ 93 c2
Event: 63.889 Thread 0x0000027f0ae27d70 DEOPT PACKING pc=0x0000027f1a642430 sp=0x000000c31f1f6a30
Event: 63.889 Thread 0x0000027f0ae27d70 DEOPT UNPACKING pc=0x0000027f19f069a3 sp=0x000000c31f1f6a70 mode 2
Event: 63.889 Thread 0x0000027f0ae27d70 Uncommon trap: trap_request=0xffffff45 fr.pc=0x0000027f1a642430 relative=0x0000000000003a70
Event: 63.889 Thread 0x0000027f0ae27d70 Uncommon trap: reason=unstable_if action=reinterpret pc=0x0000027f1a642430 method=jdk.internal.loader.BuiltinClassLoader.loadClassOrNull(Ljava/lang/String;Z)Ljava/lang/Class; @ 93 c2
Event: 63.889 Thread 0x0000027f0ae27d70 DEOPT PACKING pc=0x0000027f1a642430 sp=0x000000c31f1f6b90
Event: 63.889 Thread 0x0000027f0ae27d70 DEOPT UNPACKING pc=0x0000027f19f069a3 sp=0x000000c31f1f6bd0 mode 2

Classes loaded (20 events):
Event: 63.889 Loading class org/mockito/internal/creation/bytebuddy/MockMethodAdvice
Event: 63.889 Loading class org/mockito/internal/creation/bytebuddy/MockMethodAdvice done
Event: 63.891 Loading class java/lang/instrument/UnmodifiableClassException
Event: 63.891 Loading class java/lang/instrument/UnmodifiableClassException done
Event: 63.891 Loading class net/bytebuddy/implementation/Implementation$Context$Disabled$Factory
Event: 63.891 Loading class net/bytebuddy/implementation/Implementation$Context$Disabled$Factory done
Event: 63.893 Loading class net/bytebuddy/dynamic/scaffold/MethodGraph$Compiler$ForDeclaredMethods
Event: 63.893 Loading class net/bytebuddy/dynamic/scaffold/MethodGraph$Compiler$ForDeclaredMethods done
Event: 63.894 Loading class org/mockito/internal/util/concurrent/WeakConcurrentSet
Event: 63.894 Loading class org/mockito/internal/util/concurrent/WeakConcurrentSet done
Event: 63.895 Loading class org/mockito/internal/util/concurrent/WeakConcurrentSet$Cleaner
Event: 63.895 Loading class org/mockito/internal/util/concurrent/WeakConcurrentSet$Cleaner done
Event: 63.895 Loading class org/mockito/internal/creation/bytebuddy/SubclassBytecodeGenerator
Event: 63.895 Loading class org/mockito/internal/creation/bytebuddy/SubclassBytecodeGenerator done
Event: 63.897 Loading class org/mockito/internal/creation/bytebuddy/SubclassLoader
Event: 63.897 Loading class org/mockito/internal/creation/bytebuddy/SubclassLoader done
Event: 63.898 Loading class org/mockito/internal/creation/bytebuddy/MockMethodAdvice$Identifier
Event: 63.898 Loading class org/mockito/internal/creation/bytebuddy/MockMethodAdvice$Identifier done
Event: 63.898 Loading class net/bytebuddy/implementation/bind/annotation/TargetMethodAnnotationDrivenBinder$ParameterBinder$ForFixedValue$OfConstant
Event: 63.898 Loading class net/bytebuddy/implementation/bind/annotation/TargetMethodAnnotationDrivenBinder$ParameterBinder$ForFixedValue$OfConstant done

Classes unloaded (0 events):
No events

Classes redefined (0 events):
No events

Internal exceptions (20 events):
Event: 61.250 Thread 0x0000027f0ae27d70 Exception <a 'java/lang/NoSuchMethodError'{0x00000000962148c0}: 'void java.lang.invoke.DirectMethodHandle$Holder.invokeVirtual(java.lang.Object, java.lang.Object, long)'> (0x00000000962148c0) 
thrown [s\src\hotspot\share\interpreter\linkResolver.cpp, line 759]
Event: 61.388 Thread 0x0000027f0ae27d70 Exception <a 'java/lang/NoSuchMethodError'{0x00000000960cb948}: 'int java.lang.invoke.DirectMethodHandle$Holder.invokeStaticInit(java.lang.Object, java.lang.Object, java.lang.Object, java.lang.Object)'> (0x00000000960cb948) 
thrown [s\src\hotspot\share\interpreter\linkResolver.cpp, line 759]
Event: 61.529 Thread 0x0000027f0ae27d70 Exception <a 'java/lang/IncompatibleClassChangeError'{0x0000000095dce858}: Found class java.lang.Object, but interface was expected> (0x0000000095dce858) 
thrown [s\src\hotspot\share\interpreter\linkResolver.cpp, line 826]
Event: 61.556 Thread 0x0000027f0ae27d70 Implicit null exception at 0x0000027f1aa3e43c to 0x0000027f1aa3e674
Event: 61.906 Thread 0x0000027f0ae27d70 Exception <a 'java/lang/NoSuchMethodError'{0x00000000950ca200}: 'java.lang.Object java.lang.invoke.DirectMethodHandle$Holder.invokeSpecial(java.lang.Object, java.lang.Object, java.lang.Object, java.lang.Object, java.lang.Object, java.lang.Object, java.lang.Object, java.lang.Object, java.lang.Object, java.lang.Object, java.lang.Object)'> (0x00000000950ca200) 
thrown [s\src\hotspot\share\interpreter\linkResolver.cpp, line 759]
Event: 61.907 Thread 0x0000027f0ae27d70 Exception <a 'java/lang/NoSuchMethodError'{0x00000000950cede0}: 'java.lang.Object java.lang.invoke.Invokers$Holder.invoke_MT(java.lang.Object, java.lang.Object, java.lang.Object, java.lang.Object, java.lang.Object, java.lang.Object, java.lang.Object, java.lang.Object, java.lang.Object, java.lang.Object, java.lang.Object)'> (0x00000000950cede0) 
thrown [s\src\hotspot\share\interpreter\linkResolver.cpp, line 759]
Event: 61.926 Thread 0x0000027f0ae27d70 Exception <a 'java/lang/NoSuchMethodError'{0x0000000094f56220}: 'void java.lang.invoke.DirectMethodHandle$Holder.invokeStatic(java.lang.Object, java.lang.Object, int)'> (0x0000000094f56220) 
thrown [s\src\hotspot\share\interpreter\linkResolver.cpp, line 759]
Event: 62.558 Thread 0x0000027f0ae27d70 Exception <a 'java/lang/IncompatibleClassChangeError'{0x0000000094366a38}: Found class java.lang.Object, but interface was expected> (0x0000000094366a38) 
thrown [s\src\hotspot\share\interpreter\linkResolver.cpp, line 826]
Event: 62.698 Thread 0x0000027f0ae27d70 Exception <a 'java/lang/NoSuchMethodError'{0x0000000093e19f98}: 'java.lang.Object java.lang.invoke.DirectMethodHandle$Holder.newInvokeSpecial(java.lang.Object, java.lang.Object, int, java.lang.Object, java.lang.Object)'> (0x0000000093e19f98) 
thrown [s\src\hotspot\share\interpreter\linkResolver.cpp, line 759]
Event: 62.798 Thread 0x0000027f0ae27d70 Exception <a 'java/lang/NoSuchMethodError'{0x0000000093dba730}: 'double java.lang.invoke.DirectMethodHandle$Holder.invokeVirtual(java.lang.Object, java.lang.Object)'> (0x0000000093dba730) 
thrown [s\src\hotspot\share\interpreter\linkResolver.cpp, line 759]
Event: 62.835 Thread 0x0000027f0ae27d70 Exception <a 'java/lang/NoSuchMethodError'{0x0000000093cea510}: 'long java.lang.invoke.DirectMethodHandle$Holder.invokeVirtual(java.lang.Object, java.lang.Object)'> (0x0000000093cea510) 
thrown [s\src\hotspot\share\interpreter\linkResolver.cpp, line 759]
Event: 63.014 Thread 0x0000027f0ae27d70 Exception <a 'java/lang/NoSuchMethodError'{0x000000009346af50}: 'java.lang.Object java.lang.invoke.DirectMethodHandle$Holder.invokeStatic(java.lang.Object, java.lang.Object, java.lang.Object, java.lang.Object, int, java.lang.Object, java.lang.Object)'> (0x000000009346af50) 
thrown [s\src\hotspot\share\interpreter\linkResolver.cpp, line 759]
Event: 63.073 Thread 0x0000027f0ae27d70 Exception <a 'java/lang/NoSuchMethodError'{0x0000000093286b08}: 'java.lang.Object java.lang.invoke.DirectMethodHandle$Holder.newInvokeSpecial(java.lang.Object, int, int, int)'> (0x0000000093286b08) 
thrown [s\src\hotspot\share\interpreter\linkResolver.cpp, line 759]
Event: 63.386 Thread 0x0000027f0ae27d70 Exception <a 'java/lang/NoSuchMethodError'{0x00000000981b5520}: 'java.lang.Object java.lang.invoke.DirectMethodHandle$Holder.invokeStatic(java.lang.Object, int, int)'> (0x00000000981b5520) 
thrown [s\src\hotspot\share\interpreter\linkResolver.cpp, line 759]
Event: 63.515 Thread 0x0000027f71f42bd0 Implicit null exception at 0x0000027f1a50b27b to 0x0000027f1a50b694
Event: 63.560 Thread 0x0000027f0ae27d70 Exception <a 'java/lang/reflect/InvocationTargetException'{0x0000000097a98f90}> (0x0000000097a98f90) 
thrown [s\src\hotspot\share\runtime\reflection.cpp, line 1128]
Event: 63.564 Thread 0x0000027f0ae27d70 Exception <a 'java/lang/reflect/InvocationTargetException'{0x0000000097ae7ea0}> (0x0000000097ae7ea0) 
thrown [s\src\hotspot\share\runtime\reflection.cpp, line 1128]
Event: 63.576 Thread 0x0000027f0ae27d70 Exception <a 'java/lang/NoSuchMethodError'{0x0000000097909598}: 'void java.lang.invoke.DirectMethodHandle$Holder.invokeStatic(java.lang.Object, long)'> (0x0000000097909598) 
thrown [s\src\hotspot\share\interpreter\linkResolver.cpp, line 759]
Event: 63.576 Thread 0x0000027f0ae27d70 Exception <a 'java/lang/NoSuchMethodError'{0x000000009790eef8}: 'java.lang.Object java.lang.invoke.DirectMethodHandle$Holder.newInvokeSpecial(java.lang.Object, long)'> (0x000000009790eef8) 
thrown [s\src\hotspot\share\interpreter\linkResolver.cpp, line 759]
Event: 63.884 Thread 0x0000027f0ae27d70 Exception <a 'java/lang/NoSuchMethodError'{0x0000000097990870}: 'int java.lang.invoke.DirectMethodHandle$Holder.invokeSpecial(java.lang.Object, java.lang.Object, java.lang.Object, java.lang.Object, java.lang.Object, java.lang.Object)'> (0x0000000097990870) 
thrown [s\src\hotspot\share\interpreter\linkResolver.cpp, line 759]

VM Operations (20 events):
Event: 61.183 Executing VM operation: HandshakeAllThreads done
Event: 61.183 Executing VM operation: Cleanup
Event: 61.183 Executing VM operation: Cleanup done
Event: 61.183 Executing VM operation: HandshakeAllThreads
Event: 61.183 Executing VM operation: HandshakeAllThreads done
Event: 61.313 Executing VM operation: HandshakeAllThreads
Event: 61.313 Executing VM operation: HandshakeAllThreads done
Event: 62.313 Executing VM operation: Cleanup
Event: 62.313 Executing VM operation: Cleanup done
Event: 63.189 Executing VM operation: G1CollectForAllocation
Event: 63.202 Executing VM operation: G1CollectForAllocation done
Event: 63.246 Executing VM operation: G1CollectForAllocation
Event: 63.257 Executing VM operation: G1CollectForAllocation done
Event: 63.300 Executing VM operation: HandshakeAllThreads
Event: 63.300 Executing VM operation: HandshakeAllThreads done
Event: 63.568 Executing VM operation: HandshakeAllThreads
Event: 63.568 Executing VM operation: HandshakeAllThreads done
Event: 63.578 Executing VM operation: HandshakeAllThreads
Event: 63.578 Executing VM operation: HandshakeAllThreads done
Event: 63.898 Executing VM operation: G1CollectForAllocation

Memory protections (0 events):
No events

Nmethod flushes (20 events):
Event: 19.037 Thread 0x0000027f2959ca10 flushing  nmethod 0x0000027f13829910
Event: 19.037 Thread 0x0000027f2959ca10 flushing  nmethod 0x0000027f1382b310
Event: 19.037 Thread 0x0000027f2959ca10 flushing  nmethod 0x0000027f1382b690
Event: 19.037 Thread 0x0000027f2959ca10 flushing  nmethod 0x0000027f1382d610
Event: 19.037 Thread 0x0000027f2959ca10 flushing  nmethod 0x0000027f1382e910
Event: 19.037 Thread 0x0000027f2959ca10 flushing  nmethod 0x0000027f1382f590
Event: 19.037 Thread 0x0000027f2959ca10 flushing  nmethod 0x0000027f1382f990
Event: 19.037 Thread 0x0000027f2959ca10 flushing  nmethod 0x0000027f13830e90
Event: 19.037 Thread 0x0000027f2959ca10 flushing  nmethod 0x0000027f1383f590
Event: 19.037 Thread 0x0000027f2959ca10 flushing  nmethod 0x0000027f13840290
Event: 19.037 Thread 0x0000027f2959ca10 flushing  nmethod 0x0000027f13841810
Event: 19.037 Thread 0x0000027f2959ca10 flushing  nmethod 0x0000027f13842710
Event: 19.037 Thread 0x0000027f2959ca10 flushing  nmethod 0x0000027f13853510
Event: 19.037 Thread 0x0000027f2959ca10 flushing  nmethod 0x0000027f13858510
Event: 19.037 Thread 0x0000027f2959ca10 flushing  nmethod 0x0000027f1385b210
Event: 19.038 Thread 0x0000027f2959ca10 flushing  nmethod 0x0000027f13866310
Event: 19.038 Thread 0x0000027f2959ca10 flushing  nmethod 0x0000027f13898710
Event: 61.195 Thread 0x0000027f2959ca10 flushing  nmethod 0x0000027f12b3ee90
Event: 61.195 Thread 0x0000027f2959ca10 flushing  nmethod 0x0000027f12bd4c10
Event: 61.203 Thread 0x0000027f2959ca10 flushing  nmethod 0x0000027f130d3110

Events (20 events):
Event: 14.666 Thread 0x0000027f72518d00 Thread exited: 0x0000027f72518d00
Event: 14.857 Thread 0x0000027f7176bf00 Thread exited: 0x0000027f7176bf00
Event: 14.868 Thread 0x0000027f2959b7f0 Thread added: 0x0000027f7251bcd0
Event: 15.149 Thread 0x0000027f7251bcd0 Thread exited: 0x0000027f7251bcd0
Event: 15.272 Thread 0x0000027f2959b7f0 Thread added: 0x0000027f7251ace0
Event: 15.346 Thread 0x0000027f2959b7f0 Thread added: 0x0000027f72519cf0
Event: 17.172 Thread 0x0000027f72519cf0 Thread exited: 0x0000027f72519cf0
Event: 17.188 Thread 0x0000027f2959b7f0 Thread added: 0x0000027f72519cf0
Event: 55.625 Thread 0x0000027f72519cf0 Thread exited: 0x0000027f72519cf0
Event: 55.924 Thread 0x0000027f7251ace0 Thread exited: 0x0000027f7251ace0
Event: 57.797 Thread 0x0000027f2959b7f0 Thread added: 0x0000027f72519250
Event: 59.442 Thread 0x0000027f2959b7f0 Thread added: 0x0000027f72518d00
Event: 62.266 Thread 0x0000027f0ae27d70 Thread added: 0x0000027f736e2cc0
Event: 62.808 Thread 0x0000027f0ae27d70 Thread added: 0x0000027f736e4100
Event: 62.861 Thread 0x0000027f0ae27d70 Thread added: 0x0000027f736e31d0
Event: 63.424 Thread 0x0000027f0ae27d70 Thread added: 0x0000027f71f41ca0
Event: 63.424 Thread 0x0000027f0ae27d70 Thread added: 0x0000027f71f421b0
Event: 63.426 Thread 0x0000027f0ae27d70 Thread added: 0x0000027f71f42bd0
Event: 63.763 Thread 0x0000027f72518d00 Thread exited: 0x0000027f72518d00
Event: 63.870 Thread 0x0000027f72519250 Thread exited: 0x0000027f72519250


Dynamic libraries:
0x00007ff69c770000 - 0x00007ff69c77e000 	C:\Program Files\Eclipse Adoptium\jdk-17.0.16.8-hotspot\bin\java.exe
0x00007ff85c320000 - 0x00007ff85c588000 	C:\WINDOWS\SYSTEM32\ntdll.dll
0x00007ff85a0d0000 - 0x00007ff85a199000 	C:\WINDOWS\System32\KERNEL32.DLL
0x00007ff858ed0000 - 0x00007ff8592c1000 	C:\WINDOWS\System32\KERNELBASE.dll
0x00007ff8595b0000 - 0x00007ff8596fb000 	C:\WINDOWS\System32\ucrtbase.dll
0x00007ff832900000 - 0x00007ff83291e000 	C:\Program Files\Eclipse Adoptium\jdk-17.0.16.8-hotspot\bin\VCRUNTIME140.dll
0x00007ff832930000 - 0x00007ff832947000 	C:\Program Files\Eclipse Adoptium\jdk-17.0.16.8-hotspot\bin\jli.dll
0x00007ff85b220000 - 0x00007ff85b3e6000 	C:\WINDOWS\System32\USER32.dll
0x00007ff858c00000 - 0x00007ff858c27000 	C:\WINDOWS\System32\win32u.dll
0x00007ff85bc00000 - 0x00007ff85bc2b000 	C:\WINDOWS\System32\GDI32.dll
0x00007ff858da0000 - 0x00007ff858ecb000 	C:\WINDOWS\System32\gdi32full.dll
0x00007ff836b70000 - 0x00007ff836e03000 	C:\WINDOWS\WinSxS\amd64_microsoft.windows.common-controls_6595b64144ccf1df_6.0.26100.7824_none_3e0870b2e3345462\COMCTL32.dll
0x00007ff859380000 - 0x00007ff859423000 	C:\WINDOWS\System32\msvcp_win.dll
0x00007ff85ac70000 - 0x00007ff85ad19000 	C:\WINDOWS\System32\msvcrt.dll
0x00007ff85abe0000 - 0x00007ff85ac11000 	C:\WINDOWS\System32\IMM32.DLL
0x00007ff8328f0000 - 0x00007ff8328fc000 	C:\Program Files\Eclipse Adoptium\jdk-17.0.16.8-hotspot\bin\vcruntime140_1.dll
0x00007ff832780000 - 0x00007ff83280d000 	C:\Program Files\Eclipse Adoptium\jdk-17.0.16.8-hotspot\bin\msvcp140.dll
0x00007fff6f4c0000 - 0x00007fff7012b000 	C:\Program Files\Eclipse Adoptium\jdk-17.0.16.8-hotspot\bin\server\jvm.dll
0x00007ff85a2a0000 - 0x00007ff85a354000 	C:\WINDOWS\System32\ADVAPI32.dll
0x00007ff85bb50000 - 0x00007ff85bbf6000 	C:\WINDOWS\System32\sechost.dll
0x00007ff85bc30000 - 0x00007ff85bd48000 	C:\WINDOWS\System32\RPCRT4.dll
0x00007ff85bd60000 - 0x00007ff85bdd4000 	C:\WINDOWS\System32\WS2_32.dll
0x00007ff84e8a0000 - 0x00007ff84e8ab000 	C:\WINDOWS\SYSTEM32\VERSION.dll
0x00007ff858a60000 - 0x00007ff858abe000 	C:\WINDOWS\SYSTEM32\POWRPROF.dll
0x00007ff853bd0000 - 0x00007ff853c05000 	C:\WINDOWS\SYSTEM32\WINMM.dll
0x00007ff858a40000 - 0x00007ff858a54000 	C:\WINDOWS\SYSTEM32\UMPDC.dll
0x00007ff8579a0000 - 0x00007ff8579bb000 	C:\WINDOWS\SYSTEM32\kernel.appcore.dll
0x00007ff832770000 - 0x00007ff83277a000 	C:\Program Files\Eclipse Adoptium\jdk-17.0.16.8-hotspot\bin\jimage.dll
0x00007ff856a30000 - 0x00007ff856c72000 	C:\WINDOWS\SYSTEM32\DBGHELP.DLL
0x00007ff85bf50000 - 0x00007ff85c2d6000 	C:\WINDOWS\System32\combase.dll
0x00007ff85af00000 - 0x00007ff85afd7000 	C:\WINDOWS\System32\OLEAUT32.dll
0x00007ff834260000 - 0x00007ff83429b000 	C:\WINDOWS\SYSTEM32\dbgcore.DLL
0x00007ff8592d0000 - 0x00007ff859375000 	C:\WINDOWS\System32\bcryptPrimitives.dll
0x00007ff8324f0000 - 0x00007ff832515000 	C:\Program Files\Eclipse Adoptium\jdk-17.0.16.8-hotspot\bin\java.dll
0x00007ff8114e0000 - 0x00007ff8115b7000 	C:\Program Files\Eclipse Adoptium\jdk-17.0.16.8-hotspot\bin\jsvml.dll
0x00007ff85b3f0000 - 0x00007ff85bb42000 	C:\WINDOWS\System32\SHELL32.dll
0x00007ff858c30000 - 0x00007ff858d9a000 	C:\WINDOWS\System32\wintypes.dll
0x00007ff859850000 - 0x00007ff85a0b3000 	C:\WINDOWS\System32\windows.storage.dll
0x00007ff85bdf0000 - 0x00007ff85bee6000 	C:\WINDOWS\System32\SHCORE.dll
0x00007ff85a230000 - 0x00007ff85a297000 	C:\WINDOWS\System32\shlwapi.dll
0x00007ff858b20000 - 0x00007ff858b49000 	C:\WINDOWS\SYSTEM32\profapi.dll
0x00007ff823880000 - 0x00007ff823899000 	C:\Program Files\Eclipse Adoptium\jdk-17.0.16.8-hotspot\bin\net.dll
0x00007ff851550000 - 0x00007ff851677000 	C:\WINDOWS\SYSTEM32\WINHTTP.dll
0x00007ff857f10000 - 0x00007ff857f7b000 	C:\WINDOWS\system32\mswsock.dll
0x00007ff821350000 - 0x00007ff821366000 	C:\Program Files\Eclipse Adoptium\jdk-17.0.16.8-hotspot\bin\nio.dll
0x00007ff821330000 - 0x00007ff821348000 	C:\Program Files\Eclipse Adoptium\jdk-17.0.16.8-hotspot\bin\zip.dll
0x00007ff8356e0000 - 0x00007ff8356ea000 	C:\Program Files\Eclipse Adoptium\jdk-17.0.16.8-hotspot\bin\management.dll
0x00007ff8356d0000 - 0x00007ff8356db000 	C:\Program Files\Eclipse Adoptium\jdk-17.0.16.8-hotspot\bin\management_ext.dll
0x00007ff85a0c0000 - 0x00007ff85a0c8000 	C:\WINDOWS\System32\PSAPI.DLL
0x00007ff857370000 - 0x00007ff8573a4000 	C:\WINDOWS\SYSTEM32\IPHLPAPI.DLL
0x00007ff85bde0000 - 0x00007ff85bdea000 	C:\WINDOWS\System32\NSI.dll
0x00007ff852430000 - 0x00007ff85244e000 	C:\WINDOWS\SYSTEM32\dhcpcsvc6.DLL
0x00007ff851ee0000 - 0x00007ff851f03000 	C:\WINDOWS\SYSTEM32\dhcpcsvc.DLL
0x00007ff8573b0000 - 0x00007ff8574dc000 	C:\WINDOWS\SYSTEM32\DNSAPI.dll
0x00007ff84e890000 - 0x00007ff84e89b000 	C:\Windows\System32\rasadhlp.dll
0x00007ff852a30000 - 0x00007ff852ab6000 	C:\WINDOWS\System32\fwpuclnt.dll
0x00007ff8356c0000 - 0x00007ff8356ce000 	C:\Program Files\Eclipse Adoptium\jdk-17.0.16.8-hotspot\bin\sunmscapi.dll
0x00007ff859430000 - 0x00007ff8595a7000 	C:\WINDOWS\System32\CRYPT32.dll
0x00007ff858400000 - 0x00007ff858430000 	C:\WINDOWS\SYSTEM32\ncrypt.dll
0x00007ff8583b0000 - 0x00007ff8583ef000 	C:\WINDOWS\SYSTEM32\NTASN1.dll
0x00007ff8581f0000 - 0x00007ff85820b000 	C:\WINDOWS\SYSTEM32\CRYPTSP.dll
0x00007ff857900000 - 0x00007ff857939000 	C:\WINDOWS\system32\rsaenh.dll
0x00007ff857fc0000 - 0x00007ff857feb000 	C:\WINDOWS\SYSTEM32\USERENV.dll
0x00007ff858af0000 - 0x00007ff858b1a000 	C:\WINDOWS\SYSTEM32\bcrypt.dll
0x00007ff8581e0000 - 0x00007ff8581ec000 	C:\WINDOWS\SYSTEM32\CRYPTBASE.dll
0x00007ff832760000 - 0x00007ff832770000 	C:\Program Files\Eclipse Adoptium\jdk-17.0.16.8-hotspot\bin\verify.dll
0x00007ff8356b0000 - 0x00007ff8356b9000 	C:\Program Files\Eclipse Adoptium\jdk-17.0.16.8-hotspot\bin\extnet.dll
0x00007ff8212f0000 - 0x00007ff8212fe000 	C:\Program Files\Eclipse Adoptium\jdk-17.0.16.8-hotspot\bin\instrument.dll

dbghelp: loaded successfully - version: 4.0.5 - missing functions: none
symbol engine: initialized successfully - sym options: 0x614 - pdb path: .;C:\Program Files\Eclipse Adoptium\jdk-17.0.16.8-hotspot\bin;C:\WINDOWS\SYSTEM32;C:\WINDOWS\WinSxS\amd64_microsoft.windows.common-controls_6595b64144ccf1df_6.0.26100.7824_none_3e0870b2e3345462;C:\Program Files\Eclipse Adoptium\jdk-17.0.16.8-hotspot\bin\server

VM Arguments:
java_command: C:\Users\hp\AppData\Local\Temp\surefire9494254255756248207\surefirebooter-20260513130928712_3.jar C:\Users\hp\AppData\Local\Temp\surefire9494254255756248207 2026-05-13T13-09-28_549-jvmRun1 surefire-20260513130928712_1tmp surefire_0-20260513130928712_2tmp
java_class_path (initial): C:\Users\hp\AppData\Local\Temp\surefire9494254255756248207\surefirebooter-20260513130928712_3.jar
Launcher Type: SUN_STANDARD

[Global flags]
     intx CICompilerCount                          = 4                                         {product} {ergonomic}
     uint ConcGCThreads                            = 3                                         {product} {ergonomic}
     uint G1ConcRefinementThreads                  = 10                                        {product} {ergonomic}
   size_t G1HeapRegionSize                         = 1048576                                   {product} {ergonomic}
    uintx GCDrainStackTargetSize                   = 64                                        {product} {ergonomic}
   size_t InitialHeapSize                          = 130023424                                 {product} {ergonomic}
   size_t MarkStackSize                            = 4194304                                   {product} {ergonomic}
   size_t MaxHeapSize                              = 2055208960                                {product} {ergonomic}
   size_t MaxNewSize                               = 1233125376                                {product} {ergonomic}
   size_t MinHeapDeltaBytes                        = 1048576                                   {product} {ergonomic}
   size_t MinHeapSize                              = 8388608                                   {product} {ergonomic}
    uintx NonNMethodCodeHeapSize                   = 5839372                                {pd product} {ergonomic}
    uintx NonProfiledCodeHeapSize                  = 122909434                              {pd product} {ergonomic}
    uintx ProfiledCodeHeapSize                     = 122909434                              {pd product} {ergonomic}
    uintx ReservedCodeCacheSize                    = 251658240                              {pd product} {ergonomic}
     bool SegmentedCodeCache                       = true                                      {product} {ergonomic}
   size_t SoftMaxHeapSize                          = 2055208960                             {manageable} {ergonomic}
     bool UseCompressedClassPointers               = true                           {product lp64_product} {ergonomic}
     bool UseCompressedOops                        = true                           {product lp64_product} {ergonomic}
     bool UseG1GC                                  = true                                      {product} {ergonomic}
     bool UseLargePagesIndividualAllocation        = false                                  {pd product} {ergonomic}

Logging:
Log output configuration:
 #0: stdout all=warning uptime,level,tags
 #1: stderr all=off uptime,level,tags

Environment Variables:
JAVA_HOME=C:\Program Files\Eclipse Adoptium\jdk-17.0.16.8-hotspot
PATH=C:\Windows\system32;C:\Windows;C:\Windows\System32\Wbem;C:\Windows\System32\WindowsPowerShell\v1.0\;C:\Users\hp\AppData\Local\Microsoft\WindowsApps;C:\Users\hp\AppData\Local\Programs\Microsoft VS Code\bin;C:\Users\hp\AppData\Local\Programs\IntelliJ IDEA 2025.2\bin;C:\Users\hp\AppData\Roaming\npm;C:\Users\hp\AppData\Local\Programs\Windsurf\bin;C:\gradle\gradle-8.14-bin\gradle-8.14\bin;C:\ProgramData\chocolatey\bin;C:\maven;C:\flutter\bin;C:\Program Files\nodejs\;C:\Program Files\Microsoft SQL Server\170\Tools\Binn\;C:\Users\hp\.dotnet\tools;C:\Program Files\Oracle\VirtualBox;C:\Program Files\Oracle\VirtualBox;D:\minikube;C:\apache-maven-3.9.11\bin;C:\Program Files\Apache\maven\apache-maven-3.9.6\bin;C:\apache-maven-3.9.11\bin;C:\Program Files\Git\cmd;d:\Users\hp\AppData\Local\Programs\cursor\resources\app\codeBin;C:\Users\hp\AppData\Local\Programs\Eclipse Adoptium\jdk-25.0.1.8-hotspot\bin;C:\Users\hp\Desktop\IntelliJ IDEA 2025.3\bin;C:\Programmes\Git\cmd;C:\Programmes\Git\bin;C:\Program Files\Apache Software Foundation;d:\Users\hp\AppData\Local\Programs\cursor\resources\app\bin;C:\Users\hp\AppData\Roaming\npm-global;C:\app\hp\product\21c\dbhome_1\BIN;C:\Program Files\Kubernetes\Minikube;;C:\Program Files\Docker\Docker\resources\bin;C:\Program Files (x86)\VMware\VMware Player\bin\;C:\Program Files\Vagrant\bin;C:\Users\hp\AppData\Local\Microsoft\WinGet\Links
USERNAME=hp
OS=Windows_NT
PROCESSOR_IDENTIFIER=Intel64 Family 6 Model 186 Stepping 3, GenuineIntel
TMP=C:\Users\hp\AppData\Local\Temp
TEMP=C:\Users\hp\AppData\Local\Temp



Periodic native trim disabled


---------------  S Y S T E M  ---------------

OS:
 Windows 11 , 64 bit Build 26100 (10.0.26100.7705)
OS uptime: 1 days 13:49 hours
Hyper-V role detected

CPU: total 12 (initial active 12) (6 cores per cpu, 2 threads per core) family 6 model 186 stepping 3 microcode 0x4121, cx8, cmov, fxsr, ht, mmx, 3dnowpref, sse, sse2, sse3, ssse3, sse4.1, sse4.2, popcnt, lzcnt, tsc, tscinvbit, avx, avx2, aes, erms, clmul, bmi1, bmi2, adx, sha, fma, vzeroupper, clflush, clflushopt, clwb, hv
Processor Information for processor 0
  Max Mhz: 1300, Current Mhz: 1300, Mhz Limit: 1300
Processor Information for processor 1
  Max Mhz: 1300, Current Mhz: 1300, Mhz Limit: 1300
Processor Information for processor 2
  Max Mhz: 1300, Current Mhz: 1300, Mhz Limit: 1300
Processor Information for processor 3
  Max Mhz: 1300, Current Mhz: 1300, Mhz Limit: 1300
Processor Information for processor 4
  Max Mhz: 1300, Current Mhz: 900, Mhz Limit: 897
Processor Information for processor 5
  Max Mhz: 1300, Current Mhz: 900, Mhz Limit: 897
Processor Information for processor 6
  Max Mhz: 1300, Current Mhz: 900, Mhz Limit: 897
Processor Information for processor 7
  Max Mhz: 1300, Current Mhz: 900, Mhz Limit: 897
Processor Information for processor 8
  Max Mhz: 1300, Current Mhz: 900, Mhz Limit: 897
Processor Information for processor 9
  Max Mhz: 1300, Current Mhz: 900, Mhz Limit: 897
Processor Information for processor 10
  Max Mhz: 1300, Current Mhz: 900, Mhz Limit: 897
Processor Information for processor 11
  Max Mhz: 1300, Current Mhz: 900, Mhz Limit: 897

Memory: 4k page, system-wide physical 7835M (784M free)
TotalPageFile size 21227M (AvailPageFile size 465M)
current process WorkingSet (physical memory assigned to process): 546M, peak: 546M
current process commit charge ("private bytes"): 624M, peak: 1138M

vm_info: OpenJDK 64-Bit Server VM (17.0.16+8) for windows-amd64 JRE (17.0.16+8), built on Jul 16 2025 10:37:56 by "admin" with MS VC++ 17.7 (VS2022)

END.
