#
# There is insufficient memory for the Java Runtime Environment to continue.
# Native memory allocation (mmap) failed to map 402653184 bytes. Error detail: G1 virtual space
# Possible reasons:
#   The system is out of physical RAM or swap space
#   This process is running with CompressedOops enabled, and the Java Heap may be blocking the growth of the native heap
# Possible solutions:
#   Reduce memory load on the system
#   Increase physical memory or swap space
#   Check if swap backing store is full
#   Decrease Java heap size (-Xmx/-Xms)
#   Decrease number of Java threads
#   Decrease Java thread stack sizes (-Xss)
#   Set larger code cache with -XX:ReservedCodeCacheSize=
#   JVM is running with Unscaled Compressed Oops mode in which the Java heap is
#     placed in the first 4GB address space. The Java Heap base address is the
#     maximum limit for the native heap growth. Please use -XX:HeapBaseMinAddress
#     to set the Java Heap base and to place the Java Heap above 4GB virtual address.
# This output file may be truncated or incomplete.
#
#  Out of Memory Error (os_windows.cpp:3618), pid=13172, tid=16892
#
# JRE version: OpenJDK Runtime Environment Temurin-17.0.16+8 (17.0.16+8) (build 17.0.16+8)
# Java VM: OpenJDK 64-Bit Server VM Temurin-17.0.16+8 (17.0.16+8, mixed mode, sharing, tiered, compressed oops, compressed class ptrs, g1 gc, windows-amd64)
# No core dump will be written. Minidumps are not enabled by default on client versions of Windows
#

---------------  S U M M A R Y ------------

Command Line: C:\Users\hp\AppData\Local\Temp\surefire13165789167977052258\surefirebooter-20260513132046730_3.jar C:\Users\hp\AppData\Local\Temp\surefire13165789167977052258 2026-05-13T13-20-46_287-jvmRun1 surefire-20260513132046730_1tmp surefire_0-20260513132046730_2tmp

Host: 13th Gen Intel(R) Core(TM) i5-1334U, 12 cores, 7G,  Windows 11 , 64 bit Build 26100 (10.0.26100.7705)
Time: Wed May 13 13:21:02 2026 Paris, Madrid (heure duild 26100 (10.0.26100.7705) elapsed time: 15.080025 seconds (0d 0h 0m 15s)

---------------  T H R E A D  ---------------

Current thread (0x0000014548c96360):  VMThread "VM Thread" [stack: 0x0000001a52300000,0x0000001a52400000] [id=16892]

Stack: [0x0000001a52300000,0x0000001a52400000]
Native frames: (J=compiled Java code, j=interpreted, Vv=VM code, C=native code)
V  [jvm.dll+0x683169]
V  [jvm.dll+0x839ac8]
V  [jvm.dll+0x83b573]
V  [jvm.dll+0x83bbe3]
V  [jvm.dll+0x2473ff]
V  [jvm.dll+0x67ff49]
V  [jvm.dll+0x674e3a]
V  [jvm.dll+0x304ea6]
V  [jvm.dll+0x30c366]
V  [jvm.dll+0x35deee]
V  [jvm.dll+0x35e12d]
V  [jvm.dll+0x2dc26c]
V  [jvm.dll+0x2da60f]
V  [jvm.dll+0x2d9d7c]
V  [jvm.dll+0x31d55b]
V  [jvm.dll+0x84041d]
V  [jvm.dll+0x841153]
V  [jvm.dll+0x84167f]
V  [jvm.dll+0x841a64]
V  [jvm.dll+0x841b2e]
V  [jvm.dll+0x7e979c]
V  [jvm.dll+0x682047]
C  [ucrtbase.dll+0x37b0]
C  [KERNEL32.DLL+0x2e8d7]
C  [ntdll.dll+0x8c40c]

VM_Operation (0x0000001a51df6520): G1CollectForAllocation, mode: safepoint, requested by thread 0x000001452abe8b90


---------------  P R O C E S S  ---------------

Threads class SMR info:
_java_thread_list=0x000001458f326530, length=21, elements={
0x000001452abe8b90, 0x0000014548c9b7a0, 0x0000014548c9dd80, 0x0000014548cb74b0,
0x0000014548cb7990, 0x0000014548cb7f60, 0x0000014548cbd550, 0x00000145493903c0,
0x0000014549390a80, 0x00000145493914a0, 0x00000145494c5950, 0x00000145494c92a0,
0x0000014549748ec0, 0x0000014549d265c0, 0x0000014590876170, 0x0000014593568810,
0x0000014593569c50, 0x00000145935678e0, 0x0000014593568300, 0x0000014592fe8040,
0x000001459209f3f0
}

Java Threads: ( => current thread )
  0x000001452abe8b90 JavaThread "main" [_thread_blocked, id=24736, stack(0x0000001a51d00000,0x0000001a51e00000)]
  0x0000014548c9b7a0 JavaThread "Reference Handler" daemon [_thread_blocked, id=3140, stack(0x0000001a52400000,0x0000001a52500000)]
  0x0000014548c9dd80 JavaThread "Finalizer" daemon [_thread_blocked, id=13636, stack(0x0000001a52500000,0x0000001a52600000)]
  0x0000014548cb74b0 JavaThread "Signal Dispatcher" daemon [_thread_blocked, id=10364, stack(0x0000001a52600000,0x0000001a52700000)]
  0x0000014548cb7990 JavaThread "Attach Listener" daemon [_thread_blocked, id=23728, stack(0x0000001a52700000,0x0000001a52800000)]
  0x0000014548cb7f60 JavaThread "Service Thread" daemon [_thread_blocked, id=3776, stack(0x0000001a52800000,0x0000001a52900000)]
  0x0000014548cbd550 JavaThread "Monitor Deflation Thread" daemon [_thread_blocked, id=18716, stack(0x0000001a52900000,0x0000001a52a00000)]
  0x00000145493903c0 JavaThread "C2 CompilerThread0" daemon [_thread_blocked, id=1816, stack(0x0000001a52a00000,0x0000001a52b00000)]
  0x0000014549390a80 JavaThread "C1 CompilerThread0" daemon [_thread_blocked, id=15220, stack(0x0000001a52b00000,0x0000001a52c00000)]
  0x00000145493914a0 JavaThread "Sweeper thread" daemon [_thread_blocked, id=18152, stack(0x0000001a52c00000,0x0000001a52d00000)]
  0x00000145494c5950 JavaThread "Notification Thread" daemon [_thread_blocked, id=24276, stack(0x0000001a52d00000,0x0000001a52e00000)]
  0x00000145494c92a0 JavaThread "Common-Cleaner" daemon [_thread_blocked, id=15484, stack(0x0000001a52f00000,0x0000001a53000000)]
  0x0000014549748ec0 JavaThread "surefire-forkedjvm-stream-flusher" daemon [_thread_blocked, id=16748, stack(0x0000001a53100000,0x0000001a53200000)]
  0x0000014549d265c0 JavaThread "surefire-forkedjvm-command-thread" daemon [_thread_in_native, id=24788, stack(0x0000001a53200000,0x0000001a53300000)]
  0x0000014590876170 JavaThread "mysql-cj-abandoned-connection-cleanup" daemon [_thread_blocked, id=13960, stack(0x0000001a53c00000,0x0000001a53d00000)]
  0x0000014593568810 JavaThread "MVStore background writer D:/Platform-Pediatric-pidev-platform-nephrologie/Platform-Pediatric-pidev-platform-nephrologie/Back/data/pediatricdb.mv.db" daemon [_thread_blocked, id=24376, stack(0x0000001a54000000,0x0000001a54100000)]
  0x0000014593569c50 JavaThread "HikariPool-1 housekeeper" daemon [_thread_blocked, id=20368, stack(0x0000001a54100000,0x0000001a54200000)]
  0x00000145935678e0 JavaThread "H2-serialization" daemon [_thread_blocked, id=23180, stack(0x0000001a54300000,0x0000001a54400000)]
  0x0000014593568300 JavaThread "H2-save" daemon [_thread_blocked, id=8864, stack(0x0000001a54400000,0x0000001a54500000)]
  0x0000014592fe8040 JavaThread "C2 CompilerThread1" daemon [_thread_blocked, id=4864, stack(0x0000001a53000000,0x0000001a53100000)]
  0x000001459209f3f0 JavaThread "C2 CompilerThread2" daemon [_thread_blocked, id=24428, stack(0x0000001a53d00000,0x0000001a53e00000)]

Other Threads:
=>0x0000014548c96360 VMThread "VM Thread" [stack: 0x0000001a52300000,0x0000001a52400000] [id=16892]
  0x00000145494c7e40 WatcherThread [stack: 0x0000001a52e00000,0x0000001a52f00000] [id=25128]
  0x000001452ac44de0 GCTaskThread "GC Thread#0" [stack: 0x0000001a51e00000,0x0000001a51f00000] [id=24176]
  0x000001458f691890 GCTaskThread "GC Thread#1" [stack: 0x0000001a53300000,0x0000001a53400000] [id=22552]
  0x0000014549f37680 GCTaskThread "GC Thread#2" [stack: 0x0000001a53400000,0x0000001a53500000] [id=24088]
  0x0000014549f37940 GCTaskThread "GC Thread#3" [stack: 0x0000001a53500000,0x0000001a53600000] [id=2928]
  0x0000014549e55420 GCTaskThread "GC Thread#4" [stack: 0x0000001a53600000,0x0000001a53700000] [id=14580]
  0x0000014549e57f00 GCTaskThread "GC Thread#5" [stack: 0x0000001a53700000,0x0000001a53800000] [id=17752]
  0x0000014549e58b90 GCTaskThread "GC Thread#6" [stack: 0x0000001a53800000,0x0000001a53900000] [id=16632]
  0x0000014549e59ed0 GCTaskThread "GC Thread#7" [stack: 0x0000001a53900000,0x0000001a53a00000] [id=20804]
  0x0000014549e59110 GCTaskThread "GC Thread#8" [stack: 0x0000001a53a00000,0x0000001a53b00000] [id=23596]
  0x0000014549e593d0 GCTaskThread "GC Thread#9" [stack: 0x0000001a53b00000,0x0000001a53c00000] [id=9536]
  0x000001452ac55390 ConcurrentGCThread "G1 Main Marker" [stack: 0x0000001a51f00000,0x0000001a52000000] [id=12664]
  0x000001452ac59e80 ConcurrentGCThread "G1 Conc#0" [stack: 0x0000001a52000000,0x0000001a52100000] [id=24420]
  0x0000014549e58610 ConcurrentGCThread "G1 Conc#1" [stack: 0x0000001a53e00000,0x0000001a53f00000] [id=1876]
  0x0000014549e588d0 ConcurrentGCThread "G1 Conc#2" [stack: 0x0000001a53f00000,0x0000001a54000000] [id=24024]
  0x000001452ac9ecb0 ConcurrentGCThread "G1 Refine#0" [stack: 0x0000001a52100000,0x0000001a52200000] [id=8348]
  0x000001458fa48890 ConcurrentGCThread "G1 Refine#1" [stack: 0x0000001a54200000,0x0000001a54300000] [id=1492]
  0x000001458f5cf800 ConcurrentGCThread "G1 Refine#2" [stack: 0x0000001a54500000,0x0000001a54600000] [id=25244]
  0x00000145917db840 ConcurrentGCThread "G1 Refine#3" [stack: 0x0000001a54600000,0x0000001a54700000] [id=8224]
  0x0000014592097840 ConcurrentGCThread "G1 Refine#4" [stack: 0x0000001a54700000,0x0000001a54800000] [id=14888]
  0x000001458fabfc50 ConcurrentGCThread "G1 Refine#5" [stack: 0x0000001a54800000,0x0000001a54900000] [id=13900]
  0x0000014548b39de0 ConcurrentGCThread "G1 Service" [stack: 0x0000001a52200000,0x0000001a52300000] [id=17104]

Threads with active compile tasks:
C2 CompilerThread2    15111 8728       4       org.springframework.core.annotation.AnnotationsScanner::process (55 bytes)

VM state: at safepoint (normal execution)

VM Mutex/Monitor currently owned by a thread:  ([mutex/lock_event])
[0x000001452abe2b70] Threads_lock - owner thread: 0x0000014548c96360
[0x000001452abe3a10] Heap_lock - owner thread: 0x000001452abe8b90

Heap address: 0x0000000085800000, size: 1960 MB, Compressed Oops mode: 32-bit

CDS archive(s) mapped at: [0x000001454a000000-0x000001454abb0000-0x000001454abb0000), size 12255232, SharedBaseAddress: 0x000001454a000000, ArchiveRelocationMode: 1.
Compressed class space mapped at: 0x000001454b000000-0x000001458b000000, reserved size: 1073741824
Narrow klass base: 0x000001454a000000, Narrow klass shift: 0, Narrow klass range: 0x100000000

GC Precious Log:
 CPUs: 12 total, 12 available
 Memory: 7835M
 Large Page Support: Disabled
 NUMA Support: Disabled
 Compressed Oops: Enabled (32-bit)
 Heap Region Size: 1M
 Heap Min Capacity: 8M
 Heap Initial Capacity: 124M
 Heap Max Capacity: 1960M
 Pre-touch: Disabled
 Parallel Workers: 10
 Concurrent Workers: 3
 Concurrent Refinement Workers: 10
 Periodic GC: Disabled

Heap:
 garbage-first heap   total 196608K, used 123859K [0x0000000085800000, 0x0000000100000000)
  region size 1024K, 2 young (2048K), 2 survivors (2048K)
 Metaspace       used 77710K, committed 78272K, reserved 1179648K
  class space    used 10765K, committed 11008K, reserved 1048576K

Heap Regions: E=young(eden), S=young(survivor), O=old, HS=humongous(starts), HC=humongous(continues), CS=collection set, F=free, OA=open archive, CA=closed archive, TAMS=top-at-mark-start (previous, next)
|   0|0x0000000085800000, 0x0000000085900000, 0x0000000085900000|100%|HS|  |TAMS 0x0000000085900000, 0x0000000085800000| Complete 
|   1|0x0000000085900000, 0x0000000085a00000, 0x0000000085a00000|100%|HS|  |TAMS 0x0000000085a00000, 0x0000000085900000| Complete 
|   2|0x0000000085a00000, 0x0000000085b00000, 0x0000000085b00000|100%|HS|  |TAMS 0x0000000085b00000, 0x0000000085a00000| Complete 
|   3|0x0000000085b00000, 0x0000000085c00000, 0x0000000085c00000|100%| O|  |TAMS 0x0000000085c00000, 0x0000000085b00000| Untracked 
|   4|0x0000000085c00000, 0x0000000085d00000, 0x0000000085d00000|100%| O|  |TAMS 0x0000000085d00000, 0x0000000085c00000| Untracked 
|   5|0x0000000085d00000, 0x0000000085e00000, 0x0000000085e00000|100%| O|  |TAMS 0x0000000085e00000, 0x0000000085d00000| Untracked 
|   6|0x0000000085e00000, 0x0000000085f00000, 0x0000000085f00000|100%| O|  |TAMS 0x0000000085f00000, 0x0000000085e00000| Untracked 
|   7|0x0000000085f00000, 0x0000000086000000, 0x0000000086000000|100%| O|  |TAMS 0x0000000086000000, 0x0000000085f00000| Untracked 
|   8|0x0000000086000000, 0x0000000086100000, 0x0000000086100000|100%| O|  |TAMS 0x0000000086100000, 0x0000000086000000| Untracked 
|   9|0x0000000086100000, 0x0000000086200000, 0x0000000086200000|100%| O|  |TAMS 0x0000000086200000, 0x0000000086100000| Untracked 
|  10|0x0000000086200000, 0x0000000086300000, 0x0000000086300000|100%| O|  |TAMS 0x0000000086300000, 0x0000000086200000| Untracked 
|  11|0x0000000086300000, 0x0000000086400000, 0x0000000086400000|100%| O|  |TAMS 0x0000000086400000, 0x0000000086300000| Untracked 
|  12|0x0000000086400000, 0x0000000086500000, 0x0000000086500000|100%| O|  |TAMS 0x0000000086500000, 0x0000000086400000| Untracked 
|  13|0x0000000086500000, 0x0000000086600000, 0x0000000086600000|100%| O|  |TAMS 0x0000000086600000, 0x0000000086500000| Untracked 
|  14|0x0000000086600000, 0x0000000086700000, 0x0000000086700000|100%| O|  |TAMS 0x0000000086700000, 0x0000000086600000| Untracked 
|  15|0x0000000086700000, 0x0000000086800000, 0x0000000086800000|100%| O|  |TAMS 0x0000000086800000, 0x0000000086700000| Untracked 
|  16|0x0000000086800000, 0x0000000086900000, 0x0000000086900000|100%| O|  |TAMS 0x0000000086900000, 0x0000000086800000| Untracked 
|  17|0x0000000086900000, 0x0000000086a00000, 0x0000000086a00000|100%| O|  |TAMS 0x0000000086a00000, 0x0000000086900000| Untracked 
|  18|0x0000000086a00000, 0x0000000086b00000, 0x0000000086b00000|100%| O|  |TAMS 0x0000000086b00000, 0x0000000086a00000| Untracked 
|  19|0x0000000086b00000, 0x0000000086c00000, 0x0000000086c00000|100%| O|  |TAMS 0x0000000086c00000, 0x0000000086b00000| Untracked 
|  20|0x0000000086c00000, 0x0000000086d00000, 0x0000000086d00000|100%| O|  |TAMS 0x0000000086d00000, 0x0000000086c00000| Untracked 
|  21|0x0000000086d00000, 0x0000000086e00000, 0x0000000086e00000|100%| O|  |TAMS 0x0000000086e00000, 0x0000000086d00000| Untracked 
|  22|0x0000000086e00000, 0x0000000086f00000, 0x0000000086f00000|100%| O|  |TAMS 0x0000000086f00000, 0x0000000086e00000| Untracked 
|  23|0x0000000086f00000, 0x0000000087000000, 0x0000000087000000|100%| O|  |TAMS 0x0000000087000000, 0x0000000086f00000| Untracked 
|  24|0x0000000087000000, 0x0000000087100000, 0x0000000087100000|100%| O|  |TAMS 0x0000000087100000, 0x0000000087000000| Untracked 
|  25|0x0000000087100000, 0x0000000087200000, 0x0000000087200000|100%| O|  |TAMS 0x0000000087200000, 0x0000000087100000| Untracked 
|  26|0x0000000087200000, 0x0000000087300000, 0x0000000087300000|100%| O|  |TAMS 0x0000000087300000, 0x0000000087200000| Untracked 
|  27|0x0000000087300000, 0x0000000087400000, 0x0000000087400000|100%| O|  |TAMS 0x0000000087400000, 0x0000000087300000| Untracked 
|  28|0x0000000087400000, 0x0000000087500000, 0x0000000087500000|100%| O|  |TAMS 0x0000000087500000, 0x0000000087400000| Untracked 
|  29|0x0000000087500000, 0x0000000087600000, 0x0000000087600000|100%| O|  |TAMS 0x0000000087600000, 0x0000000087500000| Untracked 
|  30|0x0000000087600000, 0x0000000087700000, 0x0000000087700000|100%| O|  |TAMS 0x0000000087700000, 0x0000000087600000| Untracked 
|  31|0x0000000087700000, 0x0000000087800000, 0x0000000087800000|100%| O|  |TAMS 0x0000000087800000, 0x0000000087700000| Untracked 
|  32|0x0000000087800000, 0x0000000087900000, 0x0000000087900000|100%| O|  |TAMS 0x0000000087900000, 0x0000000087800000| Untracked 
|  33|0x0000000087900000, 0x0000000087a00000, 0x0000000087a00000|100%|HS|  |TAMS 0x0000000087a00000, 0x0000000087900000| Complete 
|  34|0x0000000087a00000, 0x0000000087b00000, 0x0000000087b00000|100%|HC|  |TAMS 0x0000000087b00000, 0x0000000087a00000| Complete 
|  35|0x0000000087b00000, 0x0000000087c00000, 0x0000000087c00000|100%| O|  |TAMS 0x0000000087c00000, 0x0000000087b00000| Untracked 
|  36|0x0000000087c00000, 0x0000000087d00000, 0x0000000087d00000|100%| O|  |TAMS 0x0000000087d00000, 0x0000000087c00000| Untracked 
|  37|0x0000000087d00000, 0x0000000087df4c00, 0x0000000087e00000| 95%| O|  |TAMS 0x0000000087df4c00, 0x0000000087d00000| Untracked 
|  38|0x0000000087e00000, 0x0000000087f00000, 0x0000000087f00000|100%| O|  |TAMS 0x0000000087f00000, 0x0000000087e00000| Untracked 
|  39|0x0000000087f00000, 0x0000000088000000, 0x0000000088000000|100%| O|  |TAMS 0x0000000088000000, 0x0000000087f00000| Untracked 
|  40|0x0000000088000000, 0x0000000088100000, 0x0000000088100000|100%| O|  |TAMS 0x0000000088100000, 0x0000000088000000| Untracked 
|  41|0x0000000088100000, 0x0000000088200000, 0x0000000088200000|100%| O|  |TAMS 0x0000000088200000, 0x0000000088100000| Untracked 
|  42|0x0000000088200000, 0x0000000088300000, 0x0000000088300000|100%| O|  |TAMS 0x0000000088300000, 0x0000000088200000| Untracked 
|  43|0x0000000088300000, 0x0000000088400000, 0x0000000088400000|100%| O|  |TAMS 0x0000000088400000, 0x0000000088300000| Untracked 
|  44|0x0000000088400000, 0x0000000088500000, 0x0000000088500000|100%| O|  |TAMS 0x0000000088500000, 0x0000000088400000| Untracked 
|  45|0x0000000088500000, 0x0000000088600000, 0x0000000088600000|100%| O|  |TAMS 0x0000000088600000, 0x0000000088500000| Untracked 
|  46|0x0000000088600000, 0x0000000088700000, 0x0000000088700000|100%| O|  |TAMS 0x0000000088700000, 0x0000000088600000| Untracked 
|  47|0x0000000088700000, 0x0000000088800000, 0x0000000088800000|100%| O|  |TAMS 0x0000000088800000, 0x0000000088700000| Untracked 
|  48|0x0000000088800000, 0x0000000088900000, 0x0000000088900000|100%| O|  |TAMS 0x0000000088800000, 0x0000000088800000| Untracked 
|  49|0x0000000088900000, 0x0000000088a00000, 0x0000000088a00000|100%| O|  |TAMS 0x0000000088a00000, 0x0000000088900000| Untracked 
|  50|0x0000000088a00000, 0x0000000088b00000, 0x0000000088b00000|100%| O|  |TAMS 0x0000000088b00000, 0x0000000088a00000| Untracked 
|  51|0x0000000088b00000, 0x0000000088c00000, 0x0000000088c00000|100%| O|  |TAMS 0x0000000088b00000, 0x0000000088b00000| Untracked 
|  52|0x0000000088c00000, 0x0000000088d00000, 0x0000000088d00000|100%| O|  |TAMS 0x0000000088d00000, 0x0000000088c00000| Untracked 
|  53|0x0000000088d00000, 0x0000000088e00000, 0x0000000088e00000|100%| O|  |TAMS 0x0000000088d00000, 0x0000000088d00000| Untracked 
|  54|0x0000000088e00000, 0x0000000088f00000, 0x0000000088f00000|100%| O|  |TAMS 0x0000000088e00000, 0x0000000088e00000| Untracked 
|  55|0x0000000088f00000, 0x0000000089000000, 0x0000000089000000|100%| O|  |TAMS 0x0000000089000000, 0x0000000088f00000| Untracked 
|  56|0x0000000089000000, 0x0000000089100000, 0x0000000089100000|100%| O|  |TAMS 0x0000000089100000, 0x0000000089000000| Untracked 
|  57|0x0000000089100000, 0x0000000089200000, 0x0000000089200000|100%| O|  |TAMS 0x0000000089200000, 0x0000000089100000| Untracked 
|  58|0x0000000089200000, 0x0000000089300000, 0x0000000089300000|100%| O|  |TAMS 0x0000000089300000, 0x0000000089200000| Untracked 
|  59|0x0000000089300000, 0x0000000089400000, 0x0000000089400000|100%| O|  |TAMS 0x0000000089400000, 0x0000000089300000| Untracked 
|  60|0x0000000089400000, 0x0000000089500000, 0x0000000089500000|100%|HS|  |TAMS 0x0000000089500000, 0x0000000089400000| Complete 
|  61|0x0000000089500000, 0x0000000089600000, 0x0000000089600000|100%|HC|  |TAMS 0x0000000089600000, 0x0000000089500000| Complete 
|  62|0x0000000089600000, 0x0000000089700000, 0x0000000089700000|100%| O|  |TAMS 0x0000000089700000, 0x0000000089600000| Untracked 
|  63|0x0000000089700000, 0x0000000089800000, 0x0000000089800000|100%| O|  |TAMS 0x0000000089800000, 0x0000000089700000| Untracked 
|  64|0x0000000089800000, 0x0000000089800000, 0x0000000089900000|  0%| F|  |TAMS 0x0000000089800000, 0x0000000089800000| Untracked 
|  65|0x0000000089900000, 0x0000000089a00000, 0x0000000089a00000|100%| O|  |TAMS 0x0000000089a00000, 0x0000000089900000| Untracked 
|  66|0x0000000089a00000, 0x0000000089b00000, 0x0000000089b00000|100%| O|  |TAMS 0x0000000089b00000, 0x0000000089a00000| Untracked 
|  67|0x0000000089b00000, 0x0000000089c00000, 0x0000000089c00000|100%| O|  |TAMS 0x0000000089c00000, 0x0000000089b00000| Untracked 
|  68|0x0000000089c00000, 0x0000000089d00000, 0x0000000089d00000|100%| O|  |TAMS 0x0000000089d00000, 0x0000000089c00000| Untracked 
|  69|0x0000000089d00000, 0x0000000089e00000, 0x0000000089e00000|100%| O|  |TAMS 0x0000000089e00000, 0x0000000089d00000| Untracked 
|  70|0x0000000089e00000, 0x0000000089f00000, 0x0000000089f00000|100%| O|  |TAMS 0x0000000089f00000, 0x0000000089e00000| Untracked 
|  71|0x0000000089f00000, 0x000000008a000000, 0x000000008a000000|100%| O|  |TAMS 0x000000008a000000, 0x0000000089f00000| Untracked 
|  72|0x000000008a000000, 0x000000008a100000, 0x000000008a100000|100%| O|  |TAMS 0x000000008a100000, 0x000000008a000000| Untracked 
|  73|0x000000008a100000, 0x000000008a200000, 0x000000008a200000|100%| O|  |TAMS 0x000000008a200000, 0x000000008a100000| Untracked 
|  74|0x000000008a200000, 0x000000008a300000, 0x000000008a300000|100%| O|  |TAMS 0x000000008a300000, 0x000000008a200000| Untracked 
|  75|0x000000008a300000, 0x000000008a400000, 0x000000008a400000|100%| O|  |TAMS 0x000000008a400000, 0x000000008a300000| Untracked 
|  76|0x000000008a400000, 0x000000008a500000, 0x000000008a500000|100%| O|  |TAMS 0x000000008a500000, 0x000000008a400000| Untracked 
|  77|0x000000008a500000, 0x000000008a600000, 0x000000008a600000|100%| O|  |TAMS 0x000000008a500000, 0x000000008a500000| Untracked 
|  78|0x000000008a600000, 0x000000008a700000, 0x000000008a700000|100%| O|  |TAMS 0x000000008a600000, 0x000000008a600000| Untracked 
|  79|0x000000008a700000, 0x000000008a800000, 0x000000008a800000|100%| O|  |TAMS 0x000000008a700000, 0x000000008a700000| Untracked 
|  80|0x000000008a800000, 0x000000008a900000, 0x000000008a900000|100%| O|  |TAMS 0x000000008a800000, 0x000000008a800000| Untracked 
|  81|0x000000008a900000, 0x000000008aa00000, 0x000000008aa00000|100%| O|  |TAMS 0x000000008a900000, 0x000000008a900000| Untracked 
|  82|0x000000008aa00000, 0x000000008ab00000, 0x000000008ab00000|100%| O|  |TAMS 0x000000008aa00000, 0x000000008aa00000| Untracked 
|  83|0x000000008ab00000, 0x000000008ac00000, 0x000000008ac00000|100%| O|  |TAMS 0x000000008ab00000, 0x000000008ab00000| Untracked 
|  84|0x000000008ac00000, 0x000000008ad00000, 0x000000008ad00000|100%| O|  |TAMS 0x000000008ac00000, 0x000000008ac00000| Untracked 
|  85|0x000000008ad00000, 0x000000008ae00000, 0x000000008ae00000|100%| O|  |TAMS 0x000000008ae00000, 0x000000008ad00000| Untracked 
|  86|0x000000008ae00000, 0x000000008af00000, 0x000000008af00000|100%| O|  |TAMS 0x000000008af00000, 0x000000008ae00000| Untracked 
|  87|0x000000008af00000, 0x000000008b000000, 0x000000008b000000|100%| O|  |TAMS 0x000000008b000000, 0x000000008af00000| Untracked 
|  88|0x000000008b000000, 0x000000008b100000, 0x000000008b100000|100%| O|  |TAMS 0x000000008b100000, 0x000000008b000000| Untracked 
|  89|0x000000008b100000, 0x000000008b200000, 0x000000008b200000|100%| O|  |TAMS 0x000000008b200000, 0x000000008b100000| Untracked 
|  90|0x000000008b200000, 0x000000008b300000, 0x000000008b300000|100%| O|  |TAMS 0x000000008b300000, 0x000000008b200000| Untracked 
|  91|0x000000008b300000, 0x000000008b400000, 0x000000008b400000|100%| O|  |TAMS 0x000000008b400000, 0x000000008b300000| Untracked 
|  92|0x000000008b400000, 0x000000008b500000, 0x000000008b500000|100%| O|  |TAMS 0x000000008b500000, 0x000000008b400000| Untracked 
|  93|0x000000008b500000, 0x000000008b600000, 0x000000008b600000|100%| O|  |TAMS 0x000000008b600000, 0x000000008b500000| Untracked 
|  94|0x000000008b600000, 0x000000008b700000, 0x000000008b700000|100%| O|  |TAMS 0x000000008b700000, 0x000000008b600000| Untracked 
|  95|0x000000008b700000, 0x000000008b800000, 0x000000008b800000|100%| O|  |TAMS 0x000000008b800000, 0x000000008b700000| Untracked 
|  96|0x000000008b800000, 0x000000008b900000, 0x000000008b900000|100%| O|  |TAMS 0x000000008b900000, 0x000000008b800000| Untracked 
|  97|0x000000008b900000, 0x000000008ba00000, 0x000000008ba00000|100%| O|  |TAMS 0x000000008b900000, 0x000000008b900000| Untracked 
|  98|0x000000008ba00000, 0x000000008bb00000, 0x000000008bb00000|100%| O|  |TAMS 0x000000008ba00000, 0x000000008ba00000| Untracked 
|  99|0x000000008bb00000, 0x000000008bc00000, 0x000000008bc00000|100%| O|  |TAMS 0x000000008bb00000, 0x000000008bb00000| Untracked 
| 100|0x000000008bc00000, 0x000000008bd00000, 0x000000008bd00000|100%| O|  |TAMS 0x000000008bc00000, 0x000000008bc00000| Untracked 
| 101|0x000000008bd00000, 0x000000008be00000, 0x000000008be00000|100%| O|  |TAMS 0x000000008bd00000, 0x000000008bd00000| Untracked 
| 102|0x000000008be00000, 0x000000008bf00000, 0x000000008bf00000|100%| O|  |TAMS 0x000000008be00000, 0x000000008be00000| Untracked 
| 103|0x000000008bf00000, 0x000000008c000000, 0x000000008c000000|100%| O|  |TAMS 0x000000008bf00000, 0x000000008bf00000| Untracked 
| 104|0x000000008c000000, 0x000000008c100000, 0x000000008c100000|100%| O|  |TAMS 0x000000008c000000, 0x000000008c000000| Untracked 
| 105|0x000000008c100000, 0x000000008c200000, 0x000000008c200000|100%| O|  |TAMS 0x000000008c100000, 0x000000008c100000| Untracked 
| 106|0x000000008c200000, 0x000000008c300000, 0x000000008c300000|100%| O|  |TAMS 0x000000008c200000, 0x000000008c200000| Untracked 
| 107|0x000000008c300000, 0x000000008c400000, 0x000000008c400000|100%| O|  |TAMS 0x000000008c300000, 0x000000008c300000| Untracked 
| 108|0x000000008c400000, 0x000000008c500000, 0x000000008c500000|100%| O|  |TAMS 0x000000008c400000, 0x000000008c400000| Untracked 
| 109|0x000000008c500000, 0x000000008c600000, 0x000000008c600000|100%| O|  |TAMS 0x000000008c500000, 0x000000008c500000| Untracked 
| 110|0x000000008c600000, 0x000000008c700000, 0x000000008c700000|100%| O|  |TAMS 0x000000008c600000, 0x000000008c600000| Untracked 
| 111|0x000000008c700000, 0x000000008c800000, 0x000000008c800000|100%| O|  |TAMS 0x000000008c700000, 0x000000008c700000| Untracked 
| 112|0x000000008c800000, 0x000000008c900000, 0x000000008c900000|100%| O|  |TAMS 0x000000008c800000, 0x000000008c800000| Untracked 
| 113|0x000000008c900000, 0x000000008ca00000, 0x000000008ca00000|100%| O|  |TAMS 0x000000008c900000, 0x000000008c900000| Untracked 
| 114|0x000000008ca00000, 0x000000008cb00000, 0x000000008cb00000|100%| O|  |TAMS 0x000000008ca00000, 0x000000008ca00000| Untracked 
| 115|0x000000008cb00000, 0x000000008cc00000, 0x000000008cc00000|100%| O|  |TAMS 0x000000008cb00000, 0x000000008cb00000| Untracked 
| 116|0x000000008cc00000, 0x000000008cd00000, 0x000000008cd00000|100%| O|  |TAMS 0x000000008cc00000, 0x000000008cc00000| Untracked 
| 117|0x000000008cd00000, 0x000000008ce00000, 0x000000008ce00000|100%| O|  |TAMS 0x000000008cd00000, 0x000000008cd00000| Untracked 
| 118|0x000000008ce00000, 0x000000008cf00000, 0x000000008cf00000|100%| O|  |TAMS 0x000000008ce00000, 0x000000008ce00000| Untracked 
| 119|0x000000008cf00000, 0x000000008cf00000, 0x000000008d000000|  0%| F|  |TAMS 0x000000008cf00000, 0x000000008cf00000| Untracked 
| 120|0x000000008d000000, 0x000000008d000000, 0x000000008d100000|  0%| F|  |TAMS 0x000000008d000000, 0x000000008d000000| Untracked 
| 121|0x000000008d100000, 0x000000008d100000, 0x000000008d200000|  0%| F|  |TAMS 0x000000008d100000, 0x000000008d100000| Untracked 
| 122|0x000000008d200000, 0x000000008d200000, 0x000000008d300000|  0%| F|  |TAMS 0x000000008d200000, 0x000000008d200000| Untracked 
| 123|0x000000008d300000, 0x000000008d300000, 0x000000008d400000|  0%| F|  |TAMS 0x000000008d300000, 0x000000008d300000| Untracked 
| 124|0x000000008d400000, 0x000000008d400000, 0x000000008d500000|  0%| F|  |TAMS 0x000000008d400000, 0x000000008d400000| Untracked 
| 125|0x000000008d500000, 0x000000008d500000, 0x000000008d600000|  0%| F|  |TAMS 0x000000008d500000, 0x000000008d500000| Untracked 
| 126|0x000000008d600000, 0x000000008d600000, 0x000000008d700000|  0%| F|  |TAMS 0x000000008d600000, 0x000000008d600000| Untracked 
| 127|0x000000008d700000, 0x000000008d700000, 0x000000008d800000|  0%| F|  |TAMS 0x000000008d700000, 0x000000008d700000| Untracked 
| 128|0x000000008d800000, 0x000000008d800000, 0x000000008d900000|  0%| F|  |TAMS 0x000000008d800000, 0x000000008d800000| Untracked 
| 129|0x000000008d900000, 0x000000008d900000, 0x000000008da00000|  0%| F|  |TAMS 0x000000008d900000, 0x000000008d900000| Untracked 
| 130|0x000000008da00000, 0x000000008da00000, 0x000000008db00000|  0%| F|  |TAMS 0x000000008da00000, 0x000000008da00000| Untracked 
| 131|0x000000008db00000, 0x000000008db00000, 0x000000008dc00000|  0%| F|  |TAMS 0x000000008db00000, 0x000000008db00000| Untracked 
| 132|0x000000008dc00000, 0x000000008dc00000, 0x000000008dd00000|  0%| F|  |TAMS 0x000000008dc00000, 0x000000008dc00000| Untracked 
| 133|0x000000008dd00000, 0x000000008dd00000, 0x000000008de00000|  0%| F|  |TAMS 0x000000008dd00000, 0x000000008dd00000| Untracked 
| 134|0x000000008de00000, 0x000000008de00000, 0x000000008df00000|  0%| F|  |TAMS 0x000000008de00000, 0x000000008de00000| Untracked 
| 135|0x000000008df00000, 0x000000008df00000, 0x000000008e000000|  0%| F|  |TAMS 0x000000008df00000, 0x000000008df00000| Untracked 
| 136|0x000000008e000000, 0x000000008e000000, 0x000000008e100000|  0%| F|  |TAMS 0x000000008e000000, 0x000000008e000000| Untracked 
| 137|0x000000008e100000, 0x000000008e100000, 0x000000008e200000|  0%| F|  |TAMS 0x000000008e100000, 0x000000008e100000| Untracked 
| 138|0x000000008e200000, 0x000000008e200000, 0x000000008e300000|  0%| F|  |TAMS 0x000000008e200000, 0x000000008e200000| Untracked 
| 139|0x000000008e300000, 0x000000008e300000, 0x000000008e400000|  0%| F|  |TAMS 0x000000008e300000, 0x000000008e300000| Untracked 
| 140|0x000000008e400000, 0x000000008e400000, 0x000000008e500000|  0%| F|  |TAMS 0x000000008e400000, 0x000000008e400000| Untracked 
| 141|0x000000008e500000, 0x000000008e500000, 0x000000008e600000|  0%| F|  |TAMS 0x000000008e500000, 0x000000008e500000| Untracked 
| 142|0x000000008e600000, 0x000000008e600000, 0x000000008e700000|  0%| F|  |TAMS 0x000000008e600000, 0x000000008e600000| Untracked 
| 143|0x000000008e700000, 0x000000008e700000, 0x000000008e800000|  0%| F|  |TAMS 0x000000008e700000, 0x000000008e700000| Untracked 
| 144|0x000000008e800000, 0x000000008e800000, 0x000000008e900000|  0%| F|  |TAMS 0x000000008e800000, 0x000000008e800000| Untracked 
| 145|0x000000008e900000, 0x000000008e900000, 0x000000008ea00000|  0%| F|  |TAMS 0x000000008e900000, 0x000000008e900000| Untracked 
| 146|0x000000008ea00000, 0x000000008ea00000, 0x000000008eb00000|  0%| F|  |TAMS 0x000000008ea00000, 0x000000008ea00000| Untracked 
| 147|0x000000008eb00000, 0x000000008eb00000, 0x000000008ec00000|  0%| F|  |TAMS 0x000000008eb00000, 0x000000008eb00000| Untracked 
| 148|0x000000008ec00000, 0x000000008ec00000, 0x000000008ed00000|  0%| F|  |TAMS 0x000000008ec00000, 0x000000008ec00000| Untracked 
| 149|0x000000008ed00000, 0x000000008ed00000, 0x000000008ee00000|  0%| F|  |TAMS 0x000000008ed00000, 0x000000008ed00000| Untracked 
| 150|0x000000008ee00000, 0x000000008ee00000, 0x000000008ef00000|  0%| F|  |TAMS 0x000000008ee00000, 0x000000008ee00000| Untracked 
| 151|0x000000008ef00000, 0x000000008ef00000, 0x000000008f000000|  0%| F|  |TAMS 0x000000008ef00000, 0x000000008ef00000| Untracked 
| 152|0x000000008f000000, 0x000000008f000000, 0x000000008f100000|  0%| F|  |TAMS 0x000000008f000000, 0x000000008f000000| Untracked 
| 153|0x000000008f100000, 0x000000008f100000, 0x000000008f200000|  0%| F|  |TAMS 0x000000008f100000, 0x000000008f100000| Untracked 
| 154|0x000000008f200000, 0x000000008f200000, 0x000000008f300000|  0%| F|  |TAMS 0x000000008f200000, 0x000000008f200000| Untracked 
| 155|0x000000008f300000, 0x000000008f300000, 0x000000008f400000|  0%| F|  |TAMS 0x000000008f300000, 0x000000008f300000| Untracked 
| 156|0x000000008f400000, 0x000000008f400000, 0x000000008f500000|  0%| F|  |TAMS 0x000000008f400000, 0x000000008f400000| Untracked 
| 157|0x000000008f500000, 0x000000008f500000, 0x000000008f600000|  0%| F|  |TAMS 0x000000008f500000, 0x000000008f500000| Untracked 
| 158|0x000000008f600000, 0x000000008f600000, 0x000000008f700000|  0%| F|  |TAMS 0x000000008f600000, 0x000000008f600000| Untracked 
| 159|0x000000008f700000, 0x000000008f700000, 0x000000008f800000|  0%| F|  |TAMS 0x000000008f700000, 0x000000008f700000| Untracked 
| 160|0x000000008f800000, 0x000000008f800000, 0x000000008f900000|  0%| F|  |TAMS 0x000000008f800000, 0x000000008f800000| Untracked 
| 161|0x000000008f900000, 0x000000008f900000, 0x000000008fa00000|  0%| F|  |TAMS 0x000000008f900000, 0x000000008f900000| Untracked 
| 162|0x000000008fa00000, 0x000000008fa00000, 0x000000008fb00000|  0%| F|  |TAMS 0x000000008fa00000, 0x000000008fa00000| Untracked 
| 163|0x000000008fb00000, 0x000000008fb00000, 0x000000008fc00000|  0%| F|  |TAMS 0x000000008fb00000, 0x000000008fb00000| Untracked 
| 164|0x000000008fc00000, 0x000000008fc00000, 0x000000008fd00000|  0%| F|  |TAMS 0x000000008fc00000, 0x000000008fc00000| Untracked 
| 165|0x000000008fd00000, 0x000000008fd00000, 0x000000008fe00000|  0%| F|  |TAMS 0x000000008fd00000, 0x000000008fd00000| Untracked 
| 166|0x000000008fe00000, 0x000000008fe00000, 0x000000008ff00000|  0%| F|  |TAMS 0x000000008fe00000, 0x000000008fe00000| Untracked 
| 167|0x000000008ff00000, 0x000000008ff00000, 0x0000000090000000|  0%| F|  |TAMS 0x000000008ff00000, 0x000000008ff00000| Untracked 
| 168|0x0000000090000000, 0x0000000090000000, 0x0000000090100000|  0%| F|  |TAMS 0x0000000090000000, 0x0000000090000000| Untracked 
| 169|0x0000000090100000, 0x0000000090100000, 0x0000000090200000|  0%| F|  |TAMS 0x0000000090100000, 0x0000000090100000| Untracked 
| 170|0x0000000090200000, 0x0000000090200000, 0x0000000090300000|  0%| F|  |TAMS 0x0000000090200000, 0x0000000090200000| Untracked 
| 171|0x0000000090300000, 0x0000000090300000, 0x0000000090400000|  0%| F|  |TAMS 0x0000000090300000, 0x0000000090300000| Untracked 
| 172|0x0000000090400000, 0x0000000090400000, 0x0000000090500000|  0%| F|  |TAMS 0x0000000090400000, 0x0000000090400000| Untracked 
| 173|0x0000000090500000, 0x0000000090500000, 0x0000000090600000|  0%| F|  |TAMS 0x0000000090500000, 0x0000000090500000| Untracked 
| 174|0x0000000090600000, 0x0000000090600000, 0x0000000090700000|  0%| F|  |TAMS 0x0000000090600000, 0x0000000090600000| Untracked 
| 175|0x0000000090700000, 0x0000000090700000, 0x0000000090800000|  0%| F|  |TAMS 0x0000000090700000, 0x0000000090700000| Untracked 
| 176|0x0000000090800000, 0x0000000090800000, 0x0000000090900000|  0%| F|  |TAMS 0x0000000090800000, 0x0000000090800000| Untracked 
| 177|0x0000000090900000, 0x0000000090900000, 0x0000000090a00000|  0%| F|  |TAMS 0x0000000090900000, 0x0000000090900000| Untracked 
| 178|0x0000000090a00000, 0x0000000090a00000, 0x0000000090b00000|  0%| F|  |TAMS 0x0000000090a00000, 0x0000000090a00000| Untracked 
| 179|0x0000000090b00000, 0x0000000090b00000, 0x0000000090c00000|  0%| F|  |TAMS 0x0000000090b00000, 0x0000000090b00000| Untracked 
| 180|0x0000000090c00000, 0x0000000090c00000, 0x0000000090d00000|  0%| F|  |TAMS 0x0000000090c00000, 0x0000000090c00000| Untracked 
| 181|0x0000000090d00000, 0x0000000090d00000, 0x0000000090e00000|  0%| F|  |TAMS 0x0000000090d00000, 0x0000000090d00000| Untracked 
| 182|0x0000000090e00000, 0x0000000090e00000, 0x0000000090f00000|  0%| F|  |TAMS 0x0000000090e00000, 0x0000000090e00000| Untracked 
| 183|0x0000000090f00000, 0x0000000091000000, 0x0000000091000000|100%| S|CS|TAMS 0x0000000090f00000, 0x0000000090f00000| Complete 
| 184|0x0000000091000000, 0x0000000091100000, 0x0000000091100000|100%| S|CS|TAMS 0x0000000091000000, 0x0000000091000000| Complete 
| 185|0x0000000091100000, 0x0000000091100000, 0x0000000091200000|  0%| F|  |TAMS 0x0000000091100000, 0x0000000091100000| Untracked 
| 186|0x0000000091200000, 0x0000000091200000, 0x0000000091300000|  0%| F|  |TAMS 0x0000000091200000, 0x0000000091200000| Untracked 
| 187|0x0000000091300000, 0x0000000091300000, 0x0000000091400000|  0%| F|  |TAMS 0x0000000091300000, 0x0000000091300000| Untracked 
| 188|0x0000000091400000, 0x0000000091400000, 0x0000000091500000|  0%| F|  |TAMS 0x0000000091400000, 0x0000000091400000| Untracked 
| 189|0x0000000091500000, 0x0000000091500000, 0x0000000091600000|  0%| F|  |TAMS 0x0000000091500000, 0x0000000091500000| Untracked 
| 190|0x0000000091600000, 0x0000000091600000, 0x0000000091700000|  0%| F|  |TAMS 0x0000000091600000, 0x0000000091600000| Untracked 
|1959|0x00000000fff00000, 0x0000000100000000, 0x0000000100000000|100%| O|  |TAMS 0x0000000100000000, 0x00000000fff00000| Untracked 

Card table byte_map: [0x0000014542070000,0x0000014542450000] _byte_map_base: 0x0000014541c44000

Marking Bits (Prev, Next): (CMBitMap*) 0x000001452ac45400, (CMBitMap*) 0x000001452ac45440
 Prev Bits: [0x0000014542830000, 0x00000145446d0000)
 Next Bits: [0x00000145446d0000, 0x0000014546570000)

Polling page: 0x0000014528ab0000

Metaspace:

Usage:
  Non-class:     65.38 MB used.
      Class:     10.51 MB used.
       Both:     75.89 MB used.

Virtual space:
  Non-class space:      128.00 MB reserved,      65.69 MB ( 51%) committed,  2 nodes.
      Class space:        1.00 GB reserved,      10.75 MB (  1%) committed,  1 nodes.
             Both:        1.12 GB reserved,      76.44 MB (  7%) committed. 

Chunk freelists:
   Non-Class:  14.34 MB
       Class:  5.25 MB
        Both:  19.60 MB

MaxMetaspaceSize: unlimited
CompressedClassSpaceSize: 1.00 GB
Initial GC threshold: 21.00 MB
Current GC threshold: 127.44 MB
CDS: on
MetaspaceReclaimPolicy: balanced
 - commit_granule_bytes: 65536.
 - commit_granule_words: 8192.
 - virtual_space_node_default_size: 8388608.
 - enlarge_chunks_in_place: 1.
 - new_chunks_are_fully_committed: 0.
 - uncommit_free_chunks: 1.
 - use_allocation_guard: 0.
 - handle_deallocations: 1.


Internal statistics:

num_allocs_failed_limit: 11.
num_arena_births: 844.
num_arena_deaths: 0.
num_vsnodes_births: 3.
num_vsnodes_deaths: 0.
num_space_committed: 1223.
num_space_uncommitted: 0.
num_chunks_returned_to_freelist: 11.
num_chunks_taken_from_freelist: 3756.
num_chunk_merges: 11.
num_chunk_splits: 2738.
num_chunks_enlarged: 2131.
num_inconsistent_stats: 0.

CodeHeap 'non-profiled nmethods': size=120000Kb used=5353Kb max_used=5788Kb free=114646Kb
 bounds [0x000001453a210000, 0x000001453a7d0000, 0x0000014541740000]
CodeHeap 'profiled nmethods': size=120000Kb used=13811Kb max_used=15688Kb free=106188Kb
 bounds [0x0000014532740000, 0x00000145336a0000, 0x0000014539c70000]
CodeHeap 'non-nmethods': size=5760Kb used=1371Kb max_used=1444Kb free=4388Kb
 bounds [0x0000014539c70000, 0x0000014539ee0000, 0x000001453a210000]
 total_blobs=8272 nmethods=7568 adapters=614
 compilation: enabled
              stopped_count=0, restarted_count=0
 full_count=0

Compilation events (20 events):
Event: 14.872 Thread 0x00000145493903c0 nmethod 8780 0x000001453a67c310 code [0x000001453a67c4a0, 0x000001453a67c538]
Event: 14.872 Thread 0x00000145493903c0 9063       4       org.antlr.v4.runtime.misc.FlexibleHashMap::createEntryListArray (7 bytes)
Event: 14.873 Thread 0x00000145493903c0 nmethod 9063 0x000001453a67bf10 code [0x000001453a67c0a0, 0x000001453a67c218]
Event: 14.873 Thread 0x00000145493903c0 8987       4       org.antlr.v4.runtime.atn.PredictionContextCache::get (14 bytes)
Event: 14.876 Thread 0x00000145493903c0 nmethod 8987 0x000001453a42b710 code [0x000001453a42b8c0, 0x000001453a42bb78]
Event: 14.876 Thread 0x00000145493903c0 8569       4       org.antlr.v4.runtime.atn.ATNConfig::<init> (15 bytes)
Event: 14.879 Thread 0x00000145493903c0 nmethod 8569 0x000001453a67b990 code [0x000001453a67bb20, 0x000001453a67be38]
Event: 14.879 Thread 0x00000145493903c0 8884       4       org.springframework.data.repository.core.support.MethodLookups$$Lambda$1500/0x000001454b974878::test (6 bytes)
Event: 14.879 Thread 0x00000145493903c0 nmethod 8884 0x000001453a42b410 code [0x000001453a42b5a0, 0x000001453a42b648]
Event: 14.879 Thread 0x00000145493903c0 9071       4       org.antlr.v4.runtime.atn.ParserATNSimulator::computeReachSet (575 bytes)
Event: 14.888 Thread 0x0000014592fe8040 nmethod 9070 0x000001453a3a6710 code [0x000001453a3a68e0, 0x000001453a3a76d8]
Event: 14.907 Thread 0x0000014592fe8040 9072       4       org.antlr.v4.runtime.atn.ParserATNSimulator::actionTransition (60 bytes)
Event: 14.931 Thread 0x0000014592fe8040 nmethod 9072 0x000001453a42ad90 code [0x000001453a42af20, 0x000001453a42b298]
Event: 14.957 Thread 0x0000014549390a80 9073       3       org.antlr.v4.runtime.atn.ParserATNSimulator::closure (44 bytes)
Event: 14.958 Thread 0x0000014549390a80 nmethod 9073 0x0000014532f72710 code [0x0000014532f728e0, 0x0000014532f72c18]
Event: 14.960 Thread 0x0000014592fe8040 9074 %     4       org.antlr.v4.runtime.atn.PredictionMode::hasConflictingAltSet @ 7 (41 bytes)
Event: 14.965 Thread 0x0000014592fe8040 nmethod 9074% 0x000001453a21f890 code [0x000001453a21fa20, 0x000001453a21fcb8]
Event: 14.999 Thread 0x00000145493903c0 nmethod 9071 0x000001453a75f990 code [0x000001453a75fcc0, 0x000001453a7625f0]
Event: 15.022 Thread 0x0000014592fe8040 9075       4       org.antlr.v4.runtime.atn.ArrayPredictionContext::isEmpty (17 bytes)
Event: 15.022 Thread 0x0000014592fe8040 nmethod 9075 0x000001453a42aa90 code [0x000001453a42ac20, 0x000001453a42acd8]

GC Heap History (20 events):
Event: 10.810 GC heap after
{Heap after GC invocations=16 (full 0):
 garbage-first heap   total 182272K, used 39585K [0x0000000085800000, 0x0000000100000000)
  region size 1024K, 1 young (1024K), 1 survivors (1024K)
 Metaspace       used 59551K, committed 60096K, reserved 1114112K
  class space    used 7973K, committed 8256K, reserved 1048576K
}
Event: 11.917 GC heap before
{Heap before GC invocations=17 (full 0):
 garbage-first heap   total 140288K, used 130721K [0x0000000085800000, 0x0000000100000000)
  region size 1024K, 91 young (93184K), 1 survivors (1024K)
 Metaspace       used 67846K, committed 68416K, reserved 1114112K
  class space    used 9195K, committed 9472K, reserved 1048576K
}
Event: 11.934 GC heap after
{Heap after GC invocations=18 (full 0):
 garbage-first heap   total 140288K, used 43133K [0x0000000085800000, 0x0000000100000000)
  region size 1024K, 5 young (5120K), 5 survivors (5120K)
 Metaspace       used 67846K, committed 68416K, reserved 1114112K
  class space    used 9195K, committed 9472K, reserved 1048576K
}
Event: 13.624 GC heap before
{Heap before GC invocations=18 (full 0):
 garbage-first heap   total 140288K, used 113789K [0x0000000085800000, 0x0000000100000000)
  region size 1024K, 74 young (75776K), 5 survivors (5120K)
 Metaspace       used 75855K, committed 76480K, reserved 1179648K
  class space    used 10522K, committed 10816K, reserved 1048576K
}
Event: 13.648 GC heap after
{Heap after GC invocations=19 (full 0):
 garbage-first heap   total 140288K, used 47285K [0x0000000085800000, 0x0000000100000000)
  region size 1024K, 9 young (9216K), 9 survivors (9216K)
 Metaspace       used 75855K, committed 76480K, reserved 1179648K
  class space    used 10522K, committed 10816K, reserved 1048576K
}
Event: 13.962 GC heap before
{Heap before GC invocations=19 (full 0):
 garbage-first heap   total 140288K, used 113845K [0x0000000085800000, 0x0000000100000000)
  region size 1024K, 74 young (75776K), 9 survivors (9216K)
 Metaspace       used 76329K, committed 76928K, reserved 1179648K
  class space    used 10585K, committed 10880K, reserved 1048576K
}
Event: 13.975 GC heap after
{Heap after GC invocations=20 (full 0):
 garbage-first heap   total 140288K, used 49074K [0x0000000085800000, 0x0000000100000000)
  region size 1024K, 6 young (6144K), 6 survivors (6144K)
 Metaspace       used 76329K, committed 76928K, reserved 1179648K
  class space    used 10585K, committed 10880K, reserved 1048576K
}
Event: 14.570 GC heap before
{Heap before GC invocations=20 (full 0):
 garbage-first heap   total 140288K, used 114610K [0x0000000085800000, 0x0000000100000000)
  region size 1024K, 70 young (71680K), 6 survivors (6144K)
 Metaspace       used 77710K, committed 78272K, reserved 1179648K
  class space    used 10765K, committed 11008K, reserved 1048576K
}
Event: 14.588 GC heap after
{Heap after GC invocations=21 (full 0):
 garbage-first heap   total 140288K, used 57709K [0x0000000085800000, 0x0000000100000000)
  region size 1024K, 9 young (9216K), 9 survivors (9216K)
 Metaspace       used 77710K, committed 78272K, reserved 1179648K
  class space    used 10765K, committed 11008K, reserved 1048576K
}
Event: 14.706 GC heap before
{Heap before GC invocations=21 (full 0):
 garbage-first heap   total 140288K, used 111981K [0x0000000085800000, 0x0000000100000000)
  region size 1024K, 61 young (62464K), 9 survivors (9216K)
 Metaspace       used 77710K, committed 78272K, reserved 1179648K
  class space    used 10765K, committed 11008K, reserved 1048576K
}
Event: 14.736 GC heap after
{Heap after GC invocations=22 (full 0):
 garbage-first heap   total 169984K, used 78712K [0x0000000085800000, 0x0000000100000000)
  region size 1024K, 8 young (8192K), 8 survivors (8192K)
 Metaspace       used 77710K, committed 78272K, reserved 1179648K
  class space    used 10765K, committed 11008K, reserved 1048576K
}
Event: 14.831 GC heap before
{Heap before GC invocations=22 (full 0):
 garbage-first heap   total 169984K, used 126840K [0x0000000085800000, 0x0000000100000000)
  region size 1024K, 53 young (54272K), 8 survivors (8192K)
 Metaspace       used 77710K, committed 78272K, reserved 1179648K
  class space    used 10765K, committed 11008K, reserved 1048576K
}
Event: 14.862 GC heap after
{Heap after GC invocations=23 (full 0):
 garbage-first heap   total 169984K, used 99283K [0x0000000085800000, 0x0000000100000000)
  region size 1024K, 7 young (7168K), 7 survivors (7168K)
 Metaspace       used 77710K, committed 78272K, reserved 1179648K
  class space    used 10765K, committed 11008K, reserved 1048576K
}
Event: 14.908 GC heap before
{Heap before GC invocations=23 (full 0):
 garbage-first heap   total 169984K, used 128979K [0x0000000085800000, 0x0000000100000000)
  region size 1024K, 36 young (36864K), 7 survivors (7168K)
 Metaspace       used 77710K, committed 78272K, reserved 1179648K
  class space    used 10765K, committed 11008K, reserved 1048576K
}
Event: 14.928 GC heap after
{Heap after GC invocations=24 (full 0):
 garbage-first heap   total 169984K, used 108499K [0x0000000085800000, 0x0000000100000000)
  region size 1024K, 5 young (5120K), 5 survivors (5120K)
 Metaspace       used 77710K, committed 78272K, reserved 1179648K
  class space    used 10765K, committed 11008K, reserved 1048576K
}
Event: 14.978 GC heap before
{Heap before GC invocations=24 (full 0):
 garbage-first heap   total 169984K, used 132051K [0x0000000085800000, 0x0000000100000000)
  region size 1024K, 28 young (28672K), 5 survivors (5120K)
 Metaspace       used 77710K, committed 78272K, reserved 1179648K
  class space    used 10765K, committed 11008K, reserved 1048576K
}
Event: 14.998 GC heap after
{Heap after GC invocations=25 (full 0):
 garbage-first heap   total 169984K, used 118227K [0x0000000085800000, 0x0000000100000000)
  region size 1024K, 4 young (4096K), 4 survivors (4096K)
 Metaspace       used 77710K, committed 78272K, reserved 1179648K
  class space    used 10765K, committed 11008K, reserved 1048576K
}
Event: 15.042 GC heap before
{Heap before GC invocations=26 (full 0):
 garbage-first heap   total 196608K, used 131539K [0x0000000085800000, 0x0000000100000000)
  region size 1024K, 21 young (21504K), 4 survivors (4096K)
 Metaspace       used 77710K, committed 78272K, reserved 1179648K
  class space    used 10765K, committed 11008K, reserved 1048576K
}
Event: 15.058 GC heap after
{Heap after GC invocations=27 (full 0):
 garbage-first heap   total 196608K, used 121811K [0x0000000085800000, 0x0000000100000000)
  region size 1024K, 3 young (3072K), 3 survivors (3072K)
 Metaspace       used 77710K, committed 78272K, reserved 1179648K
  class space    used 10765K, committed 11008K, reserved 1048576K
}
Event: 15.066 GC heap before
{Heap before GC invocations=27 (full 0):
 garbage-first heap   total 196608K, used 127955K [0x0000000085800000, 0x0000000100000000)
  region size 1024K, 9 young (9216K), 3 survivors (3072K)
 Metaspace       used 77710K, committed 78272K, reserved 1179648K
  class space    used 10765K, committed 11008K, reserved 1048576K
}

Dll operation events (10 events):
Event: 0.011 Loaded shared library C:\Program Files\Eclipse Adoptium\jdk-17.0.16.8-hotspot\bin\java.dll
Event: 0.036 Loaded shared library C:\Program Files\Eclipse Adoptium\jdk-17.0.16.8-hotspot\bin\jsvml.dll
Event: 0.064 Loaded shared library C:\Program Files\Eclipse Adoptium\jdk-17.0.16.8-hotspot\bin\net.dll
Event: 0.066 Loaded shared library C:\Program Files\Eclipse Adoptium\jdk-17.0.16.8-hotspot\bin\nio.dll
Event: 0.069 Loaded shared library C:\Program Files\Eclipse Adoptium\jdk-17.0.16.8-hotspot\bin\zip.dll
Event: 0.134 Loaded shared library C:\Program Files\Eclipse Adoptium\jdk-17.0.16.8-hotspot\bin\management.dll
Event: 0.140 Loaded shared library C:\Program Files\Eclipse Adoptium\jdk-17.0.16.8-hotspot\bin\management_ext.dll
Event: 0.163 Loaded shared library C:\Program Files\Eclipse Adoptium\jdk-17.0.16.8-hotspot\bin\jimage.dll
Event: 4.759 Loaded shared library C:\Program Files\Eclipse Adoptium\jdk-17.0.16.8-hotspot\bin\sunmscapi.dll
Event: 8.544 Loaded shared library C:\Program Files\Eclipse Adoptium\jdk-17.0.16.8-hotspot\bin\verify.dll

Deoptimization events (20 events):
Event: 14.518 Thread 0x000001452abe8b90 Uncommon trap: trap_request=0xffffffde fr.pc=0x000001453a780f9c relative=0x00000000000005bc
Event: 14.518 Thread 0x000001452abe8b90 Uncommon trap: reason=class_check action=maybe_recompile pc=0x000001453a780f9c method=org.antlr.v4.runtime.atn.PredictionContext.merge(Lorg/antlr/v4/runtime/atn/PredictionContext;Lorg/antlr/v4/runtime/atn/PredictionContext;ZLorg/antlr/v4/runtime/misc/Doub
Event: 14.518 Thread 0x000001452abe8b90 DEOPT PACKING pc=0x000001453a780f9c sp=0x0000001a51df6df0
Event: 14.518 Thread 0x000001452abe8b90 DEOPT UNPACKING pc=0x0000014539cc69a3 sp=0x0000001a51df6dc0 mode 2
Event: 14.518 Thread 0x000001452abe8b90 Uncommon trap: trap_request=0xffffffde fr.pc=0x000001453a780f9c relative=0x00000000000005bc
Event: 14.518 Thread 0x000001452abe8b90 Uncommon trap: reason=class_check action=maybe_recompile pc=0x000001453a780f9c method=org.antlr.v4.runtime.atn.PredictionContext.merge(Lorg/antlr/v4/runtime/atn/PredictionContext;Lorg/antlr/v4/runtime/atn/PredictionContext;ZLorg/antlr/v4/runtime/misc/Doub
Event: 14.518 Thread 0x000001452abe8b90 DEOPT PACKING pc=0x000001453a780f9c sp=0x0000001a51df7640
Event: 14.518 Thread 0x000001452abe8b90 DEOPT UNPACKING pc=0x0000014539cc69a3 sp=0x0000001a51df7610 mode 2
Event: 14.605 Thread 0x000001452abe8b90 DEOPT PACKING pc=0x00000145335d8983 sp=0x0000001a51df8e50
Event: 14.605 Thread 0x000001452abe8b90 DEOPT UNPACKING pc=0x0000014539cc7143 sp=0x0000001a51df8338 mode 0
Event: 14.757 Thread 0x000001452abe8b90 DEOPT PACKING pc=0x0000014532e98543 sp=0x0000001a51df8aa0
Event: 14.757 Thread 0x000001452abe8b90 DEOPT UNPACKING pc=0x0000014539cc7143 sp=0x0000001a51df7f30 mode 0
Event: 14.829 Thread 0x000001452abe8b90 DEOPT PACKING pc=0x0000014532bfbc25 sp=0x0000001a51df8b40
Event: 14.829 Thread 0x000001452abe8b90 DEOPT UNPACKING pc=0x0000014539cc7143 sp=0x0000001a51df8078 mode 0
Event: 14.829 Thread 0x000001452abe8b90 DEOPT PACKING pc=0x0000014532e98543 sp=0x0000001a51df8aa0
Event: 14.829 Thread 0x000001452abe8b90 DEOPT UNPACKING pc=0x0000014539cc7143 sp=0x0000001a51df7f30 mode 0
Event: 14.879 Thread 0x000001452abe8b90 DEOPT PACKING pc=0x00000145335e8ad3 sp=0x0000001a51df8c30
Event: 14.879 Thread 0x000001452abe8b90 DEOPT UNPACKING pc=0x0000014539cc7143 sp=0x0000001a51df81c8 mode 0
Event: 14.956 Thread 0x000001452abe8b90 DEOPT PACKING pc=0x00000145335e8ab2 sp=0x0000001a51df8c30
Event: 14.956 Thread 0x000001452abe8b90 DEOPT UNPACKING pc=0x0000014539cc7143 sp=0x0000001a51df81c8 mode 0

Classes loaded (20 events):
Event: 14.157 Loading class sun/net/www/protocol/http/Handler
Event: 14.157 Loading class sun/net/www/protocol/http/Handler done
Event: 14.159 Loading class javax/crypto/JceSecurity$WeakIdentityWrapper
Event: 14.160 Loading class javax/crypto/JceSecurity$WeakIdentityWrapper done
Event: 14.160 Loading class javax/crypto/JceSecurity$2
Event: 14.160 Loading class javax/crypto/JceSecurity$2 done
Event: 14.160 Loading class javax/crypto/JceSecurity$3
Event: 14.160 Loading class javax/crypto/JceSecurity$3 done
Event: 14.160 Loading class java/security/AllPermissionCollection
Event: 14.161 Loading class java/security/AllPermissionCollection done
Event: 14.161 Loading class javax/crypto/ProviderVerifier
Event: 14.161 Loading class javax/crypto/ProviderVerifier done
Event: 14.162 Loading class com/sun/crypto/provider/PBKDF2Core$HmacSHA256
Event: 14.162 Loading class com/sun/crypto/provider/PBKDF2Core
Event: 14.163 Loading class javax/crypto/SecretKeyFactorySpi
Event: 14.163 Loading class javax/crypto/SecretKeyFactorySpi done
Event: 14.163 Loading class com/sun/crypto/provider/PBKDF2Core done
Event: 14.163 Loading class com/sun/crypto/provider/PBKDF2Core$HmacSHA256 done
Event: 14.315 Loading class sun/reflect/annotation/AnnotationInvocationHandler$1
Event: 14.316 Loading class sun/reflect/annotation/AnnotationInvocationHandler$1 done

Classes unloaded (0 events):
No events

Classes redefined (0 events):
No events

Internal exceptions (20 events):
Event: 12.642 Thread 0x000001452abe8b90 Exception <a 'java/lang/reflect/InvocationTargetException'{0x000000008cd06ad0}> (0x000000008cd06ad0) 
thrown [s\src\hotspot\share\runtime\reflection.cpp, line 1128]
Event: 13.547 Thread 0x000001452abe8b90 Exception <a 'java/lang/reflect/InvocationTargetException'{0x0000000089d917e8}> (0x0000000089d917e8) 
thrown [s\src\hotspot\share\runtime\reflection.cpp, line 1128]
Event: 13.576 Thread 0x000001452abe8b90 Exception <a 'java/lang/IncompatibleClassChangeError'{0x0000000089c0f9c0}: Found class java.lang.Object, but interface was expected> (0x0000000089c0f9c0) 
thrown [s\src\hotspot\share\interpreter\linkResolver.cpp, line 826]
Event: 13.578 Thread 0x000001452abe8b90 Exception <a 'java/lang/IncompatibleClassChangeError'{0x0000000089c16570}: Found class java.lang.Object, but interface was expected> (0x0000000089c16570) 
thrown [s\src\hotspot\share\interpreter\linkResolver.cpp, line 826]
Event: 13.616 Thread 0x000001452abe8b90 Exception <a 'java/lang/reflect/InvocationTargetException'{0x0000000089cf2090}> (0x0000000089cf2090) 
thrown [s\src\hotspot\share\runtime\reflection.cpp, line 1128]
Event: 13.677 Thread 0x000001452abe8b90 Exception <a 'java/lang/reflect/InvocationTargetException'{0x00000000908cf060}> (0x00000000908cf060) 
thrown [s\src\hotspot\share\runtime\reflection.cpp, line 1128]
Event: 13.685 Thread 0x000001452abe8b90 Exception <a 'java/lang/reflect/InvocationTargetException'{0x00000000908dc3c8}> (0x00000000908dc3c8) 
thrown [s\src\hotspot\share\runtime\reflection.cpp, line 1128]
Event: 13.694 Thread 0x000001452abe8b90 Exception <a 'java/lang/reflect/InvocationTargetException'{0x00000000908f0d28}> (0x00000000908f0d28) 
thrown [s\src\hotspot\share\runtime\reflection.cpp, line 1128]
Event: 13.698 Thread 0x000001452abe8b90 Exception <a 'java/lang/reflect/InvocationTargetException'{0x00000000908fecd0}> (0x00000000908fecd0) 
thrown [s\src\hotspot\share\runtime\reflection.cpp, line 1128]
Event: 13.703 Thread 0x000001452abe8b90 Exception <a 'java/lang/reflect/InvocationTargetException'{0x000000008de0b0c8}> (0x000000008de0b0c8) 
thrown [s\src\hotspot\share\runtime\reflection.cpp, line 1128]
Event: 13.707 Thread 0x000001452abe8b90 Exception <a 'java/lang/reflect/InvocationTargetException'{0x000000008de17390}> (0x000000008de17390) 
thrown [s\src\hotspot\share\runtime\reflection.cpp, line 1128]
Event: 13.711 Thread 0x000001452abe8b90 Exception <a 'java/lang/reflect/InvocationTargetException'{0x000000008de23888}> (0x000000008de23888) 
thrown [s\src\hotspot\share\runtime\reflection.cpp, line 1128]
Event: 13.765 Thread 0x000001452abe8b90 Exception <a 'java/lang/reflect/InvocationTargetException'{0x000000008cf950e8}> (0x000000008cf950e8) 
thrown [s\src\hotspot\share\runtime\reflection.cpp, line 1128]
Event: 13.787 Thread 0x000001452abe8b90 Exception <a 'java/lang/reflect/InvocationTargetException'{0x000000008cbc0ba0}> (0x000000008cbc0ba0) 
thrown [s\src\hotspot\share\runtime\reflection.cpp, line 1128]
Event: 13.793 Thread 0x000001452abe8b90 Exception <a 'java/lang/reflect/InvocationTargetException'{0x000000008ca2fb30}> (0x000000008ca2fb30) 
thrown [s\src\hotspot\share\runtime\reflection.cpp, line 1128]
Event: 13.796 Thread 0x000001452abe8b90 Exception <a 'java/lang/reflect/InvocationTargetException'{0x000000008ca42a90}> (0x000000008ca42a90) 
thrown [s\src\hotspot\share\runtime\reflection.cpp, line 1128]
Event: 13.800 Thread 0x000001452abe8b90 Exception <a 'java/lang/reflect/InvocationTargetException'{0x000000008ca517d8}> (0x000000008ca517d8) 
thrown [s\src\hotspot\share\runtime\reflection.cpp, line 1128]
Event: 13.892 Thread 0x000001452abe8b90 Exception <a 'java/lang/reflect/InvocationTargetException'{0x000000008a7fbc68}> (0x000000008a7fbc68) 
thrown [s\src\hotspot\share\runtime\reflection.cpp, line 1128]
Event: 13.942 Thread 0x000001452abe8b90 Exception <a 'java/lang/NoSuchMethodError'{0x000000008a032cb8}: 'int java.lang.invoke.DirectMethodHandle$Holder.invokeStaticInit(java.lang.Object, int, java.lang.Object, java.lang.Object, java.lang.Object, java.lang.Object)'> (0x000000008a032cb8) 
thrown [s\src\hotspot\share\interpreter\linkResolver.cpp, line 759]
Event: 14.143 Thread 0x000001452abe8b90 Exception <a 'sun/nio/fs/WindowsException'{0x000000008db43e28}> (0x000000008db43e28) 
thrown [s\src\hotspot\share\prims\jni.cpp, line 516]

VM Operations (20 events):
Event: 14.334 Executing VM operation: HandshakeAllThreads done
Event: 14.382 Executing VM operation: HandshakeAllThreads
Event: 14.382 Executing VM operation: HandshakeAllThreads done
Event: 14.570 Executing VM operation: G1CollectForAllocation
Event: 14.588 Executing VM operation: G1CollectForAllocation done
Event: 14.706 Executing VM operation: G1CollectForAllocation
Event: 14.736 Executing VM operation: G1CollectForAllocation done
Event: 14.831 Executing VM operation: G1CollectForAllocation
Event: 14.862 Executing VM operation: G1CollectForAllocation done
Event: 14.908 Executing VM operation: G1CollectForAllocation
Event: 14.928 Executing VM operation: G1CollectForAllocation done
Event: 14.978 Executing VM operation: G1CollectForAllocation
Event: 14.998 Executing VM operation: G1CollectForAllocation done
Event: 15.003 Executing VM operation: G1PauseRemark
Event: 15.009 Executing VM operation: G1PauseRemark done
Event: 15.037 Executing VM operation: G1PauseCleanup
Event: 15.037 Executing VM operation: G1PauseCleanup done
Event: 15.042 Executing VM operation: G1CollectForAllocation
Event: 15.058 Executing VM operation: G1CollectForAllocation done
Event: 15.065 Executing VM operation: G1CollectForAllocation

Memory protections (0 events):
No events

Nmethod flushes (20 events):
Event: 14.401 Thread 0x00000145493914a0 flushing  nmethod 0x00000145335a9990
Event: 14.401 Thread 0x00000145493914a0 flushing  nmethod 0x00000145335a9e10
Event: 14.401 Thread 0x00000145493914a0 flushing  nmethod 0x00000145335aa610
Event: 14.401 Thread 0x00000145493914a0 flushing  nmethod 0x00000145335ab110
Event: 14.401 Thread 0x00000145493914a0 flushing  nmethod 0x00000145335ac690
Event: 14.401 Thread 0x00000145493914a0 flushing  nmethod 0x00000145335afd90
Event: 14.401 Thread 0x00000145493914a0 flushing  nmethod 0x00000145335b1590
Event: 14.401 Thread 0x00000145493914a0 flushing  nmethod 0x00000145335b2d90
Event: 14.401 Thread 0x00000145493914a0 flushing  nmethod 0x00000145335b7b10
Event: 14.401 Thread 0x00000145493914a0 flushing  nmethod 0x00000145335b9a90
Event: 14.401 Thread 0x00000145493914a0 flushing  nmethod 0x00000145335ba210
Event: 14.401 Thread 0x00000145493914a0 flushing  nmethod 0x00000145335bd510
Event: 14.401 Thread 0x00000145493914a0 flushing  nmethod 0x00000145335bfb90
Event: 14.401 Thread 0x00000145493914a0 flushing  nmethod 0x00000145335c8490
Event: 14.401 Thread 0x00000145493914a0 flushing  nmethod 0x00000145335c9190
Event: 14.401 Thread 0x00000145493914a0 flushing  nmethod 0x00000145335ca710
Event: 14.401 Thread 0x00000145493914a0 flushing  nmethod 0x00000145335d7c90
Event: 14.401 Thread 0x00000145493914a0 flushing  nmethod 0x00000145335da210
Event: 14.401 Thread 0x00000145493914a0 flushing  nmethod 0x00000145335df090
Event: 14.401 Thread 0x00000145493914a0 flushing  nmethod 0x00000145335f6a10

Events (20 events):
Event: 0.256 Thread 0x000001452abe8b90 Thread added: 0x0000014549748ec0
Event: 0.266 Thread 0x000001452abe8b90 Thread added: 0x0000014549d265c0
Event: 3.061 Thread 0x000001452abe8b90 Thread added: 0x0000014590707030
Event: 3.073 Thread 0x0000014590707030 Thread exited: 0x0000014590707030
Event: 3.148 Thread 0x000001452abe8b90 Thread added: 0x00000145906772d0
Event: 3.542 Thread 0x0000014549390a80 Thread added: 0x000001458fae7720
Event: 4.099 Thread 0x000001452abe8b90 Thread added: 0x0000014590e18660
Event: 4.257 Thread 0x0000014590e18660 Thread exited: 0x0000014590e18660
Event: 4.805 Thread 0x00000145906772d0 Thread exited: 0x00000145906772d0
Event: 8.912 Thread 0x000001452abe8b90 Thread added: 0x0000014590876170
Event: 9.199 Thread 0x000001452abe8b90 Thread added: 0x0000014593568810
Event: 9.206 Thread 0x000001452abe8b90 Thread added: 0x0000014593569c50
Event: 9.309 Thread 0x0000014593569c50 Thread added: 0x0000014593569740
Event: 9.552 Thread 0x0000014593568810 Thread added: 0x00000145935678e0
Event: 9.560 Thread 0x00000145935678e0 Thread added: 0x0000014593568300
Event: 10.854 Thread 0x000001458fae7720 Thread exited: 0x000001458fae7720
Event: 11.704 Thread 0x0000014549636cb0 Thread exited: 0x0000014549636cb0
Event: 11.735 Thread 0x0000014549390a80 Thread added: 0x0000014592fe8040
Event: 11.742 Thread 0x0000014549390a80 Thread added: 0x000001459209f3f0
Event: 14.626 Thread 0x0000014593569740 Thread exited: 0x0000014593569740


Dynamic libraries:
0x00007ff7ae390000 - 0x00007ff7ae39e000 	C:\Program Files\Eclipse Adoptium\jdk-17.0.16.8-hotspot\bin\java.exe
0x00007ff85c320000 - 0x00007ff85c588000 	C:\WINDOWS\SYSTEM32\ntdll.dll
0x00007ff85a0d0000 - 0x00007ff85a199000 	C:\WINDOWS\System32\KERNEL32.DLL
0x00007ff858ed0000 - 0x00007ff8592c1000 	C:\WINDOWS\System32\KERNELBASE.dll
0x00007ff8595b0000 - 0x00007ff8596fb000 	C:\WINDOWS\System32\ucrtbase.dll
0x00007ff8327f0000 - 0x00007ff83280e000 	C:\Program Files\Eclipse Adoptium\jdk-17.0.16.8-hotspot\bin\VCRUNTIME140.dll
0x00007ff832930000 - 0x00007ff832947000 	C:\Program Files\Eclipse Adoptium\jdk-17.0.16.8-hotspot\bin\jli.dll
0x00007ff85b220000 - 0x00007ff85b3e6000 	C:\WINDOWS\System32\USER32.dll
0x00007ff858c00000 - 0x00007ff858c27000 	C:\WINDOWS\System32\win32u.dll
0x00007ff85bc00000 - 0x00007ff85bc2b000 	C:\WINDOWS\System32\GDI32.dll
0x00007ff858da0000 - 0x00007ff858ecb000 	C:\WINDOWS\System32\gdi32full.dll
0x00007ff836b70000 - 0x00007ff836e03000 	C:\WINDOWS\WinSxS\amd64_microsoft.windows.common-controls_6595b64144ccf1df_6.0.26100.7824_none_3e0870b2e3345462\COMCTL32.dll
0x00007ff859380000 - 0x00007ff859423000 	C:\WINDOWS\System32\msvcp_win.dll
0x00007ff85ac70000 - 0x00007ff85ad19000 	C:\WINDOWS\System32\msvcrt.dll
0x00007ff85abe0000 - 0x00007ff85ac11000 	C:\WINDOWS\System32\IMM32.DLL
0x00007ff8327e0000 - 0x00007ff8327ec000 	C:\Program Files\Eclipse Adoptium\jdk-17.0.16.8-hotspot\bin\vcruntime140_1.dll
0x00007ff817fa0000 - 0x00007ff81802d000 	C:\Program Files\Eclipse Adoptium\jdk-17.0.16.8-hotspot\bin\msvcp140.dll
0x00007fff6fac0000 - 0x00007fff7072b000 	C:\Program Files\Eclipse Adoptium\jdk-17.0.16.8-hotspot\bin\server\jvm.dll
0x00007ff85a2a0000 - 0x00007ff85a354000 	C:\WINDOWS\System32\ADVAPI32.dll
0x00007ff85bb50000 - 0x00007ff85bbf6000 	C:\WINDOWS\System32\sechost.dll
0x00007ff85bc30000 - 0x00007ff85bd48000 	C:\WINDOWS\System32\RPCRT4.dll
0x00007ff85bd60000 - 0x00007ff85bdd4000 	C:\WINDOWS\System32\WS2_32.dll
0x00007ff84e8a0000 - 0x00007ff84e8ab000 	C:\WINDOWS\SYSTEM32\VERSION.dll
0x00007ff858a60000 - 0x00007ff858abe000 	C:\WINDOWS\SYSTEM32\POWRPROF.dll
0x00007ff853bd0000 - 0x00007ff853c05000 	C:\WINDOWS\SYSTEM32\WINMM.dll
0x00007ff858a40000 - 0x00007ff858a54000 	C:\WINDOWS\SYSTEM32\UMPDC.dll
0x00007ff8579a0000 - 0x00007ff8579bb000 	C:\WINDOWS\SYSTEM32\kernel.appcore.dll
0x00007ff8327d0000 - 0x00007ff8327da000 	C:\Program Files\Eclipse Adoptium\jdk-17.0.16.8-hotspot\bin\jimage.dll
0x00007ff856a30000 - 0x00007ff856c72000 	C:\WINDOWS\SYSTEM32\DBGHELP.DLL
0x00007ff85bf50000 - 0x00007ff85c2d6000 	C:\WINDOWS\System32\combase.dll
0x00007ff85af00000 - 0x00007ff85afd7000 	C:\WINDOWS\System32\OLEAUT32.dll
0x00007ff834260000 - 0x00007ff83429b000 	C:\WINDOWS\SYSTEM32\dbgcore.DLL
0x00007ff8592d0000 - 0x00007ff859375000 	C:\WINDOWS\System32\bcryptPrimitives.dll
0x00007ff8327a0000 - 0x00007ff8327c5000 	C:\Program Files\Eclipse Adoptium\jdk-17.0.16.8-hotspot\bin\java.dll
0x00007ff8114e0000 - 0x00007ff8115b7000 	C:\Program Files\Eclipse Adoptium\jdk-17.0.16.8-hotspot\bin\jsvml.dll
0x00007ff85b3f0000 - 0x00007ff85bb42000 	C:\WINDOWS\System32\SHELL32.dll
0x00007ff858c30000 - 0x00007ff858d9a000 	C:\WINDOWS\System32\wintypes.dll
0x00007ff859850000 - 0x00007ff85a0b3000 	C:\WINDOWS\System32\windows.storage.dll
0x00007ff85bdf0000 - 0x00007ff85bee6000 	C:\WINDOWS\System32\SHCORE.dll
0x00007ff85a230000 - 0x00007ff85a297000 	C:\WINDOWS\System32\shlwapi.dll
0x00007ff858b20000 - 0x00007ff858b49000 	C:\WINDOWS\SYSTEM32\profapi.dll
0x00007ff832780000 - 0x00007ff832799000 	C:\Program Files\Eclipse Adoptium\jdk-17.0.16.8-hotspot\bin\net.dll
0x00007ff851550000 - 0x00007ff851677000 	C:\WINDOWS\SYSTEM32\WINHTTP.dll
0x00007ff857f10000 - 0x00007ff857f7b000 	C:\WINDOWS\system32\mswsock.dll
0x00007ff832760000 - 0x00007ff832776000 	C:\Program Files\Eclipse Adoptium\jdk-17.0.16.8-hotspot\bin\nio.dll
0x00007ff832500000 - 0x00007ff832518000 	C:\Program Files\Eclipse Adoptium\jdk-17.0.16.8-hotspot\bin\zip.dll
0x00007ff8324f0000 - 0x00007ff8324fa000 	C:\Program Files\Eclipse Adoptium\jdk-17.0.16.8-hotspot\bin\management.dll
0x00007ff823890000 - 0x00007ff82389b000 	C:\Program Files\Eclipse Adoptium\jdk-17.0.16.8-hotspot\bin\management_ext.dll
0x00007ff85a0c0000 - 0x00007ff85a0c8000 	C:\WINDOWS\System32\PSAPI.DLL
0x00007ff857370000 - 0x00007ff8573a4000 	C:\WINDOWS\SYSTEM32\IPHLPAPI.DLL
0x00007ff85bde0000 - 0x00007ff85bdea000 	C:\WINDOWS\System32\NSI.dll
0x00007ff852430000 - 0x00007ff85244e000 	C:\WINDOWS\SYSTEM32\dhcpcsvc6.DLL
0x00007ff851ee0000 - 0x00007ff851f03000 	C:\WINDOWS\SYSTEM32\dhcpcsvc.DLL
0x00007ff8573b0000 - 0x00007ff8574dc000 	C:\WINDOWS\SYSTEM32\DNSAPI.dll
0x00007ff84e890000 - 0x00007ff84e89b000 	C:\Windows\System32\rasadhlp.dll
0x00007ff852a30000 - 0x00007ff852ab6000 	C:\WINDOWS\System32\fwpuclnt.dll
0x00007ff823880000 - 0x00007ff82388e000 	C:\Program Files\Eclipse Adoptium\jdk-17.0.16.8-hotspot\bin\sunmscapi.dll
0x00007ff859430000 - 0x00007ff8595a7000 	C:\WINDOWS\System32\CRYPT32.dll
0x00007ff858400000 - 0x00007ff858430000 	C:\WINDOWS\SYSTEM32\ncrypt.dll
0x00007ff8583b0000 - 0x00007ff8583ef000 	C:\WINDOWS\SYSTEM32\NTASN1.dll
0x00007ff8581f0000 - 0x00007ff85820b000 	C:\WINDOWS\SYSTEM32\CRYPTSP.dll
0x00007ff857900000 - 0x00007ff857939000 	C:\WINDOWS\system32\rsaenh.dll
0x00007ff857fc0000 - 0x00007ff857feb000 	C:\WINDOWS\SYSTEM32\USERENV.dll
0x00007ff858af0000 - 0x00007ff858b1a000 	C:\WINDOWS\SYSTEM32\bcrypt.dll
0x00007ff8581e0000 - 0x00007ff8581ec000 	C:\WINDOWS\SYSTEM32\CRYPTBASE.dll
0x00007ff832700000 - 0x00007ff832710000 	C:\Program Files\Eclipse Adoptium\jdk-17.0.16.8-hotspot\bin\verify.dll

dbghelp: loaded successfully - version: 4.0.5 - missing functions: none
symbol engine: initialized successfully - sym options: 0x614 - pdb path: .;C:\Program Files\Eclipse Adoptium\jdk-17.0.16.8-hotspot\bin;C:\WINDOWS\SYSTEM32;C:\WINDOWS\WinSxS\amd64_microsoft.windows.common-controls_6595b64144ccf1df_6.0.26100.7824_none_3e0870b2e3345462;C:\Program Files\Eclipse Adoptium\jdk-17.0.16.8-hotspot\bin\server

VM Arguments:
java_command: C:\Users\hp\AppData\Local\Temp\surefire13165789167977052258\surefirebooter-20260513132046730_3.jar C:\Users\hp\AppData\Local\Temp\surefire13165789167977052258 2026-05-13T13-20-46_287-jvmRun1 surefire-20260513132046730_1tmp surefire_0-20260513132046730_2tmp
java_class_path (initial): C:\Users\hp\AppData\Local\Temp\surefire13165789167977052258\surefirebooter-20260513132046730_3.jar
Launcher Type: SUN_STANDARD

[Global flags]
     intx CICompilerCount                          = 4                                         {product} {ergonomic}
     uint ConcGCThreads                            = 3                                         {product} {ergonomic}
     uint G1ConcRefinementThreads                  = 10                                        {product} {ergonomic}
   size_t G1HeapRegionSize                         = 1048576                                   {product} {ergonomic}
    uintx GCDrainStackTargetSize                   = 64                                        {product} {ergonomic}
   size_t InitialHeapSize                          = 130023424                                 {product} {ergonomic}
   size_t MarkStackSize                            = 4194304                                   {product} {ergonomic}
   size_t MaxHeapSize                              = 2055208960                                {product} {ergonomic}
   size_t MaxNewSize                               = 1233125376                                {product} {ergonomic}
   size_t MinHeapDeltaBytes                        = 1048576                                   {product} {ergonomic}
   size_t MinHeapSize                              = 8388608                                   {product} {ergonomic}
    uintx NonNMethodCodeHeapSize                   = 5839372                                {pd product} {ergonomic}
    uintx NonProfiledCodeHeapSize                  = 122909434                              {pd product} {ergonomic}
    uintx ProfiledCodeHeapSize                     = 122909434                              {pd product} {ergonomic}
    uintx ReservedCodeCacheSize                    = 251658240                              {pd product} {ergonomic}
     bool SegmentedCodeCache                       = true                                      {product} {ergonomic}
   size_t SoftMaxHeapSize                          = 2055208960                             {manageable} {ergonomic}
     bool UseCompressedClassPointers               = true                           {product lp64_product} {ergonomic}
     bool UseCompressedOops                        = true                           {product lp64_product} {ergonomic}
     bool UseG1GC                                  = true                                      {product} {ergonomic}
     bool UseLargePagesIndividualAllocation        = false                                  {pd product} {ergonomic}

Logging:
Log output configuration:
 #0: stdout all=warning uptime,level,tags
 #1: stderr all=off uptime,level,tags

Environment Variables:
JAVA_HOME=C:\Program Files\Eclipse Adoptium\jdk-17.0.16.8-hotspot
PATH=C:\Windows\system32;C:\Windows;C:\Windows\System32\Wbem;C:\Windows\System32\WindowsPowerShell\v1.0\;C:\Users\hp\AppData\Local\Microsoft\WindowsApps;C:\Users\hp\AppData\Local\Programs\Microsoft VS Code\bin;C:\Users\hp\AppData\Local\Programs\IntelliJ IDEA 2025.2\bin;C:\Users\hp\AppData\Roaming\npm;C:\Users\hp\AppData\Local\Programs\Windsurf\bin;C:\gradle\gradle-8.14-bin\gradle-8.14\bin;C:\ProgramData\chocolatey\bin;C:\maven;C:\flutter\bin;C:\Program Files\nodejs\;C:\Program Files\Microsoft SQL Server\170\Tools\Binn\;C:\Users\hp\.dotnet\tools;C:\Program Files\Oracle\VirtualBox;C:\Program Files\Oracle\VirtualBox;D:\minikube;C:\apache-maven-3.9.11\bin;C:\Program Files\Apache\maven\apache-maven-3.9.6\bin;C:\apache-maven-3.9.11\bin;C:\Program Files\Git\cmd;d:\Users\hp\AppData\Local\Programs\cursor\resources\app\codeBin;C:\Users\hp\AppData\Local\Programs\Eclipse Adoptium\jdk-25.0.1.8-hotspot\bin;C:\Users\hp\Desktop\IntelliJ IDEA 2025.3\bin;C:\Programmes\Git\cmd;C:\Programmes\Git\bin;C:\Program Files\Apache Software Foundation;d:\Users\hp\AppData\Local\Programs\cursor\resources\app\bin;C:\Users\hp\AppData\Roaming\npm-global;C:\app\hp\product\21c\dbhome_1\BIN;C:\Program Files\Kubernetes\Minikube;;C:\Program Files\Docker\Docker\resources\bin;C:\Program Files (x86)\VMware\VMware Player\bin\;C:\Program Files\Vagrant\bin;C:\Users\hp\AppData\Local\Microsoft\WinGet\Links
USERNAME=hp
OS=Windows_NT
PROCESSOR_IDENTIFIER=Intel64 Family 6 Model 186 Stepping 3, GenuineIntel
TMP=C:\Users\hp\AppData\Local\Temp
TEMP=C:\Users\hp\AppData\Local\Temp



Periodic native trim disabled


---------------  S Y S T E M  ---------------

OS:
 Windows 11 , 64 bit Build 26100 (10.0.26100.7705)
OS uptime: 1 days 13:59 hours
Hyper-V role detected

CPU: total 12 (initial active 12) (6 cores per cpu, 2 threads per core) family 6 model 186 stepping 3 microcode 0x4121, cx8, cmov, fxsr, ht, mmx, 3dnowpref, sse, sse2, sse3, ssse3, sse4.1, sse4.2, popcnt, lzcnt, tsc, tscinvbit, avx, avx2, aes, erms, clmul, bmi1, bmi2, adx, sha, fma, vzeroupper, clflush, clflushopt, clwb, hv
Processor Information for processor 0
  Max Mhz: 1300, Current Mhz: 1300, Mhz Limit: 1300
Processor Information for processor 1
  Max Mhz: 1300, Current Mhz: 1300, Mhz Limit: 1300
Processor Information for processor 2
  Max Mhz: 1300, Current Mhz: 1300, Mhz Limit: 1300
Processor Information for processor 3
  Max Mhz: 1300, Current Mhz: 1300, Mhz Limit: 1300
Processor Information for processor 4
  Max Mhz: 1300, Current Mhz: 900, Mhz Limit: 897
Processor Information for processor 5
  Max Mhz: 1300, Current Mhz: 900, Mhz Limit: 897
Processor Information for processor 6
  Max Mhz: 1300, Current Mhz: 900, Mhz Limit: 897
Processor Information for processor 7
  Max Mhz: 1300, Current Mhz: 900, Mhz Limit: 897
Processor Information for processor 8
  Max Mhz: 1300, Current Mhz: 900, Mhz Limit: 897
Processor Information for processor 9
  Max Mhz: 1300, Current Mhz: 900, Mhz Limit: 897
Processor Information for processor 10
  Max Mhz: 1300, Current Mhz: 900, Mhz Limit: 897
Processor Information for processor 11
  Max Mhz: 1300, Current Mhz: 900, Mhz Limit: 897

Memory: 4k page, system-wide physical 7835M (707M free)
TotalPageFile size 21227M (AvailPageFile size 71M)
current process WorkingSet (physical memory assigned to process): 454M, peak: 457M
current process commit charge ("private bytes"): 504M, peak: 891M

vm_info: OpenJDK 64-Bit Server VM (17.0.16+8) for windows-amd64 JRE (17.0.16+8), built on Jul 16 2025 10:37:56 by "admin" with MS VC++ 17.7 (VS2022)

END.
