#
# There is insufficient memory for the Java Runtime Environment to continue.
# Native memory allocation (mmap) failed to map 399507456 bytes. Error detail: G1 virtual space
# Possible reasons:
#   The system is out of physical RAM or swap space
#   This process is running with CompressedOops enabled, and the Java Heap may be blocking the growth of the native heap
# Possible solutions:
#   Reduce memory load on the system
#   Increase physical memory or swap space
#   Check if swap backing store is full
#   Decrease Java heap size (-Xmx/-Xms)
#   Decrease number of Java threads
#   Decrease Java thread stack sizes (-Xss)
#   Set larger code cache with -XX:ReservedCodeCacheSize=
#   JVM is running with Unscaled Compressed Oops mode in which the Java heap is
#     placed in the first 4GB address space. The Java Heap base address is the
#     maximum limit for the native heap growth. Please use -XX:HeapBaseMinAddress
#     to set the Java Heap base and to place the Java Heap above 4GB virtual address.
# This output file may be truncated or incomplete.
#
#  Out of Memory Error (os_windows.cpp:3618), pid=12664, tid=20380
#
# JRE version: OpenJDK Runtime Environment Temurin-17.0.16+8 (17.0.16+8) (build 17.0.16+8)
# Java VM: OpenJDK 64-Bit Server VM Temurin-17.0.16+8 (17.0.16+8, mixed mode, emulated-client, sharing, tiered, compressed oops, compressed class ptrs, g1 gc, windows-amd64)
# No core dump will be written. Minidumps are not enabled by default on client versions of Windows
#

---------------  S U M M A R Y ------------

Command Line: -XX:TieredStopAtLevel=1 com.esprit.platformepediatricback.PlatformePediatricBackApplication

Host: 13th Gen Intel(R) Core(TM) i5-1334U, 12 cores, 7G,  Windows 11 , 64 bit Build 26100 (10.0.26100.7705)
Time: Wed May 13 16:45:39 2026 Paris, Madrid (heure duild 26100 (10.0.26100.7705) elapsed time: 6.564031 seconds (0d 0h 0m 6s)

---------------  T H R E A D  ---------------

Current thread (0x0000019e26ed50a0):  VMThread "VM Thread" [stack: 0x00000022ef000000,0x00000022ef100000] [id=20380]

Stack: [0x00000022ef000000,0x00000022ef100000]
Native frames: (J=compiled Java code, j=interpreted, Vv=VM code, C=native code)
V  [jvm.dll+0x683169]
V  [jvm.dll+0x839ac8]
V  [jvm.dll+0x83b573]
V  [jvm.dll+0x83bbe3]
V  [jvm.dll+0x2473ff]
V  [jvm.dll+0x67ff49]
V  [jvm.dll+0x674e3a]
V  [jvm.dll+0x304ea6]
V  [jvm.dll+0x30c366]
V  [jvm.dll+0x35deee]
V  [jvm.dll+0x35e12d]
V  [jvm.dll+0x2dc26c]
V  [jvm.dll+0x2da60f]
V  [jvm.dll+0x2d9d7c]
V  [jvm.dll+0x31d55b]
V  [jvm.dll+0x84041d]
V  [jvm.dll+0x841153]
V  [jvm.dll+0x84167f]
V  [jvm.dll+0x841a64]
V  [jvm.dll+0x841b2e]
V  [jvm.dll+0x7e979c]
V  [jvm.dll+0x682047]
C  [ucrtbase.dll+0x37b0]
C  [KERNEL32.DLL+0x2e8d7]
C  [ntdll.dll+0x8c40c]

VM_Operation (0x00000022f02f77d0): G1CollectForAllocation, mode: safepoint, requested by thread 0x0000019e275f4510


---------------  P R O C E S S  ---------------

Threads class SMR info:
_java_thread_list=0x0000019e6f0a5a60, length=25, elements={
0x0000019e14eaad90, 0x0000019e26edd090, 0x0000019e26edda50, 0x0000019e26ef3040,
0x0000019e26ef7a10, 0x0000019e26ef83d0, 0x0000019e26efe590, 0x0000019e274a0140,
0x0000019e274a3e70, 0x0000019e275a62c0, 0x0000019e275b9b00, 0x0000019e275f30d0,
0x0000019e275f35e0, 0x0000019e275f4f30, 0x0000019e275f4510, 0x0000019e6dc02220,
0x0000019e275f4000, 0x0000019e275f1c90, 0x0000019e275f4a20, 0x0000019e275f5440,
0x0000019e275f26b0, 0x0000019e275f21a0, 0x0000019e6f734780, 0x0000019e6f734c90,
0x0000019e6f7351a0
}

Java Threads: ( => current thread )
  0x0000019e14eaad90 JavaThread "main" [_thread_blocked, id=23620, stack(0x00000022eea00000,0x00000022eeb00000)]
  0x0000019e26edd090 JavaThread "Reference Handler" daemon [_thread_blocked, id=6188, stack(0x00000022ef100000,0x00000022ef200000)]
  0x0000019e26edda50 JavaThread "Finalizer" daemon [_thread_blocked, id=4920, stack(0x00000022ef200000,0x00000022ef300000)]
  0x0000019e26ef3040 JavaThread "Signal Dispatcher" daemon [_thread_blocked, id=18088, stack(0x00000022ef300000,0x00000022ef400000)]
  0x0000019e26ef7a10 JavaThread "Attach Listener" daemon [_thread_blocked, id=22420, stack(0x00000022ef400000,0x00000022ef500000)]
  0x0000019e26ef83d0 JavaThread "Service Thread" daemon [_thread_blocked, id=13708, stack(0x00000022ef500000,0x00000022ef600000)]
  0x0000019e26efe590 JavaThread "Monitor Deflation Thread" daemon [_thread_blocked, id=6864, stack(0x00000022ef600000,0x00000022ef700000)]
  0x0000019e274a0140 JavaThread "C1 CompilerThread0" daemon [_thread_blocked, id=22176, stack(0x00000022ef700000,0x00000022ef800000)]
  0x0000019e274a3e70 JavaThread "Sweeper thread" daemon [_thread_blocked, id=18468, stack(0x00000022ef800000,0x00000022ef900000)]
  0x0000019e275a62c0 JavaThread "C1 CompilerThread1" daemon [_thread_blocked, id=25244, stack(0x00000022ef900000,0x00000022efa00000)]
  0x0000019e275b9b00 JavaThread "C1 CompilerThread2" daemon [_thread_blocked, id=19076, stack(0x00000022efa00000,0x00000022efb00000)]
  0x0000019e275f30d0 JavaThread "Notification Thread" daemon [_thread_blocked, id=2896, stack(0x00000022efb00000,0x00000022efc00000)]
  0x0000019e275f35e0 JavaThread "Common-Cleaner" daemon [_thread_blocked, id=9348, stack(0x00000022efd00000,0x00000022efe00000)]
  0x0000019e275f4f30 JavaThread "Thread-0" [_thread_blocked, id=15620, stack(0x00000022f0100000,0x00000022f0200000)]
  0x0000019e275f4510 JavaThread "restartedMain" [_thread_blocked, id=19760, stack(0x00000022f0200000,0x00000022f0300000)]
  0x0000019e6dc02220 JavaThread "C1 CompilerThread3" daemon [_thread_blocked, id=18292, stack(0x00000022f0a00000,0x00000022f0b00000)]
  0x0000019e275f4000 JavaThread "mysql-cj-abandoned-connection-cleanup" daemon [_thread_blocked, id=21820, stack(0x00000022f0f00000,0x00000022f1000000)]
  0x0000019e275f1c90 JavaThread "MVStore background writer D:/Platform-Pediatric-pidev-platform-nephrologie/Platform-Pediatric-pidev-platform-nephrologie/Back/data/pediatricdb.mv.db" daemon [_thread_blocked, id=3852, stack(0x00000022f1000000,0x00000022f1100000)]
  0x0000019e275f4a20 JavaThread "HikariPool-1 housekeeper" daemon [_thread_blocked, id=14256, stack(0x00000022f1100000,0x00000022f1200000)]
  0x0000019e275f5440 JavaThread "HikariPool-1 connection adder" daemon [_thread_blocked, id=22616, stack(0x00000022f1200000,0x00000022f1300000)]
  0x0000019e275f26b0 JavaThread "H2-serialization" daemon [_thread_blocked, id=11160, stack(0x00000022f1300000,0x00000022f1400000)]
  0x0000019e275f21a0 JavaThread "H2-save" daemon [_thread_blocked, id=16852, stack(0x00000022f1400000,0x00000022f1500000)]
  0x0000019e6f734780 JavaThread "Catalina-utility-1" [_thread_blocked, id=11100, stack(0x00000022f1500000,0x00000022f1600000)]
  0x0000019e6f734c90 JavaThread "Catalina-utility-2" [_thread_blocked, id=8772, stack(0x00000022f1600000,0x00000022f1700000)]
  0x0000019e6f7351a0 JavaThread "container-0" [_thread_blocked, id=11540, stack(0x00000022f1700000,0x00000022f1800000)]

Other Threads:
=>0x0000019e26ed50a0 VMThread "VM Thread" [stack: 0x00000022ef000000,0x00000022ef100000] [id=20380]
  0x0000019e275f7d70 WatcherThread [stack: 0x00000022efc00000,0x00000022efd00000] [id=14752]
  0x0000019e14f0fbd0 GCTaskThread "GC Thread#0" [stack: 0x00000022eeb00000,0x00000022eec00000] [id=17596]
  0x0000019e6d60d040 GCTaskThread "GC Thread#1" [stack: 0x00000022efe00000,0x00000022eff00000] [id=12348]
  0x0000019e6d60d5c0 GCTaskThread "GC Thread#2" [stack: 0x00000022eff00000,0x00000022f0000000] [id=25192]
  0x0000019e6d60ba40 GCTaskThread "GC Thread#3" [stack: 0x00000022f0000000,0x00000022f0100000] [id=25304]
  0x0000019e6d60d300 GCTaskThread "GC Thread#4" [stack: 0x00000022f0300000,0x00000022f0400000] [id=2756]
  0x0000019e6d60bd00 GCTaskThread "GC Thread#5" [stack: 0x00000022f0400000,0x00000022f0500000] [id=12832]
  0x0000019e6d60bfc0 GCTaskThread "GC Thread#6" [stack: 0x00000022f0500000,0x00000022f0600000] [id=22324]
  0x0000019e6d60c540 GCTaskThread "GC Thread#7" [stack: 0x00000022f0700000,0x00000022f0800000] [id=24724]
  0x0000019e6d60c800 GCTaskThread "GC Thread#8" [stack: 0x00000022f0800000,0x00000022f0900000] [id=24356]
  0x0000019e6d60cac0 GCTaskThread "GC Thread#9" [stack: 0x00000022f0900000,0x00000022f0a00000] [id=6208]
  0x0000019e14f20020 ConcurrentGCThread "G1 Main Marker" [stack: 0x00000022eec00000,0x00000022eed00000] [id=17164]
  0x0000019e14f22ab0 ConcurrentGCThread "G1 Conc#0" [stack: 0x00000022eed00000,0x00000022eee00000] [id=22100]
  0x0000019e6d60cd80 ConcurrentGCThread "G1 Conc#1" [stack: 0x00000022f0600000,0x00000022f0700000] [id=22416]
  0x0000019e6e068050 ConcurrentGCThread "G1 Conc#2" [stack: 0x00000022f0b00000,0x00000022f0c00000] [id=24056]
  0x0000019e26d90000 ConcurrentGCThread "G1 Refine#0" [stack: 0x00000022eee00000,0x00000022eef00000] [id=24508]
  0x0000019e6e0645d0 ConcurrentGCThread "G1 Refine#1" [stack: 0x00000022f0c00000,0x00000022f0d00000] [id=13000]
  0x0000019e6e064bb0 ConcurrentGCThread "G1 Refine#2" [stack: 0x00000022f0d00000,0x00000022f0e00000] [id=8308]
  0x0000019e6e063ff0 ConcurrentGCThread "G1 Refine#3" [stack: 0x00000022f0e00000,0x00000022f0f00000] [id=19084]
  0x0000019e6f56da60 ConcurrentGCThread "G1 Refine#4" [stack: 0x00000022f1800000,0x00000022f1900000] [id=23764]
  0x0000019e6f56dd50 ConcurrentGCThread "G1 Refine#5" [stack: 0x00000022f1900000,0x00000022f1a00000] [id=23036]
  0x0000019e6f56e330 ConcurrentGCThread "G1 Refine#6" [stack: 0x00000022f1a00000,0x00000022f1b00000] [id=5900]
  0x0000019e6f56d190 ConcurrentGCThread "G1 Refine#7" [stack: 0x00000022f1b00000,0x00000022f1c00000] [id=23808]
  0x0000019e6f56bd00 ConcurrentGCThread "G1 Refine#8" [stack: 0x00000022f1c00000,0x00000022f1d00000] [id=22656]
  0x0000019e26d907d0 ConcurrentGCThread "G1 Service" [stack: 0x00000022eef00000,0x00000022ef000000] [id=12740]

Threads with active compile tasks:

VM state: at safepoint (normal execution)

VM Mutex/Monitor currently owned by a thread:  ([mutex/lock_event])
[0x0000019e12b4af90] Threads_lock - owner thread: 0x0000019e26ed50a0
[0x0000019e14ea7960] Heap_lock - owner thread: 0x0000019e275f4510

Heap address: 0x0000000085800000, size: 1960 MB, Compressed Oops mode: 32-bit

CDS archive(s) mapped at: [0x0000019e28000000-0x0000019e28bb0000-0x0000019e28bb0000), size 12255232, SharedBaseAddress: 0x0000019e28000000, ArchiveRelocationMode: 1.
Compressed class space mapped at: 0x0000019e29000000-0x0000019e69000000, reserved size: 1073741824
Narrow klass base: 0x0000019e28000000, Narrow klass shift: 0, Narrow klass range: 0x100000000

GC Precious Log:
 CPUs: 12 total, 12 available
 Memory: 7835M
 Large Page Support: Disabled
 NUMA Support: Disabled
 Compressed Oops: Enabled (32-bit)
 Heap Region Size: 1M
 Heap Min Capacity: 8M
 Heap Initial Capacity: 124M
 Heap Max Capacity: 1960M
 Pre-touch: Disabled
 Parallel Workers: 10
 Concurrent Workers: 3
 Concurrent Refinement Workers: 10
 Periodic GC: Disabled

Heap:
 garbage-first heap   total 238592K, used 135207K [0x0000000085800000, 0x0000000100000000)
  region size 1024K, 2 young (2048K), 2 survivors (2048K)
 Metaspace       used 72139K, committed 72704K, reserved 1114112K
  class space    used 10661K, committed 10944K, reserved 1048576K

Heap Regions: E=young(eden), S=young(survivor), O=old, HS=humongous(starts), HC=humongous(continues), CS=collection set, F=free, OA=open archive, CA=closed archive, TAMS=top-at-mark-start (previous, next)
|   0|0x0000000085800000, 0x0000000085900000, 0x0000000085900000|100%|HS|  |TAMS 0x0000000085900000, 0x0000000085800000| Complete 
|   1|0x0000000085900000, 0x0000000085a00000, 0x0000000085a00000|100%|HS|  |TAMS 0x0000000085a00000, 0x0000000085900000| Complete 
|   2|0x0000000085a00000, 0x0000000085b00000, 0x0000000085b00000|100%|HS|  |TAMS 0x0000000085b00000, 0x0000000085a00000| Complete 
|   3|0x0000000085b00000, 0x0000000085c00000, 0x0000000085c00000|100%| O|  |TAMS 0x0000000085c00000, 0x0000000085b00000| Untracked 
|   4|0x0000000085c00000, 0x0000000085d00000, 0x0000000085d00000|100%| O|  |TAMS 0x0000000085d00000, 0x0000000085c00000| Untracked 
|   5|0x0000000085d00000, 0x0000000085e00000, 0x0000000085e00000|100%| O|  |TAMS 0x0000000085e00000, 0x0000000085d00000| Untracked 
|   6|0x0000000085e00000, 0x0000000085f00000, 0x0000000085f00000|100%| O|  |TAMS 0x0000000085f00000, 0x0000000085e00000| Untracked 
|   7|0x0000000085f00000, 0x0000000086000000, 0x0000000086000000|100%| O|  |TAMS 0x0000000086000000, 0x0000000085f00000| Untracked 
|   8|0x0000000086000000, 0x0000000086100000, 0x0000000086100000|100%| O|  |TAMS 0x0000000086100000, 0x0000000086000000| Untracked 
|   9|0x0000000086100000, 0x0000000086200000, 0x0000000086200000|100%| O|  |TAMS 0x0000000086200000, 0x0000000086100000| Untracked 
|  10|0x0000000086200000, 0x0000000086300000, 0x0000000086300000|100%| O|  |TAMS 0x0000000086300000, 0x0000000086200000| Untracked 
|  11|0x0000000086300000, 0x0000000086400000, 0x0000000086400000|100%| O|  |TAMS 0x0000000086400000, 0x0000000086300000| Untracked 
|  12|0x0000000086400000, 0x0000000086500000, 0x0000000086500000|100%| O|  |TAMS 0x0000000086500000, 0x0000000086400000| Untracked 
|  13|0x0000000086500000, 0x0000000086600000, 0x0000000086600000|100%| O|  |TAMS 0x0000000086600000, 0x0000000086500000| Untracked 
|  14|0x0000000086600000, 0x0000000086700000, 0x0000000086700000|100%| O|  |TAMS 0x0000000086700000, 0x0000000086600000| Untracked 
|  15|0x0000000086700000, 0x0000000086800000, 0x0000000086800000|100%| O|  |TAMS 0x0000000086800000, 0x0000000086700000| Untracked 
|  16|0x0000000086800000, 0x0000000086900000, 0x0000000086900000|100%| O|  |TAMS 0x0000000086900000, 0x0000000086800000| Untracked 
|  17|0x0000000086900000, 0x0000000086a00000, 0x0000000086a00000|100%| O|  |TAMS 0x0000000086a00000, 0x0000000086900000| Untracked 
|  18|0x0000000086a00000, 0x0000000086a00000, 0x0000000086b00000|  0%| F|  |TAMS 0x0000000086a00000, 0x0000000086a00000| Untracked 
|  19|0x0000000086b00000, 0x0000000086c00000, 0x0000000086c00000|100%| O|  |TAMS 0x0000000086c00000, 0x0000000086b00000| Untracked 
|  20|0x0000000086c00000, 0x0000000086d00000, 0x0000000086d00000|100%| O|  |TAMS 0x0000000086d00000, 0x0000000086c00000| Untracked 
|  21|0x0000000086d00000, 0x0000000086e00000, 0x0000000086e00000|100%| O|  |TAMS 0x0000000086e00000, 0x0000000086d00000| Untracked 
|  22|0x0000000086e00000, 0x0000000086f00000, 0x0000000086f00000|100%| O|  |TAMS 0x0000000086f00000, 0x0000000086e00000| Untracked 
|  23|0x0000000086f00000, 0x0000000087000000, 0x0000000087000000|100%| O|  |TAMS 0x0000000087000000, 0x0000000086f00000| Untracked 
|  24|0x0000000087000000, 0x0000000087100000, 0x0000000087100000|100%| O|  |TAMS 0x0000000087100000, 0x0000000087000000| Untracked 
|  25|0x0000000087100000, 0x0000000087200000, 0x0000000087200000|100%| O|  |TAMS 0x0000000087200000, 0x0000000087100000| Untracked 
|  26|0x0000000087200000, 0x0000000087300000, 0x0000000087300000|100%| O|  |TAMS 0x0000000087300000, 0x0000000087200000| Untracked 
|  27|0x0000000087300000, 0x0000000087400000, 0x0000000087400000|100%| O|  |TAMS 0x0000000087400000, 0x0000000087300000| Untracked 
|  28|0x0000000087400000, 0x0000000087500000, 0x0000000087500000|100%| O|  |TAMS 0x0000000087500000, 0x0000000087400000| Untracked 
|  29|0x0000000087500000, 0x0000000087600000, 0x0000000087600000|100%| O|  |TAMS 0x0000000087600000, 0x0000000087500000| Untracked 
|  30|0x0000000087600000, 0x0000000087700000, 0x0000000087700000|100%| O|  |TAMS 0x0000000087700000, 0x0000000087600000| Untracked 
|  31|0x0000000087700000, 0x0000000087800000, 0x0000000087800000|100%| O|  |TAMS 0x0000000087800000, 0x0000000087700000| Untracked 
|  32|0x0000000087800000, 0x0000000087900000, 0x0000000087900000|100%| O|  |TAMS 0x0000000087800000, 0x0000000087800000| Untracked 
|  33|0x0000000087900000, 0x0000000087a00000, 0x0000000087a00000|100%| O|  |TAMS 0x0000000087a00000, 0x0000000087900000| Untracked 
|  34|0x0000000087a00000, 0x0000000087b00000, 0x0000000087b00000|100%| O|  |TAMS 0x0000000087b00000, 0x0000000087a00000| Untracked 
|  35|0x0000000087b00000, 0x0000000087c00000, 0x0000000087c00000|100%| O|  |TAMS 0x0000000087c00000, 0x0000000087b00000| Untracked 
|  36|0x0000000087c00000, 0x0000000087d00000, 0x0000000087d00000|100%| O|  |TAMS 0x0000000087d00000, 0x0000000087c00000| Untracked 
|  37|0x0000000087d00000, 0x0000000087e00000, 0x0000000087e00000|100%| O|  |TAMS 0x0000000087e00000, 0x0000000087d00000| Untracked 
|  38|0x0000000087e00000, 0x0000000087f00000, 0x0000000087f00000|100%| O|  |TAMS 0x0000000087f00000, 0x0000000087e00000| Untracked 
|  39|0x0000000087f00000, 0x0000000088000000, 0x0000000088000000|100%| O|  |TAMS 0x0000000088000000, 0x0000000087f00000| Untracked 
|  40|0x0000000088000000, 0x0000000088100000, 0x0000000088100000|100%|HS|  |TAMS 0x0000000088100000, 0x0000000088000000| Complete 
|  41|0x0000000088100000, 0x0000000088200000, 0x0000000088200000|100%|HC|  |TAMS 0x0000000088200000, 0x0000000088100000| Complete 
|  42|0x0000000088200000, 0x0000000088300000, 0x0000000088300000|100%| O|  |TAMS 0x0000000088300000, 0x0000000088200000| Untracked 
|  43|0x0000000088300000, 0x0000000088400000, 0x0000000088400000|100%| O|  |TAMS 0x0000000088400000, 0x0000000088300000| Untracked 
|  44|0x0000000088400000, 0x0000000088500000, 0x0000000088500000|100%| O|  |TAMS 0x0000000088500000, 0x0000000088400000| Untracked 
|  45|0x0000000088500000, 0x0000000088600000, 0x0000000088600000|100%| O|  |TAMS 0x0000000088600000, 0x0000000088500000| Untracked 
|  46|0x0000000088600000, 0x0000000088700000, 0x0000000088700000|100%| O|  |TAMS 0x0000000088700000, 0x0000000088600000| Untracked 
|  47|0x0000000088700000, 0x0000000088800000, 0x0000000088800000|100%| O|  |TAMS 0x0000000088800000, 0x0000000088700000| Untracked 
|  48|0x0000000088800000, 0x0000000088900000, 0x0000000088900000|100%| O|  |TAMS 0x0000000088900000, 0x0000000088800000| Untracked 
|  49|0x0000000088900000, 0x0000000088a00000, 0x0000000088a00000|100%| O|  |TAMS 0x0000000088a00000, 0x0000000088900000| Untracked 
|  50|0x0000000088a00000, 0x0000000088b00000, 0x0000000088b00000|100%| O|  |TAMS 0x0000000088b00000, 0x0000000088a00000| Untracked 
|  51|0x0000000088b00000, 0x0000000088c00000, 0x0000000088c00000|100%| O|  |TAMS 0x0000000088c00000, 0x0000000088b00000| Untracked 
|  52|0x0000000088c00000, 0x0000000088d00000, 0x0000000088d00000|100%| O|  |TAMS 0x0000000088d00000, 0x0000000088c00000| Untracked 
|  53|0x0000000088d00000, 0x0000000088e00000, 0x0000000088e00000|100%| O|  |TAMS 0x0000000088e00000, 0x0000000088d00000| Untracked 
|  54|0x0000000088e00000, 0x0000000088f00000, 0x0000000088f00000|100%| O|  |TAMS 0x0000000088f00000, 0x0000000088e00000| Untracked 
|  55|0x0000000088f00000, 0x0000000089000000, 0x0000000089000000|100%| O|  |TAMS 0x0000000089000000, 0x0000000088f00000| Untracked 
|  56|0x0000000089000000, 0x0000000089100000, 0x0000000089100000|100%| O|  |TAMS 0x0000000089100000, 0x0000000089000000| Untracked 
|  57|0x0000000089100000, 0x0000000089200000, 0x0000000089200000|100%| O|  |TAMS 0x0000000089200000, 0x0000000089100000| Untracked 
|  58|0x0000000089200000, 0x0000000089300000, 0x0000000089300000|100%| O|  |TAMS 0x0000000089300000, 0x0000000089200000| Untracked 
|  59|0x0000000089300000, 0x0000000089400000, 0x0000000089400000|100%| O|  |TAMS 0x0000000089400000, 0x0000000089300000| Untracked 
|  60|0x0000000089400000, 0x0000000089500000, 0x0000000089500000|100%| O|  |TAMS 0x0000000089500000, 0x0000000089400000| Untracked 
|  61|0x0000000089500000, 0x0000000089600000, 0x0000000089600000|100%| O|  |TAMS 0x0000000089600000, 0x0000000089500000| Untracked 
|  62|0x0000000089600000, 0x0000000089700000, 0x0000000089700000|100%| O|  |TAMS 0x0000000089700000, 0x0000000089600000| Untracked 
|  63|0x0000000089700000, 0x0000000089800000, 0x0000000089800000|100%| O|  |TAMS 0x0000000089800000, 0x0000000089700000| Untracked 
|  64|0x0000000089800000, 0x0000000089900000, 0x0000000089900000|100%| O|  |TAMS 0x0000000089900000, 0x0000000089800000| Untracked 
|  65|0x0000000089900000, 0x0000000089a00000, 0x0000000089a00000|100%| O|  |TAMS 0x0000000089a00000, 0x0000000089900000| Untracked 
|  66|0x0000000089a00000, 0x0000000089b00000, 0x0000000089b00000|100%| O|  |TAMS 0x0000000089b00000, 0x0000000089a00000| Untracked 
|  67|0x0000000089b00000, 0x0000000089c00000, 0x0000000089c00000|100%| O|  |TAMS 0x0000000089c00000, 0x0000000089b00000| Untracked 
|  68|0x0000000089c00000, 0x0000000089d00000, 0x0000000089d00000|100%| O|  |TAMS 0x0000000089d00000, 0x0000000089c00000| Untracked 
|  69|0x0000000089d00000, 0x0000000089e00000, 0x0000000089e00000|100%|HS|  |TAMS 0x0000000089e00000, 0x0000000089d00000| Complete 
|  70|0x0000000089e00000, 0x0000000089f00000, 0x0000000089f00000|100%|HC|  |TAMS 0x0000000089f00000, 0x0000000089e00000| Complete 
|  71|0x0000000089f00000, 0x000000008a000000, 0x000000008a000000|100%| O|  |TAMS 0x000000008a000000, 0x0000000089f00000| Untracked 
|  72|0x000000008a000000, 0x000000008a100000, 0x000000008a100000|100%| O|  |TAMS 0x000000008a100000, 0x000000008a000000| Untracked 
|  73|0x000000008a100000, 0x000000008a200000, 0x000000008a200000|100%| O|  |TAMS 0x000000008a200000, 0x000000008a100000| Untracked 
|  74|0x000000008a200000, 0x000000008a300000, 0x000000008a300000|100%| O|  |TAMS 0x000000008a300000, 0x000000008a200000| Untracked 
|  75|0x000000008a300000, 0x000000008a400000, 0x000000008a400000|100%| O|  |TAMS 0x000000008a400000, 0x000000008a300000| Untracked 
|  76|0x000000008a400000, 0x000000008a500000, 0x000000008a500000|100%| O|  |TAMS 0x000000008a400000, 0x000000008a400000| Untracked 
|  77|0x000000008a500000, 0x000000008a600000, 0x000000008a600000|100%| O|  |TAMS 0x000000008a500000, 0x000000008a500000| Untracked 
|  78|0x000000008a600000, 0x000000008a700000, 0x000000008a700000|100%| O|  |TAMS 0x000000008a600000, 0x000000008a600000| Untracked 
|  79|0x000000008a700000, 0x000000008a800000, 0x000000008a800000|100%| O|  |TAMS 0x000000008a700000, 0x000000008a700000| Untracked 
|  80|0x000000008a800000, 0x000000008a900000, 0x000000008a900000|100%| O|  |TAMS 0x000000008a800000, 0x000000008a800000| Untracked 
|  81|0x000000008a900000, 0x000000008aa00000, 0x000000008aa00000|100%| O|  |TAMS 0x000000008a900000, 0x000000008a900000| Untracked 
|  82|0x000000008aa00000, 0x000000008ab00000, 0x000000008ab00000|100%| O|  |TAMS 0x000000008aa00000, 0x000000008aa00000| Untracked 
|  83|0x000000008ab00000, 0x000000008ac00000, 0x000000008ac00000|100%| O|  |TAMS 0x000000008ab00000, 0x000000008ab00000| Untracked 
|  84|0x000000008ac00000, 0x000000008ad00000, 0x000000008ad00000|100%| O|  |TAMS 0x000000008ac00000, 0x000000008ac00000| Untracked 
|  85|0x000000008ad00000, 0x000000008ae00000, 0x000000008ae00000|100%| O|  |TAMS 0x000000008ad00000, 0x000000008ad00000| Untracked 
|  86|0x000000008ae00000, 0x000000008af00000, 0x000000008af00000|100%| O|  |TAMS 0x000000008ae00000, 0x000000008ae00000| Untracked 
|  87|0x000000008af00000, 0x000000008b000000, 0x000000008b000000|100%| O|  |TAMS 0x000000008af00000, 0x000000008af00000| Untracked 
|  88|0x000000008b000000, 0x000000008b100000, 0x000000008b100000|100%| O|  |TAMS 0x000000008b000000, 0x000000008b000000| Untracked 
|  89|0x000000008b100000, 0x000000008b200000, 0x000000008b200000|100%| O|  |TAMS 0x000000008b100000, 0x000000008b100000| Untracked 
|  90|0x000000008b200000, 0x000000008b300000, 0x000000008b300000|100%| O|  |TAMS 0x000000008b200000, 0x000000008b200000| Untracked 
|  91|0x000000008b300000, 0x000000008b400000, 0x000000008b400000|100%|HS|  |TAMS 0x000000008b300000, 0x000000008b300000| Complete 
|  92|0x000000008b400000, 0x000000008b500000, 0x000000008b500000|100%|HC|  |TAMS 0x000000008b400000, 0x000000008b400000| Complete 
|  93|0x000000008b500000, 0x000000008b600000, 0x000000008b600000|100%|HC|  |TAMS 0x000000008b500000, 0x000000008b500000| Complete 
|  94|0x000000008b600000, 0x000000008b700000, 0x000000008b700000|100%| O|  |TAMS 0x000000008b700000, 0x000000008b600000| Untracked 
|  95|0x000000008b700000, 0x000000008b800000, 0x000000008b800000|100%| O|  |TAMS 0x000000008b800000, 0x000000008b700000| Untracked 
|  96|0x000000008b800000, 0x000000008b900000, 0x000000008b900000|100%| O|  |TAMS 0x000000008b900000, 0x000000008b800000| Untracked 
|  97|0x000000008b900000, 0x000000008ba00000, 0x000000008ba00000|100%| O|  |TAMS 0x000000008ba00000, 0x000000008b900000| Untracked 
|  98|0x000000008ba00000, 0x000000008bb00000, 0x000000008bb00000|100%| O|  |TAMS 0x000000008bb00000, 0x000000008ba00000| Untracked 
|  99|0x000000008bb00000, 0x000000008bc00000, 0x000000008bc00000|100%| O|  |TAMS 0x000000008bc00000, 0x000000008bb00000| Untracked 
| 100|0x000000008bc00000, 0x000000008bd00000, 0x000000008bd00000|100%| O|  |TAMS 0x000000008bd00000, 0x000000008bc00000| Untracked 
| 101|0x000000008bd00000, 0x000000008be00000, 0x000000008be00000|100%| O|  |TAMS 0x000000008be00000, 0x000000008bd00000| Untracked 
| 102|0x000000008be00000, 0x000000008bf00000, 0x000000008bf00000|100%| O|  |TAMS 0x000000008bf00000, 0x000000008be00000| Untracked 
| 103|0x000000008bf00000, 0x000000008c000000, 0x000000008c000000|100%| O|  |TAMS 0x000000008c000000, 0x000000008bf00000| Untracked 
| 104|0x000000008c000000, 0x000000008c100000, 0x000000008c100000|100%| O|  |TAMS 0x000000008c100000, 0x000000008c000000| Untracked 
| 105|0x000000008c100000, 0x000000008c200000, 0x000000008c200000|100%| O|  |TAMS 0x000000008c200000, 0x000000008c100000| Untracked 
| 106|0x000000008c200000, 0x000000008c300000, 0x000000008c300000|100%| O|  |TAMS 0x000000008c300000, 0x000000008c200000| Untracked 
| 107|0x000000008c300000, 0x000000008c400000, 0x000000008c400000|100%| O|  |TAMS 0x000000008c400000, 0x000000008c300000| Untracked 
| 108|0x000000008c400000, 0x000000008c500000, 0x000000008c500000|100%| O|  |TAMS 0x000000008c500000, 0x000000008c400000| Untracked 
| 109|0x000000008c500000, 0x000000008c600000, 0x000000008c600000|100%| O|  |TAMS 0x000000008c600000, 0x000000008c500000| Untracked 
| 110|0x000000008c600000, 0x000000008c700000, 0x000000008c700000|100%| O|  |TAMS 0x000000008c700000, 0x000000008c600000| Untracked 
| 111|0x000000008c700000, 0x000000008c800000, 0x000000008c800000|100%| O|  |TAMS 0x000000008c800000, 0x000000008c700000| Untracked 
| 112|0x000000008c800000, 0x000000008c900000, 0x000000008c900000|100%| O|  |TAMS 0x000000008c900000, 0x000000008c800000| Untracked 
| 113|0x000000008c900000, 0x000000008ca00000, 0x000000008ca00000|100%| O|  |TAMS 0x000000008ca00000, 0x000000008c900000| Untracked 
| 114|0x000000008ca00000, 0x000000008cb00000, 0x000000008cb00000|100%| O|  |TAMS 0x000000008cb00000, 0x000000008ca00000| Untracked 
| 115|0x000000008cb00000, 0x000000008cc00000, 0x000000008cc00000|100%| O|  |TAMS 0x000000008cc00000, 0x000000008cb00000| Untracked 
| 116|0x000000008cc00000, 0x000000008cd00000, 0x000000008cd00000|100%| O|  |TAMS 0x000000008cd00000, 0x000000008cc00000| Untracked 
| 117|0x000000008cd00000, 0x000000008ce00000, 0x000000008ce00000|100%| O|  |TAMS 0x000000008ce00000, 0x000000008cd00000| Untracked 
| 118|0x000000008ce00000, 0x000000008cf00000, 0x000000008cf00000|100%| O|  |TAMS 0x000000008cf00000, 0x000000008ce00000| Untracked 
| 119|0x000000008cf00000, 0x000000008d000000, 0x000000008d000000|100%| O|  |TAMS 0x000000008d000000, 0x000000008cf00000| Untracked 
| 120|0x000000008d000000, 0x000000008d100000, 0x000000008d100000|100%| O|  |TAMS 0x000000008d100000, 0x000000008d000000| Untracked 
| 121|0x000000008d100000, 0x000000008d200000, 0x000000008d200000|100%| O|  |TAMS 0x000000008d18f400, 0x000000008d100000| Untracked 
| 122|0x000000008d200000, 0x000000008d300000, 0x000000008d300000|100%| O|  |TAMS 0x000000008d200000, 0x000000008d200000| Untracked 
| 123|0x000000008d300000, 0x000000008d400000, 0x000000008d400000|100%| O|  |TAMS 0x000000008d300000, 0x000000008d300000| Untracked 
| 124|0x000000008d400000, 0x000000008d500000, 0x000000008d500000|100%| O|  |TAMS 0x000000008d400000, 0x000000008d400000| Untracked 
| 125|0x000000008d500000, 0x000000008d600000, 0x000000008d600000|100%| O|  |TAMS 0x000000008d500000, 0x000000008d500000| Untracked 
| 126|0x000000008d600000, 0x000000008d700000, 0x000000008d700000|100%| O|  |TAMS 0x000000008d600000, 0x000000008d600000| Untracked 
| 127|0x000000008d700000, 0x000000008d800000, 0x000000008d800000|100%| O|  |TAMS 0x000000008d700000, 0x000000008d700000| Untracked 
| 128|0x000000008d800000, 0x000000008d900000, 0x000000008d900000|100%| O|  |TAMS 0x000000008d800000, 0x000000008d800000| Untracked 
| 129|0x000000008d900000, 0x000000008da00000, 0x000000008da00000|100%| O|  |TAMS 0x000000008d900000, 0x000000008d900000| Untracked 
| 130|0x000000008da00000, 0x000000008db00000, 0x000000008db00000|100%| O|  |TAMS 0x000000008da00000, 0x000000008da00000| Untracked 
| 131|0x000000008db00000, 0x000000008dbc1200, 0x000000008dc00000| 75%| O|  |TAMS 0x000000008db00000, 0x000000008db00000| Untracked 
| 132|0x000000008dc00000, 0x000000008dc00000, 0x000000008dd00000|  0%| F|  |TAMS 0x000000008dc00000, 0x000000008dc00000| Untracked 
| 133|0x000000008dd00000, 0x000000008dd00000, 0x000000008de00000|  0%| F|  |TAMS 0x000000008dd00000, 0x000000008dd00000| Untracked 
| 134|0x000000008de00000, 0x000000008de00000, 0x000000008df00000|  0%| F|  |TAMS 0x000000008de00000, 0x000000008de00000| Untracked 
| 135|0x000000008df00000, 0x000000008df00000, 0x000000008e000000|  0%| F|  |TAMS 0x000000008df00000, 0x000000008df00000| Untracked 
| 136|0x000000008e000000, 0x000000008e000000, 0x000000008e100000|  0%| F|  |TAMS 0x000000008e000000, 0x000000008e000000| Untracked 
| 137|0x000000008e100000, 0x000000008e100000, 0x000000008e200000|  0%| F|  |TAMS 0x000000008e100000, 0x000000008e100000| Untracked 
| 138|0x000000008e200000, 0x000000008e200000, 0x000000008e300000|  0%| F|  |TAMS 0x000000008e200000, 0x000000008e200000| Untracked 
| 139|0x000000008e300000, 0x000000008e300000, 0x000000008e400000|  0%| F|  |TAMS 0x000000008e300000, 0x000000008e300000| Untracked 
| 140|0x000000008e400000, 0x000000008e400000, 0x000000008e500000|  0%| F|  |TAMS 0x000000008e400000, 0x000000008e400000| Untracked 
| 141|0x000000008e500000, 0x000000008e500000, 0x000000008e600000|  0%| F|  |TAMS 0x000000008e500000, 0x000000008e500000| Untracked 
| 142|0x000000008e600000, 0x000000008e600000, 0x000000008e700000|  0%| F|  |TAMS 0x000000008e600000, 0x000000008e600000| Untracked 
| 143|0x000000008e700000, 0x000000008e700000, 0x000000008e800000|  0%| F|  |TAMS 0x000000008e700000, 0x000000008e700000| Untracked 
| 144|0x000000008e800000, 0x000000008e800000, 0x000000008e900000|  0%| F|  |TAMS 0x000000008e800000, 0x000000008e800000| Untracked 
| 145|0x000000008e900000, 0x000000008e900000, 0x000000008ea00000|  0%| F|  |TAMS 0x000000008e900000, 0x000000008e900000| Untracked 
| 146|0x000000008ea00000, 0x000000008ea00000, 0x000000008eb00000|  0%| F|  |TAMS 0x000000008ea00000, 0x000000008ea00000| Untracked 
| 147|0x000000008eb00000, 0x000000008eb00000, 0x000000008ec00000|  0%| F|  |TAMS 0x000000008eb00000, 0x000000008eb00000| Untracked 
| 148|0x000000008ec00000, 0x000000008ec00000, 0x000000008ed00000|  0%| F|  |TAMS 0x000000008ec00000, 0x000000008ec00000| Untracked 
| 149|0x000000008ed00000, 0x000000008ed00000, 0x000000008ee00000|  0%| F|  |TAMS 0x000000008ed00000, 0x000000008ed00000| Untracked 
| 150|0x000000008ee00000, 0x000000008ee00000, 0x000000008ef00000|  0%| F|  |TAMS 0x000000008ee00000, 0x000000008ee00000| Untracked 
| 151|0x000000008ef00000, 0x000000008ef00000, 0x000000008f000000|  0%| F|  |TAMS 0x000000008ef00000, 0x000000008ef00000| Untracked 
| 152|0x000000008f000000, 0x000000008f000000, 0x000000008f100000|  0%| F|  |TAMS 0x000000008f000000, 0x000000008f000000| Untracked 
| 153|0x000000008f100000, 0x000000008f100000, 0x000000008f200000|  0%| F|  |TAMS 0x000000008f100000, 0x000000008f100000| Untracked 
| 154|0x000000008f200000, 0x000000008f200000, 0x000000008f300000|  0%| F|  |TAMS 0x000000008f200000, 0x000000008f200000| Untracked 
| 155|0x000000008f300000, 0x000000008f300000, 0x000000008f400000|  0%| F|  |TAMS 0x000000008f300000, 0x000000008f300000| Untracked 
| 156|0x000000008f400000, 0x000000008f400000, 0x000000008f500000|  0%| F|  |TAMS 0x000000008f400000, 0x000000008f400000| Untracked 
| 157|0x000000008f500000, 0x000000008f500000, 0x000000008f600000|  0%| F|  |TAMS 0x000000008f500000, 0x000000008f500000| Untracked 
| 158|0x000000008f600000, 0x000000008f600000, 0x000000008f700000|  0%| F|  |TAMS 0x000000008f600000, 0x000000008f600000| Untracked 
| 159|0x000000008f700000, 0x000000008f700000, 0x000000008f800000|  0%| F|  |TAMS 0x000000008f700000, 0x000000008f700000| Untracked 
| 160|0x000000008f800000, 0x000000008f800000, 0x000000008f900000|  0%| F|  |TAMS 0x000000008f800000, 0x000000008f800000| Untracked 
| 161|0x000000008f900000, 0x000000008f900000, 0x000000008fa00000|  0%| F|  |TAMS 0x000000008f900000, 0x000000008f900000| Untracked 
| 162|0x000000008fa00000, 0x000000008fa00000, 0x000000008fb00000|  0%| F|  |TAMS 0x000000008fa00000, 0x000000008fa00000| Untracked 
| 163|0x000000008fb00000, 0x000000008fb00000, 0x000000008fc00000|  0%| F|  |TAMS 0x000000008fb00000, 0x000000008fb00000| Untracked 
| 164|0x000000008fc00000, 0x000000008fc00000, 0x000000008fd00000|  0%| F|  |TAMS 0x000000008fc00000, 0x000000008fc00000| Untracked 
| 165|0x000000008fd00000, 0x000000008fd00000, 0x000000008fe00000|  0%| F|  |TAMS 0x000000008fd00000, 0x000000008fd00000| Untracked 
| 166|0x000000008fe00000, 0x000000008fe00000, 0x000000008ff00000|  0%| F|  |TAMS 0x000000008fe00000, 0x000000008fe00000| Untracked 
| 167|0x000000008ff00000, 0x000000008ff00000, 0x0000000090000000|  0%| F|  |TAMS 0x000000008ff00000, 0x000000008ff00000| Untracked 
| 168|0x0000000090000000, 0x0000000090000000, 0x0000000090100000|  0%| F|  |TAMS 0x0000000090000000, 0x0000000090000000| Untracked 
| 169|0x0000000090100000, 0x0000000090100000, 0x0000000090200000|  0%| F|  |TAMS 0x0000000090100000, 0x0000000090100000| Untracked 
| 170|0x0000000090200000, 0x0000000090200000, 0x0000000090300000|  0%| F|  |TAMS 0x0000000090200000, 0x0000000090200000| Untracked 
| 171|0x0000000090300000, 0x0000000090300000, 0x0000000090400000|  0%| F|  |TAMS 0x0000000090300000, 0x0000000090300000| Untracked 
| 172|0x0000000090400000, 0x0000000090400000, 0x0000000090500000|  0%| F|  |TAMS 0x0000000090400000, 0x0000000090400000| Untracked 
| 173|0x0000000090500000, 0x0000000090500000, 0x0000000090600000|  0%| F|  |TAMS 0x0000000090500000, 0x0000000090500000| Untracked 
| 174|0x0000000090600000, 0x0000000090600000, 0x0000000090700000|  0%| F|  |TAMS 0x0000000090600000, 0x0000000090600000| Untracked 
| 175|0x0000000090700000, 0x0000000090700000, 0x0000000090800000|  0%| F|  |TAMS 0x0000000090700000, 0x0000000090700000| Untracked 
| 176|0x0000000090800000, 0x0000000090800000, 0x0000000090900000|  0%| F|  |TAMS 0x0000000090800000, 0x0000000090800000| Untracked 
| 177|0x0000000090900000, 0x0000000090900000, 0x0000000090a00000|  0%| F|  |TAMS 0x0000000090900000, 0x0000000090900000| Untracked 
| 178|0x0000000090a00000, 0x0000000090a00000, 0x0000000090b00000|  0%| F|  |TAMS 0x0000000090a00000, 0x0000000090a00000| Untracked 
| 179|0x0000000090b00000, 0x0000000090b00000, 0x0000000090c00000|  0%| F|  |TAMS 0x0000000090b00000, 0x0000000090b00000| Untracked 
| 180|0x0000000090c00000, 0x0000000090c00000, 0x0000000090d00000|  0%| F|  |TAMS 0x0000000090c00000, 0x0000000090c00000| Untracked 
| 181|0x0000000090d00000, 0x0000000090d00000, 0x0000000090e00000|  0%| F|  |TAMS 0x0000000090d00000, 0x0000000090d00000| Untracked 
| 182|0x0000000090e00000, 0x0000000090e00000, 0x0000000090f00000|  0%| F|  |TAMS 0x0000000090e00000, 0x0000000090e00000| Untracked 
| 183|0x0000000090f00000, 0x0000000090f00000, 0x0000000091000000|  0%| F|  |TAMS 0x0000000090f00000, 0x0000000090f00000| Untracked 
| 184|0x0000000091000000, 0x0000000091000000, 0x0000000091100000|  0%| F|  |TAMS 0x0000000091000000, 0x0000000091000000| Untracked 
| 185|0x0000000091100000, 0x0000000091100000, 0x0000000091200000|  0%| F|  |TAMS 0x0000000091100000, 0x0000000091100000| Untracked 
| 186|0x0000000091200000, 0x0000000091200000, 0x0000000091300000|  0%| F|  |TAMS 0x0000000091200000, 0x0000000091200000| Untracked 
| 187|0x0000000091300000, 0x0000000091300000, 0x0000000091400000|  0%| F|  |TAMS 0x0000000091300000, 0x0000000091300000| Untracked 
| 188|0x0000000091400000, 0x0000000091400000, 0x0000000091500000|  0%| F|  |TAMS 0x0000000091400000, 0x0000000091400000| Untracked 
| 189|0x0000000091500000, 0x0000000091500000, 0x0000000091600000|  0%| F|  |TAMS 0x0000000091500000, 0x0000000091500000| Untracked 
| 190|0x0000000091600000, 0x0000000091600000, 0x0000000091700000|  0%| F|  |TAMS 0x0000000091600000, 0x0000000091600000| Untracked 
| 191|0x0000000091700000, 0x0000000091700000, 0x0000000091800000|  0%| F|  |TAMS 0x0000000091700000, 0x0000000091700000| Untracked 
| 192|0x0000000091800000, 0x0000000091800000, 0x0000000091900000|  0%| F|  |TAMS 0x0000000091800000, 0x0000000091800000| Untracked 
| 193|0x0000000091900000, 0x0000000091900000, 0x0000000091a00000|  0%| F|  |TAMS 0x0000000091900000, 0x0000000091900000| Untracked 
| 194|0x0000000091a00000, 0x0000000091a00000, 0x0000000091b00000|  0%| F|  |TAMS 0x0000000091a00000, 0x0000000091a00000| Untracked 
| 195|0x0000000091b00000, 0x0000000091b00000, 0x0000000091c00000|  0%| F|  |TAMS 0x0000000091b00000, 0x0000000091b00000| Untracked 
| 196|0x0000000091c00000, 0x0000000091c00000, 0x0000000091d00000|  0%| F|  |TAMS 0x0000000091c00000, 0x0000000091c00000| Untracked 
| 197|0x0000000091d00000, 0x0000000091d00000, 0x0000000091e00000|  0%| F|  |TAMS 0x0000000091d00000, 0x0000000091d00000| Untracked 
| 198|0x0000000091e00000, 0x0000000091e00000, 0x0000000091f00000|  0%| F|  |TAMS 0x0000000091e00000, 0x0000000091e00000| Untracked 
| 199|0x0000000091f00000, 0x0000000091f00000, 0x0000000092000000|  0%| F|  |TAMS 0x0000000091f00000, 0x0000000091f00000| Untracked 
| 200|0x0000000092000000, 0x0000000092000000, 0x0000000092100000|  0%| F|  |TAMS 0x0000000092000000, 0x0000000092000000| Untracked 
| 201|0x0000000092100000, 0x0000000092100000, 0x0000000092200000|  0%| F|  |TAMS 0x0000000092100000, 0x0000000092100000| Untracked 
| 202|0x0000000092200000, 0x0000000092200000, 0x0000000092300000|  0%| F|  |TAMS 0x0000000092200000, 0x0000000092200000| Untracked 
| 203|0x0000000092300000, 0x0000000092300000, 0x0000000092400000|  0%| F|  |TAMS 0x0000000092300000, 0x0000000092300000| Untracked 
| 204|0x0000000092400000, 0x0000000092400000, 0x0000000092500000|  0%| F|  |TAMS 0x0000000092400000, 0x0000000092400000| Untracked 
| 205|0x0000000092500000, 0x0000000092500000, 0x0000000092600000|  0%| F|  |TAMS 0x0000000092500000, 0x0000000092500000| Untracked 
| 206|0x0000000092600000, 0x0000000092600000, 0x0000000092700000|  0%| F|  |TAMS 0x0000000092600000, 0x0000000092600000| Untracked 
| 207|0x0000000092700000, 0x0000000092700000, 0x0000000092800000|  0%| F|  |TAMS 0x0000000092700000, 0x0000000092700000| Untracked 
| 208|0x0000000092800000, 0x0000000092800000, 0x0000000092900000|  0%| F|  |TAMS 0x0000000092800000, 0x0000000092800000| Untracked 
| 209|0x0000000092900000, 0x0000000092900000, 0x0000000092a00000|  0%| F|  |TAMS 0x0000000092900000, 0x0000000092900000| Untracked 
| 210|0x0000000092a00000, 0x0000000092a00000, 0x0000000092b00000|  0%| F|  |TAMS 0x0000000092a00000, 0x0000000092a00000| Untracked 
| 211|0x0000000092b00000, 0x0000000092b00000, 0x0000000092c00000|  0%| F|  |TAMS 0x0000000092b00000, 0x0000000092b00000| Untracked 
| 212|0x0000000092c00000, 0x0000000092c00000, 0x0000000092d00000|  0%| F|  |TAMS 0x0000000092c00000, 0x0000000092c00000| Untracked 
| 213|0x0000000092d00000, 0x0000000092d00000, 0x0000000092e00000|  0%| F|  |TAMS 0x0000000092d00000, 0x0000000092d00000| Untracked 
| 214|0x0000000092e00000, 0x0000000092e00000, 0x0000000092f00000|  0%| F|  |TAMS 0x0000000092e00000, 0x0000000092e00000| Untracked 
| 215|0x0000000092f00000, 0x0000000092f00000, 0x0000000093000000|  0%| F|  |TAMS 0x0000000092f00000, 0x0000000092f00000| Untracked 
| 216|0x0000000093000000, 0x0000000093000000, 0x0000000093100000|  0%| F|  |TAMS 0x0000000093000000, 0x0000000093000000| Untracked 
| 217|0x0000000093100000, 0x0000000093100000, 0x0000000093200000|  0%| F|  |TAMS 0x0000000093100000, 0x0000000093100000| Untracked 
| 218|0x0000000093200000, 0x0000000093200000, 0x0000000093300000|  0%| F|  |TAMS 0x0000000093200000, 0x0000000093200000| Untracked 
| 219|0x0000000093300000, 0x0000000093300000, 0x0000000093400000|  0%| F|  |TAMS 0x0000000093300000, 0x0000000093300000| Untracked 
| 220|0x0000000093400000, 0x0000000093400000, 0x0000000093500000|  0%| F|  |TAMS 0x0000000093400000, 0x0000000093400000| Untracked 
| 221|0x0000000093500000, 0x0000000093500000, 0x0000000093600000|  0%| F|  |TAMS 0x0000000093500000, 0x0000000093500000| Untracked 
| 222|0x0000000093600000, 0x0000000093600000, 0x0000000093700000|  0%| F|  |TAMS 0x0000000093600000, 0x0000000093600000| Untracked 
| 223|0x0000000093700000, 0x0000000093700000, 0x0000000093800000|  0%| F|  |TAMS 0x0000000093700000, 0x0000000093700000| Untracked 
| 224|0x0000000093800000, 0x0000000093848b70, 0x0000000093900000| 28%| S|CS|TAMS 0x0000000093800000, 0x0000000093800000| Complete 
| 225|0x0000000093900000, 0x0000000093a00000, 0x0000000093a00000|100%| S|CS|TAMS 0x0000000093900000, 0x0000000093900000| Complete 
| 226|0x0000000093a00000, 0x0000000093a00000, 0x0000000093b00000|  0%| F|  |TAMS 0x0000000093a00000, 0x0000000093a00000| Untracked 
| 227|0x0000000093b00000, 0x0000000093b00000, 0x0000000093c00000|  0%| F|  |TAMS 0x0000000093b00000, 0x0000000093b00000| Untracked 
| 228|0x0000000093c00000, 0x0000000093c00000, 0x0000000093d00000|  0%| F|  |TAMS 0x0000000093c00000, 0x0000000093c00000| Untracked 
| 229|0x0000000093d00000, 0x0000000093d00000, 0x0000000093e00000|  0%| F|  |TAMS 0x0000000093d00000, 0x0000000093d00000| Untracked 
| 230|0x0000000093e00000, 0x0000000093e00000, 0x0000000093f00000|  0%| F|  |TAMS 0x0000000093e00000, 0x0000000093e00000| Untracked 
| 231|0x0000000093f00000, 0x0000000093f00000, 0x0000000094000000|  0%| F|  |TAMS 0x0000000093f00000, 0x0000000093f00000| Untracked 
| 232|0x0000000094000000, 0x0000000094000000, 0x0000000094100000|  0%| F|  |TAMS 0x0000000094000000, 0x0000000094000000| Untracked 

Card table byte_map: [0x0000019e20110000,0x0000019e204f0000] _byte_map_base: 0x0000019e1fce4000

Marking Bits (Prev, Next): (CMBitMap*) 0x0000019e14f101f0, (CMBitMap*) 0x0000019e14f10230
 Prev Bits: [0x0000019e208d0000, 0x0000019e22770000)
 Next Bits: [0x0000019e22770000, 0x0000019e24610000)

Polling page: 0x0000019e12e10000

Metaspace:

Usage:
  Non-class:     60.04 MB used.
      Class:     10.41 MB used.
       Both:     70.45 MB used.

Virtual space:
  Non-class space:       64.00 MB reserved,      60.31 MB ( 94%) committed,  1 nodes.
      Class space:        1.00 GB reserved,      10.69 MB (  1%) committed,  1 nodes.
             Both:        1.06 GB reserved,      71.00 MB (  7%) committed. 

Chunk freelists:
   Non-Class:  3.50 MB
       Class:  5.26 MB
        Both:  8.77 MB

MaxMetaspaceSize: unlimited
CompressedClassSpaceSize: 1.00 GB
Initial GC threshold: 21.00 MB
Current GC threshold: 118.38 MB
CDS: on
MetaspaceReclaimPolicy: balanced
 - commit_granule_bytes: 65536.
 - commit_granule_words: 8192.
 - virtual_space_node_default_size: 8388608.
 - enlarge_chunks_in_place: 1.
 - new_chunks_are_fully_committed: 0.
 - uncommit_free_chunks: 1.
 - use_allocation_guard: 0.
 - handle_deallocations: 1.


Internal statistics:

num_allocs_failed_limit: 9.
num_arena_births: 896.
num_arena_deaths: 2.
num_vsnodes_births: 2.
num_vsnodes_deaths: 0.
num_space_committed: 1136.
num_space_uncommitted: 0.
num_chunks_returned_to_freelist: 12.
num_chunks_taken_from_freelist: 3701.
num_chunk_merges: 9.
num_chunk_splits: 2650.
num_chunks_enlarged: 2047.
num_inconsistent_stats: 0.

CodeCache: size=49152Kb used=16205Kb max_used=16205Kb free=32946Kb
 bounds [0x0000019e1c9f0000, 0x0000019e1d9d0000, 0x0000019e1f9f0000]
 total_blobs=9208 nmethods=8514 adapters=616
 compilation: enabled
              stopped_count=0, restarted_count=0
 full_count=0

Compilation events (20 events):
Event: 6.017 Thread 0x0000019e6dc02220 8499       1       org.hibernate.resource.jdbc.internal.AbstractLogicalConnectionImplementor::getResourceRegistry (5 bytes)
Event: 6.017 Thread 0x0000019e274a0140 8500       1       org.hibernate.engine.internal.StatefulPersistenceContext::getSession (5 bytes)
Event: 6.017 Thread 0x0000019e6dc02220 nmethod 8499 0x0000019e1d9bf590 code [0x0000019e1d9bf720, 0x0000019e1d9bf7f8]
Event: 6.017 Thread 0x0000019e274a0140 nmethod 8500 0x0000019e1d9bf890 code [0x0000019e1d9bfa20, 0x0000019e1d9bfaf8]
Event: 6.017 Thread 0x0000019e275a62c0 nmethod 8503 0x0000019e1d9bfb90 code [0x0000019e1d9bfda0, 0x0000019e1d9c00c8]
Event: 6.017 Thread 0x0000019e275b9b00 nmethod 8506 0x0000019e1d9c0290 code [0x0000019e1d9c0440, 0x0000019e1d9c0668]
Event: 6.017 Thread 0x0000019e275a62c0 8508       1       org.springframework.data.projection.DefaultMethodInvokingMethodInterceptor$$Lambda$1335/0x0000019e29962de8::matches (5 bytes)
Event: 6.017 Thread 0x0000019e275a62c0 nmethod 8508 0x0000019e1d9c0790 code [0x0000019e1d9c0940, 0x0000019e1d9c0a68]
Event: 6.043 Thread 0x0000019e275a62c0 8509       1       org.antlr.v4.runtime.dfa.DFAState::equals (35 bytes)
Event: 6.043 Thread 0x0000019e274a0140 8510       1       org.antlr.v4.runtime.atn.ATNConfigSet::equals (105 bytes)
Event: 6.043 Thread 0x0000019e275a62c0 nmethod 8509 0x0000019e1d9c0b90 code [0x0000019e1d9c0d40, 0x0000019e1d9c0f28]
Event: 6.043 Thread 0x0000019e274a0140 nmethod 8510 0x0000019e1d9c1010 code [0x0000019e1d9c11c0, 0x0000019e1d9c1428]
Event: 6.046 Thread 0x0000019e274a0140 8511       1       org.antlr.v4.runtime.misc.FlexibleHashMap::<init> (60 bytes)
Event: 6.047 Thread 0x0000019e274a0140 nmethod 8511 0x0000019e1d9c1510 code [0x0000019e1d9c16e0, 0x0000019e1d9c1988]
Event: 6.047 Thread 0x0000019e275b9b00 8512       1       org.antlr.v4.runtime.atn.PredictionMode::allConfigsInRuleStopStates (41 bytes)
Event: 6.048 Thread 0x0000019e275b9b00 nmethod 8512 0x0000019e1d9c1a90 code [0x0000019e1d9c1c40, 0x0000019e1d9c1ee8]
Event: 6.049 Thread 0x0000019e275b9b00 8513       1       sun.net.util.URLUtil::urlNoFragString (114 bytes)
Event: 6.049 Thread 0x0000019e275b9b00 nmethod 8513 0x0000019e1d9c2090 code [0x0000019e1d9c22e0, 0x0000019e1d9c2838]
Event: 6.066 Thread 0x0000019e275a62c0 8514       1       org.antlr.v4.runtime.atn.PredictionMode::hasSLLConflictTerminatingPrediction (109 bytes)
Event: 6.067 Thread 0x0000019e275a62c0 nmethod 8514 0x0000019e1d9c2b90 code [0x0000019e1d9c2da0, 0x0000019e1d9c3258]

GC Heap History (20 events):
Event: 4.239 GC heap after
{Heap after GC invocations=13 (full 0):
 garbage-first heap   total 124928K, used 42101K [0x0000000085800000, 0x0000000100000000)
  region size 1024K, 4 young (4096K), 4 survivors (4096K)
 Metaspace       used 52107K, committed 52608K, reserved 1114112K
  class space    used 7362K, committed 7552K, reserved 1048576K
}
Event: 4.558 GC heap before
{Heap before GC invocations=13 (full 0):
 garbage-first heap   total 124928K, used 95349K [0x0000000085800000, 0x0000000100000000)
  region size 1024K, 55 young (56320K), 4 survivors (4096K)
 Metaspace       used 57622K, committed 58112K, reserved 1114112K
  class space    used 8310K, committed 8512K, reserved 1048576K
}
Event: 4.561 GC heap after
{Heap after GC invocations=14 (full 0):
 garbage-first heap   total 124928K, used 44860K [0x0000000085800000, 0x0000000100000000)
  region size 1024K, 1 young (1024K), 1 survivors (1024K)
 Metaspace       used 57622K, committed 58112K, reserved 1114112K
  class space    used 8310K, committed 8512K, reserved 1048576K
}
Event: 4.836 GC heap before
{Heap before GC invocations=14 (full 0):
 garbage-first heap   total 124928K, used 73532K [0x0000000085800000, 0x0000000100000000)
  region size 1024K, 30 young (30720K), 1 survivors (1024K)
 Metaspace       used 59637K, committed 60160K, reserved 1114112K
  class space    used 8599K, committed 8832K, reserved 1048576K
}
Event: 4.840 GC heap after
{Heap after GC invocations=15 (full 0):
 garbage-first heap   total 124928K, used 45567K [0x0000000085800000, 0x0000000100000000)
  region size 1024K, 2 young (2048K), 2 survivors (2048K)
 Metaspace       used 59637K, committed 60160K, reserved 1114112K
  class space    used 8599K, committed 8832K, reserved 1048576K
}
Event: 5.491 GC heap before
{Heap before GC invocations=16 (full 0):
 garbage-first heap   total 124928K, used 97791K [0x0000000085800000, 0x0000000100000000)
  region size 1024K, 54 young (55296K), 2 survivors (2048K)
 Metaspace       used 67557K, committed 68224K, reserved 1114112K
  class space    used 9846K, committed 10176K, reserved 1048576K
}
Event: 5.498 GC heap after
{Heap after GC invocations=17 (full 0):
 garbage-first heap   total 124928K, used 50352K [0x0000000085800000, 0x0000000100000000)
  region size 1024K, 7 young (7168K), 7 survivors (7168K)
 Metaspace       used 67557K, committed 68224K, reserved 1114112K
  class space    used 9846K, committed 10176K, reserved 1048576K
}
Event: 5.508 GC heap before
{Heap before GC invocations=17 (full 0):
 garbage-first heap   total 124928K, used 51376K [0x0000000085800000, 0x0000000100000000)
  region size 1024K, 8 young (8192K), 7 survivors (7168K)
 Metaspace       used 67833K, committed 68480K, reserved 1114112K
  class space    used 9932K, committed 10240K, reserved 1048576K
}
Event: 5.515 GC heap after
{Heap after GC invocations=18 (full 0):
 garbage-first heap   total 238592K, used 49827K [0x0000000085800000, 0x0000000100000000)
  region size 1024K, 1 young (1024K), 1 survivors (1024K)
 Metaspace       used 67833K, committed 68480K, reserved 1114112K
  class space    used 9932K, committed 10240K, reserved 1048576K
}
Event: 6.021 GC heap before
{Heap before GC invocations=18 (full 0):
 garbage-first heap   total 238592K, used 179875K [0x0000000085800000, 0x0000000100000000)
  region size 1024K, 128 young (131072K), 1 survivors (1024K)
 Metaspace       used 72135K, committed 72704K, reserved 1114112K
  class space    used 10660K, committed 10944K, reserved 1048576K
}
Event: 6.026 GC heap after
{Heap after GC invocations=19 (full 0):
 garbage-first heap   total 238592K, used 54243K [0x0000000085800000, 0x0000000100000000)
  region size 1024K, 5 young (5120K), 5 survivors (5120K)
 Metaspace       used 72135K, committed 72704K, reserved 1114112K
  class space    used 10660K, committed 10944K, reserved 1048576K
}
Event: 6.200 GC heap before
{Heap before GC invocations=19 (full 0):
 garbage-first heap   total 238592K, used 192483K [0x0000000085800000, 0x0000000100000000)
  region size 1024K, 139 young (142336K), 5 survivors (5120K)
 Metaspace       used 72143K, committed 72704K, reserved 1114112K
  class space    used 10662K, committed 10944K, reserved 1048576K
}
Event: 6.225 GC heap after
{Heap after GC invocations=20 (full 0):
 garbage-first heap   total 238592K, used 87591K [0x0000000085800000, 0x0000000100000000)
  region size 1024K, 18 young (18432K), 18 survivors (18432K)
 Metaspace       used 72143K, committed 72704K, reserved 1114112K
  class space    used 10662K, committed 10944K, reserved 1048576K
}
Event: 6.337 GC heap before
{Heap before GC invocations=20 (full 0):
 garbage-first heap   total 238592K, used 171559K [0x0000000085800000, 0x0000000100000000)
  region size 1024K, 98 young (100352K), 18 survivors (18432K)
 Metaspace       used 72143K, committed 72704K, reserved 1114112K
  class space    used 10662K, committed 10944K, reserved 1048576K
}
Event: 6.363 GC heap after
{Heap after GC invocations=21 (full 0):
 garbage-first heap   total 238592K, used 118522K [0x0000000085800000, 0x0000000100000000)
  region size 1024K, 13 young (13312K), 13 survivors (13312K)
 Metaspace       used 72143K, committed 72704K, reserved 1114112K
  class space    used 10662K, committed 10944K, reserved 1048576K
}
Event: 6.388 GC heap before
{Heap before GC invocations=21 (full 0):
 garbage-first heap   total 238592K, used 135930K [0x0000000085800000, 0x0000000100000000)
  region size 1024K, 31 young (31744K), 13 survivors (13312K)
 Metaspace       used 72143K, committed 72704K, reserved 1114112K
  class space    used 10662K, committed 10944K, reserved 1048576K
}
Event: 6.405 GC heap after
{Heap after GC invocations=22 (full 0):
 garbage-first heap   total 238592K, used 129753K [0x0000000085800000, 0x0000000100000000)
  region size 1024K, 9 young (9216K), 9 survivors (9216K)
 Metaspace       used 72143K, committed 72704K, reserved 1114112K
  class space    used 10662K, committed 10944K, reserved 1048576K
}
Event: 6.532 GC heap before
{Heap before GC invocations=23 (full 0):
 garbage-first heap   total 238592K, used 176857K [0x0000000085800000, 0x0000000100000000)
  region size 1024K, 53 young (54272K), 9 survivors (9216K)
 Metaspace       used 72139K, committed 72704K, reserved 1114112K
  class space    used 10661K, committed 10944K, reserved 1048576K
}
Event: 6.540 GC heap after
{Heap after GC invocations=24 (full 0):
 garbage-first heap   total 238592K, used 135696K [0x0000000085800000, 0x0000000100000000)
  region size 1024K, 4 young (4096K), 4 survivors (4096K)
 Metaspace       used 72139K, committed 72704K, reserved 1114112K
  class space    used 10661K, committed 10944K, reserved 1048576K
}
Event: 6.549 GC heap before
{Heap before GC invocations=24 (full 0):
 garbage-first heap   total 238592K, used 142864K [0x0000000085800000, 0x0000000100000000)
  region size 1024K, 11 young (11264K), 4 survivors (4096K)
 Metaspace       used 72139K, committed 72704K, reserved 1114112K
  class space    used 10661K, committed 10944K, reserved 1048576K
}

Dll operation events (10 events):
Event: 0.004 Loaded shared library C:\Program Files\Eclipse Adoptium\jdk-17.0.16.8-hotspot\bin\java.dll
Event: 0.014 Loaded shared library C:\Program Files\Eclipse Adoptium\jdk-17.0.16.8-hotspot\bin\jsvml.dll
Event: 0.042 Loaded shared library C:\Program Files\Eclipse Adoptium\jdk-17.0.16.8-hotspot\bin\net.dll
Event: 0.043 Loaded shared library C:\Program Files\Eclipse Adoptium\jdk-17.0.16.8-hotspot\bin\nio.dll
Event: 0.045 Loaded shared library C:\Program Files\Eclipse Adoptium\jdk-17.0.16.8-hotspot\bin\zip.dll
Event: 0.112 Loaded shared library C:\Program Files\Eclipse Adoptium\jdk-17.0.16.8-hotspot\bin\jimage.dll
Event: 0.394 Loaded shared library C:\Program Files\Eclipse Adoptium\jdk-17.0.16.8-hotspot\bin\management.dll
Event: 0.396 Loaded shared library C:\Program Files\Eclipse Adoptium\jdk-17.0.16.8-hotspot\bin\management_ext.dll
Event: 1.609 Loaded shared library C:\Program Files\Eclipse Adoptium\jdk-17.0.16.8-hotspot\bin\sunmscapi.dll
Event: 3.475 Loaded shared library C:\Program Files\Eclipse Adoptium\jdk-17.0.16.8-hotspot\bin\verify.dll

Deoptimization events (6 events):
Event: 3.792 Thread 0x0000019e275f4510 DEOPT PACKING pc=0x0000019e1cf40319 sp=0x00000022f02f8160
Event: 3.792 Thread 0x0000019e275f4510 DEOPT UNPACKING pc=0x0000019e1ca47143 sp=0x00000022f02f7600 mode 3
Event: 3.792 Thread 0x0000019e275f4a20 DEOPT PACKING pc=0x0000019e1cee8b2f sp=0x00000022f11fec80
Event: 3.792 Thread 0x0000019e275f4a20 DEOPT UNPACKING pc=0x0000019e1ca47143 sp=0x00000022f11fe0e8 mode 3
Event: 4.425 Thread 0x0000019e275f4510 DEOPT PACKING pc=0x0000019e1d616cdc sp=0x00000022f02f7020
Event: 4.425 Thread 0x0000019e275f4510 DEOPT UNPACKING pc=0x0000019e1ca47143 sp=0x00000022f02f64c0 mode 0

Classes loaded (20 events):
Event: 5.923 Loading class sun/net/www/protocol/http/Handler
Event: 5.923 Loading class sun/net/www/protocol/http/Handler done
Event: 5.924 Loading class javax/crypto/JceSecurity$WeakIdentityWrapper
Event: 5.924 Loading class javax/crypto/JceSecurity$WeakIdentityWrapper done
Event: 5.924 Loading class javax/crypto/JceSecurity$2
Event: 5.924 Loading class javax/crypto/JceSecurity$2 done
Event: 5.924 Loading class javax/crypto/JceSecurity$3
Event: 5.924 Loading class javax/crypto/JceSecurity$3 done
Event: 5.924 Loading class java/security/AllPermissionCollection
Event: 5.924 Loading class java/security/AllPermissionCollection done
Event: 5.924 Loading class javax/crypto/ProviderVerifier
Event: 5.924 Loading class javax/crypto/ProviderVerifier done
Event: 5.924 Loading class com/sun/crypto/provider/PBKDF2Core$HmacSHA256
Event: 5.924 Loading class com/sun/crypto/provider/PBKDF2Core
Event: 5.924 Loading class javax/crypto/SecretKeyFactorySpi
Event: 5.924 Loading class javax/crypto/SecretKeyFactorySpi done
Event: 5.924 Loading class com/sun/crypto/provider/PBKDF2Core done
Event: 5.924 Loading class com/sun/crypto/provider/PBKDF2Core$HmacSHA256 done
Event: 5.975 Loading class sun/reflect/annotation/AnnotationInvocationHandler$1
Event: 5.975 Loading class sun/reflect/annotation/AnnotationInvocationHandler$1 done

Classes unloaded (1 events):
Event: 6.459 Thread 0x0000019e26ed50a0 Unloading class 0x0000019e29a7c000 'jdk/internal/reflect/GeneratedSerializationConstructorAccessor1'

Classes redefined (0 events):
No events

Internal exceptions (20 events):
Event: 5.345 Thread 0x0000019e275f4510 Exception <a 'java/lang/IncompatibleClassChangeError'{0x000000008ab934f8}: Found class java.lang.Object, but interface was expected> (0x000000008ab934f8) 
thrown [s\src\hotspot\share\interpreter\linkResolver.cpp, line 826]
Event: 5.372 Thread 0x0000019e275f4510 Exception <a 'java/lang/reflect/InvocationTargetException'{0x000000008a9aac18}> (0x000000008a9aac18) 
thrown [s\src\hotspot\share\runtime\reflection.cpp, line 1128]
Event: 5.373 Thread 0x0000019e275f4510 Exception <a 'java/lang/reflect/InvocationTargetException'{0x000000008a9b84a8}> (0x000000008a9b84a8) 
thrown [s\src\hotspot\share\runtime\reflection.cpp, line 1128]
Event: 5.374 Thread 0x0000019e275f4510 Exception <a 'java/lang/reflect/InvocationTargetException'{0x000000008a9c3ae8}> (0x000000008a9c3ae8) 
thrown [s\src\hotspot\share\runtime\reflection.cpp, line 1128]
Event: 5.376 Thread 0x0000019e275f4510 Exception <a 'java/lang/reflect/InvocationTargetException'{0x000000008a9fb080}> (0x000000008a9fb080) 
thrown [s\src\hotspot\share\runtime\reflection.cpp, line 1128]
Event: 5.619 Thread 0x0000019e275f4510 Exception <a 'java/lang/reflect/InvocationTargetException'{0x0000000092319528}> (0x0000000092319528) 
thrown [s\src\hotspot\share\runtime\reflection.cpp, line 1128]
Event: 5.695 Thread 0x0000019e275f4510 Exception <a 'java/lang/reflect/InvocationTargetException'{0x000000008ff13918}> (0x000000008ff13918) 
thrown [s\src\hotspot\share\runtime\reflection.cpp, line 1128]
Event: 5.711 Thread 0x0000019e275f4510 Exception <a 'java/lang/reflect/InvocationTargetException'{0x000000008fa02f98}> (0x000000008fa02f98) 
thrown [s\src\hotspot\share\runtime\reflection.cpp, line 1128]
Event: 5.712 Thread 0x0000019e275f4510 Exception <a 'java/lang/reflect/InvocationTargetException'{0x000000008fa0f8e0}> (0x000000008fa0f8e0) 
thrown [s\src\hotspot\share\runtime\reflection.cpp, line 1128]
Event: 5.716 Thread 0x0000019e275f4510 Exception <a 'java/lang/reflect/InvocationTargetException'{0x000000008fa51a78}> (0x000000008fa51a78) 
thrown [s\src\hotspot\share\runtime\reflection.cpp, line 1128]
Event: 5.741 Thread 0x0000019e275f4510 Exception <a 'java/lang/reflect/InvocationTargetException'{0x000000008ea02df0}> (0x000000008ea02df0) 
thrown [s\src\hotspot\share\runtime\reflection.cpp, line 1128]
Event: 5.742 Thread 0x0000019e275f4510 Exception <a 'java/lang/reflect/InvocationTargetException'{0x000000008ea0fa08}> (0x000000008ea0fa08) 
thrown [s\src\hotspot\share\runtime\reflection.cpp, line 1128]
Event: 5.749 Thread 0x0000019e275f4510 Exception <a 'java/lang/reflect/InvocationTargetException'{0x000000008e600908}> (0x000000008e600908) 
thrown [s\src\hotspot\share\runtime\reflection.cpp, line 1128]
Event: 5.750 Thread 0x0000019e275f4510 Exception <a 'java/lang/reflect/InvocationTargetException'{0x000000008e613678}> (0x000000008e613678) 
thrown [s\src\hotspot\share\runtime\reflection.cpp, line 1128]
Event: 5.751 Thread 0x0000019e275f4510 Exception <a 'java/lang/reflect/InvocationTargetException'{0x000000008e620260}> (0x000000008e620260) 
thrown [s\src\hotspot\share\runtime\reflection.cpp, line 1128]
Event: 5.752 Thread 0x0000019e275f4510 Exception <a 'java/lang/reflect/InvocationTargetException'{0x000000008e6348f8}> (0x000000008e6348f8) 
thrown [s\src\hotspot\share\runtime\reflection.cpp, line 1128]
Event: 5.773 Thread 0x0000019e275f4510 Exception <a 'java/lang/NoSuchMethodError'{0x000000008e053570}: 'int java.lang.invoke.DirectMethodHandle$Holder.invokeStaticInit(java.lang.Object, int, java.lang.Object, java.lang.Object, java.lang.Object, java.lang.Object)'> (0x000000008e053570) 
thrown [s\src\hotspot\share\interpreter\linkResolver.cpp, line 759]
Event: 5.839 Thread 0x0000019e275f4510 Exception <a 'java/lang/NoSuchMethodError'{0x000000008db65610}: 'long java.lang.invoke.DirectMethodHandle$Holder.invokeVirtual(java.lang.Object, java.lang.Object)'> (0x000000008db65610) 
thrown [s\src\hotspot\share\interpreter\linkResolver.cpp, line 759]
Event: 5.843 Thread 0x0000019e275f4510 Exception <a 'java/io/FileNotFoundException'{0x000000008db980c0}> (0x000000008db980c0) 
thrown [s\src\hotspot\share\prims\jni.cpp, line 516]
Event: 5.919 Thread 0x0000019e275f4510 Exception <a 'sun/nio/fs/WindowsException'{0x000000008d47a170}> (0x000000008d47a170) 
thrown [s\src\hotspot\share\prims\jni.cpp, line 516]

VM Operations (20 events):
Event: 5.920 Executing VM operation: HandshakeAllThreads done
Event: 5.924 Executing VM operation: HandshakeAllThreads
Event: 5.924 Executing VM operation: HandshakeAllThreads done
Event: 5.973 Executing VM operation: HandshakeAllThreads
Event: 5.973 Executing VM operation: HandshakeAllThreads done
Event: 6.021 Executing VM operation: G1CollectForAllocation
Event: 6.026 Executing VM operation: G1CollectForAllocation done
Event: 6.200 Executing VM operation: G1CollectForAllocation
Event: 6.225 Executing VM operation: G1CollectForAllocation done
Event: 6.337 Executing VM operation: G1CollectForAllocation
Event: 6.363 Executing VM operation: G1CollectForAllocation done
Event: 6.388 Executing VM operation: G1TryInitiateConcMark
Event: 6.405 Executing VM operation: G1TryInitiateConcMark done
Event: 6.458 Executing VM operation: G1PauseRemark
Event: 6.475 Executing VM operation: G1PauseRemark done
Event: 6.505 Executing VM operation: G1PauseCleanup
Event: 6.505 Executing VM operation: G1PauseCleanup done
Event: 6.532 Executing VM operation: G1CollectForAllocation
Event: 6.541 Executing VM operation: G1CollectForAllocation done
Event: 6.549 Executing VM operation: G1CollectForAllocation

Memory protections (0 events):
No events

Nmethod flushes (0 events):
No events

Events (20 events):
Event: 0.038 Thread 0x0000019e14eaad90 Thread added: 0x0000019e275f30d0
Event: 0.039 Thread 0x0000019e14eaad90 Thread added: 0x0000019e275f35e0
Event: 0.423 Thread 0x0000019e14eaad90 Thread added: 0x0000019e275f4f30
Event: 0.424 Thread 0x0000019e275f4f30 Thread added: 0x0000019e275f4510
Event: 0.683 Thread 0x0000019e275f4510 Thread added: 0x0000019e275f5440
Event: 0.706 Thread 0x0000019e275f5440 Thread exited: 0x0000019e275f5440
Event: 0.831 Thread 0x0000019e275f4510 Thread added: 0x0000019e275f2bc0
Event: 1.325 Thread 0x0000019e275a62c0 Thread added: 0x0000019e6dc02220
Event: 1.456 Thread 0x0000019e275f4510 Thread added: 0x0000019e275f4a20
Event: 1.594 Thread 0x0000019e275f4a20 Thread exited: 0x0000019e275f4a20
Event: 1.627 Thread 0x0000019e275f2bc0 Thread exited: 0x0000019e275f2bc0
Event: 3.591 Thread 0x0000019e275f4510 Thread added: 0x0000019e275f4000
Event: 3.784 Thread 0x0000019e275f4510 Thread added: 0x0000019e275f1c90
Event: 3.790 Thread 0x0000019e275f4510 Thread added: 0x0000019e275f4a20
Event: 3.893 Thread 0x0000019e275f4a20 Thread added: 0x0000019e275f5440
Event: 4.288 Thread 0x0000019e275f1c90 Thread added: 0x0000019e275f26b0
Event: 4.291 Thread 0x0000019e275f26b0 Thread added: 0x0000019e275f21a0
Event: 5.851 Thread 0x0000019e275f4510 Thread added: 0x0000019e6f734780
Event: 5.853 Thread 0x0000019e6f734780 Thread added: 0x0000019e6f734c90
Event: 5.855 Thread 0x0000019e275f4510 Thread added: 0x0000019e6f7351a0


Dynamic libraries:
0x00007ff72c710000 - 0x00007ff72c71e000 	C:\Program Files\Eclipse Adoptium\jdk-17.0.16.8-hotspot\bin\java.exe
0x00007ff85c320000 - 0x00007ff85c588000 	C:\WINDOWS\SYSTEM32\ntdll.dll
0x00007ff85a0d0000 - 0x00007ff85a199000 	C:\WINDOWS\System32\KERNEL32.DLL
0x00007ff858ed0000 - 0x00007ff8592c1000 	C:\WINDOWS\System32\KERNELBASE.dll
0x00007ff8595b0000 - 0x00007ff8596fb000 	C:\WINDOWS\System32\ucrtbase.dll
0x00007ff821300000 - 0x00007ff82131e000 	C:\Program Files\Eclipse Adoptium\jdk-17.0.16.8-hotspot\bin\VCRUNTIME140.dll
0x00007ff8510d0000 - 0x00007ff8510e7000 	C:\Program Files\Eclipse Adoptium\jdk-17.0.16.8-hotspot\bin\jli.dll
0x00007ff85b220000 - 0x00007ff85b3e6000 	C:\WINDOWS\System32\USER32.dll
0x00007ff858c00000 - 0x00007ff858c27000 	C:\WINDOWS\System32\win32u.dll
0x00007ff85bc00000 - 0x00007ff85bc2b000 	C:\WINDOWS\System32\GDI32.dll
0x00007ff858da0000 - 0x00007ff858ecb000 	C:\WINDOWS\System32\gdi32full.dll
0x00007ff859380000 - 0x00007ff859423000 	C:\WINDOWS\System32\msvcp_win.dll
0x00007ff836b70000 - 0x00007ff836e03000 	C:\WINDOWS\WinSxS\amd64_microsoft.windows.common-controls_6595b64144ccf1df_6.0.26100.7824_none_3e0870b2e3345462\COMCTL32.dll
0x00007ff85ac70000 - 0x00007ff85ad19000 	C:\WINDOWS\System32\msvcrt.dll
0x00007ff85abe0000 - 0x00007ff85ac11000 	C:\WINDOWS\System32\IMM32.DLL
0x00007ff83bfe0000 - 0x00007ff83bfec000 	C:\Program Files\Eclipse Adoptium\jdk-17.0.16.8-hotspot\bin\vcruntime140_1.dll
0x00007ff810940000 - 0x00007ff8109cd000 	C:\Program Files\Eclipse Adoptium\jdk-17.0.16.8-hotspot\bin\msvcp140.dll
0x00007fff6d0d0000 - 0x00007fff6dd3b000 	C:\Program Files\Eclipse Adoptium\jdk-17.0.16.8-hotspot\bin\server\jvm.dll
0x00007ff85a2a0000 - 0x00007ff85a354000 	C:\WINDOWS\System32\ADVAPI32.dll
0x00007ff85bb50000 - 0x00007ff85bbf6000 	C:\WINDOWS\System32\sechost.dll
0x00007ff85bc30000 - 0x00007ff85bd48000 	C:\WINDOWS\System32\RPCRT4.dll
0x00007ff85bd60000 - 0x00007ff85bdd4000 	C:\WINDOWS\System32\WS2_32.dll
0x00007ff853bd0000 - 0x00007ff853c05000 	C:\WINDOWS\SYSTEM32\WINMM.dll
0x00007ff84e8a0000 - 0x00007ff84e8ab000 	C:\WINDOWS\SYSTEM32\VERSION.dll
0x00007ff858a60000 - 0x00007ff858abe000 	C:\WINDOWS\SYSTEM32\POWRPROF.dll
0x00007ff858a40000 - 0x00007ff858a54000 	C:\WINDOWS\SYSTEM32\UMPDC.dll
0x00007ff8579a0000 - 0x00007ff8579bb000 	C:\WINDOWS\SYSTEM32\kernel.appcore.dll
0x00007ff8356e0000 - 0x00007ff8356ea000 	C:\Program Files\Eclipse Adoptium\jdk-17.0.16.8-hotspot\bin\jimage.dll
0x00007ff856a30000 - 0x00007ff856c72000 	C:\WINDOWS\SYSTEM32\DBGHELP.DLL
0x00007ff85bf50000 - 0x00007ff85c2d6000 	C:\WINDOWS\System32\combase.dll
0x00007ff85af00000 - 0x00007ff85afd7000 	C:\WINDOWS\System32\OLEAUT32.dll
0x00007ff834260000 - 0x00007ff83429b000 	C:\WINDOWS\SYSTEM32\dbgcore.DLL
0x00007ff8592d0000 - 0x00007ff859375000 	C:\WINDOWS\System32\bcryptPrimitives.dll
0x00007ff814f40000 - 0x00007ff814f65000 	C:\Program Files\Eclipse Adoptium\jdk-17.0.16.8-hotspot\bin\java.dll
0x00007ff810860000 - 0x00007ff810937000 	C:\Program Files\Eclipse Adoptium\jdk-17.0.16.8-hotspot\bin\jsvml.dll
0x00007ff85b3f0000 - 0x00007ff85bb42000 	C:\WINDOWS\System32\SHELL32.dll
0x00007ff858c30000 - 0x00007ff858d9a000 	C:\WINDOWS\System32\wintypes.dll
0x00007ff859850000 - 0x00007ff85a0b3000 	C:\WINDOWS\System32\windows.storage.dll
0x00007ff85bdf0000 - 0x00007ff85bee6000 	C:\WINDOWS\System32\SHCORE.dll
0x00007ff85a230000 - 0x00007ff85a297000 	C:\WINDOWS\System32\shlwapi.dll
0x00007ff858b20000 - 0x00007ff858b49000 	C:\WINDOWS\SYSTEM32\profapi.dll
0x00007ff8212b0000 - 0x00007ff8212c9000 	C:\Program Files\Eclipse Adoptium\jdk-17.0.16.8-hotspot\bin\net.dll
0x00007ff851550000 - 0x00007ff851677000 	C:\WINDOWS\SYSTEM32\WINHTTP.dll
0x00007ff857f10000 - 0x00007ff857f7b000 	C:\WINDOWS\system32\mswsock.dll
0x00007ff813dd0000 - 0x00007ff813de6000 	C:\Program Files\Eclipse Adoptium\jdk-17.0.16.8-hotspot\bin\nio.dll
0x00007ff812870000 - 0x00007ff812888000 	C:\Program Files\Eclipse Adoptium\jdk-17.0.16.8-hotspot\bin\zip.dll
0x00007ff814f30000 - 0x00007ff814f3a000 	C:\Program Files\Eclipse Adoptium\jdk-17.0.16.8-hotspot\bin\management.dll
0x00007ff813dc0000 - 0x00007ff813dcb000 	C:\Program Files\Eclipse Adoptium\jdk-17.0.16.8-hotspot\bin\management_ext.dll
0x00007ff85a0c0000 - 0x00007ff85a0c8000 	C:\WINDOWS\System32\PSAPI.DLL
0x00007ff857370000 - 0x00007ff8573a4000 	C:\WINDOWS\SYSTEM32\IPHLPAPI.DLL
0x00007ff85bde0000 - 0x00007ff85bdea000 	C:\WINDOWS\System32\NSI.dll
0x00007ff852430000 - 0x00007ff85244e000 	C:\WINDOWS\SYSTEM32\dhcpcsvc6.DLL
0x00007ff851ee0000 - 0x00007ff851f03000 	C:\WINDOWS\SYSTEM32\dhcpcsvc.DLL
0x00007ff8573b0000 - 0x00007ff8574dc000 	C:\WINDOWS\SYSTEM32\DNSAPI.dll
0x00007ff84e890000 - 0x00007ff84e89b000 	C:\Windows\System32\rasadhlp.dll
0x00007ff852a30000 - 0x00007ff852ab6000 	C:\WINDOWS\System32\fwpuclnt.dll
0x00007ff813680000 - 0x00007ff81368e000 	C:\Program Files\Eclipse Adoptium\jdk-17.0.16.8-hotspot\bin\sunmscapi.dll
0x00007ff859430000 - 0x00007ff8595a7000 	C:\WINDOWS\System32\CRYPT32.dll
0x00007ff858400000 - 0x00007ff858430000 	C:\WINDOWS\SYSTEM32\ncrypt.dll
0x00007ff8583b0000 - 0x00007ff8583ef000 	C:\WINDOWS\SYSTEM32\NTASN1.dll
0x00007ff8581f0000 - 0x00007ff85820b000 	C:\WINDOWS\SYSTEM32\CRYPTSP.dll
0x00007ff857900000 - 0x00007ff857939000 	C:\WINDOWS\system32\rsaenh.dll
0x00007ff857fc0000 - 0x00007ff857feb000 	C:\WINDOWS\SYSTEM32\USERENV.dll
0x00007ff858af0000 - 0x00007ff858b1a000 	C:\WINDOWS\SYSTEM32\bcrypt.dll
0x00007ff8581e0000 - 0x00007ff8581ec000 	C:\WINDOWS\SYSTEM32\CRYPTBASE.dll
0x00007ff8212f0000 - 0x00007ff821300000 	C:\Program Files\Eclipse Adoptium\jdk-17.0.16.8-hotspot\bin\verify.dll

dbghelp: loaded successfully - version: 4.0.5 - missing functions: none
symbol engine: initialized successfully - sym options: 0x614 - pdb path: .;C:\Program Files\Eclipse Adoptium\jdk-17.0.16.8-hotspot\bin;C:\WINDOWS\SYSTEM32;C:\WINDOWS\WinSxS\amd64_microsoft.windows.common-controls_6595b64144ccf1df_6.0.26100.7824_none_3e0870b2e3345462;C:\Program Files\Eclipse Adoptium\jdk-17.0.16.8-hotspot\bin\server

VM Arguments:
jvm_args: -XX:TieredStopAtLevel=1 
java_command: com.esprit.platformepediatricback.PlatformePediatricBackApplication
java_class_path (initial): D:\Platform-Pediatric-pidev-platform-nephrologie\Platform-Pediatric-pidev-platform-nephrologie\Back\target\classes;D:\maven-repo\ch\qos\logback\logback-classic\1.5.12\logback-classic-1.5.12.jar;D:\maven-repo\ch\qos\logback\logback-core\1.5.12\logback-core-1.5.12.jar;D:\maven-repo\org\apache\logging\log4j\log4j-to-slf4j\2.24.1\log4j-to-slf4j-2.24.1.jar;D:\maven-repo\org\apache\logging\log4j\log4j-api\2.24.1\log4j-api-2.24.1.jar;D:\maven-repo\org\slf4j\jul-to-slf4j\2.0.16\jul-to-slf4j-2.0.16.jar;D:\maven-repo\jakarta\annotation\jakarta.annotation-api\2.1.1\jakarta.annotation-api-2.1.1.jar;D:\maven-repo\org\yaml\snakeyaml\2.3\snakeyaml-2.3.jar;D:\maven-repo\com\zaxxer\HikariCP\5.1.0\HikariCP-5.1.0.jar;D:\maven-repo\org\springframework\spring-jdbc\6.2.0\spring-jdbc-6.2.0.jar;D:\maven-repo\org\hibernate\orm\hibernate-core\6.6.2.Final\hibernate-core-6.6.2.Final.jar;D:\maven-repo\jakarta\persistence\jakarta.persistence-api\3.1.0\jakarta.persistence-api-3.1.0.jar;D:\maven-repo\jakarta\transaction\jakarta.transaction-api\2.0.1\jakarta.transaction-api-2.0.1.jar;D:\maven-repo\org\jboss\logging\jboss-logging\3.6.1.Final\jboss-logging-3.6.1.Final.jar;D:\maven-repo\org\hibernate\common\hibernate-commons-annotations\7.0.3.Final\hibernate-commons-annotations-7.0.3.Final.jar;D:\maven-repo\io\smallrye\jandex\3.2.0\jandex-3.2.0.jar;D:\maven-repo\com\fasterxml\classmate\1.7.0\classmate-1.7.0.jar;D:\maven-repo\net\bytebuddy\byte-buddy\1.15.10\byte-buddy-1.15.10.jar;D:\maven-repo\org\glassfish\jaxb\jaxb-runtime\4.0.5\jaxb-runtime-4.0.5.jar;D:\maven-repo\org\glassfish\jaxb\jaxb-core\4.0.5\jaxb-core-4.0.5.jar;D:\maven-repo\org\glassfish\jaxb\txw2\4.0.5\txw2-4.0.5.jar;D:\maven-repo\com\sun\istack\istack-commons-runtime\4.1.2\istack-commons-runtime-4.1.2.jar;D:\maven-repo\jakarta\inject\jakarta.inject-api\2.0.1\jakarta.inject-api-2.0.1.jar;D:\maven-repo\org\antlr\antlr4-runtime\4.13.0\antlr4-runtime-4.13.0.jar;D:\maven-repo\org\springframework\data\spring-data-jp
Launcher Type: SUN_STANDARD

[Global flags]
     intx CICompilerCount                          = 4                                         {product} {ergonomic}
     uint ConcGCThreads                            = 3                                         {product} {ergonomic}
     uint G1ConcRefinementThreads                  = 10                                        {product} {ergonomic}
   size_t G1HeapRegionSize                         = 1048576                                   {product} {ergonomic}
    uintx GCDrainStackTargetSize                   = 64                                        {product} {ergonomic}
   size_t InitialHeapSize                          = 130023424                                 {product} {ergonomic}
   size_t MarkStackSize                            = 4194304                                   {product} {ergonomic}
   size_t MaxHeapSize                              = 2055208960                                {product} {ergonomic}
   size_t MaxNewSize                               = 1233125376                                {product} {ergonomic}
   size_t MinHeapDeltaBytes                        = 1048576                                   {product} {ergonomic}
   size_t MinHeapSize                              = 8388608                                   {product} {ergonomic}
    uintx NonProfiledCodeHeapSize                  = 0                                      {pd product} {ergonomic}
     bool ProfileInterpreter                       = false                                  {pd product} {command line}
    uintx ProfiledCodeHeapSize                     = 0                                      {pd product} {ergonomic}
   size_t SoftMaxHeapSize                          = 2055208960                             {manageable} {ergonomic}
     intx TieredStopAtLevel                        = 1                                         {product} {command line}
     bool UseCompressedClassPointers               = true                           {product lp64_product} {ergonomic}
     bool UseCompressedOops                        = true                           {product lp64_product} {ergonomic}
     bool UseG1GC                                  = true                                      {product} {ergonomic}
     bool UseLargePagesIndividualAllocation        = false                                  {pd product} {ergonomic}

Logging:
Log output configuration:
 #0: stdout all=warning uptime,level,tags
 #1: stderr all=off uptime,level,tags

Environment Variables:
JAVA_HOME=C:\Program Files\Eclipse Adoptium\jdk-17.0.16.8-hotspot
PATH=C:\Windows\system32;C:\Windows;C:\Windows\System32\Wbem;C:\Windows\System32\WindowsPowerShell\v1.0\;C:\Users\hp\AppData\Local\Microsoft\WindowsApps;C:\Users\hp\AppData\Local\Programs\Microsoft VS Code\bin;C:\Users\hp\AppData\Local\Programs\IntelliJ IDEA 2025.2\bin;C:\Users\hp\AppData\Roaming\npm;C:\Users\hp\AppData\Local\Programs\Windsurf\bin;C:\gradle\gradle-8.14-bin\gradle-8.14\bin;C:\ProgramData\chocolatey\bin;C:\maven;C:\flutter\bin;C:\Program Files\nodejs\;C:\Program Files\Microsoft SQL Server\170\Tools\Binn\;C:\Users\hp\.dotnet\tools;C:\Program Files\Oracle\VirtualBox;C:\Program Files\Oracle\VirtualBox;D:\minikube;C:\apache-maven-3.9.11\bin;C:\Program Files\Apache\maven\apache-maven-3.9.6\bin;C:\apache-maven-3.9.11\bin;C:\Program Files\Git\cmd;d:\Users\hp\AppData\Local\Programs\cursor\resources\app\codeBin;C:\Users\hp\AppData\Local\Programs\Eclipse Adoptium\jdk-25.0.1.8-hotspot\bin;C:\Users\hp\Desktop\IntelliJ IDEA 2025.3\bin;C:\Programmes\Git\cmd;C:\Programmes\Git\bin;C:\Program Files\Apache Software Foundation;d:\Users\hp\AppData\Local\Programs\cursor\resources\app\bin;C:\Users\hp\AppData\Roaming\npm-global;C:\app\hp\product\21c\dbhome_1\BIN;C:\Program Files\Kubernetes\Minikube;;C:\Program Files\Docker\Docker\resources\bin;C:\Program Files (x86)\VMware\VMware Player\bin\;C:\Program Files\Vagrant\bin;C:\Users\hp\AppData\Local\Microsoft\WinGet\Links
USERNAME=hp
OS=Windows_NT
PROCESSOR_IDENTIFIER=Intel64 Family 6 Model 186 Stepping 3, GenuineIntel
TMP=C:\Users\hp\AppData\Local\Temp
TEMP=C:\Users\hp\AppData\Local\Temp



Periodic native trim disabled


---------------  S Y S T E M  ---------------

OS:
 Windows 11 , 64 bit Build 26100 (10.0.26100.7705)
OS uptime: 1 days 17:24 hours
Hyper-V role detected

CPU: total 12 (initial active 12) (6 cores per cpu, 2 threads per core) family 6 model 186 stepping 3 microcode 0x4121, cx8, cmov, fxsr, ht, mmx, 3dnowpref, sse, sse2, sse3, ssse3, sse4.1, sse4.2, popcnt, lzcnt, tsc, tscinvbit, avx, avx2, aes, erms, clmul, bmi1, bmi2, adx, sha, fma, vzeroupper, clflush, clflushopt, clwb, hv
Processor Information for processor 0
  Max Mhz: 1300, Current Mhz: 1300, Mhz Limit: 1300
Processor Information for processor 1
  Max Mhz: 1300, Current Mhz: 1300, Mhz Limit: 1300
Processor Information for processor 2
  Max Mhz: 1300, Current Mhz: 1300, Mhz Limit: 1300
Processor Information for processor 3
  Max Mhz: 1300, Current Mhz: 1300, Mhz Limit: 1300
Processor Information for processor 4
  Max Mhz: 1300, Current Mhz: 900, Mhz Limit: 897
Processor Information for processor 5
  Max Mhz: 1300, Current Mhz: 900, Mhz Limit: 897
Processor Information for processor 6
  Max Mhz: 1300, Current Mhz: 900, Mhz Limit: 897
Processor Information for processor 7
  Max Mhz: 1300, Current Mhz: 900, Mhz Limit: 897
Processor Information for processor 8
  Max Mhz: 1300, Current Mhz: 900, Mhz Limit: 897
Processor Information for processor 9
  Max Mhz: 1300, Current Mhz: 900, Mhz Limit: 897
Processor Information for processor 10
  Max Mhz: 1300, Current Mhz: 900, Mhz Limit: 897
Processor Information for processor 11
  Max Mhz: 1300, Current Mhz: 900, Mhz Limit: 897

Memory: 4k page, system-wide physical 7835M (1130M free)
TotalPageFile size 21297M (AvailPageFile size 223M)
current process WorkingSet (physical memory assigned to process): 400M, peak: 400M
current process commit charge ("private bytes"): 449M, peak: 830M

vm_info: OpenJDK 64-Bit Server VM (17.0.16+8) for windows-amd64 JRE (17.0.16+8), built on Jul 16 2025 10:37:56 by "admin" with MS VC++ 17.7 (VS2022)

END.
