#
# There is insufficient memory for the Java Runtime Environment to continue.
# Native memory allocation (mmap) failed to map 45088768 bytes. Error detail: G1 virtual space
# Possible reasons:
#   The system is out of physical RAM or swap space
#   This process is running with CompressedOops enabled, and the Java Heap may be blocking the growth of the native heap
# Possible solutions:
#   Reduce memory load on the system
#   Increase physical memory or swap space
#   Check if swap backing store is full
#   Decrease Java heap size (-Xmx/-Xms)
#   Decrease number of Java threads
#   Decrease Java thread stack sizes (-Xss)
#   Set larger code cache with -XX:ReservedCodeCacheSize=
#   JVM is running with Unscaled Compressed Oops mode in which the Java heap is
#     placed in the first 4GB address space. The Java Heap base address is the
#     maximum limit for the native heap growth. Please use -XX:HeapBaseMinAddress
#     to set the Java Heap base and to place the Java Heap above 4GB virtual address.
# This output file may be truncated or incomplete.
#
#  Out of Memory Error (os_windows.cpp:3690), pid=19204, tid=23088
#
# JRE version: OpenJDK Runtime Environment Microsoft-12574423 (17.0.17+10) (build 17.0.17+10-LTS)
# Java VM: OpenJDK 64-Bit Server VM Microsoft-12574423 (17.0.17+10-LTS, mixed mode, emulated-client, sharing, tiered, compressed oops, compressed class ptrs, g1 gc, windows-amd64)
# No core dump will be written. Minidumps are not enabled by default on client versions of Windows
#

---------------  S U M M A R Y ------------

Command Line: -XX:TieredStopAtLevel=1 -Dspring.output.ansi.enabled=always -javaagent:C:\Users\hp\Desktop\IntelliJ IDEA 2025.3\lib\idea_rt.jar=54593 -Dfile.encoding=UTF-8 com.esprit.platformepediatricback.PlatformePediatricBackApplication

Host: 13th Gen Intel(R) Core(TM) i5-1334U, 12 cores, 7G,  Windows 11 , 64 bit Build 26100 (10.0.26100.7705)
Time: Wed May 13 16:45:54 2026 Paris, Madrid (heure duild 26100 (10.0.26100.7705) elapsed time: 8.647107 seconds (0d 0h 0m 8s)

---------------  T H R E A D  ---------------

Current thread (0x000002366b76c100):  VMThread "VM Thread" [stack: 0x0000005172100000,0x0000005172200000] [id=23088]

Stack: [0x0000005172100000,0x0000005172200000]
Native frames: (J=compiled Java code, j=interpreted, Vv=VM code, C=native code)
V  [jvm.dll+0x68c459]  (no source info available)
V  [jvm.dll+0x845e09]  (no source info available)
V  [jvm.dll+0x847b78]  (no source info available)
V  [jvm.dll+0x848203]  (no source info available)
V  [jvm.dll+0x24cf6f]  (no source info available)
V  [jvm.dll+0x68b859]  (no source info available)
V  [jvm.dll+0x67fe1a]  (no source info available)
V  [jvm.dll+0x3100f0]  (no source info available)
V  [jvm.dll+0x30ff92]  (no source info available)
V  [jvm.dll+0x3174e9]  (no source info available)
V  [jvm.dll+0x3697c9]  (no source info available)
V  [jvm.dll+0x3699fd]  (no source info available)
V  [jvm.dll+0x2e68fa]  (no source info available)
V  [jvm.dll+0x2e9978]  (no source info available)
V  [jvm.dll+0x2f40a4]  (no source info available)
V  [jvm.dll+0x32908d]  (no source info available)
V  [jvm.dll+0x84ca8d]  (no source info available)
V  [jvm.dll+0x84d7a3]  (no source info available)
V  [jvm.dll+0x84dcd4]  (no source info available)
V  [jvm.dll+0x84e0b8]  (no source info available)
V  [jvm.dll+0x84e1ae]  (no source info available)
V  [jvm.dll+0x7f5a5c]  (no source info available)
V  [jvm.dll+0x68d9f7]  (no source info available)
C  [ucrtbase.dll+0x37b0]  (no source info available)
C  [KERNEL32.DLL+0x2e8d7]  (no source info available)
C  [ntdll.dll+0x8c40c]  (no source info available)

VM_Operation (0x0000005171dff910): G1PauseRemark, mode: safepoint, requested by thread 0x0000023659416e90


---------------  P R O C E S S  ---------------

Threads class SMR info:
_java_thread_list=0x0000023672d031f0, length=26, elements={
0x00000236593acbf0, 0x000002366b7720d0, 0x000002366b773600, 0x000002366b788c20,
0x000002366b7895e0, 0x000002366b78cb20, 0x000002366b7ae060, 0x000002366b7af590,
0x000002366b7b0b00, 0x000002366b7596a0, 0x000002366b8a1f60, 0x000002366b8a2480,
0x000002366b8ac9c0, 0x00000236703baa00, 0x00000236703b6700, 0x00000236708044c0,
0x000002367074d8d0, 0x00000236721a3040, 0x0000023672342210, 0x000002366b7adab0,
0x0000023672789060, 0x000002367278c810, 0x000002367278aec0, 0x000002367278b3d0,
0x000002367278b8e0, 0x000002367278bdf0
}

Java Threads: ( => current thread )
  0x00000236593acbf0 JavaThread "main" [_thread_blocked, id=12248, stack(0x0000005171b00000,0x0000005171c00000)]
  0x000002366b7720d0 JavaThread "Reference Handler" daemon [_thread_blocked, id=23360, stack(0x0000005172200000,0x0000005172300000)]
  0x000002366b773600 JavaThread "Finalizer" daemon [_thread_blocked, id=18756, stack(0x0000005172300000,0x0000005172400000)]
  0x000002366b788c20 JavaThread "Signal Dispatcher" daemon [_thread_blocked, id=6896, stack(0x0000005172400000,0x0000005172500000)]
  0x000002366b7895e0 JavaThread "Attach Listener" daemon [_thread_blocked, id=21564, stack(0x0000005172500000,0x0000005172600000)]
  0x000002366b78cb20 JavaThread "Service Thread" daemon [_thread_blocked, id=25444, stack(0x0000005172600000,0x0000005172700000)]
  0x000002366b7ae060 JavaThread "Monitor Deflation Thread" daemon [_thread_blocked, id=11932, stack(0x0000005172700000,0x0000005172800000)]
  0x000002366b7af590 JavaThread "C1 CompilerThread0" daemon [_thread_blocked, id=23504, stack(0x0000005172800000,0x0000005172900000)]
  0x000002366b7b0b00 JavaThread "Sweeper thread" daemon [_thread_blocked, id=11260, stack(0x0000005172900000,0x0000005172a00000)]
  0x000002366b7596a0 JavaThread "Common-Cleaner" daemon [_thread_blocked, id=18164, stack(0x0000005172a00000,0x0000005172b00000)]
  0x000002366b8a1f60 JavaThread "C1 CompilerThread1" daemon [_thread_blocked, id=10784, stack(0x0000005172b00000,0x0000005172c00000)]
  0x000002366b8a2480 JavaThread "C1 CompilerThread2" daemon [_thread_blocked, id=13912, stack(0x0000005172c00000,0x0000005172d00000)]
  0x000002366b8ac9c0 JavaThread "C1 CompilerThread3" daemon [_thread_blocked, id=15372, stack(0x0000005172d00000,0x0000005172e00000)]
  0x00000236703baa00 JavaThread "Monitor Ctrl-Break" daemon [_thread_in_native, id=15340, stack(0x0000005172e00000,0x0000005172f00000)]
  0x00000236703b6700 JavaThread "Notification Thread" daemon [_thread_blocked, id=8220, stack(0x0000005172f00000,0x0000005173000000)]
  0x00000236708044c0 JavaThread "Thread-0" [_thread_blocked, id=4296, stack(0x0000005173900000,0x0000005173a00000)]
  0x000002367074d8d0 JavaThread "restartedMain" [_thread_blocked, id=7708, stack(0x0000005173a00000,0x0000005173b00000)]
  0x00000236721a3040 JavaThread "mysql-cj-abandoned-connection-cleanup" daemon [_thread_blocked, id=24920, stack(0x0000005173b00000,0x0000005173c00000)]
  0x0000023672342210 JavaThread "MVStore background writer D:/Platform-Pediatric-pidev-platform-nephrologie/Platform-Pediatric-pidev-platform-nephrologie/Back/data/pediatricdb.mv.db" daemon [_thread_blocked, id=20140, stack(0x0000005174100000,0x0000005174200000)]
  0x000002366b7adab0 JavaThread "HikariPool-1 housekeeper" daemon [_thread_blocked, id=24060, stack(0x0000005174200000,0x0000005174300000)]
  0x0000023672789060 JavaThread "HikariPool-1 connection adder" daemon [_thread_blocked, id=16100, stack(0x0000005174300000,0x0000005174400000)]
  0x000002367278c810 JavaThread "H2-serialization" daemon [_thread_blocked, id=17620, stack(0x0000005174400000,0x0000005174500000)]
  0x000002367278aec0 JavaThread "H2-save" daemon [_thread_blocked, id=15344, stack(0x0000005174500000,0x0000005174600000)]
  0x000002367278b3d0 JavaThread "Catalina-utility-1" [_thread_blocked, id=17556, stack(0x0000005174600000,0x0000005174700000)]
  0x000002367278b8e0 JavaThread "Catalina-utility-2" [_thread_blocked, id=3776, stack(0x0000005174700000,0x0000005174800000)]
  0x000002367278bdf0 JavaThread "container-0" [_thread_blocked, id=2536, stack(0x0000005174800000,0x0000005174900000)]

Other Threads:
=>0x000002366b76c100 VMThread "VM Thread" [stack: 0x0000005172100000,0x0000005172200000] [id=23088]
  0x00000236593ad720 WatcherThread [stack: 0x0000005173000000,0x0000005173100000] [id=23312]
  0x0000023659406a30 GCTaskThread "GC Thread#0" [stack: 0x0000005171c00000,0x0000005171d00000] [id=17428]
  0x00000236706b2c90 GCTaskThread "GC Thread#1" [stack: 0x0000005173100000,0x0000005173200000] [id=7308]
  0x0000023670767ae0 GCTaskThread "GC Thread#2" [stack: 0x0000005173200000,0x0000005173300000] [id=11108]
  0x0000023670767db0 GCTaskThread "GC Thread#3" [stack: 0x0000005173300000,0x0000005173400000] [id=18048]
  0x000002367086d370 GCTaskThread "GC Thread#4" [stack: 0x0000005173600000,0x0000005173700000] [id=5220]
  0x000002367086d640 GCTaskThread "GC Thread#5" [stack: 0x0000005173700000,0x0000005173800000] [id=19648]
  0x000002367087d920 GCTaskThread "GC Thread#6" [stack: 0x0000005173800000,0x0000005173900000] [id=25440]
  0x0000023670867230 GCTaskThread "GC Thread#7" [stack: 0x0000005173c00000,0x0000005173d00000] [id=14188]
  0x0000023670867aa0 GCTaskThread "GC Thread#8" [stack: 0x0000005173d00000,0x0000005173e00000] [id=16516]
  0x00000236708666f0 GCTaskThread "GC Thread#9" [stack: 0x0000005173e00000,0x0000005173f00000] [id=2232]
  0x0000023659416e90 ConcurrentGCThread "G1 Main Marker" [stack: 0x0000005171d00000,0x0000005171e00000] [id=10712]
  0x0000023659418580 ConcurrentGCThread "G1 Conc#0" [stack: 0x0000005171e00000,0x0000005171f00000] [id=18240]
  0x0000023670866420 ConcurrentGCThread "G1 Conc#1" [stack: 0x0000005173f00000,0x0000005174000000] [id=14424]
  0x00000236708669c0 ConcurrentGCThread "G1 Conc#2" [stack: 0x0000005174000000,0x0000005174100000] [id=25180]
  0x000002366b614640 ConcurrentGCThread "G1 Refine#0" [stack: 0x0000005171f00000,0x0000005172000000] [id=20856]
  0x0000023670768080 ConcurrentGCThread "G1 Refine#1" [stack: 0x0000005173400000,0x0000005173500000] [id=16264]
  0x0000023670768380 ConcurrentGCThread "G1 Refine#2" [stack: 0x0000005173500000,0x0000005173600000] [id=17384]
  0x0000023672d3b9c0 ConcurrentGCThread "G1 Refine#3" [stack: 0x0000005174900000,0x0000005174a00000] [id=15072]
  0x0000023672d3a3b0 ConcurrentGCThread "G1 Refine#4" [stack: 0x0000005174a00000,0x0000005174b00000] [id=7884]
  0x0000023672d390a0 ConcurrentGCThread "G1 Refine#5" [stack: 0x0000005174b00000,0x0000005174c00000] [id=18452]
  0x0000023672db7450 ConcurrentGCThread "G1 Refine#6" [stack: 0x0000005174c00000,0x0000005174d00000] [id=21472]
  0x000002366b615f90 ConcurrentGCThread "G1 Service" [stack: 0x0000005172000000,0x0000005172100000] [id=21196]

Threads with active compile tasks:

VM state: at safepoint (normal execution)

VM Mutex/Monitor currently owned by a thread:  ([mutex/lock_event])
[0x00000236593a7660] Threads_lock - owner thread: 0x000002366b76c100
[0x00000236593a79c0] Heap_lock - owner thread: 0x0000023659416e90

Heap address: 0x0000000085800000, size: 1960 MB, Compressed Oops mode: 32-bit

CDS archive(s) mapped at: [0x0000023600000000-0x0000023600bb0000-0x0000023600bb0000), size 12255232, SharedBaseAddress: 0x0000023600000000, ArchiveRelocationMode: 1.
Compressed class space mapped at: 0x0000023601000000-0x0000023641000000, reserved size: 1073741824
Narrow klass base: 0x0000023600000000, Narrow klass shift: 0, Narrow klass range: 0x100000000

GC Precious Log:
 CPUs: 12 total, 12 available
 Memory: 7835M
 Large Page Support: Disabled
 NUMA Support: Disabled
 Compressed Oops: Enabled (32-bit)
 Heap Region Size: 1M
 Heap Min Capacity: 8M
 Heap Initial Capacity: 124M
 Heap Max Capacity: 1960M
 Pre-touch: Disabled
 Parallel Workers: 10
 Concurrent Workers: 3
 Concurrent Refinement Workers: 10
 Periodic GC: Disabled

Heap:
 garbage-first heap   total 193536K, used 139602K [0x0000000085800000, 0x0000000100000000)
  region size 1024K, 22 young (22528K), 6 survivors (6144K)
 Metaspace       used 72390K, committed 73088K, reserved 1114112K
  class space    used 10685K, committed 11008K, reserved 1048576K

Heap Regions: E=young(eden), S=young(survivor), O=old, HS=humongous(starts), HC=humongous(continues), CS=collection set, F=free, OA=open archive, CA=closed archive, TAMS=top-at-mark-start (previous, next)
|   0|0x0000000085800000, 0x0000000085900000, 0x0000000085900000|100%|HS|  |TAMS 0x0000000085900000, 0x0000000085800000| Complete 
|   1|0x0000000085900000, 0x0000000085a00000, 0x0000000085a00000|100%|HS|  |TAMS 0x0000000085a00000, 0x0000000085900000| Complete 
|   2|0x0000000085a00000, 0x0000000085b00000, 0x0000000085b00000|100%|HS|  |TAMS 0x0000000085b00000, 0x0000000085a00000| Complete 
|   3|0x0000000085b00000, 0x0000000085b0c000, 0x0000000085c00000|  4%| O|  |TAMS 0x0000000085b0c000, 0x0000000085b00000| Updating 
|   4|0x0000000085c00000, 0x0000000085d00000, 0x0000000085d00000|100%| O|  |TAMS 0x0000000085d00000, 0x0000000085c00000| Untracked 
|   5|0x0000000085d00000, 0x0000000085e00000, 0x0000000085e00000|100%| O|  |TAMS 0x0000000085e00000, 0x0000000085d00000| Untracked 
|   6|0x0000000085e00000, 0x0000000085f00000, 0x0000000085f00000|100%| O|  |TAMS 0x0000000085f00000, 0x0000000085e00000| Untracked 
|   7|0x0000000085f00000, 0x0000000086000000, 0x0000000086000000|100%| O|  |TAMS 0x0000000086000000, 0x0000000085f00000| Untracked 
|   8|0x0000000086000000, 0x0000000086100000, 0x0000000086100000|100%| O|  |TAMS 0x0000000086100000, 0x0000000086000000| Untracked 
|   9|0x0000000086100000, 0x0000000086200000, 0x0000000086200000|100%| O|  |TAMS 0x0000000086200000, 0x0000000086100000| Updating 
|  10|0x0000000086200000, 0x0000000086300000, 0x0000000086300000|100%| O|  |TAMS 0x0000000086300000, 0x0000000086200000| Untracked 
|  11|0x0000000086300000, 0x0000000086400000, 0x0000000086400000|100%| O|  |TAMS 0x0000000086400000, 0x0000000086300000| Untracked 
|  12|0x0000000086400000, 0x0000000086500000, 0x0000000086500000|100%| O|  |TAMS 0x0000000086500000, 0x0000000086400000| Untracked 
|  13|0x0000000086500000, 0x0000000086600000, 0x0000000086600000|100%| O|  |TAMS 0x0000000086600000, 0x0000000086500000| Updating 
|  14|0x0000000086600000, 0x0000000086696a00, 0x0000000086700000| 58%| O|  |TAMS 0x0000000086696a00, 0x0000000086600000| Updating 
|  15|0x0000000086700000, 0x0000000086800000, 0x0000000086800000|100%| O|  |TAMS 0x0000000086800000, 0x0000000086700000| Untracked 
|  16|0x0000000086800000, 0x0000000086900000, 0x0000000086900000|100%| O|  |TAMS 0x0000000086900000, 0x0000000086800000| Untracked 
|  17|0x0000000086900000, 0x0000000086a00000, 0x0000000086a00000|100%| O|  |TAMS 0x0000000086a00000, 0x0000000086900000| Updating 
|  18|0x0000000086a00000, 0x0000000086b00000, 0x0000000086b00000|100%|HS|  |TAMS 0x0000000086b00000, 0x0000000086a00000| Complete 
|  19|0x0000000086b00000, 0x0000000086c00000, 0x0000000086c00000|100%|HC|  |TAMS 0x0000000086c00000, 0x0000000086b00000| Complete 
|  20|0x0000000086c00000, 0x0000000086d00000, 0x0000000086d00000|100%| O|  |TAMS 0x0000000086d00000, 0x0000000086c00000| Untracked 
|  21|0x0000000086d00000, 0x0000000086e00000, 0x0000000086e00000|100%| O|  |TAMS 0x0000000086e00000, 0x0000000086d00000| Untracked 
|  22|0x0000000086e00000, 0x0000000086f00000, 0x0000000086f00000|100%| O|  |TAMS 0x0000000086f00000, 0x0000000086e00000| Untracked 
|  23|0x0000000086f00000, 0x0000000087000000, 0x0000000087000000|100%| O|  |TAMS 0x0000000087000000, 0x0000000086f00000| Untracked 
|  24|0x0000000087000000, 0x0000000087100000, 0x0000000087100000|100%| O|  |TAMS 0x0000000087100000, 0x0000000087000000| Untracked 
|  25|0x0000000087100000, 0x0000000087200000, 0x0000000087200000|100%| O|  |TAMS 0x0000000087200000, 0x0000000087100000| Untracked 
|  26|0x0000000087200000, 0x0000000087300000, 0x0000000087300000|100%| O|  |TAMS 0x0000000087300000, 0x0000000087200000| Untracked 
|  27|0x0000000087300000, 0x0000000087400000, 0x0000000087400000|100%| O|  |TAMS 0x0000000087400000, 0x0000000087300000| Untracked 
|  28|0x0000000087400000, 0x0000000087500000, 0x0000000087500000|100%| O|  |TAMS 0x0000000087500000, 0x0000000087400000| Untracked 
|  29|0x0000000087500000, 0x0000000087600000, 0x0000000087600000|100%| O|  |TAMS 0x0000000087600000, 0x0000000087500000| Updating 
|  30|0x0000000087600000, 0x0000000087700000, 0x0000000087700000|100%| O|  |TAMS 0x0000000087700000, 0x0000000087600000| Untracked 
|  31|0x0000000087700000, 0x0000000087800000, 0x0000000087800000|100%| O|  |TAMS 0x0000000087800000, 0x0000000087700000| Untracked 
|  32|0x0000000087800000, 0x0000000087900000, 0x0000000087900000|100%| O|  |TAMS 0x0000000087900000, 0x0000000087800000| Updating 
|  33|0x0000000087900000, 0x0000000087a00000, 0x0000000087a00000|100%| O|  |TAMS 0x0000000087a00000, 0x0000000087900000| Untracked 
|  34|0x0000000087a00000, 0x0000000087b00000, 0x0000000087b00000|100%| O|  |TAMS 0x0000000087b00000, 0x0000000087a00000| Untracked 
|  35|0x0000000087b00000, 0x0000000087c00000, 0x0000000087c00000|100%| O|  |TAMS 0x0000000087c00000, 0x0000000087b00000| Untracked 
|  36|0x0000000087c00000, 0x0000000087d00000, 0x0000000087d00000|100%| O|  |TAMS 0x0000000087d00000, 0x0000000087c00000| Untracked 
|  37|0x0000000087d00000, 0x0000000087e00000, 0x0000000087e00000|100%| O|  |TAMS 0x0000000087e00000, 0x0000000087d00000| Untracked 
|  38|0x0000000087e00000, 0x0000000087f00000, 0x0000000087f00000|100%| O|  |TAMS 0x0000000087f00000, 0x0000000087e00000| Untracked 
|  39|0x0000000087f00000, 0x0000000088000000, 0x0000000088000000|100%| O|  |TAMS 0x0000000088000000, 0x0000000087f00000| Untracked 
|  40|0x0000000088000000, 0x0000000088100000, 0x0000000088100000|100%| O|  |TAMS 0x0000000088100000, 0x0000000088000000| Untracked 
|  41|0x0000000088100000, 0x0000000088200000, 0x0000000088200000|100%| O|  |TAMS 0x0000000088200000, 0x0000000088100000| Untracked 
|  42|0x0000000088200000, 0x0000000088300000, 0x0000000088300000|100%| O|  |TAMS 0x0000000088300000, 0x0000000088200000| Untracked 
|  43|0x0000000088300000, 0x0000000088400000, 0x0000000088400000|100%| O|  |TAMS 0x0000000088400000, 0x0000000088300000| Untracked 
|  44|0x0000000088400000, 0x0000000088500000, 0x0000000088500000|100%| O|  |TAMS 0x0000000088500000, 0x0000000088400000| Untracked 
|  45|0x0000000088500000, 0x0000000088600000, 0x0000000088600000|100%| O|  |TAMS 0x0000000088600000, 0x0000000088500000| Updating 
|  46|0x0000000088600000, 0x0000000088600000, 0x0000000088700000|  0%| F|  |TAMS 0x0000000088600000, 0x0000000088600000| Untracked 
|  47|0x0000000088700000, 0x0000000088800000, 0x0000000088800000|100%| O|  |TAMS 0x0000000088800000, 0x0000000088700000| Untracked 
|  48|0x0000000088800000, 0x0000000088900000, 0x0000000088900000|100%| O|  |TAMS 0x0000000088900000, 0x0000000088800000| Untracked 
|  49|0x0000000088900000, 0x0000000088a00000, 0x0000000088a00000|100%| O|  |TAMS 0x0000000088a00000, 0x0000000088900000| Untracked 
|  50|0x0000000088a00000, 0x0000000088b00000, 0x0000000088b00000|100%| O|  |TAMS 0x0000000088b00000, 0x0000000088a00000| Untracked 
|  51|0x0000000088b00000, 0x0000000088c00000, 0x0000000088c00000|100%| O|  |TAMS 0x0000000088c00000, 0x0000000088b00000| Untracked 
|  52|0x0000000088c00000, 0x0000000088d00000, 0x0000000088d00000|100%| O|  |TAMS 0x0000000088d00000, 0x0000000088c00000| Untracked 
|  53|0x0000000088d00000, 0x0000000088e00000, 0x0000000088e00000|100%| O|  |TAMS 0x0000000088e00000, 0x0000000088d00000| Untracked 
|  54|0x0000000088e00000, 0x0000000088f00000, 0x0000000088f00000|100%| O|  |TAMS 0x0000000088f00000, 0x0000000088e00000| Untracked 
|  55|0x0000000088f00000, 0x0000000089000000, 0x0000000089000000|100%| O|  |TAMS 0x0000000089000000, 0x0000000088f00000| Untracked 
|  56|0x0000000089000000, 0x0000000089100000, 0x0000000089100000|100%| O|  |TAMS 0x0000000089100000, 0x0000000089000000| Untracked 
|  57|0x0000000089100000, 0x0000000089200000, 0x0000000089200000|100%| O|  |TAMS 0x0000000089200000, 0x0000000089100000| Untracked 
|  58|0x0000000089200000, 0x0000000089300000, 0x0000000089300000|100%| O|  |TAMS 0x0000000089300000, 0x0000000089200000| Untracked 
|  59|0x0000000089300000, 0x0000000089400000, 0x0000000089400000|100%| O|  |TAMS 0x0000000089400000, 0x0000000089300000| Untracked 
|  60|0x0000000089400000, 0x0000000089500000, 0x0000000089500000|100%| O|  |TAMS 0x0000000089500000, 0x0000000089400000| Untracked 
|  61|0x0000000089500000, 0x0000000089600000, 0x0000000089600000|100%| O|  |TAMS 0x0000000089600000, 0x0000000089500000| Untracked 
|  62|0x0000000089600000, 0x0000000089700000, 0x0000000089700000|100%| O|  |TAMS 0x0000000089700000, 0x0000000089600000| Untracked 
|  63|0x0000000089700000, 0x0000000089800000, 0x0000000089800000|100%| O|  |TAMS 0x0000000089800000, 0x0000000089700000| Untracked 
|  64|0x0000000089800000, 0x0000000089900000, 0x0000000089900000|100%| O|  |TAMS 0x0000000089900000, 0x0000000089800000| Untracked 
|  65|0x0000000089900000, 0x0000000089a00000, 0x0000000089a00000|100%| O|  |TAMS 0x0000000089a00000, 0x0000000089900000| Untracked 
|  66|0x0000000089a00000, 0x0000000089b00000, 0x0000000089b00000|100%| O|  |TAMS 0x0000000089b00000, 0x0000000089a00000| Updating 
|  67|0x0000000089b00000, 0x0000000089c00000, 0x0000000089c00000|100%| O|  |TAMS 0x0000000089c00000, 0x0000000089b00000| Updating 
|  68|0x0000000089c00000, 0x0000000089d00000, 0x0000000089d00000|100%|HS|  |TAMS 0x0000000089d00000, 0x0000000089c00000| Complete 
|  69|0x0000000089d00000, 0x0000000089e00000, 0x0000000089e00000|100%|HC|  |TAMS 0x0000000089e00000, 0x0000000089d00000| Complete 
|  70|0x0000000089e00000, 0x0000000089f00000, 0x0000000089f00000|100%| O|  |TAMS 0x0000000089f00000, 0x0000000089e00000| Untracked 
|  71|0x0000000089f00000, 0x000000008a000000, 0x000000008a000000|100%| O|  |TAMS 0x000000008a000000, 0x0000000089f00000| Untracked 
|  72|0x000000008a000000, 0x000000008a100000, 0x000000008a100000|100%| O|  |TAMS 0x000000008a100000, 0x000000008a000000| Untracked 
|  73|0x000000008a100000, 0x000000008a200000, 0x000000008a200000|100%| O|  |TAMS 0x000000008a200000, 0x000000008a100000| Untracked 
|  74|0x000000008a200000, 0x000000008a300000, 0x000000008a300000|100%| O|  |TAMS 0x000000008a300000, 0x000000008a200000| Untracked 
|  75|0x000000008a300000, 0x000000008a400000, 0x000000008a400000|100%| O|  |TAMS 0x000000008a400000, 0x000000008a300000| Untracked 
|  76|0x000000008a400000, 0x000000008a500000, 0x000000008a500000|100%| O|  |TAMS 0x000000008a500000, 0x000000008a400000| Untracked 
|  77|0x000000008a500000, 0x000000008a600000, 0x000000008a600000|100%| O|  |TAMS 0x000000008a600000, 0x000000008a500000| Untracked 
|  78|0x000000008a600000, 0x000000008a700000, 0x000000008a700000|100%| O|  |TAMS 0x000000008a700000, 0x000000008a600000| Untracked 
|  79|0x000000008a700000, 0x000000008a800000, 0x000000008a800000|100%| O|  |TAMS 0x000000008a800000, 0x000000008a700000| Untracked 
|  80|0x000000008a800000, 0x000000008a900000, 0x000000008a900000|100%| O|  |TAMS 0x000000008a800000, 0x000000008a800000| Untracked 
|  81|0x000000008a900000, 0x000000008aa00000, 0x000000008aa00000|100%| O|  |TAMS 0x000000008a900000, 0x000000008a900000| Untracked 
|  82|0x000000008aa00000, 0x000000008ab00000, 0x000000008ab00000|100%| O|  |TAMS 0x000000008aa00000, 0x000000008aa00000| Untracked 
|  83|0x000000008ab00000, 0x000000008ac00000, 0x000000008ac00000|100%| O|  |TAMS 0x000000008ab00000, 0x000000008ab00000| Untracked 
|  84|0x000000008ac00000, 0x000000008ad00000, 0x000000008ad00000|100%| O|  |TAMS 0x000000008ac00000, 0x000000008ac00000| Untracked 
|  85|0x000000008ad00000, 0x000000008ae00000, 0x000000008ae00000|100%| O|  |TAMS 0x000000008ad00000, 0x000000008ad00000| Untracked 
|  86|0x000000008ae00000, 0x000000008af00000, 0x000000008af00000|100%| O|  |TAMS 0x000000008ae00000, 0x000000008ae00000| Untracked 
|  87|0x000000008af00000, 0x000000008b000000, 0x000000008b000000|100%| O|  |TAMS 0x000000008af00000, 0x000000008af00000| Untracked 
|  88|0x000000008b000000, 0x000000008b100000, 0x000000008b100000|100%| O|  |TAMS 0x000000008b100000, 0x000000008b000000| Untracked 
|  89|0x000000008b100000, 0x000000008b200000, 0x000000008b200000|100%| O|  |TAMS 0x000000008b200000, 0x000000008b100000| Untracked 
|  90|0x000000008b200000, 0x000000008b300000, 0x000000008b300000|100%| O|  |TAMS 0x000000008b300000, 0x000000008b200000| Untracked 
|  91|0x000000008b300000, 0x000000008b400000, 0x000000008b400000|100%| O|  |TAMS 0x000000008b400000, 0x000000008b300000| Untracked 
|  92|0x000000008b400000, 0x000000008b500000, 0x000000008b500000|100%| O|  |TAMS 0x000000008b500000, 0x000000008b400000| Untracked 
|  93|0x000000008b500000, 0x000000008b600000, 0x000000008b600000|100%| O|  |TAMS 0x000000008b600000, 0x000000008b500000| Untracked 
|  94|0x000000008b600000, 0x000000008b700000, 0x000000008b700000|100%| O|  |TAMS 0x000000008b700000, 0x000000008b600000| Updating 
|  95|0x000000008b700000, 0x000000008b800000, 0x000000008b800000|100%| O|  |TAMS 0x000000008b800000, 0x000000008b700000| Updating 
|  96|0x000000008b800000, 0x000000008b900000, 0x000000008b900000|100%| O|  |TAMS 0x000000008b900000, 0x000000008b800000| Updating 
|  97|0x000000008b900000, 0x000000008ba00000, 0x000000008ba00000|100%| O|  |TAMS 0x000000008b900000, 0x000000008b900000| Untracked 
|  98|0x000000008ba00000, 0x000000008bb00000, 0x000000008bb00000|100%| O|  |TAMS 0x000000008ba00000, 0x000000008ba00000| Untracked 
|  99|0x000000008bb00000, 0x000000008bc00000, 0x000000008bc00000|100%| O|  |TAMS 0x000000008bb00000, 0x000000008bb00000| Untracked 
| 100|0x000000008bc00000, 0x000000008bd00000, 0x000000008bd00000|100%| O|  |TAMS 0x000000008bc00000, 0x000000008bc00000| Untracked 
| 101|0x000000008bd00000, 0x000000008be00000, 0x000000008be00000|100%| O|  |TAMS 0x000000008bd00000, 0x000000008bd00000| Untracked 
| 102|0x000000008be00000, 0x000000008bf00000, 0x000000008bf00000|100%| O|  |TAMS 0x000000008be00000, 0x000000008be00000| Untracked 
| 103|0x000000008bf00000, 0x000000008c000000, 0x000000008c000000|100%| O|  |TAMS 0x000000008bf00000, 0x000000008bf00000| Untracked 
| 104|0x000000008c000000, 0x000000008c100000, 0x000000008c100000|100%| O|  |TAMS 0x000000008c000000, 0x000000008c000000| Untracked 
| 105|0x000000008c100000, 0x000000008c1b1e00, 0x000000008c200000| 69%| O|  |TAMS 0x000000008c100000, 0x000000008c100000| Updating 
| 106|0x000000008c200000, 0x000000008c300000, 0x000000008c300000|100%|HS|  |TAMS 0x000000008c200000, 0x000000008c200000| Complete 
| 107|0x000000008c300000, 0x000000008c400000, 0x000000008c400000|100%|HC|  |TAMS 0x000000008c300000, 0x000000008c300000| Complete 
| 108|0x000000008c400000, 0x000000008c500000, 0x000000008c500000|100%|HC|  |TAMS 0x000000008c400000, 0x000000008c400000| Complete 
| 109|0x000000008c500000, 0x000000008c500000, 0x000000008c600000|  0%| F|  |TAMS 0x000000008c500000, 0x000000008c500000| Untracked 
| 110|0x000000008c600000, 0x000000008c600000, 0x000000008c700000|  0%| F|  |TAMS 0x000000008c600000, 0x000000008c600000| Untracked 
| 111|0x000000008c700000, 0x000000008c700000, 0x000000008c800000|  0%| F|  |TAMS 0x000000008c700000, 0x000000008c700000| Untracked 
| 112|0x000000008c800000, 0x000000008c800000, 0x000000008c900000|  0%| F|  |TAMS 0x000000008c800000, 0x000000008c800000| Untracked 
| 113|0x000000008c900000, 0x000000008c900000, 0x000000008ca00000|  0%| F|  |TAMS 0x000000008c900000, 0x000000008c900000| Untracked 
| 114|0x000000008ca00000, 0x000000008ca00000, 0x000000008cb00000|  0%| F|  |TAMS 0x000000008ca00000, 0x000000008ca00000| Untracked 
| 115|0x000000008cb00000, 0x000000008cb00000, 0x000000008cc00000|  0%| F|  |TAMS 0x000000008cb00000, 0x000000008cb00000| Untracked 
| 116|0x000000008cc00000, 0x000000008cc00000, 0x000000008cd00000|  0%| F|  |TAMS 0x000000008cc00000, 0x000000008cc00000| Untracked 
| 117|0x000000008cd00000, 0x000000008cd00000, 0x000000008ce00000|  0%| F|  |TAMS 0x000000008cd00000, 0x000000008cd00000| Untracked 
| 118|0x000000008ce00000, 0x000000008ce00000, 0x000000008cf00000|  0%| F|  |TAMS 0x000000008ce00000, 0x000000008ce00000| Untracked 
| 119|0x000000008cf00000, 0x000000008cf00000, 0x000000008d000000|  0%| F|  |TAMS 0x000000008cf00000, 0x000000008cf00000| Untracked 
| 120|0x000000008d000000, 0x000000008d000000, 0x000000008d100000|  0%| F|  |TAMS 0x000000008d000000, 0x000000008d000000| Untracked 
| 121|0x000000008d100000, 0x000000008d100000, 0x000000008d200000|  0%| F|  |TAMS 0x000000008d100000, 0x000000008d100000| Untracked 
| 122|0x000000008d200000, 0x000000008d200000, 0x000000008d300000|  0%| F|  |TAMS 0x000000008d200000, 0x000000008d200000| Untracked 
| 123|0x000000008d300000, 0x000000008d300000, 0x000000008d400000|  0%| F|  |TAMS 0x000000008d300000, 0x000000008d300000| Untracked 
| 124|0x000000008d400000, 0x000000008d400000, 0x000000008d500000|  0%| F|  |TAMS 0x000000008d400000, 0x000000008d400000| Untracked 
| 125|0x000000008d500000, 0x000000008d500000, 0x000000008d600000|  0%| F|  |TAMS 0x000000008d500000, 0x000000008d500000| Untracked 
| 126|0x000000008d600000, 0x000000008d600000, 0x000000008d700000|  0%| F|  |TAMS 0x000000008d600000, 0x000000008d600000| Untracked 
| 127|0x000000008d700000, 0x000000008d700000, 0x000000008d800000|  0%| F|  |TAMS 0x000000008d700000, 0x000000008d700000| Untracked 
| 128|0x000000008d800000, 0x000000008d800000, 0x000000008d900000|  0%| F|  |TAMS 0x000000008d800000, 0x000000008d800000| Untracked 
| 129|0x000000008d900000, 0x000000008d900000, 0x000000008da00000|  0%| F|  |TAMS 0x000000008d900000, 0x000000008d900000| Untracked 
| 130|0x000000008da00000, 0x000000008da00000, 0x000000008db00000|  0%| F|  |TAMS 0x000000008da00000, 0x000000008da00000| Untracked 
| 131|0x000000008db00000, 0x000000008db00000, 0x000000008dc00000|  0%| F|  |TAMS 0x000000008db00000, 0x000000008db00000| Untracked 
| 132|0x000000008dc00000, 0x000000008dc00000, 0x000000008dd00000|  0%| F|  |TAMS 0x000000008dc00000, 0x000000008dc00000| Untracked 
| 133|0x000000008dd00000, 0x000000008dd00000, 0x000000008de00000|  0%| F|  |TAMS 0x000000008dd00000, 0x000000008dd00000| Untracked 
| 134|0x000000008de00000, 0x000000008de00000, 0x000000008df00000|  0%| F|  |TAMS 0x000000008de00000, 0x000000008de00000| Untracked 
| 135|0x000000008df00000, 0x000000008df00000, 0x000000008e000000|  0%| F|  |TAMS 0x000000008df00000, 0x000000008df00000| Untracked 
| 136|0x000000008e000000, 0x000000008e000000, 0x000000008e100000|  0%| F|  |TAMS 0x000000008e000000, 0x000000008e000000| Untracked 
| 137|0x000000008e100000, 0x000000008e100000, 0x000000008e200000|  0%| F|  |TAMS 0x000000008e100000, 0x000000008e100000| Untracked 
| 138|0x000000008e200000, 0x000000008e300000, 0x000000008e300000|100%| S|CS|TAMS 0x000000008e200000, 0x000000008e200000| Complete 
| 139|0x000000008e300000, 0x000000008e400000, 0x000000008e400000|100%| S|CS|TAMS 0x000000008e300000, 0x000000008e300000| Complete 
| 140|0x000000008e400000, 0x000000008e500000, 0x000000008e500000|100%| S|CS|TAMS 0x000000008e400000, 0x000000008e400000| Complete 
| 141|0x000000008e500000, 0x000000008e600000, 0x000000008e600000|100%| S|CS|TAMS 0x000000008e500000, 0x000000008e500000| Complete 
| 142|0x000000008e600000, 0x000000008e700000, 0x000000008e700000|100%| S|CS|TAMS 0x000000008e600000, 0x000000008e600000| Complete 
| 143|0x000000008e700000, 0x000000008e800000, 0x000000008e800000|100%| S|CS|TAMS 0x000000008e700000, 0x000000008e700000| Complete 
| 144|0x000000008e800000, 0x000000008e800000, 0x000000008e900000|  0%| F|  |TAMS 0x000000008e800000, 0x000000008e800000| Untracked 
| 145|0x000000008e900000, 0x000000008e900000, 0x000000008ea00000|  0%| F|  |TAMS 0x000000008e900000, 0x000000008e900000| Untracked 
| 146|0x000000008ea00000, 0x000000008ea00000, 0x000000008eb00000|  0%| F|  |TAMS 0x000000008ea00000, 0x000000008ea00000| Untracked 
| 147|0x000000008eb00000, 0x000000008eb00000, 0x000000008ec00000|  0%| F|  |TAMS 0x000000008eb00000, 0x000000008eb00000| Untracked 
| 148|0x000000008ec00000, 0x000000008ec00000, 0x000000008ed00000|  0%| F|  |TAMS 0x000000008ec00000, 0x000000008ec00000| Untracked 
| 149|0x000000008ed00000, 0x000000008ed00000, 0x000000008ee00000|  0%| F|  |TAMS 0x000000008ed00000, 0x000000008ed00000| Untracked 
| 150|0x000000008ee00000, 0x000000008ee00000, 0x000000008ef00000|  0%| F|  |TAMS 0x000000008ee00000, 0x000000008ee00000| Untracked 
| 151|0x000000008ef00000, 0x000000008ef00000, 0x000000008f000000|  0%| F|  |TAMS 0x000000008ef00000, 0x000000008ef00000| Untracked 
| 152|0x000000008f000000, 0x000000008f000000, 0x000000008f100000|  0%| F|  |TAMS 0x000000008f000000, 0x000000008f000000| Untracked 
| 153|0x000000008f100000, 0x000000008f100000, 0x000000008f200000|  0%| F|  |TAMS 0x000000008f100000, 0x000000008f100000| Untracked 
| 154|0x000000008f200000, 0x000000008f200000, 0x000000008f300000|  0%| F|  |TAMS 0x000000008f200000, 0x000000008f200000| Untracked 
| 155|0x000000008f300000, 0x000000008f300000, 0x000000008f400000|  0%| F|  |TAMS 0x000000008f300000, 0x000000008f300000| Untracked 
| 156|0x000000008f400000, 0x000000008f400000, 0x000000008f500000|  0%| F|  |TAMS 0x000000008f400000, 0x000000008f400000| Untracked 
| 157|0x000000008f500000, 0x000000008f500000, 0x000000008f600000|  0%| F|  |TAMS 0x000000008f500000, 0x000000008f500000| Untracked 
| 158|0x000000008f600000, 0x000000008f600000, 0x000000008f700000|  0%| F|  |TAMS 0x000000008f600000, 0x000000008f600000| Untracked 
| 159|0x000000008f700000, 0x000000008f700000, 0x000000008f800000|  0%| F|  |TAMS 0x000000008f700000, 0x000000008f700000| Untracked 
| 160|0x000000008f800000, 0x000000008f800000, 0x000000008f900000|  0%| F|  |TAMS 0x000000008f800000, 0x000000008f800000| Untracked 
| 161|0x000000008f900000, 0x000000008f900000, 0x000000008fa00000|  0%| F|  |TAMS 0x000000008f900000, 0x000000008f900000| Untracked 
| 162|0x000000008fa00000, 0x000000008fa00000, 0x000000008fb00000|  0%| F|  |TAMS 0x000000008fa00000, 0x000000008fa00000| Untracked 
| 163|0x000000008fb00000, 0x000000008fb00000, 0x000000008fc00000|  0%| F|  |TAMS 0x000000008fb00000, 0x000000008fb00000| Untracked 
| 164|0x000000008fc00000, 0x000000008fcff3b0, 0x000000008fd00000| 99%| E|  |TAMS 0x000000008fc00000, 0x000000008fc00000| Complete 
| 165|0x000000008fd00000, 0x000000008fe00000, 0x000000008fe00000|100%| E|CS|TAMS 0x000000008fd00000, 0x000000008fd00000| Complete 
| 166|0x000000008fe00000, 0x000000008ff00000, 0x000000008ff00000|100%| E|CS|TAMS 0x000000008fe00000, 0x000000008fe00000| Complete 
| 167|0x000000008ff00000, 0x0000000090000000, 0x0000000090000000|100%| E|CS|TAMS 0x000000008ff00000, 0x000000008ff00000| Complete 
| 168|0x0000000090000000, 0x0000000090100000, 0x0000000090100000|100%| E|CS|TAMS 0x0000000090000000, 0x0000000090000000| Complete 
| 169|0x0000000090100000, 0x0000000090200000, 0x0000000090200000|100%| E|CS|TAMS 0x0000000090100000, 0x0000000090100000| Complete 
| 170|0x0000000090200000, 0x0000000090300000, 0x0000000090300000|100%| E|CS|TAMS 0x0000000090200000, 0x0000000090200000| Complete 
| 171|0x0000000090300000, 0x0000000090400000, 0x0000000090400000|100%| E|CS|TAMS 0x0000000090300000, 0x0000000090300000| Complete 
| 172|0x0000000090400000, 0x0000000090500000, 0x0000000090500000|100%| E|CS|TAMS 0x0000000090400000, 0x0000000090400000| Complete 
| 173|0x0000000090500000, 0x0000000090600000, 0x0000000090600000|100%| E|CS|TAMS 0x0000000090500000, 0x0000000090500000| Complete 
| 174|0x0000000090600000, 0x0000000090700000, 0x0000000090700000|100%| E|CS|TAMS 0x0000000090600000, 0x0000000090600000| Complete 
| 175|0x0000000090700000, 0x0000000090800000, 0x0000000090800000|100%| E|CS|TAMS 0x0000000090700000, 0x0000000090700000| Complete 
| 176|0x0000000090800000, 0x0000000090900000, 0x0000000090900000|100%| E|CS|TAMS 0x0000000090800000, 0x0000000090800000| Complete 
| 177|0x0000000090900000, 0x0000000090a00000, 0x0000000090a00000|100%| E|CS|TAMS 0x0000000090900000, 0x0000000090900000| Complete 
| 178|0x0000000090a00000, 0x0000000090b00000, 0x0000000090b00000|100%| E|CS|TAMS 0x0000000090a00000, 0x0000000090a00000| Complete 
| 179|0x0000000090b00000, 0x0000000090c00000, 0x0000000090c00000|100%| E|CS|TAMS 0x0000000090b00000, 0x0000000090b00000| Complete 
|1951|0x00000000ff700000, 0x00000000ff800000, 0x00000000ff800000|100%| O|  |TAMS 0x00000000ff800000, 0x00000000ff700000| Untracked 
|1952|0x00000000ff800000, 0x00000000ff900000, 0x00000000ff900000|100%| O|  |TAMS 0x00000000ff900000, 0x00000000ff800000| Untracked 
|1953|0x00000000ff900000, 0x00000000ffa00000, 0x00000000ffa00000|100%| O|  |TAMS 0x00000000ffa00000, 0x00000000ff900000| Untracked 
|1954|0x00000000ffa00000, 0x00000000ffb00000, 0x00000000ffb00000|100%| O|  |TAMS 0x00000000ffb00000, 0x00000000ffa00000| Untracked 
|1955|0x00000000ffb00000, 0x00000000ffc00000, 0x00000000ffc00000|100%| O|  |TAMS 0x00000000ffc00000, 0x00000000ffb00000| Untracked 
|1956|0x00000000ffc00000, 0x00000000ffd00000, 0x00000000ffd00000|100%| O|  |TAMS 0x00000000ffd00000, 0x00000000ffc00000| Untracked 
|1957|0x00000000ffd00000, 0x00000000ffe00000, 0x00000000ffe00000|100%| O|  |TAMS 0x00000000ffe00000, 0x00000000ffd00000| Untracked 
|1958|0x00000000ffe00000, 0x00000000fff00000, 0x00000000fff00000|100%| O|  |TAMS 0x00000000fff00000, 0x00000000ffe00000| Untracked 
|1959|0x00000000fff00000, 0x0000000100000000, 0x0000000100000000|100%| O|  |TAMS 0x0000000100000000, 0x00000000fff00000| Untracked 

Card table byte_map: [0x0000023664620000,0x0000023664a00000] _byte_map_base: 0x00000236641f4000

Marking Bits (Prev, Next): (CMBitMap*) 0x0000023659407060, (CMBitMap*) 0x00000236594070a0
 Prev Bits: [0x0000023664de0000, 0x0000023666c80000)
 Next Bits: [0x0000023666c80000, 0x0000023668b20000)

Polling page: 0x0000023657190000

Metaspace:

Usage:
  Non-class:     60.26 MB used.
      Class:     10.44 MB used.
       Both:     70.69 MB used.

Virtual space:
  Non-class space:       64.00 MB reserved,      60.62 MB ( 95%) committed,  1 nodes.
      Class space:        1.00 GB reserved,      10.75 MB (  1%) committed,  1 nodes.
             Both:        1.06 GB reserved,      71.38 MB (  7%) committed. 

Chunk freelists:
   Non-Class:  2.61 MB
       Class:  5.29 MB
        Both:  7.91 MB

MaxMetaspaceSize: unlimited
CompressedClassSpaceSize: 1.00 GB
Initial GC threshold: 21.00 MB
Current GC threshold: 98.75 MB
CDS: on
MetaspaceReclaimPolicy: balanced
 - commit_granule_bytes: 65536.
 - commit_granule_words: 8192.
 - virtual_space_node_default_size: 8388608.
 - enlarge_chunks_in_place: 1.
 - new_chunks_are_fully_committed: 0.
 - uncommit_free_chunks: 1.
 - use_allocation_guard: 0.
 - handle_deallocations: 1.


Internal statistics:

num_allocs_failed_limit: 9.
num_arena_births: 896.
num_arena_deaths: 2.
num_vsnodes_births: 2.
num_vsnodes_deaths: 0.
num_space_committed: 1142.
num_space_uncommitted: 0.
num_chunks_returned_to_freelist: 12.
num_chunks_taken_from_freelist: 3670.
num_chunk_merges: 9.
num_chunk_splits: 2646.
num_chunks_enlarged: 2065.
num_inconsistent_stats: 0.

CodeCache: size=49152Kb used=16403Kb max_used=16403Kb free=32748Kb
 bounds [0x0000023660f10000, 0x0000023661f20000, 0x0000023663f10000]
 total_blobs=9324 nmethods=8629 adapters=617
 compilation: enabled
              stopped_count=0, restarted_count=0
 full_count=0

Compilation events (20 events):
Event: 8.058 Thread 0x000002366b8ac9c0 8622       1       org.antlr.v4.runtime.atn.ATNConfigSet::equals (105 bytes)
Event: 8.058 Thread 0x000002366b8a2480 8621       1       org.antlr.v4.runtime.dfa.DFAState::equals (35 bytes)
Event: 8.059 Thread 0x000002366b7af590 8623       1       org.antlr.v4.runtime.ParserRuleContext::getRuleContexts (93 bytes)
Event: 8.059 Thread 0x000002366b8a2480 nmethod 8621 0x0000023661f10210 code [0x0000023661f103c0, 0x0000023661f105a8]
Event: 8.059 Thread 0x000002366b8a2480 8624       1       org.hibernate.query.sqm.tree.domain.AbstractSqmSimplePath::getReferencedPathSource (24 bytes)
Event: 8.059 Thread 0x000002366b8ac9c0 nmethod 8622 0x0000023661f10690 code [0x0000023661f10840, 0x0000023661f10aa8]
Event: 8.059 Thread 0x000002366b8a2480 nmethod 8624 0x0000023661f10b90 code [0x0000023661f10d40, 0x0000023661f10f98]
Event: 8.059 Thread 0x000002366b7af590 nmethod 8623 0x0000023661f11090 code [0x0000023661f112a0, 0x0000023661f11778]
Event: 8.114 Thread 0x000002366b7af590 8625       1       org.antlr.v4.runtime.misc.FlexibleHashMap::<init> (60 bytes)
Event: 8.114 Thread 0x000002366b7af590 nmethod 8625 0x0000023661f11990 code [0x0000023661f11b60, 0x0000023661f11e08]
Event: 8.116 Thread 0x000002366b7af590 8626       1       org.antlr.v4.runtime.atn.PredictionMode::allConfigsInRuleStopStates (41 bytes)
Event: 8.116 Thread 0x000002366b7af590 nmethod 8626 0x0000023661f11f10 code [0x0000023661f120c0, 0x0000023661f12368]
Event: 8.118 Thread 0x000002366b7af590 8627   !   1       org.springframework.data.jpa.repository.query.HqlParser::reservedWord (1064 bytes)
Event: 8.118 Thread 0x000002366b8a2480 8628       1       org.springframework.data.jpa.repository.query.HqlParser$ReservedWordContext::<init> (7 bytes)
Event: 8.118 Thread 0x000002366b8a2480 nmethod 8628 0x0000023661f12510 code [0x0000023661f126a0, 0x0000023661f127b8]
Event: 8.118 Thread 0x000002366b8a2480 8629       1       org.springframework.data.jpa.repository.query.HqlBaseVisitor::visitReservedWord (6 bytes)
Event: 8.118 Thread 0x000002366b8a2480 nmethod 8629 0x0000023661f12810 code [0x0000023661f129a0, 0x0000023661f12a88]
Event: 8.119 Thread 0x000002366b7af590 nmethod 8627 0x0000023661f12b10 code [0x0000023661f12de0, 0x0000023661f138a8]
Event: 8.144 Thread 0x000002366b8a1f60 8630       1       org.antlr.v4.runtime.atn.PredictionMode::hasSLLConflictTerminatingPrediction (109 bytes)
Event: 8.144 Thread 0x000002366b8a1f60 nmethod 8630 0x0000023661f14290 code [0x0000023661f144a0, 0x0000023661f14958]

GC Heap History (20 events):
Event: 6.153 GC heap before
{Heap before GC invocations=10 (full 0):
 garbage-first heap   total 126976K, used 94604K [0x0000000085800000, 0x0000000100000000)
  region size 1024K, 58 young (59392K), 5 survivors (5120K)
 Metaspace       used 57658K, committed 58176K, reserved 1114112K
  class space    used 8305K, committed 8512K, reserved 1048576K
}
Event: 6.161 GC heap after
{Heap after GC invocations=11 (full 0):
 garbage-first heap   total 126976K, used 44063K [0x0000000085800000, 0x0000000100000000)
  region size 1024K, 3 young (3072K), 3 survivors (3072K)
 Metaspace       used 57658K, committed 58176K, reserved 1114112K
  class space    used 8305K, committed 8512K, reserved 1048576K
}
Event: 6.471 GC heap before
{Heap before GC invocations=11 (full 0):
 garbage-first heap   total 126976K, used 97311K [0x0000000085800000, 0x0000000100000000)
  region size 1024K, 55 young (56320K), 3 survivors (3072K)
 Metaspace       used 59626K, committed 60160K, reserved 1114112K
  class space    used 8581K, committed 8832K, reserved 1048576K
}
Event: 6.475 GC heap after
{Heap after GC invocations=12 (full 0):
 garbage-first heap   total 126976K, used 44706K [0x0000000085800000, 0x0000000100000000)
  region size 1024K, 4 young (4096K), 4 survivors (4096K)
 Metaspace       used 59626K, committed 60160K, reserved 1114112K
  class space    used 8581K, committed 8832K, reserved 1048576K
}
Event: 6.510 GC heap before
{Heap before GC invocations=12 (full 0):
 garbage-first heap   total 126976K, used 46754K [0x0000000085800000, 0x0000000100000000)
  region size 1024K, 7 young (7168K), 4 survivors (4096K)
 Metaspace       used 59941K, committed 60480K, reserved 1114112K
  class space    used 8631K, committed 8896K, reserved 1048576K
}
Event: 6.514 GC heap after
{Heap after GC invocations=13 (full 0):
 garbage-first heap   total 126976K, used 44843K [0x0000000085800000, 0x0000000100000000)
  region size 1024K, 4 young (4096K), 4 survivors (4096K)
 Metaspace       used 59941K, committed 60480K, reserved 1114112K
  class space    used 8631K, committed 8896K, reserved 1048576K
}
Event: 7.230 GC heap before
{Heap before GC invocations=14 (full 0):
 garbage-first heap   total 126976K, used 100139K [0x0000000085800000, 0x0000000100000000)
  region size 1024K, 58 young (59392K), 4 survivors (4096K)
 Metaspace       used 68716K, committed 69376K, reserved 1114112K
  class space    used 10160K, committed 10496K, reserved 1048576K
}
Event: 7.238 GC heap after
{Heap after GC invocations=15 (full 0):
 garbage-first heap   total 152576K, used 49485K [0x0000000085800000, 0x0000000100000000)
  region size 1024K, 8 young (8192K), 8 survivors (8192K)
 Metaspace       used 68716K, committed 69376K, reserved 1114112K
  class space    used 10160K, committed 10496K, reserved 1048576K
}
Event: 7.448 GC heap before
{Heap before GC invocations=15 (full 0):
 garbage-first heap   total 152576K, used 120141K [0x0000000085800000, 0x0000000100000000)
  region size 1024K, 77 young (78848K), 8 survivors (8192K)
 Metaspace       used 70275K, committed 70912K, reserved 1114112K
  class space    used 10367K, committed 10688K, reserved 1048576K
}
Event: 7.458 GC heap after
{Heap after GC invocations=16 (full 0):
 garbage-first heap   total 152576K, used 51698K [0x0000000085800000, 0x0000000100000000)
  region size 1024K, 8 young (8192K), 8 survivors (8192K)
 Metaspace       used 70275K, committed 70912K, reserved 1114112K
  class space    used 10367K, committed 10688K, reserved 1048576K
}
Event: 8.087 GC heap before
{Heap before GC invocations=16 (full 0):
 garbage-first heap   total 152576K, used 121330K [0x0000000085800000, 0x0000000100000000)
  region size 1024K, 76 young (77824K), 8 survivors (8192K)
 Metaspace       used 72386K, committed 73088K, reserved 1114112K
  class space    used 10684K, committed 11008K, reserved 1048576K
}
Event: 8.097 GC heap after
{Heap after GC invocations=17 (full 0):
 garbage-first heap   total 152576K, used 57729K [0x0000000085800000, 0x0000000100000000)
  region size 1024K, 9 young (9216K), 9 survivors (9216K)
 Metaspace       used 72386K, committed 73088K, reserved 1114112K
  class space    used 10684K, committed 11008K, reserved 1048576K
}
Event: 8.238 GC heap before
{Heap before GC invocations=17 (full 0):
 garbage-first heap   total 152576K, used 121217K [0x0000000085800000, 0x0000000100000000)
  region size 1024K, 71 young (72704K), 9 survivors (9216K)
 Metaspace       used 72393K, committed 73088K, reserved 1114112K
  class space    used 10686K, committed 11008K, reserved 1048576K
}
Event: 8.247 GC heap after
{Heap after GC invocations=18 (full 0):
 garbage-first heap   total 152576K, used 63759K [0x0000000085800000, 0x0000000100000000)
  region size 1024K, 9 young (9216K), 9 survivors (9216K)
 Metaspace       used 72393K, committed 73088K, reserved 1114112K
  class space    used 10686K, committed 11008K, reserved 1048576K
}
Event: 8.328 GC heap before
{Heap before GC invocations=18 (full 0):
 garbage-first heap   total 152576K, used 118031K [0x0000000085800000, 0x0000000100000000)
  region size 1024K, 61 young (62464K), 9 survivors (9216K)
 Metaspace       used 72393K, committed 73088K, reserved 1114112K
  class space    used 10686K, committed 11008K, reserved 1048576K
}
Event: 8.346 GC heap after
{Heap after GC invocations=19 (full 0):
 garbage-first heap   total 193536K, used 85087K [0x0000000085800000, 0x0000000100000000)
  region size 1024K, 8 young (8192K), 8 survivors (8192K)
 Metaspace       used 72393K, committed 73088K, reserved 1114112K
  class space    used 10686K, committed 11008K, reserved 1048576K
}
Event: 8.468 GC heap before
{Heap before GC invocations=19 (full 0):
 garbage-first heap   total 193536K, used 141407K [0x0000000085800000, 0x0000000100000000)
  region size 1024K, 61 young (62464K), 8 survivors (8192K)
 Metaspace       used 72393K, committed 73088K, reserved 1114112K
  class space    used 10686K, committed 11008K, reserved 1048576K
}
Event: 8.487 GC heap after
{Heap after GC invocations=20 (full 0):
 garbage-first heap   total 193536K, used 107146K [0x0000000085800000, 0x0000000100000000)
  region size 1024K, 8 young (8192K), 8 survivors (8192K)
 Metaspace       used 72393K, committed 73088K, reserved 1114112K
  class space    used 10686K, committed 11008K, reserved 1048576K
}
Event: 8.549 GC heap before
{Heap before GC invocations=20 (full 0):
 garbage-first heap   total 193536K, used 144010K [0x0000000085800000, 0x0000000100000000)
  region size 1024K, 44 young (45056K), 8 survivors (8192K)
 Metaspace       used 72393K, committed 73088K, reserved 1114112K
  class space    used 10686K, committed 11008K, reserved 1048576K
}
Event: 8.565 GC heap after
{Heap after GC invocations=21 (full 0):
 garbage-first heap   total 193536K, used 122194K [0x0000000085800000, 0x0000000100000000)
  region size 1024K, 6 young (6144K), 6 survivors (6144K)
 Metaspace       used 72393K, committed 73088K, reserved 1114112K
  class space    used 10686K, committed 11008K, reserved 1048576K
}

Dll operation events (13 events):
Event: 0.018 Loaded shared library C:\Users\hp\.jdks\ms-17.0.17\bin\java.dll
Event: 0.034 Loaded shared library C:\Users\hp\.jdks\ms-17.0.17\bin\jsvml.dll
Event: 0.100 Loaded shared library C:\Users\hp\.jdks\ms-17.0.17\bin\zip.dll
Event: 0.103 Loaded shared library C:\Users\hp\.jdks\ms-17.0.17\bin\instrument.dll
Event: 0.110 Loaded shared library C:\Users\hp\.jdks\ms-17.0.17\bin\net.dll
Event: 0.113 Loaded shared library C:\Users\hp\.jdks\ms-17.0.17\bin\nio.dll
Event: 0.114 Loaded shared library C:\Users\hp\.jdks\ms-17.0.17\bin\zip.dll
Event: 0.187 Loaded shared library C:\Users\hp\.jdks\ms-17.0.17\bin\extnet.dll
Event: 0.205 Loaded shared library C:\Users\hp\.jdks\ms-17.0.17\bin\jimage.dll
Event: 0.559 Loaded shared library C:\Users\hp\.jdks\ms-17.0.17\bin\management.dll
Event: 0.561 Loaded shared library C:\Users\hp\.jdks\ms-17.0.17\bin\management_ext.dll
Event: 1.516 Loaded shared library C:\Users\hp\.jdks\ms-17.0.17\bin\sunmscapi.dll
Event: 4.110 Loaded shared library C:\Users\hp\.jdks\ms-17.0.17\bin\verify.dll

Deoptimization events (6 events):
Event: 4.662 Thread 0x000002367074d8d0 DEOPT PACKING pc=0x00000236614e7599 sp=0x0000005173af8480
Event: 4.662 Thread 0x000002367074d8d0 DEOPT UNPACKING pc=0x0000023660f67143 sp=0x0000005173af7920 mode 3
Event: 4.662 Thread 0x000002366b7adab0 DEOPT PACKING pc=0x0000023661499e2f sp=0x00000051742ff200
Event: 4.662 Thread 0x000002366b7adab0 DEOPT UNPACKING pc=0x0000023660f67143 sp=0x00000051742fe668 mode 3
Event: 6.045 Thread 0x000002367074d8d0 DEOPT PACKING pc=0x0000023661b60c5c sp=0x0000005173af7370
Event: 6.045 Thread 0x000002367074d8d0 DEOPT UNPACKING pc=0x0000023660f67143 sp=0x0000005173af6810 mode 0

Classes loaded (20 events):
Event: 7.806 Loading class javax/crypto/JceSecurity$WeakIdentityWrapper
Event: 7.807 Loading class javax/crypto/JceSecurity$WeakIdentityWrapper done
Event: 7.807 Loading class javax/crypto/JceSecurity$2
Event: 7.807 Loading class javax/crypto/JceSecurity$2 done
Event: 7.807 Loading class javax/crypto/JceSecurity$3
Event: 7.807 Loading class javax/crypto/JceSecurity$3 done
Event: 7.807 Loading class java/lang/Class$Holder
Event: 7.807 Loading class java/lang/Class$Holder done
Event: 7.807 Loading class java/security/AllPermissionCollection
Event: 7.807 Loading class java/security/AllPermissionCollection done
Event: 7.807 Loading class javax/crypto/ProviderVerifier
Event: 7.807 Loading class javax/crypto/ProviderVerifier done
Event: 7.807 Loading class com/sun/crypto/provider/PBKDF2Core$HmacSHA256
Event: 7.808 Loading class com/sun/crypto/provider/PBKDF2Core
Event: 7.808 Loading class javax/crypto/SecretKeyFactorySpi
Event: 7.808 Loading class javax/crypto/SecretKeyFactorySpi done
Event: 7.808 Loading class com/sun/crypto/provider/PBKDF2Core done
Event: 7.808 Loading class com/sun/crypto/provider/PBKDF2Core$HmacSHA256 done
Event: 7.914 Loading class sun/reflect/annotation/AnnotationInvocationHandler$1
Event: 7.914 Loading class sun/reflect/annotation/AnnotationInvocationHandler$1 done

Classes unloaded (1 events):
Event: 8.626 Thread 0x000002366b76c100 Unloading class 0x0000023601a68c00 'jdk/internal/reflect/GeneratedSerializationConstructorAccessor1'

Classes redefined (0 events):
No events

Internal exceptions (20 events):
Event: 7.018 Thread 0x000002367074d8d0 Exception <a 'java/lang/IncompatibleClassChangeError'{0x000000008a330ae0}: Found class java.lang.Object, but interface was expected> (0x000000008a330ae0) 
thrown [s\src\hotspot\share\interpreter\linkResolver.cpp, line 826]
Event: 7.051 Thread 0x000002367074d8d0 Exception <a 'java/lang/reflect/InvocationTargetException'{0x000000008a146f08}> (0x000000008a146f08) 
thrown [s\src\hotspot\share\runtime\reflection.cpp, line 1128]
Event: 7.054 Thread 0x000002367074d8d0 Exception <a 'java/lang/reflect/InvocationTargetException'{0x000000008a153bd8}> (0x000000008a153bd8) 
thrown [s\src\hotspot\share\runtime\reflection.cpp, line 1128]
Event: 7.055 Thread 0x000002367074d8d0 Exception <a 'java/lang/reflect/InvocationTargetException'{0x000000008a15f288}> (0x000000008a15f288) 
thrown [s\src\hotspot\share\runtime\reflection.cpp, line 1128]
Event: 7.058 Thread 0x000002367074d8d0 Exception <a 'java/lang/reflect/InvocationTargetException'{0x000000008a197d50}> (0x000000008a197d50) 
thrown [s\src\hotspot\share\runtime\reflection.cpp, line 1128]
Event: 7.341 Thread 0x000002367074d8d0 Exception <a 'java/lang/reflect/InvocationTargetException'{0x000000008c9bc508}> (0x000000008c9bc508) 
thrown [s\src\hotspot\share\runtime\reflection.cpp, line 1128]
Event: 7.342 Thread 0x000002367074d8d0 Exception <a 'java/lang/reflect/InvocationTargetException'{0x000000008c9cdea0}> (0x000000008c9cdea0) 
thrown [s\src\hotspot\share\runtime\reflection.cpp, line 1128]
Event: 7.346 Thread 0x000002367074d8d0 Exception <a 'java/lang/reflect/InvocationTargetException'{0x000000008c817c10}> (0x000000008c817c10) 
thrown [s\src\hotspot\share\runtime\reflection.cpp, line 1128]
Event: 7.373 Thread 0x000002367074d8d0 Exception <a 'java/lang/reflect/InvocationTargetException'{0x000000008b9652b0}> (0x000000008b9652b0) 
thrown [s\src\hotspot\share\runtime\reflection.cpp, line 1128]
Event: 7.373 Thread 0x000002367074d8d0 Exception <a 'java/lang/reflect/InvocationTargetException'{0x000000008b970918}> (0x000000008b970918) 
thrown [s\src\hotspot\share\runtime\reflection.cpp, line 1128]
Event: 7.378 Thread 0x000002367074d8d0 Exception <a 'java/lang/reflect/InvocationTargetException'{0x000000008b9deaa8}> (0x000000008b9deaa8) 
thrown [s\src\hotspot\share\runtime\reflection.cpp, line 1128]
Event: 7.380 Thread 0x000002367074d8d0 Exception <a 'java/lang/reflect/InvocationTargetException'{0x000000008b9eb6c0}> (0x000000008b9eb6c0) 
thrown [s\src\hotspot\share\runtime\reflection.cpp, line 1128]
Event: 7.396 Thread 0x000002367074d8d0 Exception <a 'java/lang/reflect/InvocationTargetException'{0x000000008b36f528}> (0x000000008b36f528) 
thrown [s\src\hotspot\share\runtime\reflection.cpp, line 1128]
Event: 7.398 Thread 0x000002367074d8d0 Exception <a 'java/lang/reflect/InvocationTargetException'{0x000000008b381690}> (0x000000008b381690) 
thrown [s\src\hotspot\share\runtime\reflection.cpp, line 1128]
Event: 7.408 Thread 0x000002367074d8d0 Exception <a 'java/lang/reflect/InvocationTargetException'{0x000000008af03ed0}> (0x000000008af03ed0) 
thrown [s\src\hotspot\share\runtime\reflection.cpp, line 1128]
Event: 7.499 Thread 0x000002367074d8d0 Exception <a 'java/lang/reflect/InvocationTargetException'{0x000000008d1bcab8}> (0x000000008d1bcab8) 
thrown [s\src\hotspot\share\runtime\reflection.cpp, line 1128]
Event: 7.522 Thread 0x000002367074d8d0 Exception <a 'java/lang/NoSuchMethodError'{0x000000008cbdcf78}: 'int java.lang.invoke.DirectMethodHandle$Holder.invokeStaticInit(java.lang.Object, int, java.lang.Object, java.lang.Object, java.lang.Object, java.lang.Object)'> (0x000000008cbdcf78) 
thrown [s\src\hotspot\share\interpreter\linkResolver.cpp, line 759]
Event: 7.617 Thread 0x000002367074d8d0 Exception <a 'java/lang/NoSuchMethodError'{0x000000008c6ee9a8}: 'long java.lang.invoke.DirectMethodHandle$Holder.invokeVirtual(java.lang.Object, java.lang.Object)'> (0x000000008c6ee9a8) 
thrown [s\src\hotspot\share\interpreter\linkResolver.cpp, line 759]
Event: 7.625 Thread 0x000002367074d8d0 Exception <a 'java/io/FileNotFoundException'{0x000000008c5212d0}> (0x000000008c5212d0) 
thrown [s\src\hotspot\share\prims\jni.cpp, line 516]
Event: 7.792 Thread 0x000002367074d8d0 Exception <a 'sun/nio/fs/WindowsException'{0x000000008bf78000}> (0x000000008bf78000) 
thrown [s\src\hotspot\share\prims\jni.cpp, line 516]

VM Operations (20 events):
Event: 7.579 Executing VM operation: HandshakeAllThreads done
Event: 7.630 Executing VM operation: HandshakeAllThreads
Event: 7.630 Executing VM operation: HandshakeAllThreads done
Event: 7.796 Executing VM operation: HandshakeAllThreads
Event: 7.796 Executing VM operation: HandshakeAllThreads done
Event: 7.806 Executing VM operation: HandshakeAllThreads
Event: 7.806 Executing VM operation: HandshakeAllThreads done
Event: 7.907 Executing VM operation: HandshakeAllThreads
Event: 7.907 Executing VM operation: HandshakeAllThreads done
Event: 8.087 Executing VM operation: G1CollectForAllocation
Event: 8.097 Executing VM operation: G1CollectForAllocation done
Event: 8.238 Executing VM operation: G1CollectForAllocation
Event: 8.247 Executing VM operation: G1CollectForAllocation done
Event: 8.328 Executing VM operation: G1CollectForAllocation
Event: 8.346 Executing VM operation: G1CollectForAllocation done
Event: 8.468 Executing VM operation: G1CollectForAllocation
Event: 8.488 Executing VM operation: G1CollectForAllocation done
Event: 8.549 Executing VM operation: G1CollectForAllocation
Event: 8.565 Executing VM operation: G1CollectForAllocation done
Event: 8.626 Executing VM operation: G1PauseRemark

Memory protections (0 events):
No events

Nmethod flushes (0 events):
No events

Events (20 events):
Event: 0.087 Thread 0x000002366b7af590 Thread added: 0x000002366b8ac9c0
Event: 0.178 Thread 0x00000236593acbf0 Thread added: 0x00000236703baa00
Event: 0.178 Thread 0x00000236593acbf0 Thread added: 0x00000236703b6700
Event: 0.597 Thread 0x00000236593acbf0 Thread added: 0x00000236708044c0
Event: 0.598 Thread 0x00000236708044c0 Thread added: 0x000002367074d8d0
Event: 0.916 Thread 0x000002367074d8d0 Thread added: 0x0000023670971790
Event: 0.925 Thread 0x0000023670971790 Thread exited: 0x0000023670971790
Event: 1.005 Thread 0x000002367074d8d0 Thread added: 0x000002367098d0a0
Event: 1.416 Thread 0x000002367074d8d0 Thread added: 0x0000023670fe0040
Event: 1.481 Thread 0x0000023670fe0040 Thread exited: 0x0000023670fe0040
Event: 1.542 Thread 0x000002367098d0a0 Thread exited: 0x000002367098d0a0
Event: 4.314 Thread 0x000002367074d8d0 Thread added: 0x00000236721a3040
Event: 4.644 Thread 0x000002367074d8d0 Thread added: 0x0000023672342210
Event: 4.659 Thread 0x000002367074d8d0 Thread added: 0x000002366b7adab0
Event: 4.764 Thread 0x000002366b7adab0 Thread added: 0x0000023672789060
Event: 4.985 Thread 0x0000023672342210 Thread added: 0x000002367278c810
Event: 4.992 Thread 0x000002367278c810 Thread added: 0x000002367278aec0
Event: 7.640 Thread 0x000002367074d8d0 Thread added: 0x000002367278b3d0
Event: 7.642 Thread 0x000002367278b3d0 Thread added: 0x000002367278b8e0
Event: 7.646 Thread 0x000002367074d8d0 Thread added: 0x000002367278bdf0


Dynamic libraries:
0x00007ff6ea0d0000 - 0x00007ff6ea0de000 	C:\Users\hp\.jdks\ms-17.0.17\bin\java.exe
0x00007ff85c320000 - 0x00007ff85c588000 	C:\WINDOWS\SYSTEM32\ntdll.dll
0x00007ff85a0d0000 - 0x00007ff85a199000 	C:\WINDOWS\System32\KERNEL32.DLL
0x00007ff858ed0000 - 0x00007ff8592c1000 	C:\WINDOWS\System32\KERNELBASE.dll
0x00007ff8595b0000 - 0x00007ff8596fb000 	C:\WINDOWS\System32\ucrtbase.dll
0x00007ff8510d0000 - 0x00007ff8510e8000 	C:\Users\hp\.jdks\ms-17.0.17\bin\jli.dll
0x00007ff821300000 - 0x00007ff82131e000 	C:\Users\hp\.jdks\ms-17.0.17\bin\VCRUNTIME140.dll
0x00007ff85b220000 - 0x00007ff85b3e6000 	C:\WINDOWS\System32\USER32.dll
0x00007ff836b70000 - 0x00007ff836e03000 	C:\WINDOWS\WinSxS\amd64_microsoft.windows.common-controls_6595b64144ccf1df_6.0.26100.7824_none_3e0870b2e3345462\COMCTL32.dll
0x00007ff858c00000 - 0x00007ff858c27000 	C:\WINDOWS\System32\win32u.dll
0x00007ff85ac70000 - 0x00007ff85ad19000 	C:\WINDOWS\System32\msvcrt.dll
0x00007ff85bc00000 - 0x00007ff85bc2b000 	C:\WINDOWS\System32\GDI32.dll
0x00007ff858da0000 - 0x00007ff858ecb000 	C:\WINDOWS\System32\gdi32full.dll
0x00007ff859380000 - 0x00007ff859423000 	C:\WINDOWS\System32\msvcp_win.dll
0x00007ff85abe0000 - 0x00007ff85ac11000 	C:\WINDOWS\System32\IMM32.DLL
0x00007ff83bfe0000 - 0x00007ff83bfec000 	C:\Users\hp\.jdks\ms-17.0.17\bin\vcruntime140_1.dll
0x00007ff810940000 - 0x00007ff8109c9000 	C:\Users\hp\.jdks\ms-17.0.17\bin\msvcp140.dll
0x00007fff6d0c0000 - 0x00007fff6dd3a000 	C:\Users\hp\.jdks\ms-17.0.17\bin\server\jvm.dll
0x00007ff85a2a0000 - 0x00007ff85a354000 	C:\WINDOWS\System32\ADVAPI32.dll
0x00007ff85bb50000 - 0x00007ff85bbf6000 	C:\WINDOWS\System32\sechost.dll
0x00007ff85bc30000 - 0x00007ff85bd48000 	C:\WINDOWS\System32\RPCRT4.dll
0x00007ff85bd60000 - 0x00007ff85bdd4000 	C:\WINDOWS\System32\WS2_32.dll
0x00007ff853bd0000 - 0x00007ff853c05000 	C:\WINDOWS\SYSTEM32\WINMM.dll
0x00007ff858a60000 - 0x00007ff858abe000 	C:\WINDOWS\SYSTEM32\POWRPROF.dll
0x00007ff84e8a0000 - 0x00007ff84e8ab000 	C:\WINDOWS\SYSTEM32\VERSION.dll
0x00007ff858a40000 - 0x00007ff858a54000 	C:\WINDOWS\SYSTEM32\UMPDC.dll
0x00007ff8579a0000 - 0x00007ff8579bb000 	C:\WINDOWS\SYSTEM32\kernel.appcore.dll
0x00007ff8356e0000 - 0x00007ff8356ea000 	C:\Users\hp\.jdks\ms-17.0.17\bin\jimage.dll
0x00007ff856a30000 - 0x00007ff856c72000 	C:\WINDOWS\SYSTEM32\DBGHELP.DLL
0x00007ff85bf50000 - 0x00007ff85c2d6000 	C:\WINDOWS\System32\combase.dll
0x00007ff85af00000 - 0x00007ff85afd7000 	C:\WINDOWS\System32\OLEAUT32.dll
0x00007ff834260000 - 0x00007ff83429b000 	C:\WINDOWS\SYSTEM32\dbgcore.DLL
0x00007ff8592d0000 - 0x00007ff859375000 	C:\WINDOWS\System32\bcryptPrimitives.dll
0x00007ff8212f0000 - 0x00007ff8212ff000 	C:\Users\hp\.jdks\ms-17.0.17\bin\instrument.dll
0x00007ff813de0000 - 0x00007ff813e06000 	C:\Users\hp\.jdks\ms-17.0.17\bin\java.dll
0x00007ff810860000 - 0x00007ff810936000 	C:\Users\hp\.jdks\ms-17.0.17\bin\jsvml.dll
0x00007ff85b3f0000 - 0x00007ff85bb42000 	C:\WINDOWS\System32\SHELL32.dll
0x00007ff858c30000 - 0x00007ff858d9a000 	C:\WINDOWS\System32\wintypes.dll
0x00007ff859850000 - 0x00007ff85a0b3000 	C:\WINDOWS\System32\windows.storage.dll
0x00007ff85bdf0000 - 0x00007ff85bee6000 	C:\WINDOWS\System32\SHCORE.dll
0x00007ff85a230000 - 0x00007ff85a297000 	C:\WINDOWS\System32\shlwapi.dll
0x00007ff858b20000 - 0x00007ff858b49000 	C:\WINDOWS\SYSTEM32\profapi.dll
0x00007ff8128b0000 - 0x00007ff8128c8000 	C:\Users\hp\.jdks\ms-17.0.17\bin\zip.dll
0x00007ff8212b0000 - 0x00007ff8212cb000 	C:\Users\hp\.jdks\ms-17.0.17\bin\net.dll
0x00007ff851550000 - 0x00007ff851677000 	C:\WINDOWS\SYSTEM32\WINHTTP.dll
0x00007ff857f10000 - 0x00007ff857f7b000 	C:\WINDOWS\system32\mswsock.dll
0x00007ff813dc0000 - 0x00007ff813dd6000 	C:\Users\hp\.jdks\ms-17.0.17\bin\nio.dll
0x00007ff813680000 - 0x00007ff813689000 	C:\Users\hp\.jdks\ms-17.0.17\bin\extnet.dll
0x00007ff812890000 - 0x00007ff81289a000 	C:\Users\hp\.jdks\ms-17.0.17\bin\management.dll
0x00007ff812880000 - 0x00007ff81288c000 	C:\Users\hp\.jdks\ms-17.0.17\bin\management_ext.dll
0x00007ff85a0c0000 - 0x00007ff85a0c8000 	C:\WINDOWS\System32\PSAPI.DLL
0x00007ff857370000 - 0x00007ff8573a4000 	C:\WINDOWS\SYSTEM32\IPHLPAPI.DLL
0x00007ff85bde0000 - 0x00007ff85bdea000 	C:\WINDOWS\System32\NSI.dll
0x00007ff852430000 - 0x00007ff85244e000 	C:\WINDOWS\SYSTEM32\dhcpcsvc6.DLL
0x00007ff851ee0000 - 0x00007ff851f03000 	C:\WINDOWS\SYSTEM32\dhcpcsvc.DLL
0x00007ff8573b0000 - 0x00007ff8574dc000 	C:\WINDOWS\SYSTEM32\DNSAPI.dll
0x00007ff84e890000 - 0x00007ff84e89b000 	C:\Windows\System32\rasadhlp.dll
0x00007ff852a30000 - 0x00007ff852ab6000 	C:\WINDOWS\System32\fwpuclnt.dll
0x00007ff8128a0000 - 0x00007ff8128ae000 	C:\Users\hp\.jdks\ms-17.0.17\bin\sunmscapi.dll
0x00007ff859430000 - 0x00007ff8595a7000 	C:\WINDOWS\System32\CRYPT32.dll
0x00007ff858400000 - 0x00007ff858430000 	C:\WINDOWS\SYSTEM32\ncrypt.dll
0x00007ff8583b0000 - 0x00007ff8583ef000 	C:\WINDOWS\SYSTEM32\NTASN1.dll
0x00007ff8581f0000 - 0x00007ff85820b000 	C:\WINDOWS\SYSTEM32\CRYPTSP.dll
0x00007ff857900000 - 0x00007ff857939000 	C:\WINDOWS\system32\rsaenh.dll
0x00007ff857fc0000 - 0x00007ff857feb000 	C:\WINDOWS\SYSTEM32\USERENV.dll
0x00007ff858af0000 - 0x00007ff858b1a000 	C:\WINDOWS\SYSTEM32\bcrypt.dll
0x00007ff8581e0000 - 0x00007ff8581ec000 	C:\WINDOWS\SYSTEM32\CRYPTBASE.dll
0x00007ff814f40000 - 0x00007ff814f50000 	C:\Users\hp\.jdks\ms-17.0.17\bin\verify.dll

dbghelp: loaded successfully - version: 4.0.5 - missing functions: none
symbol engine: initialized successfully - sym options: 0x614 - pdb path: .;C:\Users\hp\.jdks\ms-17.0.17\bin;C:\WINDOWS\SYSTEM32;C:\WINDOWS\WinSxS\amd64_microsoft.windows.common-controls_6595b64144ccf1df_6.0.26100.7824_none_3e0870b2e3345462;C:\Users\hp\.jdks\ms-17.0.17\bin\server

VM Arguments:
jvm_args: -XX:TieredStopAtLevel=1 -Dspring.output.ansi.enabled=always -javaagent:C:\Users\hp\Desktop\IntelliJ IDEA 2025.3\lib\idea_rt.jar=54593 -Dfile.encoding=UTF-8 
java_command: com.esprit.platformepediatricback.PlatformePediatricBackApplication
java_class_path (initial): D:\Platform-Pediatric-pidev-platform-nephrologie\Platform-Pediatric-pidev-platform-nephrologie\Back\target\classes;D:\maven-repo\org\springframework\boot\spring-boot-starter-data-jpa\3.4.0\spring-boot-starter-data-jpa-3.4.0.jar;D:\maven-repo\org\springframework\boot\spring-boot-starter\3.4.0\spring-boot-starter-3.4.0.jar;D:\maven-repo\org\springframework\boot\spring-boot-starter-logging\3.4.0\spring-boot-starter-logging-3.4.0.jar;D:\maven-repo\ch\qos\logback\logback-classic\1.5.12\logback-classic-1.5.12.jar;D:\maven-repo\ch\qos\logback\logback-core\1.5.12\logback-core-1.5.12.jar;D:\maven-repo\org\apache\logging\log4j\log4j-to-slf4j\2.24.1\log4j-to-slf4j-2.24.1.jar;D:\maven-repo\org\apache\logging\log4j\log4j-api\2.24.1\log4j-api-2.24.1.jar;D:\maven-repo\org\slf4j\jul-to-slf4j\2.0.16\jul-to-slf4j-2.0.16.jar;D:\maven-repo\jakarta\annotation\jakarta.annotation-api\2.1.1\jakarta.annotation-api-2.1.1.jar;D:\maven-repo\org\yaml\snakeyaml\2.3\snakeyaml-2.3.jar;D:\maven-repo\org\springframework\boot\spring-boot-starter-jdbc\3.4.0\spring-boot-starter-jdbc-3.4.0.jar;D:\maven-repo\com\zaxxer\HikariCP\5.1.0\HikariCP-5.1.0.jar;D:\maven-repo\org\springframework\spring-jdbc\6.2.0\spring-jdbc-6.2.0.jar;D:\maven-repo\org\hibernate\orm\hibernate-core\6.6.2.Final\hibernate-core-6.6.2.Final.jar;D:\maven-repo\jakarta\persistence\jakarta.persistence-api\3.1.0\jakarta.persistence-api-3.1.0.jar;D:\maven-repo\jakarta\transaction\jakarta.transaction-api\2.0.1\jakarta.transaction-api-2.0.1.jar;D:\maven-repo\org\jboss\logging\jboss-logging\3.6.1.Final\jboss-logging-3.6.1.Final.jar;D:\maven-repo\org\hibernate\common\hibernate-commons-annotations\7.0.3.Final\hibernate-commons-annotations-7.0.3.Final.jar;D:\maven-repo\io\smallrye\jandex\3.2.0\jandex-3.2.0.jar;D:\maven-repo\com\fasterxml\classmate\1.7.0\classmate-1.7.0.jar;D:\maven-repo\net\bytebuddy\byte-buddy\1.15.10\byte-buddy-1.15.10.jar;D:\maven-repo\org\glassfish\jaxb\jaxb-runtime\4.0.5\jaxb-runtime-4.0.5.jar;D:\
Launcher Type: SUN_STANDARD

[Global flags]
     intx CICompilerCount                          = 4                                         {product} {ergonomic}
     uint ConcGCThreads                            = 3                                         {product} {ergonomic}
     uint G1ConcRefinementThreads                  = 10                                        {product} {ergonomic}
   size_t G1HeapRegionSize                         = 1048576                                   {product} {ergonomic}
    uintx GCDrainStackTargetSize                   = 64                                        {product} {ergonomic}
   size_t InitialHeapSize                          = 130023424                                 {product} {ergonomic}
   size_t MarkStackSize                            = 4194304                                   {product} {ergonomic}
   size_t MaxHeapSize                              = 2055208960                                {product} {ergonomic}
   size_t MaxNewSize                               = 1233125376                                {product} {ergonomic}
   size_t MinHeapDeltaBytes                        = 1048576                                   {product} {ergonomic}
   size_t MinHeapSize                              = 8388608                                   {product} {ergonomic}
    uintx NonProfiledCodeHeapSize                  = 0                                      {pd product} {ergonomic}
     bool ProfileInterpreter                       = false                                  {pd product} {command line}
    uintx ProfiledCodeHeapSize                     = 0                                      {pd product} {ergonomic}
   size_t SoftMaxHeapSize                          = 2055208960                             {manageable} {ergonomic}
     intx TieredStopAtLevel                        = 1                                         {product} {command line}
     bool UseCompressedClassPointers               = true                           {product lp64_product} {ergonomic}
     bool UseCompressedOops                        = true                           {product lp64_product} {ergonomic}
     bool UseG1GC                                  = true                                      {product} {ergonomic}
     bool UseLargePagesIndividualAllocation        = false                                  {pd product} {ergonomic}

Logging:
Log output configuration:
 #0: stdout all=warning uptime,level,tags
 #1: stderr all=off uptime,level,tags

Environment Variables:
JAVA_HOME=C:\Program Files\Eclipse Adoptium\jdk-17.0.16.8-hotspot
PATH=C:\Windows\system32;C:\Windows;C:\Windows\System32\Wbem;C:\Windows\System32\WindowsPowerShell\v1.0\;C:\Users\hp\AppData\Local\Microsoft\WindowsApps;C:\Users\hp\AppData\Local\Programs\Microsoft VS Code\bin;C:\Users\hp\AppData\Local\Programs\IntelliJ IDEA 2025.2\bin;C:\Users\hp\AppData\Roaming\npm;C:\Users\hp\AppData\Local\Programs\Windsurf\bin;C:\gradle\gradle-8.14-bin\gradle-8.14\bin;C:\ProgramData\chocolatey\bin;C:\maven;C:\flutter\bin;C:\Program Files\nodejs\;C:\Program Files\Microsoft SQL Server\170\Tools\Binn\;C:\Users\hp\.dotnet\tools;C:\Program Files\Oracle\VirtualBox;C:\Program Files\Oracle\VirtualBox;D:\minikube;C:\apache-maven-3.9.11\bin;C:\Program Files\Apache\maven\apache-maven-3.9.6\bin;C:\apache-maven-3.9.11\bin;C:\Program Files\Git\cmd;d:\Users\hp\AppData\Local\Programs\cursor\resources\app\codeBin;C:\Users\hp\AppData\Local\Programs\Eclipse Adoptium\jdk-25.0.1.8-hotspot\bin;C:\Users\hp\Desktop\IntelliJ IDEA 2025.3\bin;C:\Programmes\Git\cmd;C:\Programmes\Git\bin;C:\Program Files\Apache Software Foundation;d:\Users\hp\AppData\Local\Programs\cursor\resources\app\bin;C:\Users\hp\AppData\Roaming\npm-global;C:\app\hp\product\21c\dbhome_1\BIN;C:\Program Files\Kubernetes\Minikube;;C:\Program Files\Docker\Docker\resources\bin;C:\Program Files (x86)\VMware\VMware Player\bin\;C:\Windows\system32;C:\Windows;C:\Windows\System32\Wbem;C:\Windows\System32\WindowsPowerShell\v1.0\;C:\Users\hp\AppData\Local\Microsoft\WindowsApps;C:\Users\hp\AppData\Local\Programs\Microsoft VS Code\bin;C:\Users\hp\AppData\Local\Programs\IntelliJ IDEA 2025.2\bin;C:\Users\hp\AppData\Roaming\npm;C:\Users\hp\AppData\Local\Programs\Windsurf\bin;C:\gradle\gradle-8.14-bin\gradle-8.14\bin;C:\ProgramData\chocolatey\bin;C:\maven;C:\flutter\bin;C:\Program Files\nodejs\;C:\Program Files\Microsoft SQL Server\170\Tools\Binn\;C:\Program Files\Vagrant\bin;C:\Program Files\Docker\Docker\resources\bin;C:\Users\hp\.dotnet\tools;C:\Program Files\Oracle\VirtualBox;C:\Program Files\Oracle\VirtualBox;D:\minikube;C:\apache-maven-3.9.11\bin;C:\Program Files\Apache\maven\apache-maven-3.9.6\bin;C:\apache-maven-3.9.11\bin;C:\Program Files\Git\cmd;d:\Users\hp\AppData\Local\Programs\cursor\resources\app\codeBin;C:\Users\hp\AppData\Local\Programs\Eclipse Adoptium\jdk-25.0.1.8-hotspot\bin;C:\Users\hp\Desktop\IntelliJ IDEA 2025.3\bin;C:\Programmes\Git\cmd;C:\Programmes\Git\bin;C:\Program Files\Apache Software Foundation;C:\Users\hp\AppData\Roaming\npm-global;C:\Users\hp\AppData\Local\Microsoft\WinGet\Links
USERNAME=hp
OS=Windows_NT
PROCESSOR_IDENTIFIER=Intel64 Family 6 Model 186 Stepping 3, GenuineIntel
TMP=C:\Users\hp\AppData\Local\Temp
TEMP=C:\Users\hp\AppData\Local\Temp



Periodic native trim disabled


---------------  S Y S T E M  ---------------

OS:
 Windows 11 , 64 bit Build 26100 (10.0.26100.7705)
OS uptime: 1 days 17:24 hours
Hyper-V role detected

CPU: total 12 (initial active 12) (6 cores per cpu, 2 threads per core) family 6 model 186 stepping 3 microcode 0x4121, cx8, cmov, fxsr, ht, mmx, 3dnowpref, sse, sse2, sse3, ssse3, sse4.1, sse4.2, popcnt, lzcnt, tsc, tscinvbit, avx, avx2, aes, erms, clmul, bmi1, bmi2, adx, sha, fma, vzeroupper, clflush, clflushopt, clwb, hv
Processor Information for processor 0
  Max Mhz: 1300, Current Mhz: 1300, Mhz Limit: 1300
Processor Information for processor 1
  Max Mhz: 1300, Current Mhz: 1300, Mhz Limit: 1300
Processor Information for processor 2
  Max Mhz: 1300, Current Mhz: 1300, Mhz Limit: 1300
Processor Information for processor 3
  Max Mhz: 1300, Current Mhz: 1300, Mhz Limit: 1300
Processor Information for processor 4
  Max Mhz: 1300, Current Mhz: 900, Mhz Limit: 897
Processor Information for processor 5
  Max Mhz: 1300, Current Mhz: 900, Mhz Limit: 897
Processor Information for processor 6
  Max Mhz: 1300, Current Mhz: 900, Mhz Limit: 897
Processor Information for processor 7
  Max Mhz: 1300, Current Mhz: 900, Mhz Limit: 897
Processor Information for processor 8
  Max Mhz: 1300, Current Mhz: 900, Mhz Limit: 897
Processor Information for processor 9
  Max Mhz: 1300, Current Mhz: 900, Mhz Limit: 897
Processor Information for processor 10
  Max Mhz: 1300, Current Mhz: 900, Mhz Limit: 897
Processor Information for processor 11
  Max Mhz: 1300, Current Mhz: 900, Mhz Limit: 897

Memory: 4k page, system-wide physical 7835M (710M free)
TotalPageFile size 21297M (AvailPageFile size 16M)
current process WorkingSet (physical memory assigned to process): 357M, peak: 357M
current process commit charge ("private bytes"): 405M, peak: 448M

vm_info: OpenJDK 64-Bit Server VM (17.0.17+10-LTS) for windows-amd64 JRE (17.0.17+10-LTS), built on Oct 13 2025 22:19:56 by "MicrosoftCorporation" with unknown MS VC++:1944

END.
