#
# There is insufficient memory for the Java Runtime Environment to continue.
# Native memory allocation (mmap) failed to map 329252864 bytes. Error detail: G1 virtual space
# Possible reasons:
#   The system is out of physical RAM or swap space
#   This process is running with CompressedOops enabled, and the Java Heap may be blocking the growth of the native heap
# Possible solutions:
#   Reduce memory load on the system
#   Increase physical memory or swap space
#   Check if swap backing store is full
#   Decrease Java heap size (-Xmx/-Xms)
#   Decrease number of Java threads
#   Decrease Java thread stack sizes (-Xss)
#   Set larger code cache with -XX:ReservedCodeCacheSize=
#   JVM is running with Unscaled Compressed Oops mode in which the Java heap is
#     placed in the first 4GB address space. The Java Heap base address is the
#     maximum limit for the native heap growth. Please use -XX:HeapBaseMinAddress
#     to set the Java Heap base and to place the Java Heap above 4GB virtual address.
# This output file may be truncated or incomplete.
#
#  Out of Memory Error (os_windows.cpp:3690), pid=21284, tid=24880
#
# JRE version: OpenJDK Runtime Environment Microsoft-12574423 (17.0.17+10) (build 17.0.17+10-LTS)
# Java VM: OpenJDK 64-Bit Server VM Microsoft-12574423 (17.0.17+10-LTS, mixed mode, emulated-client, sharing, tiered, compressed oops, compressed class ptrs, g1 gc, windows-amd64)
# No core dump will be written. Minidumps are not enabled by default on client versions of Windows
#

---------------  S U M M A R Y ------------

Command Line: -agentlib:jdwp=transport=dt_socket,address=127.0.0.1:63004,suspend=y,server=n -javaagent:C:\Users\hp\AppData\Local\JetBrains\IntelliJIdea2025.3\captureAgent\debugger-agent.jar=file:///C:/Users/hp/AppData/Local/Temp/capture14808720740339132603.props -XX:TieredStopAtLevel=1 -Dspring.output.ansi.enabled=always -Dkotlinx.coroutines.debug.enable.creation.stack.trace=false -Ddebugger.agent.enable.coroutines=true -Dkotlinx.coroutines.debug.enable.flows.stack.trace=true -Dkotlinx.coroutines.debug.enable.mutable.state.flows.stack.trace=true -Ddebugger.async.stack.trace.for.all.threads=true -Dfile.encoding=UTF-8 com.esprit.platformepediatricback.PlatformePediatricBackApplication

Host: 13th Gen Intel(R) Core(TM) i5-1334U, 12 cores, 7G,  Windows 11 , 64 bit Build 26100 (10.0.26100.7705)
Time: Wed May 13 16:45:58 2026 Paris, Madrid (heure duild 26100 (10.0.26100.7705) elapsed time: 9.908005 seconds (0d 0h 0m 9s)

---------------  T H R E A D  ---------------

Current thread (0x0000022ae1b2ce80):  VMThread "VM Thread" [stack: 0x000000f487f00000,0x000000f488000000] [id=24880]

Stack: [0x000000f487f00000,0x000000f488000000]
Native frames: (J=compiled Java code, j=interpreted, Vv=VM code, C=native code)
V  [jvm.dll+0x68c459]  (no source info available)
V  [jvm.dll+0x845e09]  (no source info available)
V  [jvm.dll+0x847b78]  (no source info available)
V  [jvm.dll+0x848203]  (no source info available)
V  [jvm.dll+0x24cf6f]  (no source info available)
V  [jvm.dll+0x68b859]  (no source info available)
V  [jvm.dll+0x67fe1a]  (no source info available)
V  [jvm.dll+0x3100f0]  (no source info available)
V  [jvm.dll+0x30ff92]  (no source info available)
V  [jvm.dll+0x3174e9]  (no source info available)
V  [jvm.dll+0x3697c9]  (no source info available)
V  [jvm.dll+0x3699fd]  (no source info available)
V  [jvm.dll+0x2e68fa]  (no source info available)
V  [jvm.dll+0x2e4cf1]  (no source info available)
V  [jvm.dll+0x2e448c]  (no source info available)
V  [jvm.dll+0x3291f1]  (no source info available)
V  [jvm.dll+0x84ca8d]  (no source info available)
V  [jvm.dll+0x84d7a3]  (no source info available)
V  [jvm.dll+0x84dcd4]  (no source info available)
V  [jvm.dll+0x84e0b8]  (no source info available)
V  [jvm.dll+0x84e1ae]  (no source info available)
V  [jvm.dll+0x7f5a5c]  (no source info available)
V  [jvm.dll+0x68d9f7]  (no source info available)
C  [ucrtbase.dll+0x37b0]  (no source info available)
C  [KERNEL32.DLL+0x2e8d7]  (no source info available)
C  [ntdll.dll+0x8c40c]  (no source info available)

VM_Operation (0x000000f489cf63e0): G1TryInitiateConcMark, mode: safepoint, requested by thread 0x0000022ae6e97ff0


---------------  P R O C E S S  ---------------

Threads class SMR info:
_java_thread_list=0x0000022aec7f68d0, length=29, elements={
0x0000022acf75e440, 0x0000022ae1b32e50, 0x0000022ae1b34380, 0x0000022ae1b499d0,
0x0000022ae1b4a390, 0x0000022ae1b4d8d0, 0x0000022ae1b4ee00, 0x0000022ae1b50330,
0x0000022ae1b518a0, 0x0000022ae1b7df80, 0x0000022ae1d62ce0, 0x0000022ae1d6b800,
0x0000022ae1d6dd30, 0x0000022ae1dbe950, 0x0000022ae1dc20e0, 0x0000022ae1ddc290,
0x0000022ae1e6f960, 0x0000022ae1e84b80, 0x0000022ae6e970c0, 0x0000022ae6e97ff0,
0x0000022aea9022e0, 0x0000022aea903210, 0x0000022aea906ed0, 0x0000022aea903720,
0x0000022aeb8434a0, 0x0000022aeb842060, 0x0000022aed256e60, 0x0000022aed256440,
0x0000022aed258cc0
}

Java Threads: ( => current thread )
  0x0000022acf75e440 JavaThread "main" [_thread_blocked, id=12932, stack(0x000000f487900000,0x000000f487a00000)]
  0x0000022ae1b32e50 JavaThread "Reference Handler" daemon [_thread_blocked, id=22112, stack(0x000000f488000000,0x000000f488100000)]
  0x0000022ae1b34380 JavaThread "Finalizer" daemon [_thread_blocked, id=21488, stack(0x000000f488100000,0x000000f488200000)]
  0x0000022ae1b499d0 JavaThread "Signal Dispatcher" daemon [_thread_blocked, id=7688, stack(0x000000f488200000,0x000000f488300000)]
  0x0000022ae1b4a390 JavaThread "Attach Listener" daemon [_thread_blocked, id=24776, stack(0x000000f488300000,0x000000f488400000)]
  0x0000022ae1b4d8d0 JavaThread "Service Thread" daemon [_thread_blocked, id=17392, stack(0x000000f488400000,0x000000f488500000)]
  0x0000022ae1b4ee00 JavaThread "Monitor Deflation Thread" daemon [_thread_blocked, id=25504, stack(0x000000f488500000,0x000000f488600000)]
  0x0000022ae1b50330 JavaThread "C1 CompilerThread0" daemon [_thread_blocked, id=23556, stack(0x000000f488600000,0x000000f488700000)]
  0x0000022ae1b518a0 JavaThread "Sweeper thread" daemon [_thread_blocked, id=23344, stack(0x000000f488700000,0x000000f488800000)]
  0x0000022ae1b7df80 JavaThread "C1 CompilerThread1" daemon [_thread_blocked, id=8776, stack(0x000000f488800000,0x000000f488900000)]
  0x0000022ae1d62ce0 JavaThread "Common-Cleaner" daemon [_thread_blocked, id=19160, stack(0x000000f488900000,0x000000f488a00000)]
  0x0000022ae1d6b800 JavaThread "C1 CompilerThread2" daemon [_thread_blocked, id=15748, stack(0x000000f488a00000,0x000000f488b00000)]
  0x0000022ae1d6dd30 JavaThread "C1 CompilerThread3" daemon [_thread_blocked, id=22464, stack(0x000000f488b00000,0x000000f488c00000)]
  0x0000022ae1dbe950 JavaThread "JDWP Transport Listener: dt_socket" daemon [_thread_blocked, id=17100, stack(0x000000f488c00000,0x000000f488d00000)]
  0x0000022ae1dc20e0 JavaThread "JDWP Event Helper Thread" daemon [_thread_blocked, id=20912, stack(0x000000f488d00000,0x000000f488e00000)]
  0x0000022ae1ddc290 JavaThread "JDWP Command Reader" daemon [_thread_in_native, id=21716, stack(0x000000f488e00000,0x000000f488f00000)]
  0x0000022ae1e6f960 JavaThread "IntelliJ Suspend Helper" daemon [_thread_blocked, id=17076, stack(0x000000f488f00000,0x000000f489000000)]
  0x0000022ae1e84b80 JavaThread "Notification Thread" daemon [_thread_blocked, id=23672, stack(0x000000f489000000,0x000000f489100000)]
  0x0000022ae6e970c0 JavaThread "Thread-0" [_thread_blocked, id=25224, stack(0x000000f489b00000,0x000000f489c00000)]
  0x0000022ae6e97ff0 JavaThread "restartedMain" [_thread_blocked, id=18524, stack(0x000000f489c00000,0x000000f489d00000)]
  0x0000022aea9022e0 JavaThread "mysql-cj-abandoned-connection-cleanup" daemon [_thread_blocked, id=4340, stack(0x000000f489d00000,0x000000f489e00000)]
  0x0000022aea903210 JavaThread "MVStore background writer D:/Platform-Pediatric-pidev-platform-nephrologie/Platform-Pediatric-pidev-platform-nephrologie/Back/data/pediatricdb.mv.db" daemon [_thread_blocked, id=1404, stack(0x000000f48a000000,0x000000f48a100000)]
  0x0000022aea906ed0 JavaThread "HikariPool-1 housekeeper" daemon [_thread_blocked, id=17616, stack(0x000000f48a100000,0x000000f48a200000)]
  0x0000022aea903720 JavaThread "HikariPool-1 connection adder" daemon [_thread_blocked, id=15192, stack(0x000000f48a200000,0x000000f48a300000)]
  0x0000022aeb8434a0 JavaThread "H2-serialization" daemon [_thread_blocked, id=18580, stack(0x000000f48a300000,0x000000f48a400000)]
  0x0000022aeb842060 JavaThread "H2-save" daemon [_thread_blocked, id=23780, stack(0x000000f48a400000,0x000000f48a500000)]
  0x0000022aed256e60 JavaThread "Catalina-utility-1" [_thread_blocked, id=18752, stack(0x000000f48a500000,0x000000f48a600000)]
  0x0000022aed256440 JavaThread "Catalina-utility-2" [_thread_blocked, id=9032, stack(0x000000f48a600000,0x000000f48a700000)]
  0x0000022aed258cc0 JavaThread "container-0" [_thread_blocked, id=19724, stack(0x000000f48a700000,0x000000f48a800000)]

Other Threads:
=>0x0000022ae1b2ce80 VMThread "VM Thread" [stack: 0x000000f487f00000,0x000000f488000000] [id=24880]
  0x0000022ae1e8eba0 WatcherThread [stack: 0x000000f489100000,0x000000f489200000] [id=15984]
  0x0000022acf7b86c0 GCTaskThread "GC Thread#0" [stack: 0x000000f487a00000,0x000000f487b00000] [id=17816]
  0x0000022ae6ba3590 GCTaskThread "GC Thread#1" [stack: 0x000000f489200000,0x000000f489300000] [id=24620]
  0x0000022ae6d15cd0 GCTaskThread "GC Thread#2" [stack: 0x000000f489300000,0x000000f489400000] [id=15140]
  0x0000022ae6d23030 GCTaskThread "GC Thread#3" [stack: 0x000000f489400000,0x000000f489500000] [id=25460]
  0x0000022ae6d5bc50 GCTaskThread "GC Thread#4" [stack: 0x000000f489500000,0x000000f489600000] [id=11228]
  0x0000022ae6d5c790 GCTaskThread "GC Thread#5" [stack: 0x000000f489600000,0x000000f489700000] [id=836]
  0x0000022ae6d5b980 GCTaskThread "GC Thread#6" [stack: 0x000000f489700000,0x000000f489800000] [id=15044]
  0x0000022ae6d5d5a0 GCTaskThread "GC Thread#7" [stack: 0x000000f489800000,0x000000f489900000] [id=23728]
  0x0000022ae6d5c4c0 GCTaskThread "GC Thread#8" [stack: 0x000000f489900000,0x000000f489a00000] [id=11200]
  0x0000022ae6d5cd30 GCTaskThread "GC Thread#9" [stack: 0x000000f489a00000,0x000000f489b00000] [id=21744]
  0x0000022acf7c8b20 ConcurrentGCThread "G1 Main Marker" [stack: 0x000000f487b00000,0x000000f487c00000] [id=11324]
  0x0000022acf7cb220 ConcurrentGCThread "G1 Conc#0" [stack: 0x000000f487c00000,0x000000f487d00000] [id=9168]
  0x0000022ae73d3060 ConcurrentGCThread "G1 Conc#1" [stack: 0x000000f489e00000,0x000000f489f00000] [id=14328]
  0x0000022ae73d1cb0 ConcurrentGCThread "G1 Conc#2" [stack: 0x000000f489f00000,0x000000f48a000000] [id=25400]
  0x0000022ae19d5390 ConcurrentGCThread "G1 Refine#0" [stack: 0x000000f487d00000,0x000000f487e00000] [id=2612]
  0x0000022aed55a890 ConcurrentGCThread "G1 Refine#1" [stack: 0x000000f48a800000,0x000000f48a900000] [id=3988]
  0x0000022aed55b8a0 ConcurrentGCThread "G1 Refine#2" [stack: 0x000000f48a900000,0x000000f48aa00000] [id=25432]
  0x0000022ae19d5dd0 ConcurrentGCThread "G1 Service" [stack: 0x000000f487e00000,0x000000f487f00000] [id=1600]

Threads with active compile tasks:

VM state: at safepoint (normal execution)

VM Mutex/Monitor currently owned by a thread:  ([mutex/lock_event])
[0x0000022acf75a120] Threads_lock - owner thread: 0x0000022ae1b2ce80
[0x0000022acf75a3f0] Heap_lock - owner thread: 0x0000022ae6e97ff0

Heap address: 0x0000000085800000, size: 1960 MB, Compressed Oops mode: 32-bit

CDS archive(s) mapped at: [0x0000022a80000000-0x0000022a80bb0000-0x0000022a80bb0000), size 12255232, SharedBaseAddress: 0x0000022a80000000, ArchiveRelocationMode: 1.
Compressed class space mapped at: 0x0000022a81000000-0x0000022ac1000000, reserved size: 1073741824
Narrow klass base: 0x0000022a80000000, Narrow klass shift: 0, Narrow klass range: 0x100000000

GC Precious Log:
 CPUs: 12 total, 12 available
 Memory: 7835M
 Large Page Support: Disabled
 NUMA Support: Disabled
 Compressed Oops: Enabled (32-bit)
 Heap Region Size: 1M
 Heap Min Capacity: 8M
 Heap Initial Capacity: 124M
 Heap Max Capacity: 1960M
 Pre-touch: Disabled
 Parallel Workers: 10
 Concurrent Workers: 3
 Concurrent Refinement Workers: 10
 Periodic GC: Disabled

Heap:
 garbage-first heap   total 160768K, used 104077K [0x0000000085800000, 0x0000000100000000)
  region size 1024K, 3 young (3072K), 3 survivors (3072K)
 Metaspace       used 78227K, committed 78848K, reserved 1179648K
  class space    used 11134K, committed 11456K, reserved 1048576K

Heap Regions: E=young(eden), S=young(survivor), O=old, HS=humongous(starts), HC=humongous(continues), CS=collection set, F=free, OA=open archive, CA=closed archive, TAMS=top-at-mark-start (previous, next)
|   0|0x0000000085800000, 0x0000000085900000, 0x0000000085900000|100%|HS|  |TAMS 0x0000000085900000, 0x0000000085900000| Complete 
|   1|0x0000000085900000, 0x0000000085a00000, 0x0000000085a00000|100%|HS|  |TAMS 0x0000000085a00000, 0x0000000085a00000| Complete 
|   2|0x0000000085a00000, 0x0000000085b00000, 0x0000000085b00000|100%|HS|  |TAMS 0x0000000085b00000, 0x0000000085b00000| Complete 
|   3|0x0000000085b00000, 0x0000000085c00000, 0x0000000085c00000|100%| O|  |TAMS 0x0000000085c00000, 0x0000000085c00000| Untracked 
|   4|0x0000000085c00000, 0x0000000085d00000, 0x0000000085d00000|100%| O|  |TAMS 0x0000000085d00000, 0x0000000085d00000| Untracked 
|   5|0x0000000085d00000, 0x0000000085e00000, 0x0000000085e00000|100%| O|  |TAMS 0x0000000085e00000, 0x0000000085e00000| Untracked 
|   6|0x0000000085e00000, 0x0000000085f00000, 0x0000000085f00000|100%| O|  |TAMS 0x0000000085f00000, 0x0000000085f00000| Untracked 
|   7|0x0000000085f00000, 0x0000000086000000, 0x0000000086000000|100%| O|  |TAMS 0x0000000086000000, 0x0000000086000000| Untracked 
|   8|0x0000000086000000, 0x0000000086100000, 0x0000000086100000|100%| O|  |TAMS 0x0000000086100000, 0x0000000086100000| Untracked 
|   9|0x0000000086100000, 0x0000000086200000, 0x0000000086200000|100%| O|  |TAMS 0x0000000086200000, 0x0000000086200000| Untracked 
|  10|0x0000000086200000, 0x0000000086300000, 0x0000000086300000|100%| O|  |TAMS 0x0000000086300000, 0x0000000086300000| Untracked 
|  11|0x0000000086300000, 0x0000000086400000, 0x0000000086400000|100%| O|  |TAMS 0x0000000086400000, 0x0000000086400000| Untracked 
|  12|0x0000000086400000, 0x0000000086500000, 0x0000000086500000|100%| O|  |TAMS 0x0000000086500000, 0x0000000086500000| Untracked 
|  13|0x0000000086500000, 0x0000000086600000, 0x0000000086600000|100%| O|  |TAMS 0x0000000086600000, 0x0000000086600000| Untracked 
|  14|0x0000000086600000, 0x0000000086700000, 0x0000000086700000|100%| O|  |TAMS 0x0000000086700000, 0x0000000086700000| Untracked 
|  15|0x0000000086700000, 0x0000000086800000, 0x0000000086800000|100%| O|  |TAMS 0x0000000086800000, 0x0000000086800000| Untracked 
|  16|0x0000000086800000, 0x0000000086900000, 0x0000000086900000|100%| O|  |TAMS 0x0000000086800000, 0x0000000086800000| Untracked 
|  17|0x0000000086900000, 0x00000000869c6a00, 0x0000000086a00000| 77%| O|  |TAMS 0x00000000869c6a00, 0x00000000869c6a00| Untracked 
|  18|0x0000000086a00000, 0x0000000086b00000, 0x0000000086b00000|100%| O|  |TAMS 0x0000000086b00000, 0x0000000086b00000| Untracked 
|  19|0x0000000086b00000, 0x0000000086c00000, 0x0000000086c00000|100%| O|  |TAMS 0x0000000086c00000, 0x0000000086c00000| Untracked 
|  20|0x0000000086c00000, 0x0000000086d00000, 0x0000000086d00000|100%| O|  |TAMS 0x0000000086d00000, 0x0000000086d00000| Untracked 
|  21|0x0000000086d00000, 0x0000000086e00000, 0x0000000086e00000|100%| O|  |TAMS 0x0000000086e00000, 0x0000000086e00000| Untracked 
|  22|0x0000000086e00000, 0x0000000086f00000, 0x0000000086f00000|100%| O|  |TAMS 0x0000000086f00000, 0x0000000086f00000| Untracked 
|  23|0x0000000086f00000, 0x0000000087000000, 0x0000000087000000|100%| O|  |TAMS 0x0000000087000000, 0x0000000087000000| Untracked 
|  24|0x0000000087000000, 0x0000000087100000, 0x0000000087100000|100%| O|  |TAMS 0x0000000087100000, 0x0000000087100000| Untracked 
|  25|0x0000000087100000, 0x0000000087200000, 0x0000000087200000|100%| O|  |TAMS 0x0000000087200000, 0x0000000087200000| Untracked 
|  26|0x0000000087200000, 0x0000000087300000, 0x0000000087300000|100%| O|  |TAMS 0x0000000087300000, 0x0000000087300000| Untracked 
|  27|0x0000000087300000, 0x0000000087400000, 0x0000000087400000|100%| O|  |TAMS 0x0000000087400000, 0x0000000087400000| Untracked 
|  28|0x0000000087400000, 0x0000000087500000, 0x0000000087500000|100%| O|  |TAMS 0x0000000087500000, 0x0000000087500000| Untracked 
|  29|0x0000000087500000, 0x0000000087600000, 0x0000000087600000|100%| O|  |TAMS 0x0000000087600000, 0x0000000087600000| Untracked 
|  30|0x0000000087600000, 0x0000000087700000, 0x0000000087700000|100%| O|  |TAMS 0x0000000087700000, 0x0000000087700000| Untracked 
|  31|0x0000000087700000, 0x0000000087800000, 0x0000000087800000|100%| O|  |TAMS 0x0000000087800000, 0x0000000087800000| Untracked 
|  32|0x0000000087800000, 0x0000000087900000, 0x0000000087900000|100%| O|  |TAMS 0x0000000087900000, 0x0000000087900000| Untracked 
|  33|0x0000000087900000, 0x0000000087a00000, 0x0000000087a00000|100%| O|  |TAMS 0x0000000087a00000, 0x0000000087a00000| Untracked 
|  34|0x0000000087a00000, 0x0000000087b00000, 0x0000000087b00000|100%| O|  |TAMS 0x0000000087b00000, 0x0000000087b00000| Untracked 
|  35|0x0000000087b00000, 0x0000000087c00000, 0x0000000087c00000|100%| O|  |TAMS 0x0000000087c00000, 0x0000000087c00000| Untracked 
|  36|0x0000000087c00000, 0x0000000087d00000, 0x0000000087d00000|100%| O|  |TAMS 0x0000000087d00000, 0x0000000087d00000| Untracked 
|  37|0x0000000087d00000, 0x0000000087e00000, 0x0000000087e00000|100%|HS|  |TAMS 0x0000000087e00000, 0x0000000087e00000| Complete 
|  38|0x0000000087e00000, 0x0000000087f00000, 0x0000000087f00000|100%|HC|  |TAMS 0x0000000087f00000, 0x0000000087f00000| Complete 
|  39|0x0000000087f00000, 0x0000000088000000, 0x0000000088000000|100%| O|  |TAMS 0x0000000088000000, 0x0000000088000000| Untracked 
|  40|0x0000000088000000, 0x0000000088100000, 0x0000000088100000|100%| O|  |TAMS 0x0000000088100000, 0x0000000088100000| Untracked 
|  41|0x0000000088100000, 0x0000000088200000, 0x0000000088200000|100%| O|  |TAMS 0x0000000088200000, 0x0000000088200000| Untracked 
|  42|0x0000000088200000, 0x0000000088300000, 0x0000000088300000|100%| O|  |TAMS 0x0000000088300000, 0x0000000088300000| Untracked 
|  43|0x0000000088300000, 0x0000000088400000, 0x0000000088400000|100%| O|  |TAMS 0x0000000088400000, 0x0000000088400000| Untracked 
|  44|0x0000000088400000, 0x0000000088500000, 0x0000000088500000|100%| O|  |TAMS 0x0000000088500000, 0x0000000088500000| Untracked 
|  45|0x0000000088500000, 0x0000000088600000, 0x0000000088600000|100%| O|  |TAMS 0x0000000088600000, 0x0000000088600000| Untracked 
|  46|0x0000000088600000, 0x0000000088700000, 0x0000000088700000|100%| O|  |TAMS 0x0000000088700000, 0x0000000088700000| Untracked 
|  47|0x0000000088700000, 0x0000000088800000, 0x0000000088800000|100%| O|  |TAMS 0x0000000088800000, 0x0000000088800000| Untracked 
|  48|0x0000000088800000, 0x0000000088900000, 0x0000000088900000|100%| O|  |TAMS 0x0000000088900000, 0x0000000088900000| Untracked 
|  49|0x0000000088900000, 0x0000000088a00000, 0x0000000088a00000|100%| O|  |TAMS 0x0000000088a00000, 0x0000000088a00000| Untracked 
|  50|0x0000000088a00000, 0x0000000088b00000, 0x0000000088b00000|100%| O|  |TAMS 0x0000000088b00000, 0x0000000088b00000| Untracked 
|  51|0x0000000088b00000, 0x0000000088c00000, 0x0000000088c00000|100%| O|  |TAMS 0x0000000088c00000, 0x0000000088c00000| Untracked 
|  52|0x0000000088c00000, 0x0000000088d00000, 0x0000000088d00000|100%| O|  |TAMS 0x0000000088d00000, 0x0000000088d00000| Untracked 
|  53|0x0000000088d00000, 0x0000000088e00000, 0x0000000088e00000|100%| O|  |TAMS 0x0000000088e00000, 0x0000000088e00000| Untracked 
|  54|0x0000000088e00000, 0x0000000088f00000, 0x0000000088f00000|100%| O|  |TAMS 0x0000000088f00000, 0x0000000088f00000| Untracked 
|  55|0x0000000088f00000, 0x0000000089000000, 0x0000000089000000|100%| O|  |TAMS 0x0000000089000000, 0x0000000089000000| Untracked 
|  56|0x0000000089000000, 0x0000000089100000, 0x0000000089100000|100%| O|  |TAMS 0x0000000089100000, 0x0000000089100000| Untracked 
|  57|0x0000000089100000, 0x0000000089200000, 0x0000000089200000|100%| O|  |TAMS 0x0000000089200000, 0x0000000089200000| Untracked 
|  58|0x0000000089200000, 0x0000000089300000, 0x0000000089300000|100%| O|  |TAMS 0x0000000089300000, 0x0000000089300000| Untracked 
|  59|0x0000000089300000, 0x0000000089400000, 0x0000000089400000|100%| O|  |TAMS 0x0000000089400000, 0x0000000089400000| Untracked 
|  60|0x0000000089400000, 0x0000000089500000, 0x0000000089500000|100%| O|  |TAMS 0x0000000089500000, 0x0000000089500000| Untracked 
|  61|0x0000000089500000, 0x0000000089600000, 0x0000000089600000|100%| O|  |TAMS 0x0000000089600000, 0x0000000089600000| Untracked 
|  62|0x0000000089600000, 0x0000000089700000, 0x0000000089700000|100%| O|  |TAMS 0x0000000089700000, 0x0000000089700000| Untracked 
|  63|0x0000000089700000, 0x0000000089800000, 0x0000000089800000|100%| O|  |TAMS 0x0000000089800000, 0x0000000089800000| Untracked 
|  64|0x0000000089800000, 0x0000000089900000, 0x0000000089900000|100%| O|  |TAMS 0x0000000089900000, 0x0000000089900000| Untracked 
|  65|0x0000000089900000, 0x0000000089a00000, 0x0000000089a00000|100%| O|  |TAMS 0x0000000089a00000, 0x0000000089a00000| Untracked 
|  66|0x0000000089a00000, 0x0000000089b00000, 0x0000000089b00000|100%| O|  |TAMS 0x0000000089b00000, 0x0000000089b00000| Untracked 
|  67|0x0000000089b00000, 0x0000000089c00000, 0x0000000089c00000|100%| O|  |TAMS 0x0000000089b00000, 0x0000000089c00000| Untracked 
|  68|0x0000000089c00000, 0x0000000089d00000, 0x0000000089d00000|100%| O|  |TAMS 0x0000000089c00000, 0x0000000089d00000| Untracked 
|  69|0x0000000089d00000, 0x0000000089e00000, 0x0000000089e00000|100%| O|  |TAMS 0x0000000089d00000, 0x0000000089e00000| Untracked 
|  70|0x0000000089e00000, 0x0000000089f00000, 0x0000000089f00000|100%| O|  |TAMS 0x0000000089e00000, 0x0000000089f00000| Untracked 
|  71|0x0000000089f00000, 0x000000008a000000, 0x000000008a000000|100%| O|  |TAMS 0x0000000089f00000, 0x000000008a000000| Untracked 
|  72|0x000000008a000000, 0x000000008a100000, 0x000000008a100000|100%| O|  |TAMS 0x000000008a000000, 0x000000008a100000| Untracked 
|  73|0x000000008a100000, 0x000000008a200000, 0x000000008a200000|100%| O|  |TAMS 0x000000008a200000, 0x000000008a200000| Untracked 
|  74|0x000000008a200000, 0x000000008a300000, 0x000000008a300000|100%| O|  |TAMS 0x000000008a300000, 0x000000008a300000| Untracked 
|  75|0x000000008a300000, 0x000000008a400000, 0x000000008a400000|100%| O|  |TAMS 0x000000008a400000, 0x000000008a400000| Untracked 
|  76|0x000000008a400000, 0x000000008a500000, 0x000000008a500000|100%| O|  |TAMS 0x000000008a500000, 0x000000008a500000| Untracked 
|  77|0x000000008a500000, 0x000000008a600000, 0x000000008a600000|100%| O|  |TAMS 0x000000008a600000, 0x000000008a600000| Untracked 
|  78|0x000000008a600000, 0x000000008a700000, 0x000000008a700000|100%| O|  |TAMS 0x000000008a6d0000, 0x000000008a700000| Untracked 
|  79|0x000000008a700000, 0x000000008a800000, 0x000000008a800000|100%| O|  |TAMS 0x000000008a700000, 0x000000008a800000| Untracked 
|  80|0x000000008a800000, 0x000000008a900000, 0x000000008a900000|100%| O|  |TAMS 0x000000008a800000, 0x000000008a900000| Untracked 
|  81|0x000000008a900000, 0x000000008aa00000, 0x000000008aa00000|100%| O|  |TAMS 0x000000008a900000, 0x000000008aa00000| Untracked 
|  82|0x000000008aa00000, 0x000000008ab00000, 0x000000008ab00000|100%|HS|  |TAMS 0x000000008aa00000, 0x000000008ab00000| Complete 
|  83|0x000000008ab00000, 0x000000008ac00000, 0x000000008ac00000|100%| O|  |TAMS 0x000000008ab00000, 0x000000008ac00000| Untracked 
|  84|0x000000008ac00000, 0x000000008ad00000, 0x000000008ad00000|100%| O|  |TAMS 0x000000008ac00000, 0x000000008ad00000| Untracked 
|  85|0x000000008ad00000, 0x000000008ae00000, 0x000000008ae00000|100%| O|  |TAMS 0x000000008ad00000, 0x000000008ae00000| Untracked 
|  86|0x000000008ae00000, 0x000000008af00000, 0x000000008af00000|100%| O|  |TAMS 0x000000008ae00000, 0x000000008af00000| Untracked 
|  87|0x000000008af00000, 0x000000008b000000, 0x000000008b000000|100%| O|  |TAMS 0x000000008af00000, 0x000000008b000000| Untracked 
|  88|0x000000008b000000, 0x000000008b100000, 0x000000008b100000|100%| O|  |TAMS 0x000000008b000000, 0x000000008b100000| Untracked 
|  89|0x000000008b100000, 0x000000008b200000, 0x000000008b200000|100%| O|  |TAMS 0x000000008b100000, 0x000000008b200000| Untracked 
|  90|0x000000008b200000, 0x000000008b300000, 0x000000008b300000|100%| O|  |TAMS 0x000000008b200000, 0x000000008b300000| Untracked 
|  91|0x000000008b300000, 0x000000008b400000, 0x000000008b400000|100%| O|  |TAMS 0x000000008b300000, 0x000000008b400000| Untracked 
|  92|0x000000008b400000, 0x000000008b500000, 0x000000008b500000|100%| O|  |TAMS 0x000000008b400000, 0x000000008b500000| Untracked 
|  93|0x000000008b500000, 0x000000008b600000, 0x000000008b600000|100%| O|  |TAMS 0x000000008b500000, 0x000000008b600000| Untracked 
|  94|0x000000008b600000, 0x000000008b700000, 0x000000008b700000|100%| O|  |TAMS 0x000000008b600000, 0x000000008b700000| Untracked 
|  95|0x000000008b700000, 0x000000008b800000, 0x000000008b800000|100%| O|  |TAMS 0x000000008b700000, 0x000000008b800000| Untracked 
|  96|0x000000008b800000, 0x000000008b900000, 0x000000008b900000|100%| O|  |TAMS 0x000000008b800000, 0x000000008b8d4600| Untracked 
|  97|0x000000008b900000, 0x000000008ba00000, 0x000000008ba00000|100%| O|  |TAMS 0x000000008b900000, 0x000000008b900000| Untracked 
|  98|0x000000008ba00000, 0x000000008badca00, 0x000000008bb00000| 86%| O|  |TAMS 0x000000008ba00000, 0x000000008ba00000| Untracked 
|  99|0x000000008bb00000, 0x000000008bb00000, 0x000000008bc00000|  0%| F|  |TAMS 0x000000008bb00000, 0x000000008bb00000| Untracked 
| 100|0x000000008bc00000, 0x000000008bc00000, 0x000000008bd00000|  0%| F|  |TAMS 0x000000008bc00000, 0x000000008bc00000| Untracked 
| 101|0x000000008bd00000, 0x000000008bd00000, 0x000000008be00000|  0%| F|  |TAMS 0x000000008bd00000, 0x000000008bd00000| Untracked 
| 102|0x000000008be00000, 0x000000008be00000, 0x000000008bf00000|  0%| F|  |TAMS 0x000000008be00000, 0x000000008be00000| Untracked 
| 103|0x000000008bf00000, 0x000000008bf00000, 0x000000008c000000|  0%| F|  |TAMS 0x000000008bf00000, 0x000000008bf00000| Untracked 
| 104|0x000000008c000000, 0x000000008c000000, 0x000000008c100000|  0%| F|  |TAMS 0x000000008c000000, 0x000000008c000000| Untracked 
| 105|0x000000008c100000, 0x000000008c100000, 0x000000008c200000|  0%| F|  |TAMS 0x000000008c100000, 0x000000008c100000| Untracked 
| 106|0x000000008c200000, 0x000000008c200000, 0x000000008c300000|  0%| F|  |TAMS 0x000000008c200000, 0x000000008c200000| Untracked 
| 107|0x000000008c300000, 0x000000008c300000, 0x000000008c400000|  0%| F|  |TAMS 0x000000008c300000, 0x000000008c300000| Untracked 
| 108|0x000000008c400000, 0x000000008c400000, 0x000000008c500000|  0%| F|  |TAMS 0x000000008c400000, 0x000000008c400000| Untracked 
| 109|0x000000008c500000, 0x000000008c500000, 0x000000008c600000|  0%| F|  |TAMS 0x000000008c500000, 0x000000008c500000| Untracked 
| 110|0x000000008c600000, 0x000000008c600000, 0x000000008c700000|  0%| F|  |TAMS 0x000000008c600000, 0x000000008c600000| Untracked 
| 111|0x000000008c700000, 0x000000008c700000, 0x000000008c800000|  0%| F|  |TAMS 0x000000008c700000, 0x000000008c700000| Untracked 
| 112|0x000000008c800000, 0x000000008c800000, 0x000000008c900000|  0%| F|  |TAMS 0x000000008c800000, 0x000000008c800000| Untracked 
| 113|0x000000008c900000, 0x000000008c900000, 0x000000008ca00000|  0%| F|  |TAMS 0x000000008c900000, 0x000000008c900000| Untracked 
| 114|0x000000008ca00000, 0x000000008ca00000, 0x000000008cb00000|  0%| F|  |TAMS 0x000000008ca00000, 0x000000008ca00000| Untracked 
| 115|0x000000008cb00000, 0x000000008cb00000, 0x000000008cc00000|  0%| F|  |TAMS 0x000000008cb00000, 0x000000008cb00000| Untracked 
| 116|0x000000008cc00000, 0x000000008cc00000, 0x000000008cd00000|  0%| F|  |TAMS 0x000000008cc00000, 0x000000008cc00000| Untracked 
| 117|0x000000008cd00000, 0x000000008cd00000, 0x000000008ce00000|  0%| F|  |TAMS 0x000000008cd00000, 0x000000008cd00000| Untracked 
| 118|0x000000008ce00000, 0x000000008ce00000, 0x000000008cf00000|  0%| F|  |TAMS 0x000000008ce00000, 0x000000008ce00000| Untracked 
| 119|0x000000008cf00000, 0x000000008cf00000, 0x000000008d000000|  0%| F|  |TAMS 0x000000008cf00000, 0x000000008cf00000| Untracked 
| 120|0x000000008d000000, 0x000000008d000000, 0x000000008d100000|  0%| F|  |TAMS 0x000000008d000000, 0x000000008d000000| Untracked 
| 121|0x000000008d100000, 0x000000008d100000, 0x000000008d200000|  0%| F|  |TAMS 0x000000008d100000, 0x000000008d100000| Untracked 
| 122|0x000000008d200000, 0x000000008d200000, 0x000000008d300000|  0%| F|  |TAMS 0x000000008d200000, 0x000000008d200000| Untracked 
| 123|0x000000008d300000, 0x000000008d300000, 0x000000008d400000|  0%| F|  |TAMS 0x000000008d300000, 0x000000008d300000| Untracked 
| 124|0x000000008d400000, 0x000000008d400000, 0x000000008d500000|  0%| F|  |TAMS 0x000000008d400000, 0x000000008d400000| Untracked 
| 125|0x000000008d500000, 0x000000008d500000, 0x000000008d600000|  0%| F|  |TAMS 0x000000008d500000, 0x000000008d500000| Untracked 
| 126|0x000000008d600000, 0x000000008d600000, 0x000000008d700000|  0%| F|  |TAMS 0x000000008d600000, 0x000000008d600000| Untracked 
| 127|0x000000008d700000, 0x000000008d700000, 0x000000008d800000|  0%| F|  |TAMS 0x000000008d700000, 0x000000008d700000| Untracked 
| 128|0x000000008d800000, 0x000000008d800000, 0x000000008d900000|  0%| F|  |TAMS 0x000000008d800000, 0x000000008d800000| Untracked 
| 129|0x000000008d900000, 0x000000008d900000, 0x000000008da00000|  0%| F|  |TAMS 0x000000008d900000, 0x000000008d900000| Untracked 
| 130|0x000000008da00000, 0x000000008da00000, 0x000000008db00000|  0%| F|  |TAMS 0x000000008da00000, 0x000000008da00000| Untracked 
| 131|0x000000008db00000, 0x000000008db00000, 0x000000008dc00000|  0%| F|  |TAMS 0x000000008db00000, 0x000000008db00000| Untracked 
| 132|0x000000008dc00000, 0x000000008dc00000, 0x000000008dd00000|  0%| F|  |TAMS 0x000000008dc00000, 0x000000008dc00000| Untracked 
| 133|0x000000008dd00000, 0x000000008dd00000, 0x000000008de00000|  0%| F|  |TAMS 0x000000008dd00000, 0x000000008dd00000| Untracked 
| 134|0x000000008de00000, 0x000000008de00000, 0x000000008df00000|  0%| F|  |TAMS 0x000000008de00000, 0x000000008de00000| Untracked 
| 135|0x000000008df00000, 0x000000008df00000, 0x000000008e000000|  0%| F|  |TAMS 0x000000008df00000, 0x000000008df00000| Untracked 
| 136|0x000000008e000000, 0x000000008e000000, 0x000000008e100000|  0%| F|  |TAMS 0x000000008e000000, 0x000000008e000000| Untracked 
| 137|0x000000008e100000, 0x000000008e100000, 0x000000008e200000|  0%| F|  |TAMS 0x000000008e100000, 0x000000008e100000| Untracked 
| 138|0x000000008e200000, 0x000000008e200000, 0x000000008e300000|  0%| F|  |TAMS 0x000000008e200000, 0x000000008e200000| Untracked 
| 139|0x000000008e300000, 0x000000008e300000, 0x000000008e400000|  0%| F|  |TAMS 0x000000008e300000, 0x000000008e300000| Untracked 
| 140|0x000000008e400000, 0x000000008e400000, 0x000000008e500000|  0%| F|  |TAMS 0x000000008e400000, 0x000000008e400000| Untracked 
| 141|0x000000008e500000, 0x000000008e600000, 0x000000008e600000|100%| S|CS|TAMS 0x000000008e500000, 0x000000008e500000| Complete 
| 142|0x000000008e600000, 0x000000008e700000, 0x000000008e700000|100%| S|CS|TAMS 0x000000008e600000, 0x000000008e600000| Complete 
| 143|0x000000008e700000, 0x000000008e800000, 0x000000008e800000|100%| S|CS|TAMS 0x000000008e700000, 0x000000008e700000| Complete 
| 144|0x000000008e800000, 0x000000008e800000, 0x000000008e900000|  0%| F|  |TAMS 0x000000008e800000, 0x000000008e800000| Untracked 
| 145|0x000000008e900000, 0x000000008e900000, 0x000000008ea00000|  0%| F|  |TAMS 0x000000008e900000, 0x000000008e900000| Untracked 
| 146|0x000000008ea00000, 0x000000008ea00000, 0x000000008eb00000|  0%| F|  |TAMS 0x000000008ea00000, 0x000000008ea00000| Untracked 
| 147|0x000000008eb00000, 0x000000008eb00000, 0x000000008ec00000|  0%| F|  |TAMS 0x000000008eb00000, 0x000000008eb00000| Untracked 
| 148|0x000000008ec00000, 0x000000008ec00000, 0x000000008ed00000|  0%| F|  |TAMS 0x000000008ec00000, 0x000000008ec00000| Untracked 
| 149|0x000000008ed00000, 0x000000008ed00000, 0x000000008ee00000|  0%| F|  |TAMS 0x000000008ed00000, 0x000000008ed00000| Untracked 
| 150|0x000000008ee00000, 0x000000008ee00000, 0x000000008ef00000|  0%| F|  |TAMS 0x000000008ee00000, 0x000000008ee00000| Untracked 
| 151|0x000000008ef00000, 0x000000008ef00000, 0x000000008f000000|  0%| F|  |TAMS 0x000000008ef00000, 0x000000008ef00000| Untracked 
| 152|0x000000008f000000, 0x000000008f000000, 0x000000008f100000|  0%| F|  |TAMS 0x000000008f000000, 0x000000008f000000| Untracked 
| 153|0x000000008f100000, 0x000000008f100000, 0x000000008f200000|  0%| F|  |TAMS 0x000000008f100000, 0x000000008f100000| Untracked 
| 154|0x000000008f200000, 0x000000008f200000, 0x000000008f300000|  0%| F|  |TAMS 0x000000008f200000, 0x000000008f200000| Untracked 
| 155|0x000000008f300000, 0x000000008f300000, 0x000000008f400000|  0%| F|  |TAMS 0x000000008f300000, 0x000000008f300000| Untracked 
| 156|0x000000008f400000, 0x000000008f400000, 0x000000008f500000|  0%| F|  |TAMS 0x000000008f400000, 0x000000008f400000| Untracked 

Card table byte_map: [0x0000022ada9d0000,0x0000022adadb0000] _byte_map_base: 0x0000022ada5a4000

Marking Bits (Prev, Next): (CMBitMap*) 0x0000022acf7b8cf0, (CMBitMap*) 0x0000022acf7b8d30
 Prev Bits: [0x0000022adb190000, 0x0000022add030000)
 Next Bits: [0x0000022add030000, 0x0000022adeed0000)

Polling page: 0x0000022acd770000

Metaspace:

Usage:
  Non-class:     65.52 MB used.
      Class:     10.87 MB used.
       Both:     76.39 MB used.

Virtual space:
  Non-class space:      128.00 MB reserved,      65.81 MB ( 51%) committed,  2 nodes.
      Class space:        1.00 GB reserved,      11.19 MB (  1%) committed,  1 nodes.
             Both:        1.12 GB reserved,      77.00 MB (  7%) committed. 

Chunk freelists:
   Non-Class:  14.14 MB
       Class:  4.86 MB
        Both:  19.00 MB

MaxMetaspaceSize: unlimited
CompressedClassSpaceSize: 1.00 GB
Initial GC threshold: 21.00 MB
Current GC threshold: 128.38 MB
CDS: on
MetaspaceReclaimPolicy: balanced
 - commit_granule_bytes: 65536.
 - commit_granule_words: 8192.
 - virtual_space_node_default_size: 8388608.
 - enlarge_chunks_in_place: 1.
 - new_chunks_are_fully_committed: 0.
 - uncommit_free_chunks: 1.
 - use_allocation_guard: 0.
 - handle_deallocations: 1.


Internal statistics:

num_allocs_failed_limit: 6.
num_arena_births: 896.
num_arena_deaths: 2.
num_vsnodes_births: 3.
num_vsnodes_deaths: 0.
num_space_committed: 1232.
num_space_uncommitted: 0.
num_chunks_returned_to_freelist: 9.
num_chunks_taken_from_freelist: 3698.
num_chunk_merges: 3.
num_chunk_splits: 2687.
num_chunks_enlarged: 2113.
num_inconsistent_stats: 0.

CodeCache: size=49152Kb used=17304Kb max_used=17304Kb free=31847Kb
 bounds [0x0000022ad72c0000, 0x0000022ad83b0000, 0x0000022ada2c0000]
 total_blobs=9370 nmethods=8675 adapters=617
 compilation: enabled
              stopped_count=0, restarted_count=0
 full_count=0

Compilation events (20 events):
Event: 9.578 Thread 0x0000022ae1b50330 8667       1       org.antlr.v4.runtime.dfa.DFAState::equals (35 bytes)
Event: 9.578 Thread 0x0000022ae1d6b800 8668       1       org.antlr.v4.runtime.atn.ATNConfigSet::equals (105 bytes)
Event: 9.578 Thread 0x0000022ae1d6dd30 8669       1       org.antlr.v4.runtime.ParserRuleContext::getRuleContexts (93 bytes)
Event: 9.578 Thread 0x0000022ae1b50330 nmethod 8667 0x0000022ad83a1290 code [0x0000022ad83a1440, 0x0000022ad83a1628]
Event: 9.578 Thread 0x0000022ae1d6b800 nmethod 8668 0x0000022ad83a1790 code [0x0000022ad83a1940, 0x0000022ad83a1bc8]
Event: 9.578 Thread 0x0000022ae1b50330 8670       1       org.hibernate.query.sqm.tree.domain.AbstractSqmSimplePath::getReferencedPathSource (24 bytes)
Event: 9.578 Thread 0x0000022ae1b50330 nmethod 8670 0x0000022ad83a1d10 code [0x0000022ad83a1ec0, 0x0000022ad83a2118]
Event: 9.578 Thread 0x0000022ae1d6dd30 nmethod 8669 0x0000022ad83a2290 code [0x0000022ad83a24c0, 0x0000022ad83a29d8]
Event: 9.603 Thread 0x0000022ae1d6dd30 8671       1       org.antlr.v4.runtime.misc.FlexibleHashMap::<init> (60 bytes)
Event: 9.603 Thread 0x0000022ae1d6dd30 nmethod 8671 0x0000022ad83a2c90 code [0x0000022ad83a2e60, 0x0000022ad83a3128]
Event: 9.604 Thread 0x0000022ae1d6dd30 8672       1       org.antlr.v4.runtime.atn.PredictionMode::allConfigsInRuleStopStates (41 bytes)
Event: 9.604 Thread 0x0000022ae1d6dd30 nmethod 8672 0x0000022ad83a3210 code [0x0000022ad83a33c0, 0x0000022ad83a3688]
Event: 9.605 Thread 0x0000022ae1d6dd30 8673   !   1       org.springframework.data.jpa.repository.query.HqlParser::reservedWord (1064 bytes)
Event: 9.605 Thread 0x0000022ae1d6b800 8674       1       org.springframework.data.jpa.repository.query.HqlParser$ReservedWordContext::<init> (7 bytes)
Event: 9.605 Thread 0x0000022ae1d6b800 nmethod 8674 0x0000022ad83a3890 code [0x0000022ad83a3a20, 0x0000022ad83a3b38]
Event: 9.605 Thread 0x0000022ae1d6b800 8675       1       org.springframework.data.jpa.repository.query.HqlBaseVisitor::visitReservedWord (6 bytes)
Event: 9.605 Thread 0x0000022ae1d6b800 nmethod 8675 0x0000022ad83a3c10 code [0x0000022ad83a3da0, 0x0000022ad83a3e88]
Event: 9.606 Thread 0x0000022ae1d6dd30 nmethod 8673 0x0000022ad83a3f10 code [0x0000022ad83a41e0, 0x0000022ad83a4ce8]
Event: 9.618 Thread 0x0000022ae1b50330 8676       1       org.antlr.v4.runtime.atn.PredictionMode::hasSLLConflictTerminatingPrediction (109 bytes)
Event: 9.618 Thread 0x0000022ae1b50330 nmethod 8676 0x0000022ad83a5710 code [0x0000022ad83a5920, 0x0000022ad83a5df8]

GC Heap History (20 events):
Event: 8.541 GC heap after
{Heap after GC invocations=21 (full 0):
 garbage-first heap   total 101376K, used 47642K [0x0000000085800000, 0x0000000100000000)
  region size 1024K, 4 young (4096K), 4 survivors (4096K)
 Metaspace       used 67541K, committed 68096K, reserved 1114112K
  class space    used 9416K, committed 9664K, reserved 1048576K
}
Event: 8.912 GC heap before
{Heap before GC invocations=21 (full 0):
 garbage-first heap   total 101376K, used 83482K [0x0000000085800000, 0x0000000100000000)
  region size 1024K, 39 young (39936K), 4 survivors (4096K)
 Metaspace       used 72631K, committed 73216K, reserved 1114112K
  class space    used 10203K, committed 10496K, reserved 1048576K
}
Event: 8.916 GC heap after
{Heap after GC invocations=22 (full 0):
 garbage-first heap   total 121856K, used 50185K [0x0000000085800000, 0x0000000100000000)
  region size 1024K, 5 young (5120K), 5 survivors (5120K)
 Metaspace       used 72631K, committed 73216K, reserved 1114112K
  class space    used 10203K, committed 10496K, reserved 1048576K
}
Event: 9.118 GC heap before
{Heap before GC invocations=22 (full 0):
 garbage-first heap   total 121856K, used 99337K [0x0000000085800000, 0x0000000100000000)
  region size 1024K, 54 young (55296K), 5 survivors (5120K)
 Metaspace       used 76000K, committed 76608K, reserved 1179648K
  class space    used 10792K, committed 11136K, reserved 1048576K
}
Event: 9.123 GC heap after
{Heap after GC invocations=23 (full 0):
 garbage-first heap   total 121856K, used 52906K [0x0000000085800000, 0x0000000100000000)
  region size 1024K, 6 young (6144K), 6 survivors (6144K)
 Metaspace       used 76000K, committed 76608K, reserved 1179648K
  class space    used 10792K, committed 11136K, reserved 1048576K
}
Event: 9.212 GC heap before
{Heap before GC invocations=23 (full 0):
 garbage-first heap   total 121856K, used 100010K [0x0000000085800000, 0x0000000100000000)
  region size 1024K, 52 young (53248K), 6 survivors (6144K)
 Metaspace       used 76094K, committed 76672K, reserved 1179648K
  class space    used 10814K, committed 11136K, reserved 1048576K
}
Event: 9.218 GC heap after
{Heap after GC invocations=24 (full 0):
 garbage-first heap   total 121856K, used 57161K [0x0000000085800000, 0x0000000100000000)
  region size 1024K, 7 young (7168K), 7 survivors (7168K)
 Metaspace       used 76094K, committed 76672K, reserved 1179648K
  class space    used 10814K, committed 11136K, reserved 1048576K
}
Event: 9.561 GC heap before
{Heap before GC invocations=24 (full 0):
 garbage-first heap   total 121856K, used 98121K [0x0000000085800000, 0x0000000100000000)
  region size 1024K, 47 young (48128K), 7 survivors (7168K)
 Metaspace       used 78209K, committed 78848K, reserved 1179648K
  class space    used 11131K, committed 11456K, reserved 1048576K
}
Event: 9.567 GC heap after
{Heap after GC invocations=25 (full 0):
 garbage-first heap   total 121856K, used 55725K [0x0000000085800000, 0x0000000100000000)
  region size 1024K, 3 young (3072K), 3 survivors (3072K)
 Metaspace       used 78209K, committed 78848K, reserved 1179648K
  class space    used 11131K, committed 11456K, reserved 1048576K
}
Event: 9.626 GC heap before
{Heap before GC invocations=25 (full 0):
 garbage-first heap   total 121856K, used 99757K [0x0000000085800000, 0x0000000100000000)
  region size 1024K, 46 young (47104K), 3 survivors (3072K)
 Metaspace       used 78230K, committed 78848K, reserved 1179648K
  class space    used 11135K, committed 11456K, reserved 1048576K
}
Event: 9.634 GC heap after
{Heap after GC invocations=26 (full 0):
 garbage-first heap   total 152576K, used 61931K [0x0000000085800000, 0x0000000100000000)
  region size 1024K, 6 young (6144K), 6 survivors (6144K)
 Metaspace       used 78230K, committed 78848K, reserved 1179648K
  class space    used 11135K, committed 11456K, reserved 1048576K
}
Event: 9.710 GC heap before
{Heap before GC invocations=26 (full 0):
 garbage-first heap   total 152576K, used 118251K [0x0000000085800000, 0x0000000100000000)
  region size 1024K, 61 young (62464K), 6 survivors (6144K)
 Metaspace       used 78230K, committed 78848K, reserved 1179648K
  class space    used 11135K, committed 11456K, reserved 1048576K
}
Event: 9.734 GC heap after
{Heap after GC invocations=27 (full 0):
 garbage-first heap   total 152576K, used 82522K [0x0000000085800000, 0x0000000100000000)
  region size 1024K, 8 young (8192K), 8 survivors (8192K)
 Metaspace       used 78230K, committed 78848K, reserved 1179648K
  class space    used 11135K, committed 11456K, reserved 1048576K
}
Event: 9.739 GC heap before
{Heap before GC invocations=27 (full 0):
 garbage-first heap   total 152576K, used 84570K [0x0000000085800000, 0x0000000100000000)
  region size 1024K, 11 young (11264K), 8 survivors (8192K)
 Metaspace       used 78230K, committed 78848K, reserved 1179648K
  class space    used 11135K, committed 11456K, reserved 1048576K
}
Event: 9.747 GC heap after
{Heap after GC invocations=28 (full 0):
 garbage-first heap   total 152576K, used 84753K [0x0000000085800000, 0x0000000100000000)
  region size 1024K, 2 young (2048K), 2 survivors (2048K)
 Metaspace       used 78230K, committed 78848K, reserved 1179648K
  class space    used 11135K, committed 11456K, reserved 1048576K
}
Event: 9.861 GC heap before
{Heap before GC invocations=29 (full 0):
 garbage-first heap   total 160768K, used 113425K [0x0000000085800000, 0x0000000100000000)
  region size 1024K, 29 young (29696K), 2 survivors (2048K)
 Metaspace       used 78227K, committed 78848K, reserved 1179648K
  class space    used 11134K, committed 11456K, reserved 1048576K
}
Event: 9.870 GC heap after
{Heap after GC invocations=30 (full 0):
 garbage-first heap   total 160768K, used 97631K [0x0000000085800000, 0x0000000100000000)
  region size 1024K, 4 young (4096K), 4 survivors (4096K)
 Metaspace       used 78227K, committed 78848K, reserved 1179648K
  class space    used 11134K, committed 11456K, reserved 1048576K
}
Event: 9.874 GC heap before
{Heap before GC invocations=30 (full 0):
 garbage-first heap   total 160768K, used 100703K [0x0000000085800000, 0x0000000100000000)
  region size 1024K, 7 young (7168K), 4 survivors (4096K)
 Metaspace       used 78227K, committed 78848K, reserved 1179648K
  class space    used 11134K, committed 11456K, reserved 1048576K
}
Event: 9.880 GC heap after
{Heap after GC invocations=31 (full 0):
 garbage-first heap   total 160768K, used 98924K [0x0000000085800000, 0x0000000100000000)
  region size 1024K, 1 young (1024K), 1 survivors (1024K)
 Metaspace       used 78227K, committed 78848K, reserved 1179648K
  class space    used 11134K, committed 11456K, reserved 1048576K
}
Event: 9.898 GC heap before
{Heap before GC invocations=31 (full 0):
 garbage-first heap   total 160768K, used 110188K [0x0000000085800000, 0x0000000100000000)
  region size 1024K, 13 young (13312K), 1 survivors (1024K)
 Metaspace       used 78227K, committed 78848K, reserved 1179648K
  class space    used 11134K, committed 11456K, reserved 1048576K
}

Dll operation events (12 events):
Event: 0.137 Loaded shared library C:\Users\hp\.jdks\ms-17.0.17\bin\java.dll
Event: 0.138 Loaded shared library C:\Users\hp\.jdks\ms-17.0.17\bin\zip.dll
Event: 0.159 Loaded shared library C:\Users\hp\.jdks\ms-17.0.17\bin\jsvml.dll
Event: 0.845 Loaded shared library C:\Users\hp\.jdks\ms-17.0.17\bin\instrument.dll
Event: 0.960 Loaded shared library C:\Users\hp\.jdks\ms-17.0.17\bin\net.dll
Event: 0.962 Loaded shared library C:\Users\hp\.jdks\ms-17.0.17\bin\nio.dll
Event: 0.982 Loaded shared library C:\Users\hp\.jdks\ms-17.0.17\bin\zip.dll
Event: 1.172 Loaded shared library C:\Users\hp\.jdks\ms-17.0.17\bin\jimage.dll
Event: 1.716 Loaded shared library C:\Users\hp\.jdks\ms-17.0.17\bin\management.dll
Event: 1.722 Loaded shared library C:\Users\hp\.jdks\ms-17.0.17\bin\management_ext.dll
Event: 3.339 Loaded shared library C:\Users\hp\.jdks\ms-17.0.17\bin\sunmscapi.dll
Event: 6.008 Loaded shared library C:\Users\hp\.jdks\ms-17.0.17\bin\verify.dll

Deoptimization events (20 events):
Event: 9.549 Thread 0x0000022ae6e97ff0 DEOPT PACKING pc=0x0000022ad7c77c1c sp=0x000000f489cfbe70
Event: 9.549 Thread 0x0000022ae6e97ff0 DEOPT UNPACKING pc=0x0000022ad7317143 sp=0x000000f489cfb310 mode 1
Event: 9.549 Thread 0x0000022ae6e97ff0 DEOPT PACKING pc=0x0000022ad8384e1c sp=0x000000f489cfbec0
Event: 9.549 Thread 0x0000022ae6e97ff0 DEOPT UNPACKING pc=0x0000022ad7317143 sp=0x000000f489cfb3a8 mode 1
Event: 9.553 Thread 0x0000022ae6e97ff0 DEOPT PACKING pc=0x0000022ad7c77c1c sp=0x000000f489cfbe70
Event: 9.553 Thread 0x0000022ae6e97ff0 DEOPT UNPACKING pc=0x0000022ad7317143 sp=0x000000f489cfb310 mode 1
Event: 9.553 Thread 0x0000022ae6e97ff0 DEOPT PACKING pc=0x0000022ad8384e1c sp=0x000000f489cfbec0
Event: 9.553 Thread 0x0000022ae6e97ff0 DEOPT UNPACKING pc=0x0000022ad7317143 sp=0x000000f489cfb3a8 mode 1
Event: 9.573 Thread 0x0000022ae6e97ff0 DEOPT PACKING pc=0x0000022ad7c77c1c sp=0x000000f489cfbea0
Event: 9.573 Thread 0x0000022ae6e97ff0 DEOPT UNPACKING pc=0x0000022ad7317143 sp=0x000000f489cfb340 mode 1
Event: 9.574 Thread 0x0000022ae6e97ff0 DEOPT PACKING pc=0x0000022ad8384e1c sp=0x000000f489cfbef0
Event: 9.574 Thread 0x0000022ae6e97ff0 DEOPT UNPACKING pc=0x0000022ad7317143 sp=0x000000f489cfb3d8 mode 1
Event: 9.577 Thread 0x0000022ae6e97ff0 DEOPT PACKING pc=0x0000022ad7c77c1c sp=0x000000f489cfbe70
Event: 9.577 Thread 0x0000022ae6e97ff0 DEOPT UNPACKING pc=0x0000022ad7317143 sp=0x000000f489cfb310 mode 1
Event: 9.577 Thread 0x0000022ae6e97ff0 DEOPT PACKING pc=0x0000022ad8384e1c sp=0x000000f489cfbec0
Event: 9.577 Thread 0x0000022ae6e97ff0 DEOPT UNPACKING pc=0x0000022ad7317143 sp=0x000000f489cfb3a8 mode 1
Event: 9.579 Thread 0x0000022ae6e97ff0 DEOPT PACKING pc=0x0000022ad7c77c1c sp=0x000000f489cfbe70
Event: 9.579 Thread 0x0000022ae6e97ff0 DEOPT UNPACKING pc=0x0000022ad7317143 sp=0x000000f489cfb310 mode 1
Event: 9.579 Thread 0x0000022ae6e97ff0 DEOPT PACKING pc=0x0000022ad8384e1c sp=0x000000f489cfbec0
Event: 9.579 Thread 0x0000022ae6e97ff0 DEOPT UNPACKING pc=0x0000022ad7317143 sp=0x000000f489cfb3a8 mode 1

Classes loaded (20 events):
Event: 9.539 Loading class org/hibernate/query/sqm/tree/from/SqmCteJoin
Event: 9.539 Loading class org/hibernate/query/sqm/tree/from/SqmCteJoin done
Event: 9.547 Loading class org/hibernate/query/sqm/tree/predicate/SqmInListPredicate
Event: 9.547 Loading class org/hibernate/query/sqm/tree/predicate/SqmInListPredicate done
Event: 9.575 Loading class org/hibernate/query/sqm/tree/predicate/SqmBooleanExpressionPredicate
Event: 9.575 Loading class org/hibernate/query/sqm/tree/predicate/SqmBooleanExpressionPredicate done
Event: 9.579 Loading class org/springframework/data/domain/Range
Event: 9.579 Loading class org/springframework/data/domain/Range done
Event: 9.579 Loading class org/springframework/data/domain/Range
Event: 9.579 Loading class org/springframework/data/domain/Range done
Event: 9.605 Loading class org/springframework/data/jpa/repository/query/AbstractStringBasedJpaQuery$CachingQuerySortRewriter
Event: 9.605 Loading class org/springframework/data/jpa/repository/query/AbstractStringBasedJpaQuery$CachingQuerySortRewriter done
Event: 9.606 Loading class org/springframework/data/jpa/repository/query/AbstractStringBasedJpaQuery
Event: 9.606 Loading class org/springframework/data/jpa/repository/query/AbstractStringBasedJpaQuery done
Event: 9.606 Loading class org/springframework/data/jpa/repository/query/AbstractStringBasedJpaQuery$CachableQuery
Event: 9.606 Loading class org/springframework/data/jpa/repository/query/AbstractStringBasedJpaQuery$CachableQuery done
Event: 9.606 Loading class org/springframework/data/jpa/repository/query/AbstractStringBasedJpaQuery$CachableQuery
Event: 9.606 Loading class org/springframework/data/jpa/repository/query/AbstractStringBasedJpaQuery$CachableQuery done
Event: 9.606 Loading class org/springframework/data/jpa/repository/query/AbstractStringBasedJpaQuery$CachableQuery
Event: 9.606 Loading class org/springframework/data/jpa/repository/query/AbstractStringBasedJpaQuery$CachableQuery done

Classes unloaded (1 events):
Event: 9.795 Thread 0x0000022ae1b2ce80 Unloading class 0x0000022a81ae4000 'jdk/internal/reflect/GeneratedSerializationConstructorAccessor1'

Classes redefined (1 events):
Event: 0.878 Thread 0x0000022ae1b2ce80 redefined class name=java.lang.Throwable, count=1

Internal exceptions (20 events):
Event: 8.817 Thread 0x0000022ae6e97ff0 Exception <a 'java/lang/IncompatibleClassChangeError'{0x000000008a1bc7e8}: Found class java.lang.Object, but interface was expected> (0x000000008a1bc7e8) 
thrown [s\src\hotspot\share\interpreter\linkResolver.cpp, line 826]
Event: 8.850 Thread 0x0000022ae6e97ff0 Exception <a 'java/lang/reflect/InvocationTargetException'{0x0000000089e44a68}> (0x0000000089e44a68) 
thrown [s\src\hotspot\share\runtime\reflection.cpp, line 1128]
Event: 8.851 Thread 0x0000022ae6e97ff0 Exception <a 'java/lang/reflect/InvocationTargetException'{0x0000000089e51bb0}> (0x0000000089e51bb0) 
thrown [s\src\hotspot\share\runtime\reflection.cpp, line 1128]
Event: 8.852 Thread 0x0000022ae6e97ff0 Exception <a 'java/lang/reflect/InvocationTargetException'{0x0000000089e5d600}> (0x0000000089e5d600) 
thrown [s\src\hotspot\share\runtime\reflection.cpp, line 1128]
Event: 8.854 Thread 0x0000022ae6e97ff0 Exception <a 'java/lang/reflect/InvocationTargetException'{0x0000000089e9d9e0}> (0x0000000089e9d9e0) 
thrown [s\src\hotspot\share\runtime\reflection.cpp, line 1128]
Event: 9.100 Thread 0x0000022ae6e97ff0 Exception <a 'java/lang/reflect/InvocationTargetException'{0x000000008a69bbe8}> (0x000000008a69bbe8) 
thrown [s\src\hotspot\share\runtime\reflection.cpp, line 1128]
Event: 9.102 Thread 0x0000022ae6e97ff0 Exception <a 'java/lang/reflect/InvocationTargetException'{0x000000008a6ad9f8}> (0x000000008a6ad9f8) 
thrown [s\src\hotspot\share\runtime\reflection.cpp, line 1128]
Event: 9.104 Thread 0x0000022ae6e97ff0 Exception <a 'java/lang/reflect/InvocationTargetException'{0x000000008a6ba1b0}> (0x000000008a6ba1b0) 
thrown [s\src\hotspot\share\runtime\reflection.cpp, line 1128]
Event: 9.135 Thread 0x0000022ae6e97ff0 Exception <a 'java/lang/reflect/InvocationTargetException'{0x000000008c710250}> (0x000000008c710250) 
thrown [s\src\hotspot\share\runtime\reflection.cpp, line 1128]
Event: 9.136 Thread 0x0000022ae6e97ff0 Exception <a 'java/lang/reflect/InvocationTargetException'{0x000000008c71d228}> (0x000000008c71d228) 
thrown [s\src\hotspot\share\runtime\reflection.cpp, line 1128]
Event: 9.141 Thread 0x0000022ae6e97ff0 Exception <a 'java/lang/reflect/InvocationTargetException'{0x000000008c7663b0}> (0x000000008c7663b0) 
thrown [s\src\hotspot\share\runtime\reflection.cpp, line 1128]
Event: 9.153 Thread 0x0000022ae6e97ff0 Exception <a 'java/lang/reflect/InvocationTargetException'{0x000000008c2ebbc0}> (0x000000008c2ebbc0) 
thrown [s\src\hotspot\share\runtime\reflection.cpp, line 1128]
Event: 9.155 Thread 0x0000022ae6e97ff0 Exception <a 'java/lang/reflect/InvocationTargetException'{0x000000008c15bd08}> (0x000000008c15bd08) 
thrown [s\src\hotspot\share\runtime\reflection.cpp, line 1128]
Event: 9.158 Thread 0x0000022ae6e97ff0 Exception <a 'java/lang/reflect/InvocationTargetException'{0x000000008c16e800}> (0x000000008c16e800) 
thrown [s\src\hotspot\share\runtime\reflection.cpp, line 1128]
Event: 9.165 Thread 0x0000022ae6e97ff0 Exception <a 'java/lang/reflect/InvocationTargetException'{0x000000008bef0ec0}> (0x000000008bef0ec0) 
thrown [s\src\hotspot\share\runtime\reflection.cpp, line 1128]
Event: 9.234 Thread 0x0000022ae6e97ff0 Exception <a 'java/lang/reflect/InvocationTargetException'{0x000000008c8ae6f0}> (0x000000008c8ae6f0) 
thrown [s\src\hotspot\share\runtime\reflection.cpp, line 1128]
Event: 9.256 Thread 0x0000022ae6e97ff0 Exception <a 'java/lang/NoSuchMethodError'{0x000000008c2e9a20}: 'int java.lang.invoke.DirectMethodHandle$Holder.invokeStaticInit(java.lang.Object, int, java.lang.Object, java.lang.Object, java.lang.Object, java.lang.Object)'> (0x000000008c2e9a20) 
thrown [s\src\hotspot\share\interpreter\linkResolver.cpp, line 759]
Event: 9.318 Thread 0x0000022ae6e97ff0 Exception <a 'java/lang/NoSuchMethodError'{0x000000008bc5bc08}: 'long java.lang.invoke.DirectMethodHandle$Holder.invokeVirtual(java.lang.Object, java.lang.Object)'> (0x000000008bc5bc08) 
thrown [s\src\hotspot\share\interpreter\linkResolver.cpp, line 759]
Event: 9.321 Thread 0x0000022ae6e97ff0 Exception <a 'java/io/FileNotFoundException'{0x000000008bc96518}> (0x000000008bc96518) 
thrown [s\src\hotspot\share\prims\jni.cpp, line 516]
Event: 9.387 Thread 0x0000022ae6e97ff0 Exception <a 'sun/nio/fs/WindowsException'{0x000000008b527c48}> (0x000000008b527c48) 
thrown [s\src\hotspot\share\prims\jni.cpp, line 516]

VM Operations (20 events):
Event: 9.392 Executing VM operation: HandshakeAllThreads done
Event: 9.445 Executing VM operation: HandshakeAllThreads
Event: 9.445 Executing VM operation: HandshakeAllThreads done
Event: 9.561 Executing VM operation: G1CollectForAllocation
Event: 9.567 Executing VM operation: G1CollectForAllocation done
Event: 9.626 Executing VM operation: G1CollectForAllocation
Event: 9.634 Executing VM operation: G1CollectForAllocation done
Event: 9.710 Executing VM operation: G1CollectForAllocation
Event: 9.734 Executing VM operation: G1CollectForAllocation done
Event: 9.739 Executing VM operation: G1TryInitiateConcMark
Event: 9.747 Executing VM operation: G1TryInitiateConcMark done
Event: 9.795 Executing VM operation: G1PauseRemark
Event: 9.813 Executing VM operation: G1PauseRemark done
Event: 9.843 Executing VM operation: G1PauseCleanup
Event: 9.843 Executing VM operation: G1PauseCleanup done
Event: 9.861 Executing VM operation: G1CollectForAllocation
Event: 9.870 Executing VM operation: G1CollectForAllocation done
Event: 9.874 Executing VM operation: G1CollectForAllocation
Event: 9.880 Executing VM operation: G1CollectForAllocation done
Event: 9.898 Executing VM operation: G1TryInitiateConcMark

Memory protections (0 events):
No events

Nmethod flushes (0 events):
No events

Events (20 events):
Event: 0.358 Thread 0x0000022ae1dbe950 Thread added: 0x0000022ae1ddc290
Event: 0.898 Thread 0x0000022acf75e440 Thread added: 0x0000022ae1e6f960
Event: 0.905 Thread 0x0000022acf75e440 Thread added: 0x0000022ae1e84b80
Event: 1.807 Thread 0x0000022acf75e440 Thread added: 0x0000022ae6e970c0
Event: 1.813 Thread 0x0000022ae6e970c0 Thread added: 0x0000022ae6e97ff0
Event: 2.497 Thread 0x0000022ae6e97ff0 Thread added: 0x0000022ae72feb90
Event: 2.509 Thread 0x0000022ae72feb90 Thread exited: 0x0000022ae72feb90
Event: 2.610 Thread 0x0000022ae6e97ff0 Thread added: 0x0000022ae72fd750
Event: 3.243 Thread 0x0000022ae6e97ff0 Thread added: 0x0000022ae81faa80
Event: 3.334 Thread 0x0000022ae81faa80 Thread exited: 0x0000022ae81faa80
Event: 3.347 Thread 0x0000022ae72fd750 Thread exited: 0x0000022ae72fd750
Event: 6.150 Thread 0x0000022ae6e97ff0 Thread added: 0x0000022aea9022e0
Event: 6.500 Thread 0x0000022ae6e97ff0 Thread added: 0x0000022aea903210
Event: 6.507 Thread 0x0000022ae6e97ff0 Thread added: 0x0000022aea906ed0
Event: 6.612 Thread 0x0000022aea906ed0 Thread added: 0x0000022aea903720
Event: 7.060 Thread 0x0000022aea903210 Thread added: 0x0000022aeb8434a0
Event: 7.084 Thread 0x0000022aeb8434a0 Thread added: 0x0000022aeb842060
Event: 9.329 Thread 0x0000022ae6e97ff0 Thread added: 0x0000022aed256e60
Event: 9.330 Thread 0x0000022aed256e60 Thread added: 0x0000022aed256440
Event: 9.332 Thread 0x0000022ae6e97ff0 Thread added: 0x0000022aed258cc0


Dynamic libraries:
0x00007ff6ea0d0000 - 0x00007ff6ea0de000 	C:\Users\hp\.jdks\ms-17.0.17\bin\java.exe
0x00007ff85c320000 - 0x00007ff85c588000 	C:\WINDOWS\SYSTEM32\ntdll.dll
0x00007ff85a0d0000 - 0x00007ff85a199000 	C:\WINDOWS\System32\KERNEL32.DLL
0x00007ff858ed0000 - 0x00007ff8592c1000 	C:\WINDOWS\System32\KERNELBASE.dll
0x00007ff8595b0000 - 0x00007ff8596fb000 	C:\WINDOWS\System32\ucrtbase.dll
0x00007ff8510d0000 - 0x00007ff8510e8000 	C:\Users\hp\.jdks\ms-17.0.17\bin\jli.dll
0x00007ff821300000 - 0x00007ff82131e000 	C:\Users\hp\.jdks\ms-17.0.17\bin\VCRUNTIME140.dll
0x00007ff85b220000 - 0x00007ff85b3e6000 	C:\WINDOWS\System32\USER32.dll
0x00007ff858c00000 - 0x00007ff858c27000 	C:\WINDOWS\System32\win32u.dll
0x00007ff85bc00000 - 0x00007ff85bc2b000 	C:\WINDOWS\System32\GDI32.dll
0x00007ff858da0000 - 0x00007ff858ecb000 	C:\WINDOWS\System32\gdi32full.dll
0x00007ff836b70000 - 0x00007ff836e03000 	C:\WINDOWS\WinSxS\amd64_microsoft.windows.common-controls_6595b64144ccf1df_6.0.26100.7824_none_3e0870b2e3345462\COMCTL32.dll
0x00007ff859380000 - 0x00007ff859423000 	C:\WINDOWS\System32\msvcp_win.dll
0x00007ff85ac70000 - 0x00007ff85ad19000 	C:\WINDOWS\System32\msvcrt.dll
0x00007ff85abe0000 - 0x00007ff85ac11000 	C:\WINDOWS\System32\IMM32.DLL
0x00007ff83bfe0000 - 0x00007ff83bfec000 	C:\Users\hp\.jdks\ms-17.0.17\bin\vcruntime140_1.dll
0x00007ff810940000 - 0x00007ff8109c9000 	C:\Users\hp\.jdks\ms-17.0.17\bin\msvcp140.dll
0x00007fff6d0c0000 - 0x00007fff6dd3a000 	C:\Users\hp\.jdks\ms-17.0.17\bin\server\jvm.dll
0x00007ff85a2a0000 - 0x00007ff85a354000 	C:\WINDOWS\System32\ADVAPI32.dll
0x00007ff85bb50000 - 0x00007ff85bbf6000 	C:\WINDOWS\System32\sechost.dll
0x00007ff85bc30000 - 0x00007ff85bd48000 	C:\WINDOWS\System32\RPCRT4.dll
0x00007ff85bd60000 - 0x00007ff85bdd4000 	C:\WINDOWS\System32\WS2_32.dll
0x00007ff858a60000 - 0x00007ff858abe000 	C:\WINDOWS\SYSTEM32\POWRPROF.dll
0x00007ff853bd0000 - 0x00007ff853c05000 	C:\WINDOWS\SYSTEM32\WINMM.dll
0x00007ff84e8a0000 - 0x00007ff84e8ab000 	C:\WINDOWS\SYSTEM32\VERSION.dll
0x00007ff858a40000 - 0x00007ff858a54000 	C:\WINDOWS\SYSTEM32\UMPDC.dll
0x00007ff8579a0000 - 0x00007ff8579bb000 	C:\WINDOWS\SYSTEM32\kernel.appcore.dll
0x00007ff8356e0000 - 0x00007ff8356ea000 	C:\Users\hp\.jdks\ms-17.0.17\bin\jimage.dll
0x00007ff856a30000 - 0x00007ff856c72000 	C:\WINDOWS\SYSTEM32\DBGHELP.DLL
0x00007ff85bf50000 - 0x00007ff85c2d6000 	C:\WINDOWS\System32\combase.dll
0x00007ff85af00000 - 0x00007ff85afd7000 	C:\WINDOWS\System32\OLEAUT32.dll
0x00007ff834260000 - 0x00007ff83429b000 	C:\WINDOWS\SYSTEM32\dbgcore.DLL
0x00007ff8592d0000 - 0x00007ff859375000 	C:\WINDOWS\System32\bcryptPrimitives.dll
0x00007ff811370000 - 0x00007ff8113ab000 	C:\Users\hp\.jdks\ms-17.0.17\bin\jdwp.dll
0x00007ff8212f0000 - 0x00007ff8212ff000 	C:\Users\hp\.jdks\ms-17.0.17\bin\instrument.dll
0x00007ff813de0000 - 0x00007ff813e06000 	C:\Users\hp\.jdks\ms-17.0.17\bin\java.dll
0x00007ff8128b0000 - 0x00007ff8128c8000 	C:\Users\hp\.jdks\ms-17.0.17\bin\zip.dll
0x00007ff810860000 - 0x00007ff810936000 	C:\Users\hp\.jdks\ms-17.0.17\bin\jsvml.dll
0x00007ff85b3f0000 - 0x00007ff85bb42000 	C:\WINDOWS\System32\SHELL32.dll
0x00007ff858c30000 - 0x00007ff858d9a000 	C:\WINDOWS\System32\wintypes.dll
0x00007ff859850000 - 0x00007ff85a0b3000 	C:\WINDOWS\System32\windows.storage.dll
0x00007ff85bdf0000 - 0x00007ff85bee6000 	C:\WINDOWS\System32\SHCORE.dll
0x00007ff85a230000 - 0x00007ff85a297000 	C:\WINDOWS\System32\shlwapi.dll
0x00007ff858b20000 - 0x00007ff858b49000 	C:\WINDOWS\SYSTEM32\profapi.dll
0x00007ff814f50000 - 0x00007ff814f5c000 	C:\Users\hp\.jdks\ms-17.0.17\bin\dt_socket.dll
0x00007ff857370000 - 0x00007ff8573a4000 	C:\WINDOWS\SYSTEM32\IPHLPAPI.DLL
0x00007ff857f10000 - 0x00007ff857f7b000 	C:\WINDOWS\system32\mswsock.dll
0x00007ff8212b0000 - 0x00007ff8212cb000 	C:\Users\hp\.jdks\ms-17.0.17\bin\net.dll
0x00007ff851550000 - 0x00007ff851677000 	C:\WINDOWS\SYSTEM32\WINHTTP.dll
0x00007ff813dc0000 - 0x00007ff813dd6000 	C:\Users\hp\.jdks\ms-17.0.17\bin\nio.dll
0x00007ff812890000 - 0x00007ff81289a000 	C:\Users\hp\.jdks\ms-17.0.17\bin\management.dll
0x00007ff812880000 - 0x00007ff81288c000 	C:\Users\hp\.jdks\ms-17.0.17\bin\management_ext.dll
0x00007ff85a0c0000 - 0x00007ff85a0c8000 	C:\WINDOWS\System32\PSAPI.DLL
0x00007ff85bde0000 - 0x00007ff85bdea000 	C:\WINDOWS\System32\NSI.dll
0x00007ff852430000 - 0x00007ff85244e000 	C:\WINDOWS\SYSTEM32\dhcpcsvc6.DLL
0x00007ff851ee0000 - 0x00007ff851f03000 	C:\WINDOWS\SYSTEM32\dhcpcsvc.DLL
0x00007ff8573b0000 - 0x00007ff8574dc000 	C:\WINDOWS\SYSTEM32\DNSAPI.dll
0x00007ff84e890000 - 0x00007ff84e89b000 	C:\Windows\System32\rasadhlp.dll
0x00007ff852a30000 - 0x00007ff852ab6000 	C:\WINDOWS\System32\fwpuclnt.dll
0x00007ff8128a0000 - 0x00007ff8128ae000 	C:\Users\hp\.jdks\ms-17.0.17\bin\sunmscapi.dll
0x00007ff859430000 - 0x00007ff8595a7000 	C:\WINDOWS\System32\CRYPT32.dll
0x00007ff858400000 - 0x00007ff858430000 	C:\WINDOWS\SYSTEM32\ncrypt.dll
0x00007ff8583b0000 - 0x00007ff8583ef000 	C:\WINDOWS\SYSTEM32\NTASN1.dll
0x00007ff8581f0000 - 0x00007ff85820b000 	C:\WINDOWS\SYSTEM32\CRYPTSP.dll
0x00007ff857900000 - 0x00007ff857939000 	C:\WINDOWS\system32\rsaenh.dll
0x00007ff857fc0000 - 0x00007ff857feb000 	C:\WINDOWS\SYSTEM32\USERENV.dll
0x00007ff858af0000 - 0x00007ff858b1a000 	C:\WINDOWS\SYSTEM32\bcrypt.dll
0x00007ff8581e0000 - 0x00007ff8581ec000 	C:\WINDOWS\SYSTEM32\CRYPTBASE.dll
0x00007ff814f40000 - 0x00007ff814f50000 	C:\Users\hp\.jdks\ms-17.0.17\bin\verify.dll

dbghelp: loaded successfully - version: 4.0.5 - missing functions: none
symbol engine: initialized successfully - sym options: 0x614 - pdb path: .;C:\Users\hp\.jdks\ms-17.0.17\bin;C:\WINDOWS\SYSTEM32;C:\WINDOWS\WinSxS\amd64_microsoft.windows.common-controls_6595b64144ccf1df_6.0.26100.7824_none_3e0870b2e3345462;C:\Users\hp\.jdks\ms-17.0.17\bin\server

VM Arguments:
jvm_args: -agentlib:jdwp=transport=dt_socket,address=127.0.0.1:63004,suspend=y,server=n -javaagent:C:\Users\hp\AppData\Local\JetBrains\IntelliJIdea2025.3\captureAgent\debugger-agent.jar=file:///C:/Users/hp/AppData/Local/Temp/capture14808720740339132603.props -XX:TieredStopAtLevel=1 -Dspring.output.ansi.enabled=always -Dkotlinx.coroutines.debug.enable.creation.stack.trace=false -Ddebugger.agent.enable.coroutines=true -Dkotlinx.coroutines.debug.enable.flows.stack.trace=true -Dkotlinx.coroutines.debug.enable.mutable.state.flows.stack.trace=true -Ddebugger.async.stack.trace.for.all.threads=true -Dfile.encoding=UTF-8 
java_command: com.esprit.platformepediatricback.PlatformePediatricBackApplication
java_class_path (initial): D:\Platform-Pediatric-pidev-platform-nephrologie\Platform-Pediatric-pidev-platform-nephrologie\Back\target\classes;D:\maven-repo\org\springframework\boot\spring-boot-starter-data-jpa\3.4.0\spring-boot-starter-data-jpa-3.4.0.jar;D:\maven-repo\org\springframework\boot\spring-boot-starter\3.4.0\spring-boot-starter-3.4.0.jar;D:\maven-repo\org\springframework\boot\spring-boot-starter-logging\3.4.0\spring-boot-starter-logging-3.4.0.jar;D:\maven-repo\ch\qos\logback\logback-classic\1.5.12\logback-classic-1.5.12.jar;D:\maven-repo\ch\qos\logback\logback-core\1.5.12\logback-core-1.5.12.jar;D:\maven-repo\org\apache\logging\log4j\log4j-to-slf4j\2.24.1\log4j-to-slf4j-2.24.1.jar;D:\maven-repo\org\apache\logging\log4j\log4j-api\2.24.1\log4j-api-2.24.1.jar;D:\maven-repo\org\slf4j\jul-to-slf4j\2.0.16\jul-to-slf4j-2.0.16.jar;D:\maven-repo\jakarta\annotation\jakarta.annotation-api\2.1.1\jakarta.annotation-api-2.1.1.jar;D:\maven-repo\org\yaml\snakeyaml\2.3\snakeyaml-2.3.jar;D:\maven-repo\org\springframework\boot\spring-boot-starter-jdbc\3.4.0\spring-boot-starter-jdbc-3.4.0.jar;D:\maven-repo\com\zaxxer\HikariCP\5.1.0\HikariCP-5.1.0.jar;D:\maven-repo\org\springframework\spring-jdbc\6.2.0\spring-jdbc-6.2.0.jar;D:\maven-repo\org\hibernate\orm\hibernate-core\6.6.2.Final\hibernate-core-6.6.2.Final.jar;D:\maven-repo\jakarta\persistence\jakarta.persistence-api\3.1.0\jakarta.persistence-api-3.1.0.jar;D:\maven-repo\jakarta\transaction\jakarta.transaction-api\2.0.1\jakarta.transaction-api-2.0.1.jar;D:\maven-repo\org\jboss\logging\jboss-logging\3.6.1.Final\jboss-logging-3.6.1.Final.jar;D:\maven-repo\org\hibernate\common\hibernate-commons-annotations\7.0.3.Final\hibernate-commons-annotations-7.0.3.Final.jar;D:\maven-repo\io\smallrye\jandex\3.2.0\jandex-3.2.0.jar;D:\maven-repo\com\fasterxml\classmate\1.7.0\classmate-1.7.0.jar;D:\maven-repo\net\bytebuddy\byte-buddy\1.15.10\byte-buddy-1.15.10.jar;D:\maven-repo\org\glassfish\jaxb\jaxb-runtime\4.0.5\jaxb-runtime-4.0.5.jar;D:\
Launcher Type: SUN_STANDARD

[Global flags]
     intx CICompilerCount                          = 4                                         {product} {ergonomic}
     uint ConcGCThreads                            = 3                                         {product} {ergonomic}
     uint G1ConcRefinementThreads                  = 10                                        {product} {ergonomic}
   size_t G1HeapRegionSize                         = 1048576                                   {product} {ergonomic}
    uintx GCDrainStackTargetSize                   = 64                                        {product} {ergonomic}
   size_t InitialHeapSize                          = 130023424                                 {product} {ergonomic}
   size_t MarkStackSize                            = 4194304                                   {product} {ergonomic}
   size_t MaxHeapSize                              = 2055208960                                {product} {ergonomic}
   size_t MaxNewSize                               = 1233125376                                {product} {ergonomic}
   size_t MinHeapDeltaBytes                        = 1048576                                   {product} {ergonomic}
   size_t MinHeapSize                              = 8388608                                   {product} {ergonomic}
    uintx NonProfiledCodeHeapSize                  = 0                                      {pd product} {ergonomic}
     bool ProfileInterpreter                       = false                                  {pd product} {command line}
    uintx ProfiledCodeHeapSize                     = 0                                      {pd product} {ergonomic}
   size_t SoftMaxHeapSize                          = 2055208960                             {manageable} {ergonomic}
     intx TieredStopAtLevel                        = 1                                         {product} {command line}
     bool UseCompressedClassPointers               = true                           {product lp64_product} {ergonomic}
     bool UseCompressedOops                        = true                           {product lp64_product} {ergonomic}
     bool UseG1GC                                  = true                                      {product} {ergonomic}
     bool UseLargePagesIndividualAllocation        = false                                  {pd product} {ergonomic}

Logging:
Log output configuration:
 #0: stdout all=warning uptime,level,tags
 #1: stderr all=off uptime,level,tags

Environment Variables:
JAVA_HOME=C:\Program Files\Eclipse Adoptium\jdk-17.0.16.8-hotspot
PATH=C:\Windows\system32;C:\Windows;C:\Windows\System32\Wbem;C:\Windows\System32\WindowsPowerShell\v1.0\;C:\Users\hp\AppData\Local\Microsoft\WindowsApps;C:\Users\hp\AppData\Local\Programs\Microsoft VS Code\bin;C:\Users\hp\AppData\Local\Programs\IntelliJ IDEA 2025.2\bin;C:\Users\hp\AppData\Roaming\npm;C:\Users\hp\AppData\Local\Programs\Windsurf\bin;C:\gradle\gradle-8.14-bin\gradle-8.14\bin;C:\ProgramData\chocolatey\bin;C:\maven;C:\flutter\bin;C:\Program Files\nodejs\;C:\Program Files\Microsoft SQL Server\170\Tools\Binn\;C:\Users\hp\.dotnet\tools;C:\Program Files\Oracle\VirtualBox;C:\Program Files\Oracle\VirtualBox;D:\minikube;C:\apache-maven-3.9.11\bin;C:\Program Files\Apache\maven\apache-maven-3.9.6\bin;C:\apache-maven-3.9.11\bin;C:\Program Files\Git\cmd;d:\Users\hp\AppData\Local\Programs\cursor\resources\app\codeBin;C:\Users\hp\AppData\Local\Programs\Eclipse Adoptium\jdk-25.0.1.8-hotspot\bin;C:\Users\hp\Desktop\IntelliJ IDEA 2025.3\bin;C:\Programmes\Git\cmd;C:\Programmes\Git\bin;C:\Program Files\Apache Software Foundation;d:\Users\hp\AppData\Local\Programs\cursor\resources\app\bin;C:\Users\hp\AppData\Roaming\npm-global;C:\app\hp\product\21c\dbhome_1\BIN;C:\Program Files\Kubernetes\Minikube;;C:\Program Files\Docker\Docker\resources\bin;C:\Program Files (x86)\VMware\VMware Player\bin\;C:\Windows\system32;C:\Windows;C:\Windows\System32\Wbem;C:\Windows\System32\WindowsPowerShell\v1.0\;C:\Users\hp\AppData\Local\Microsoft\WindowsApps;C:\Users\hp\AppData\Local\Programs\Microsoft VS Code\bin;C:\Users\hp\AppData\Local\Programs\IntelliJ IDEA 2025.2\bin;C:\Users\hp\AppData\Roaming\npm;C:\Users\hp\AppData\Local\Programs\Windsurf\bin;C:\gradle\gradle-8.14-bin\gradle-8.14\bin;C:\ProgramData\chocolatey\bin;C:\maven;C:\flutter\bin;C:\Program Files\nodejs\;C:\Program Files\Microsoft SQL Server\170\Tools\Binn\;C:\Program Files\Vagrant\bin;C:\Program Files\Docker\Docker\resources\bin;C:\Users\hp\.dotnet\tools;C:\Program Files\Oracle\VirtualBox;C:\Program Files\Oracle\VirtualBox;D:\minikube;C:\apache-maven-3.9.11\bin;C:\Program Files\Apache\maven\apache-maven-3.9.6\bin;C:\apache-maven-3.9.11\bin;C:\Program Files\Git\cmd;d:\Users\hp\AppData\Local\Programs\cursor\resources\app\codeBin;C:\Users\hp\AppData\Local\Programs\Eclipse Adoptium\jdk-25.0.1.8-hotspot\bin;C:\Users\hp\Desktop\IntelliJ IDEA 2025.3\bin;C:\Programmes\Git\cmd;C:\Programmes\Git\bin;C:\Program Files\Apache Software Foundation;C:\Users\hp\AppData\Roaming\npm-global;C:\Users\hp\AppData\Local\Microsoft\WinGet\Links
USERNAME=hp
OS=Windows_NT
PROCESSOR_IDENTIFIER=Intel64 Family 6 Model 186 Stepping 3, GenuineIntel
TMP=C:\Users\hp\AppData\Local\Temp
TEMP=C:\Users\hp\AppData\Local\Temp



Periodic native trim disabled


---------------  S Y S T E M  ---------------

OS:
 Windows 11 , 64 bit Build 26100 (10.0.26100.7705)
OS uptime: 1 days 17:24 hours
Hyper-V role detected

CPU: total 12 (initial active 12) (6 cores per cpu, 2 threads per core) family 6 model 186 stepping 3 microcode 0x4121, cx8, cmov, fxsr, ht, mmx, 3dnowpref, sse, sse2, sse3, ssse3, sse4.1, sse4.2, popcnt, lzcnt, tsc, tscinvbit, avx, avx2, aes, erms, clmul, bmi1, bmi2, adx, sha, fma, vzeroupper, clflush, clflushopt, clwb, hv
Processor Information for processor 0
  Max Mhz: 1300, Current Mhz: 1300, Mhz Limit: 1300
Processor Information for processor 1
  Max Mhz: 1300, Current Mhz: 1300, Mhz Limit: 1300
Processor Information for processor 2
  Max Mhz: 1300, Current Mhz: 1300, Mhz Limit: 1300
Processor Information for processor 3
  Max Mhz: 1300, Current Mhz: 1300, Mhz Limit: 1300
Processor Information for processor 4
  Max Mhz: 1300, Current Mhz: 900, Mhz Limit: 897
Processor Information for processor 5
  Max Mhz: 1300, Current Mhz: 900, Mhz Limit: 897
Processor Information for processor 6
  Max Mhz: 1300, Current Mhz: 900, Mhz Limit: 897
Processor Information for processor 7
  Max Mhz: 1300, Current Mhz: 900, Mhz Limit: 897
Processor Information for processor 8
  Max Mhz: 1300, Current Mhz: 900, Mhz Limit: 897
Processor Information for processor 9
  Max Mhz: 1300, Current Mhz: 900, Mhz Limit: 897
Processor Information for processor 10
  Max Mhz: 1300, Current Mhz: 900, Mhz Limit: 897
Processor Information for processor 11
  Max Mhz: 1300, Current Mhz: 900, Mhz Limit: 897

Memory: 4k page, system-wide physical 7835M (873M free)
TotalPageFile size 21297M (AvailPageFile size 264M)
current process WorkingSet (physical memory assigned to process): 400M, peak: 400M
current process commit charge ("private bytes"): 448M, peak: 762M

vm_info: OpenJDK 64-Bit Server VM (17.0.17+10-LTS) for windows-amd64 JRE (17.0.17+10-LTS), built on Oct 13 2025 22:19:56 by "MicrosoftCorporation" with unknown MS VC++:1944

END.
