#
# There is insufficient memory for the Java Runtime Environment to continue.
# Native memory allocation (mmap) failed to map 245366784 bytes. Error detail: G1 virtual space
# Possible reasons:
#   The system is out of physical RAM or swap space
#   This process is running with CompressedOops enabled, and the Java Heap may be blocking the growth of the native heap
# Possible solutions:
#   Reduce memory load on the system
#   Increase physical memory or swap space
#   Check if swap backing store is full
#   Decrease Java heap size (-Xmx/-Xms)
#   Decrease number of Java threads
#   Decrease Java thread stack sizes (-Xss)
#   Set larger code cache with -XX:ReservedCodeCacheSize=
#   JVM is running with Unscaled Compressed Oops mode in which the Java heap is
#     placed in the first 4GB address space. The Java Heap base address is the
#     maximum limit for the native heap growth. Please use -XX:HeapBaseMinAddress
#     to set the Java Heap base and to place the Java Heap above 4GB virtual address.
# This output file may be truncated or incomplete.
#
#  Out of Memory Error (os_windows.cpp:3690), pid=18096, tid=22172
#
# JRE version: OpenJDK Runtime Environment Microsoft-12574423 (17.0.17+10) (build 17.0.17+10-LTS)
# Java VM: OpenJDK 64-Bit Server VM Microsoft-12574423 (17.0.17+10-LTS, mixed mode, emulated-client, sharing, tiered, compressed oops, compressed class ptrs, g1 gc, windows-amd64)
# No core dump will be written. Minidumps are not enabled by default on client versions of Windows
#

---------------  S U M M A R Y ------------

Command Line: -XX:TieredStopAtLevel=1 -Dspring.output.ansi.enabled=always -javaagent:C:\Users\hp\Desktop\IntelliJ IDEA 2025.3\lib\idea_rt.jar=49671 -Dfile.encoding=UTF-8 com.esprit.platformepediatricback.PlatformePediatricBackApplication

Host: 13th Gen Intel(R) Core(TM) i5-1334U, 12 cores, 7G,  Windows 11 , 64 bit Build 26100 (10.0.26100.7705)
Time: Wed May 13 16:48:50 2026 Paris, Madrid (heure duild 26100 (10.0.26100.7705) elapsed time: 6.906391 seconds (0d 0h 0m 6s)

---------------  T H R E A D  ---------------

Current thread (0x00000281c205e4c0):  VMThread "VM Thread" [stack: 0x000000961f900000,0x000000961fa00000] [id=22172]

Stack: [0x000000961f900000,0x000000961fa00000]
Native frames: (J=compiled Java code, j=interpreted, Vv=VM code, C=native code)
V  [jvm.dll+0x68c459]  (no source info available)
V  [jvm.dll+0x845e09]  (no source info available)
V  [jvm.dll+0x847b78]  (no source info available)
V  [jvm.dll+0x848203]  (no source info available)
V  [jvm.dll+0x24cf6f]  (no source info available)
V  [jvm.dll+0x68b859]  (no source info available)
V  [jvm.dll+0x67fe1a]  (no source info available)
V  [jvm.dll+0x3100f0]  (no source info available)
V  [jvm.dll+0x30ff92]  (no source info available)
V  [jvm.dll+0x3174e9]  (no source info available)
V  [jvm.dll+0x3697c9]  (no source info available)
V  [jvm.dll+0x3699fd]  (no source info available)
V  [jvm.dll+0x2e68fa]  (no source info available)
V  [jvm.dll+0x2e4cf1]  (no source info available)
V  [jvm.dll+0x2e448c]  (no source info available)
V  [jvm.dll+0x3291f1]  (no source info available)
V  [jvm.dll+0x84ca8d]  (no source info available)
V  [jvm.dll+0x84d7a3]  (no source info available)
V  [jvm.dll+0x84dcd4]  (no source info available)
V  [jvm.dll+0x84e0b8]  (no source info available)
V  [jvm.dll+0x84e1ae]  (no source info available)
V  [jvm.dll+0x7f5a5c]  (no source info available)
V  [jvm.dll+0x68d9f7]  (no source info available)
C  [ucrtbase.dll+0x37b0]  (no source info available)
C  [KERNEL32.DLL+0x2e8d7]  (no source info available)
C  [ntdll.dll+0x8c40c]  (no source info available)

VM_Operation (0x0000009620df6960): G1TryInitiateConcMark, mode: safepoint, requested by thread 0x0000028208859100


---------------  P R O C E S S  ---------------

Threads class SMR info:
_java_thread_list=0x00000282085be2e0, length=26, elements={
0x00000281b047d110, 0x00000281c2063920, 0x00000281c2063ef0, 0x00000281c2079350,
0x00000281c2079920, 0x00000281c2079ef0, 0x00000281c20804e0, 0x00000281c2080ab0,
0x00000281c20810c0, 0x00000281c2997f70, 0x00000281c2ad9700, 0x00000281c204d1f0,
0x00000281c2adbbf0, 0x0000028208341030, 0x0000028208341510, 0x000002820884d030,
0x0000028208859100, 0x000002820941e6d0, 0x000002820941dcb0, 0x000002820941d7a0,
0x000002820941d290, 0x0000028209420a40, 0x000002820941e1c0, 0x000002820941f600,
0x0000028209420020, 0x000002820941fb10
}

Java Threads: ( => current thread )
  0x00000281b047d110 JavaThread "main" [_thread_blocked, id=10836, stack(0x000000961f300000,0x000000961f400000)]
  0x00000281c2063920 JavaThread "Reference Handler" daemon [_thread_blocked, id=17692, stack(0x000000961fa00000,0x000000961fb00000)]
  0x00000281c2063ef0 JavaThread "Finalizer" daemon [_thread_blocked, id=18132, stack(0x000000961fb00000,0x000000961fc00000)]
  0x00000281c2079350 JavaThread "Signal Dispatcher" daemon [_thread_blocked, id=24708, stack(0x000000961fc00000,0x000000961fd00000)]
  0x00000281c2079920 JavaThread "Attach Listener" daemon [_thread_blocked, id=10328, stack(0x000000961fd00000,0x000000961fe00000)]
  0x00000281c2079ef0 JavaThread "Service Thread" daemon [_thread_blocked, id=11804, stack(0x000000961fe00000,0x000000961ff00000)]
  0x00000281c20804e0 JavaThread "Monitor Deflation Thread" daemon [_thread_blocked, id=23256, stack(0x000000961ff00000,0x0000009620000000)]
  0x00000281c2080ab0 JavaThread "C1 CompilerThread0" daemon [_thread_blocked, id=10960, stack(0x0000009620000000,0x0000009620100000)]
  0x00000281c20810c0 JavaThread "Sweeper thread" daemon [_thread_blocked, id=4932, stack(0x0000009620100000,0x0000009620200000)]
  0x00000281c2997f70 JavaThread "C1 CompilerThread1" daemon [_thread_blocked, id=8664, stack(0x0000009620200000,0x0000009620300000)]
  0x00000281c2ad9700 JavaThread "Common-Cleaner" daemon [_thread_blocked, id=2436, stack(0x0000009620300000,0x0000009620400000)]
  0x00000281c204d1f0 JavaThread "C1 CompilerThread2" daemon [_thread_blocked, id=18824, stack(0x0000009620400000,0x0000009620500000)]
  0x00000281c2adbbf0 JavaThread "C1 CompilerThread3" daemon [_thread_blocked, id=19288, stack(0x0000009620500000,0x0000009620600000)]
  0x0000028208341030 JavaThread "Monitor Ctrl-Break" daemon [_thread_in_native, id=20516, stack(0x0000009620600000,0x0000009620700000)]
  0x0000028208341510 JavaThread "Notification Thread" daemon [_thread_blocked, id=22936, stack(0x0000009620700000,0x0000009620800000)]
  0x000002820884d030 JavaThread "Thread-0" [_thread_blocked, id=11320, stack(0x0000009620c00000,0x0000009620d00000)]
  0x0000028208859100 JavaThread "restartedMain" [_thread_blocked, id=23936, stack(0x0000009620d00000,0x0000009620e00000)]
  0x000002820941e6d0 JavaThread "mysql-cj-abandoned-connection-cleanup" daemon [_thread_blocked, id=23856, stack(0x0000009621500000,0x0000009621600000)]
  0x000002820941dcb0 JavaThread "MVStore background writer D:/Platform-Pediatric-pidev-platform-nephrologie/Platform-Pediatric-pidev-platform-nephrologie/Back/data/pediatricdb.mv.db" daemon [_thread_blocked, id=24864, stack(0x0000009621700000,0x0000009621800000)]
  0x000002820941d7a0 JavaThread "HikariPool-1 housekeeper" daemon [_thread_blocked, id=14136, stack(0x0000009621800000,0x0000009621900000)]
  0x000002820941d290 JavaThread "HikariPool-1 connection adder" daemon [_thread_blocked, id=10308, stack(0x0000009621900000,0x0000009621a00000)]
  0x0000028209420a40 JavaThread "H2-serialization" daemon [_thread_blocked, id=24768, stack(0x0000009621a00000,0x0000009621b00000)]
  0x000002820941e1c0 JavaThread "H2-save" daemon [_thread_blocked, id=14344, stack(0x0000009621b00000,0x0000009621c00000)]
  0x000002820941f600 JavaThread "Catalina-utility-1" [_thread_blocked, id=19152, stack(0x0000009621c00000,0x0000009621d00000)]
  0x0000028209420020 JavaThread "Catalina-utility-2" [_thread_blocked, id=7236, stack(0x0000009621d00000,0x0000009621e00000)]
  0x000002820941fb10 JavaThread "container-0" [_thread_blocked, id=13988, stack(0x0000009621e00000,0x0000009621f00000)]

Other Threads:
=>0x00000281c205e4c0 VMThread "VM Thread" [stack: 0x000000961f900000,0x000000961fa00000] [id=22172]
  0x00000281c2d18f90 WatcherThread [stack: 0x0000009620800000,0x0000009620900000] [id=24352]
  0x00000281b04d7830 GCTaskThread "GC Thread#0" [stack: 0x000000961f400000,0x000000961f500000] [id=4192]
  0x0000028208758cd0 GCTaskThread "GC Thread#1" [stack: 0x0000009620900000,0x0000009620a00000] [id=132]
  0x0000028208754550 GCTaskThread "GC Thread#2" [stack: 0x0000009620a00000,0x0000009620b00000] [id=15488]
  0x00000282086b9140 GCTaskThread "GC Thread#3" [stack: 0x0000009620b00000,0x0000009620c00000] [id=4856]
  0x0000028208862cf0 GCTaskThread "GC Thread#4" [stack: 0x0000009620e00000,0x0000009620f00000] [id=20620]
  0x0000028208867ce0 GCTaskThread "GC Thread#5" [stack: 0x0000009620f00000,0x0000009621000000] [id=11844]
  0x0000028208883500 GCTaskThread "GC Thread#6" [stack: 0x0000009621000000,0x0000009621100000] [id=20432]
  0x0000028208884310 GCTaskThread "GC Thread#7" [stack: 0x0000009621200000,0x0000009621300000] [id=24228]
  0x0000028208883d70 GCTaskThread "GC Thread#8" [stack: 0x0000009621300000,0x0000009621400000] [id=22860]
  0x00000282088845e0 GCTaskThread "GC Thread#9" [stack: 0x0000009621400000,0x0000009621500000] [id=23840]
  0x00000281b04e7c90 ConcurrentGCThread "G1 Main Marker" [stack: 0x000000961f500000,0x000000961f600000] [id=16272]
  0x00000281b04ed150 ConcurrentGCThread "G1 Conc#0" [stack: 0x000000961f600000,0x000000961f700000] [id=4684]
  0x00000282088848b0 ConcurrentGCThread "G1 Conc#1" [stack: 0x0000009621100000,0x0000009621200000] [id=24332]
  0x0000028208884b80 ConcurrentGCThread "G1 Conc#2" [stack: 0x0000009621600000,0x0000009621700000] [id=22256]
  0x00000281c1f0bf80 ConcurrentGCThread "G1 Refine#0" [stack: 0x000000961f700000,0x000000961f800000] [id=2804]
  0x0000028208cd0d30 ConcurrentGCThread "G1 Refine#1" [stack: 0x0000009621f00000,0x0000009622000000] [id=24928]
  0x0000028208cd1030 ConcurrentGCThread "G1 Refine#2" [stack: 0x0000009622000000,0x0000009622100000] [id=9956]
  0x00000281c1f0c280 ConcurrentGCThread "G1 Service" [stack: 0x000000961f800000,0x000000961f900000] [id=16536]

Threads with active compile tasks:

VM state: at safepoint (normal execution)

VM Mutex/Monitor currently owned by a thread:  ([mutex/lock_event])
[0x00000281b0478480] Threads_lock - owner thread: 0x00000281c205e4c0
[0x00000281b0477820] Heap_lock - owner thread: 0x0000028208859100

Heap address: 0x0000000085800000, size: 1960 MB, Compressed Oops mode: 32-bit

CDS archive(s) mapped at: [0x00000281c3000000-0x00000281c3bb0000-0x00000281c3bb0000), size 12255232, SharedBaseAddress: 0x00000281c3000000, ArchiveRelocationMode: 1.
Compressed class space mapped at: 0x00000281c4000000-0x0000028204000000, reserved size: 1073741824
Narrow klass base: 0x00000281c3000000, Narrow klass shift: 0, Narrow klass range: 0x100000000

GC Precious Log:
 CPUs: 12 total, 12 available
 Memory: 7835M
 Large Page Support: Disabled
 NUMA Support: Disabled
 Compressed Oops: Enabled (32-bit)
 Heap Region Size: 1M
 Heap Min Capacity: 8M
 Heap Initial Capacity: 124M
 Heap Max Capacity: 1960M
 Pre-touch: Disabled
 Parallel Workers: 10
 Concurrent Workers: 3
 Concurrent Refinement Workers: 10
 Periodic GC: Disabled

Heap:
 garbage-first heap   total 167936K, used 103424K [0x0000000085800000, 0x0000000100000000)
  region size 1024K, 4 young (4096K), 4 survivors (4096K)
 Metaspace       used 72408K, committed 73088K, reserved 1114112K
  class space    used 10695K, committed 11008K, reserved 1048576K

Heap Regions: E=young(eden), S=young(survivor), O=old, HS=humongous(starts), HC=humongous(continues), CS=collection set, F=free, OA=open archive, CA=closed archive, TAMS=top-at-mark-start (previous, next)
|   0|0x0000000085800000, 0x0000000085900000, 0x0000000085900000|100%|HS|  |TAMS 0x0000000085900000, 0x0000000085900000| Complete 
|   1|0x0000000085900000, 0x0000000085a00000, 0x0000000085a00000|100%|HS|  |TAMS 0x0000000085a00000, 0x0000000085a00000| Complete 
|   2|0x0000000085a00000, 0x0000000085b00000, 0x0000000085b00000|100%|HS|  |TAMS 0x0000000085b00000, 0x0000000085b00000| Complete 
|   3|0x0000000085b00000, 0x0000000085c00000, 0x0000000085c00000|100%| O|  |TAMS 0x0000000085c00000, 0x0000000085c00000| Untracked 
|   4|0x0000000085c00000, 0x0000000085d00000, 0x0000000085d00000|100%| O|  |TAMS 0x0000000085d00000, 0x0000000085d00000| Untracked 
|   5|0x0000000085d00000, 0x0000000085e00000, 0x0000000085e00000|100%| O|  |TAMS 0x0000000085e00000, 0x0000000085e00000| Untracked 
|   6|0x0000000085e00000, 0x0000000085f00000, 0x0000000085f00000|100%| O|  |TAMS 0x0000000085f00000, 0x0000000085f00000| Untracked 
|   7|0x0000000085f00000, 0x0000000086000000, 0x0000000086000000|100%| O|  |TAMS 0x0000000086000000, 0x0000000086000000| Untracked 
|   8|0x0000000086000000, 0x0000000086100000, 0x0000000086100000|100%| O|  |TAMS 0x0000000086100000, 0x0000000086100000| Untracked 
|   9|0x0000000086100000, 0x0000000086200000, 0x0000000086200000|100%| O|  |TAMS 0x0000000086200000, 0x0000000086200000| Untracked 
|  10|0x0000000086200000, 0x0000000086300000, 0x0000000086300000|100%| O|  |TAMS 0x0000000086300000, 0x0000000086300000| Untracked 
|  11|0x0000000086300000, 0x0000000086400000, 0x0000000086400000|100%| O|  |TAMS 0x0000000086400000, 0x0000000086400000| Untracked 
|  12|0x0000000086400000, 0x0000000086500000, 0x0000000086500000|100%| O|  |TAMS 0x0000000086500000, 0x0000000086500000| Untracked 
|  13|0x0000000086500000, 0x0000000086600000, 0x0000000086600000|100%| O|  |TAMS 0x0000000086600000, 0x0000000086600000| Untracked 
|  14|0x0000000086600000, 0x0000000086700000, 0x0000000086700000|100%| O|  |TAMS 0x0000000086700000, 0x0000000086700000| Untracked 
|  15|0x0000000086700000, 0x0000000086800000, 0x0000000086800000|100%| O|  |TAMS 0x0000000086800000, 0x0000000086800000| Untracked 
|  16|0x0000000086800000, 0x0000000086900000, 0x0000000086900000|100%| O|  |TAMS 0x0000000086900000, 0x0000000086900000| Untracked 
|  17|0x0000000086900000, 0x0000000086a00000, 0x0000000086a00000|100%| O|  |TAMS 0x0000000086900000, 0x0000000086900000| Untracked 
|  18|0x0000000086a00000, 0x0000000086b00000, 0x0000000086b00000|100%| O|  |TAMS 0x0000000086b00000, 0x0000000086b00000| Untracked 
|  19|0x0000000086b00000, 0x0000000086c00000, 0x0000000086c00000|100%| O|  |TAMS 0x0000000086c00000, 0x0000000086c00000| Untracked 
|  20|0x0000000086c00000, 0x0000000086d00000, 0x0000000086d00000|100%| O|  |TAMS 0x0000000086d00000, 0x0000000086d00000| Untracked 
|  21|0x0000000086d00000, 0x0000000086e00000, 0x0000000086e00000|100%| O|  |TAMS 0x0000000086e00000, 0x0000000086e00000| Untracked 
|  22|0x0000000086e00000, 0x0000000086f00000, 0x0000000086f00000|100%| O|  |TAMS 0x0000000086f00000, 0x0000000086f00000| Untracked 
|  23|0x0000000086f00000, 0x0000000087000000, 0x0000000087000000|100%| O|  |TAMS 0x0000000087000000, 0x0000000087000000| Untracked 
|  24|0x0000000087000000, 0x0000000087100000, 0x0000000087100000|100%| O|  |TAMS 0x0000000087100000, 0x0000000087100000| Untracked 
|  25|0x0000000087100000, 0x0000000087200000, 0x0000000087200000|100%| O|  |TAMS 0x0000000087200000, 0x0000000087200000| Untracked 
|  26|0x0000000087200000, 0x0000000087300000, 0x0000000087300000|100%| O|  |TAMS 0x0000000087300000, 0x0000000087300000| Untracked 
|  27|0x0000000087300000, 0x0000000087400000, 0x0000000087400000|100%| O|  |TAMS 0x0000000087400000, 0x0000000087400000| Untracked 
|  28|0x0000000087400000, 0x0000000087500000, 0x0000000087500000|100%| O|  |TAMS 0x0000000087500000, 0x0000000087500000| Untracked 
|  29|0x0000000087500000, 0x0000000087600000, 0x0000000087600000|100%| O|  |TAMS 0x0000000087600000, 0x0000000087600000| Untracked 
|  30|0x0000000087600000, 0x0000000087700000, 0x0000000087700000|100%| O|  |TAMS 0x0000000087700000, 0x0000000087700000| Untracked 
|  31|0x0000000087700000, 0x0000000087800000, 0x0000000087800000|100%| O|  |TAMS 0x0000000087800000, 0x0000000087800000| Untracked 
|  32|0x0000000087800000, 0x0000000087900000, 0x0000000087900000|100%| O|  |TAMS 0x0000000087900000, 0x0000000087900000| Untracked 
|  33|0x0000000087900000, 0x0000000087a00000, 0x0000000087a00000|100%| O|  |TAMS 0x0000000087a00000, 0x0000000087a00000| Untracked 
|  34|0x0000000087a00000, 0x0000000087b00000, 0x0000000087b00000|100%| O|  |TAMS 0x0000000087b00000, 0x0000000087b00000| Untracked 
|  35|0x0000000087b00000, 0x0000000087c00000, 0x0000000087c00000|100%| O|  |TAMS 0x0000000087c00000, 0x0000000087c00000| Untracked 
|  36|0x0000000087c00000, 0x0000000087d00000, 0x0000000087d00000|100%| O|  |TAMS 0x0000000087d00000, 0x0000000087d00000| Untracked 
|  37|0x0000000087d00000, 0x0000000087e00000, 0x0000000087e00000|100%|HS|  |TAMS 0x0000000087e00000, 0x0000000087e00000| Complete 
|  38|0x0000000087e00000, 0x0000000087f00000, 0x0000000087f00000|100%|HC|  |TAMS 0x0000000087f00000, 0x0000000087f00000| Complete 
|  39|0x0000000087f00000, 0x0000000088000000, 0x0000000088000000|100%| O|  |TAMS 0x0000000088000000, 0x0000000088000000| Untracked 
|  40|0x0000000088000000, 0x0000000088100000, 0x0000000088100000|100%| O|  |TAMS 0x0000000088100000, 0x0000000088100000| Untracked 
|  41|0x0000000088100000, 0x0000000088200000, 0x0000000088200000|100%| O|  |TAMS 0x0000000088200000, 0x0000000088200000| Untracked 
|  42|0x0000000088200000, 0x0000000088300000, 0x0000000088300000|100%| O|  |TAMS 0x0000000088300000, 0x0000000088300000| Untracked 
|  43|0x0000000088300000, 0x0000000088400000, 0x0000000088400000|100%| O|  |TAMS 0x0000000088400000, 0x0000000088400000| Untracked 
|  44|0x0000000088400000, 0x0000000088500000, 0x0000000088500000|100%| O|  |TAMS 0x0000000088500000, 0x0000000088500000| Untracked 
|  45|0x0000000088500000, 0x0000000088600000, 0x0000000088600000|100%| O|  |TAMS 0x0000000088600000, 0x0000000088600000| Untracked 
|  46|0x0000000088600000, 0x0000000088700000, 0x0000000088700000|100%| O|  |TAMS 0x0000000088700000, 0x0000000088700000| Untracked 
|  47|0x0000000088700000, 0x0000000088800000, 0x0000000088800000|100%| O|  |TAMS 0x0000000088800000, 0x0000000088800000| Untracked 
|  48|0x0000000088800000, 0x0000000088900000, 0x0000000088900000|100%| O|  |TAMS 0x0000000088900000, 0x0000000088900000| Untracked 
|  49|0x0000000088900000, 0x0000000088a00000, 0x0000000088a00000|100%| O|  |TAMS 0x0000000088a00000, 0x0000000088a00000| Untracked 
|  50|0x0000000088a00000, 0x0000000088b00000, 0x0000000088b00000|100%| O|  |TAMS 0x0000000088b00000, 0x0000000088b00000| Untracked 
|  51|0x0000000088b00000, 0x0000000088c00000, 0x0000000088c00000|100%| O|  |TAMS 0x0000000088c00000, 0x0000000088c00000| Untracked 
|  52|0x0000000088c00000, 0x0000000088d00000, 0x0000000088d00000|100%| O|  |TAMS 0x0000000088d00000, 0x0000000088d00000| Untracked 
|  53|0x0000000088d00000, 0x0000000088e00000, 0x0000000088e00000|100%| O|  |TAMS 0x0000000088e00000, 0x0000000088e00000| Untracked 
|  54|0x0000000088e00000, 0x0000000088f00000, 0x0000000088f00000|100%| O|  |TAMS 0x0000000088f00000, 0x0000000088f00000| Untracked 
|  55|0x0000000088f00000, 0x0000000089000000, 0x0000000089000000|100%| O|  |TAMS 0x0000000089000000, 0x0000000089000000| Untracked 
|  56|0x0000000089000000, 0x0000000089100000, 0x0000000089100000|100%| O|  |TAMS 0x0000000089100000, 0x0000000089100000| Untracked 
|  57|0x0000000089100000, 0x0000000089200000, 0x0000000089200000|100%| O|  |TAMS 0x0000000089200000, 0x0000000089200000| Untracked 
|  58|0x0000000089200000, 0x0000000089300000, 0x0000000089300000|100%| O|  |TAMS 0x0000000089300000, 0x0000000089300000| Untracked 
|  59|0x0000000089300000, 0x0000000089400000, 0x0000000089400000|100%| O|  |TAMS 0x0000000089400000, 0x0000000089400000| Untracked 
|  60|0x0000000089400000, 0x0000000089500000, 0x0000000089500000|100%| O|  |TAMS 0x0000000089500000, 0x0000000089500000| Untracked 
|  61|0x0000000089500000, 0x0000000089600000, 0x0000000089600000|100%| O|  |TAMS 0x0000000089600000, 0x0000000089600000| Untracked 
|  62|0x0000000089600000, 0x0000000089700000, 0x0000000089700000|100%| O|  |TAMS 0x0000000089700000, 0x0000000089700000| Untracked 
|  63|0x0000000089700000, 0x0000000089800000, 0x0000000089800000|100%| O|  |TAMS 0x0000000089800000, 0x0000000089800000| Untracked 
|  64|0x0000000089800000, 0x0000000089900000, 0x0000000089900000|100%| O|  |TAMS 0x0000000089900000, 0x0000000089900000| Untracked 
|  65|0x0000000089900000, 0x0000000089a00000, 0x0000000089a00000|100%| O|  |TAMS 0x0000000089a00000, 0x0000000089a00000| Untracked 
|  66|0x0000000089a00000, 0x0000000089b00000, 0x0000000089b00000|100%| O|  |TAMS 0x0000000089a00000, 0x0000000089b00000| Untracked 
|  67|0x0000000089b00000, 0x0000000089c00000, 0x0000000089c00000|100%| O|  |TAMS 0x0000000089b00000, 0x0000000089c00000| Untracked 
|  68|0x0000000089c00000, 0x0000000089d00000, 0x0000000089d00000|100%| O|  |TAMS 0x0000000089c00000, 0x0000000089d00000| Untracked 
|  69|0x0000000089d00000, 0x0000000089e00000, 0x0000000089e00000|100%| O|  |TAMS 0x0000000089e00000, 0x0000000089e00000| Untracked 
|  70|0x0000000089e00000, 0x0000000089f00000, 0x0000000089f00000|100%| O|  |TAMS 0x0000000089f00000, 0x0000000089f00000| Untracked 
|  71|0x0000000089f00000, 0x000000008a000000, 0x000000008a000000|100%| O|  |TAMS 0x000000008a000000, 0x000000008a000000| Untracked 
|  72|0x000000008a000000, 0x000000008a100000, 0x000000008a100000|100%| O|  |TAMS 0x000000008a000000, 0x000000008a100000| Untracked 
|  73|0x000000008a100000, 0x000000008a200000, 0x000000008a200000|100%| O|  |TAMS 0x000000008a100000, 0x000000008a200000| Untracked 
|  74|0x000000008a200000, 0x000000008a300000, 0x000000008a300000|100%| O|  |TAMS 0x000000008a200000, 0x000000008a300000| Untracked 
|  75|0x000000008a300000, 0x000000008a400000, 0x000000008a400000|100%| O|  |TAMS 0x000000008a400000, 0x000000008a400000| Untracked 
|  76|0x000000008a400000, 0x000000008a500000, 0x000000008a500000|100%| O|  |TAMS 0x000000008a500000, 0x000000008a500000| Untracked 
|  77|0x000000008a500000, 0x000000008a600000, 0x000000008a600000|100%| O|  |TAMS 0x000000008a600000, 0x000000008a600000| Untracked 
|  78|0x000000008a600000, 0x000000008a700000, 0x000000008a700000|100%| O|  |TAMS 0x000000008a63d200, 0x000000008a700000| Untracked 
|  79|0x000000008a700000, 0x000000008a800000, 0x000000008a800000|100%| O|  |TAMS 0x000000008a700000, 0x000000008a800000| Untracked 
|  80|0x000000008a800000, 0x000000008a900000, 0x000000008a900000|100%| O|  |TAMS 0x000000008a800000, 0x000000008a900000| Untracked 
|  81|0x000000008a900000, 0x000000008aa00000, 0x000000008aa00000|100%| O|  |TAMS 0x000000008a900000, 0x000000008aa00000| Untracked 
|  82|0x000000008aa00000, 0x000000008ab00000, 0x000000008ab00000|100%|HS|  |TAMS 0x000000008aa00000, 0x000000008ab00000| Complete 
|  83|0x000000008ab00000, 0x000000008ac00000, 0x000000008ac00000|100%| O|  |TAMS 0x000000008ab00000, 0x000000008ac00000| Untracked 
|  84|0x000000008ac00000, 0x000000008ad00000, 0x000000008ad00000|100%| O|  |TAMS 0x000000008ac00000, 0x000000008ad00000| Untracked 
|  85|0x000000008ad00000, 0x000000008ae00000, 0x000000008ae00000|100%| O|  |TAMS 0x000000008ad00000, 0x000000008ae00000| Untracked 
|  86|0x000000008ae00000, 0x000000008af00000, 0x000000008af00000|100%| O|  |TAMS 0x000000008ae00000, 0x000000008af00000| Untracked 
|  87|0x000000008af00000, 0x000000008b000000, 0x000000008b000000|100%| O|  |TAMS 0x000000008af00000, 0x000000008b000000| Untracked 
|  88|0x000000008b000000, 0x000000008b100000, 0x000000008b100000|100%| O|  |TAMS 0x000000008b000000, 0x000000008b100000| Untracked 
|  89|0x000000008b100000, 0x000000008b200000, 0x000000008b200000|100%| O|  |TAMS 0x000000008b100000, 0x000000008b200000| Untracked 
|  90|0x000000008b200000, 0x000000008b300000, 0x000000008b300000|100%| O|  |TAMS 0x000000008b200000, 0x000000008b300000| Untracked 
|  91|0x000000008b300000, 0x000000008b400000, 0x000000008b400000|100%| O|  |TAMS 0x000000008b300000, 0x000000008b400000| Untracked 
|  92|0x000000008b400000, 0x000000008b500000, 0x000000008b500000|100%| O|  |TAMS 0x000000008b400000, 0x000000008b500000| Untracked 
|  93|0x000000008b500000, 0x000000008b600000, 0x000000008b600000|100%| O|  |TAMS 0x000000008b500000, 0x000000008b600000| Untracked 
|  94|0x000000008b600000, 0x000000008b700000, 0x000000008b700000|100%| O|  |TAMS 0x000000008b600000, 0x000000008b700000| Untracked 
|  95|0x000000008b700000, 0x000000008b800000, 0x000000008b800000|100%| O|  |TAMS 0x000000008b700000, 0x000000008b800000| Untracked 
|  96|0x000000008b800000, 0x000000008b900000, 0x000000008b900000|100%| O|  |TAMS 0x000000008b800000, 0x000000008b8a5e00| Untracked 
|  97|0x000000008b900000, 0x000000008b900000, 0x000000008ba00000|  0%| F|  |TAMS 0x000000008b900000, 0x000000008b900000| Untracked 
|  98|0x000000008ba00000, 0x000000008ba00000, 0x000000008bb00000|  0%| F|  |TAMS 0x000000008ba00000, 0x000000008ba00000| Untracked 
|  99|0x000000008bb00000, 0x000000008bb00000, 0x000000008bc00000|  0%| F|  |TAMS 0x000000008bb00000, 0x000000008bb00000| Untracked 
| 100|0x000000008bc00000, 0x000000008bc00000, 0x000000008bd00000|  0%| F|  |TAMS 0x000000008bc00000, 0x000000008bc00000| Untracked 
| 101|0x000000008bd00000, 0x000000008bd00000, 0x000000008be00000|  0%| F|  |TAMS 0x000000008bd00000, 0x000000008bd00000| Untracked 
| 102|0x000000008be00000, 0x000000008be00000, 0x000000008bf00000|  0%| F|  |TAMS 0x000000008be00000, 0x000000008be00000| Untracked 
| 103|0x000000008bf00000, 0x000000008bf00000, 0x000000008c000000|  0%| F|  |TAMS 0x000000008bf00000, 0x000000008bf00000| Untracked 
| 104|0x000000008c000000, 0x000000008c000000, 0x000000008c100000|  0%| F|  |TAMS 0x000000008c000000, 0x000000008c000000| Untracked 
| 105|0x000000008c100000, 0x000000008c100000, 0x000000008c200000|  0%| F|  |TAMS 0x000000008c100000, 0x000000008c100000| Untracked 
| 106|0x000000008c200000, 0x000000008c200000, 0x000000008c300000|  0%| F|  |TAMS 0x000000008c200000, 0x000000008c200000| Untracked 
| 107|0x000000008c300000, 0x000000008c300000, 0x000000008c400000|  0%| F|  |TAMS 0x000000008c300000, 0x000000008c300000| Untracked 
| 108|0x000000008c400000, 0x000000008c400000, 0x000000008c500000|  0%| F|  |TAMS 0x000000008c400000, 0x000000008c400000| Untracked 
| 109|0x000000008c500000, 0x000000008c500000, 0x000000008c600000|  0%| F|  |TAMS 0x000000008c500000, 0x000000008c500000| Untracked 
| 110|0x000000008c600000, 0x000000008c600000, 0x000000008c700000|  0%| F|  |TAMS 0x000000008c600000, 0x000000008c600000| Untracked 
| 111|0x000000008c700000, 0x000000008c700000, 0x000000008c800000|  0%| F|  |TAMS 0x000000008c700000, 0x000000008c700000| Untracked 
| 112|0x000000008c800000, 0x000000008c800000, 0x000000008c900000|  0%| F|  |TAMS 0x000000008c800000, 0x000000008c800000| Untracked 
| 113|0x000000008c900000, 0x000000008c900000, 0x000000008ca00000|  0%| F|  |TAMS 0x000000008c900000, 0x000000008c900000| Untracked 
| 114|0x000000008ca00000, 0x000000008ca00000, 0x000000008cb00000|  0%| F|  |TAMS 0x000000008ca00000, 0x000000008ca00000| Untracked 
| 115|0x000000008cb00000, 0x000000008cb00000, 0x000000008cc00000|  0%| F|  |TAMS 0x000000008cb00000, 0x000000008cb00000| Untracked 
| 116|0x000000008cc00000, 0x000000008cc00000, 0x000000008cd00000|  0%| F|  |TAMS 0x000000008cc00000, 0x000000008cc00000| Untracked 
| 117|0x000000008cd00000, 0x000000008cd00000, 0x000000008ce00000|  0%| F|  |TAMS 0x000000008cd00000, 0x000000008cd00000| Untracked 
| 118|0x000000008ce00000, 0x000000008ce00000, 0x000000008cf00000|  0%| F|  |TAMS 0x000000008ce00000, 0x000000008ce00000| Untracked 
| 119|0x000000008cf00000, 0x000000008cf00000, 0x000000008d000000|  0%| F|  |TAMS 0x000000008cf00000, 0x000000008cf00000| Untracked 
| 120|0x000000008d000000, 0x000000008d000000, 0x000000008d100000|  0%| F|  |TAMS 0x000000008d000000, 0x000000008d000000| Untracked 
| 121|0x000000008d100000, 0x000000008d100000, 0x000000008d200000|  0%| F|  |TAMS 0x000000008d100000, 0x000000008d100000| Untracked 
| 122|0x000000008d200000, 0x000000008d200000, 0x000000008d300000|  0%| F|  |TAMS 0x000000008d200000, 0x000000008d200000| Untracked 
| 123|0x000000008d300000, 0x000000008d300000, 0x000000008d400000|  0%| F|  |TAMS 0x000000008d300000, 0x000000008d300000| Untracked 
| 124|0x000000008d400000, 0x000000008d400000, 0x000000008d500000|  0%| F|  |TAMS 0x000000008d400000, 0x000000008d400000| Untracked 
| 125|0x000000008d500000, 0x000000008d500000, 0x000000008d600000|  0%| F|  |TAMS 0x000000008d500000, 0x000000008d500000| Untracked 
| 126|0x000000008d600000, 0x000000008d600000, 0x000000008d700000|  0%| F|  |TAMS 0x000000008d600000, 0x000000008d600000| Untracked 
| 127|0x000000008d700000, 0x000000008d700000, 0x000000008d800000|  0%| F|  |TAMS 0x000000008d700000, 0x000000008d700000| Untracked 
| 128|0x000000008d800000, 0x000000008d800000, 0x000000008d900000|  0%| F|  |TAMS 0x000000008d800000, 0x000000008d800000| Untracked 
| 129|0x000000008d900000, 0x000000008d900000, 0x000000008da00000|  0%| F|  |TAMS 0x000000008d900000, 0x000000008d900000| Untracked 
| 130|0x000000008da00000, 0x000000008da00000, 0x000000008db00000|  0%| F|  |TAMS 0x000000008da00000, 0x000000008da00000| Untracked 
| 131|0x000000008db00000, 0x000000008db00000, 0x000000008dc00000|  0%| F|  |TAMS 0x000000008db00000, 0x000000008db00000| Untracked 
| 132|0x000000008dc00000, 0x000000008dc00000, 0x000000008dd00000|  0%| F|  |TAMS 0x000000008dc00000, 0x000000008dc00000| Untracked 
| 133|0x000000008dd00000, 0x000000008dd00000, 0x000000008de00000|  0%| F|  |TAMS 0x000000008dd00000, 0x000000008dd00000| Untracked 
| 134|0x000000008de00000, 0x000000008de00000, 0x000000008df00000|  0%| F|  |TAMS 0x000000008de00000, 0x000000008de00000| Untracked 
| 135|0x000000008df00000, 0x000000008df00000, 0x000000008e000000|  0%| F|  |TAMS 0x000000008df00000, 0x000000008df00000| Untracked 
| 136|0x000000008e000000, 0x000000008e000000, 0x000000008e100000|  0%| F|  |TAMS 0x000000008e000000, 0x000000008e000000| Untracked 
| 137|0x000000008e100000, 0x000000008e100000, 0x000000008e200000|  0%| F|  |TAMS 0x000000008e100000, 0x000000008e100000| Untracked 
| 138|0x000000008e200000, 0x000000008e200000, 0x000000008e300000|  0%| F|  |TAMS 0x000000008e200000, 0x000000008e200000| Untracked 
| 139|0x000000008e300000, 0x000000008e300000, 0x000000008e400000|  0%| F|  |TAMS 0x000000008e300000, 0x000000008e300000| Untracked 
| 140|0x000000008e400000, 0x000000008e400000, 0x000000008e500000|  0%| F|  |TAMS 0x000000008e400000, 0x000000008e400000| Untracked 
| 141|0x000000008e500000, 0x000000008e500000, 0x000000008e600000|  0%| F|  |TAMS 0x000000008e500000, 0x000000008e500000| Untracked 
| 142|0x000000008e600000, 0x000000008e600000, 0x000000008e700000|  0%| F|  |TAMS 0x000000008e600000, 0x000000008e600000| Untracked 
| 143|0x000000008e700000, 0x000000008e700000, 0x000000008e800000|  0%| F|  |TAMS 0x000000008e700000, 0x000000008e700000| Untracked 
| 144|0x000000008e800000, 0x000000008e800000, 0x000000008e900000|  0%| F|  |TAMS 0x000000008e800000, 0x000000008e800000| Untracked 
| 145|0x000000008e900000, 0x000000008e900000, 0x000000008ea00000|  0%| F|  |TAMS 0x000000008e900000, 0x000000008e900000| Untracked 
| 146|0x000000008ea00000, 0x000000008ea00000, 0x000000008eb00000|  0%| F|  |TAMS 0x000000008ea00000, 0x000000008ea00000| Untracked 
| 147|0x000000008eb00000, 0x000000008eb00000, 0x000000008ec00000|  0%| F|  |TAMS 0x000000008eb00000, 0x000000008eb00000| Untracked 
| 148|0x000000008ec00000, 0x000000008ec00000, 0x000000008ed00000|  0%| F|  |TAMS 0x000000008ec00000, 0x000000008ec00000| Untracked 
| 149|0x000000008ed00000, 0x000000008ee00000, 0x000000008ee00000|100%| S|CS|TAMS 0x000000008ed00000, 0x000000008ed00000| Complete 
| 150|0x000000008ee00000, 0x000000008ef00000, 0x000000008ef00000|100%| S|CS|TAMS 0x000000008ee00000, 0x000000008ee00000| Complete 
| 151|0x000000008ef00000, 0x000000008f000000, 0x000000008f000000|100%| S|CS|TAMS 0x000000008ef00000, 0x000000008ef00000| Complete 
| 152|0x000000008f000000, 0x000000008f100000, 0x000000008f100000|100%| S|CS|TAMS 0x000000008f000000, 0x000000008f000000| Complete 
| 153|0x000000008f100000, 0x000000008f100000, 0x000000008f200000|  0%| F|  |TAMS 0x000000008f100000, 0x000000008f100000| Untracked 
| 154|0x000000008f200000, 0x000000008f200000, 0x000000008f300000|  0%| F|  |TAMS 0x000000008f200000, 0x000000008f200000| Untracked 
| 155|0x000000008f300000, 0x000000008f300000, 0x000000008f400000|  0%| F|  |TAMS 0x000000008f300000, 0x000000008f300000| Untracked 
| 156|0x000000008f400000, 0x000000008f400000, 0x000000008f500000|  0%| F|  |TAMS 0x000000008f400000, 0x000000008f400000| Untracked 
| 157|0x000000008f500000, 0x000000008f500000, 0x000000008f600000|  0%| F|  |TAMS 0x000000008f500000, 0x000000008f500000| Untracked 
| 158|0x000000008f600000, 0x000000008f600000, 0x000000008f700000|  0%| F|  |TAMS 0x000000008f600000, 0x000000008f600000| Untracked 
| 159|0x000000008f700000, 0x000000008f700000, 0x000000008f800000|  0%| F|  |TAMS 0x000000008f700000, 0x000000008f700000| Untracked 
| 160|0x000000008f800000, 0x000000008f800000, 0x000000008f900000|  0%| F|  |TAMS 0x000000008f800000, 0x000000008f800000| Untracked 
| 161|0x000000008f900000, 0x000000008f900000, 0x000000008fa00000|  0%| F|  |TAMS 0x000000008f900000, 0x000000008f900000| Untracked 
| 162|0x000000008fa00000, 0x000000008fa00000, 0x000000008fb00000|  0%| F|  |TAMS 0x000000008fa00000, 0x000000008fa00000| Untracked 
| 163|0x000000008fb00000, 0x000000008fb00000, 0x000000008fc00000|  0%| F|  |TAMS 0x000000008fb00000, 0x000000008fb00000| Untracked 

Card table byte_map: [0x00000281bb6f0000,0x00000281bbad0000] _byte_map_base: 0x00000281bb2c4000

Marking Bits (Prev, Next): (CMBitMap*) 0x00000281b04d7e60, (CMBitMap*) 0x00000281b04d7ea0
 Prev Bits: [0x00000281bbeb0000, 0x00000281bdd50000)
 Next Bits: [0x00000281bdd50000, 0x00000281bfbf0000)

Polling page: 0x00000281ae250000

Metaspace:

Usage:
  Non-class:     60.27 MB used.
      Class:     10.44 MB used.
       Both:     70.71 MB used.

Virtual space:
  Non-class space:       64.00 MB reserved,      60.62 MB ( 95%) committed,  1 nodes.
      Class space:        1.00 GB reserved,      10.75 MB (  1%) committed,  1 nodes.
             Both:        1.06 GB reserved,      71.38 MB (  7%) committed. 

Chunk freelists:
   Non-Class:  2.60 MB
       Class:  5.29 MB
        Both:  7.89 MB

MaxMetaspaceSize: unlimited
CompressedClassSpaceSize: 1.00 GB
Initial GC threshold: 21.00 MB
Current GC threshold: 119.00 MB
CDS: on
MetaspaceReclaimPolicy: balanced
 - commit_granule_bytes: 65536.
 - commit_granule_words: 8192.
 - virtual_space_node_default_size: 8388608.
 - enlarge_chunks_in_place: 1.
 - new_chunks_are_fully_committed: 0.
 - uncommit_free_chunks: 1.
 - use_allocation_guard: 0.
 - handle_deallocations: 1.


Internal statistics:

num_allocs_failed_limit: 9.
num_arena_births: 896.
num_arena_deaths: 2.
num_vsnodes_births: 2.
num_vsnodes_deaths: 0.
num_space_committed: 1142.
num_space_uncommitted: 0.
num_chunks_returned_to_freelist: 12.
num_chunks_taken_from_freelist: 3695.
num_chunk_merges: 9.
num_chunk_splits: 2655.
num_chunks_enlarged: 2047.
num_inconsistent_stats: 0.

CodeCache: size=49152Kb used=16333Kb max_used=16333Kb free=32818Kb
 bounds [0x00000281b7fe0000, 0x00000281b8fe0000, 0x00000281bafe0000]
 total_blobs=9285 nmethods=8591 adapters=617
 compilation: enabled
              stopped_count=0, restarted_count=0
 full_count=0

Compilation events (20 events):
Event: 6.345 Thread 0x00000281c2adbbf0 nmethod 8582 0x00000281b8fcae10 code [0x00000281b8fcafa0, 0x00000281b8fcb078]
Event: 6.345 Thread 0x00000281c2997f70 nmethod 8583 0x00000281b8fcb110 code [0x00000281b8fcb2c0, 0x00000281b8fcb4d8]
Event: 6.346 Thread 0x00000281c2080ab0 8584   !   1       org.springframework.orm.jpa.AbstractEntityManagerFactoryBean$ManagedEntityManagerFactoryInvocationHandler::invoke (233 bytes)
Event: 6.346 Thread 0x00000281c204d1f0 8585   !   1       org.springframework.orm.jpa.AbstractEntityManagerFactoryBean::invokeProxyMethod (201 bytes)
Event: 6.346 Thread 0x00000281c2080ab0 nmethod 8584 0x00000281b8fcb610 code [0x00000281b8fcb880, 0x00000281b8fcbef8]
Event: 6.347 Thread 0x00000281c2997f70 8586   !   1       org.springframework.orm.jpa.SharedEntityManagerCreator$SharedEntityManagerInvocationHandler::invoke (853 bytes)
Event: 6.347 Thread 0x00000281c2080ab0 8587   !   1       org.springframework.orm.jpa.AbstractEntityManagerFactoryBean::getNativeEntityManagerFactory (100 bytes)
Event: 6.347 Thread 0x00000281c2080ab0 nmethod 8587 0x00000281b8fcc310 code [0x00000281b8fcc540, 0x00000281b8fcca68]
Event: 6.347 Thread 0x00000281c204d1f0 nmethod 8585 0x00000281b8fccd10 code [0x00000281b8fcd080, 0x00000281b8fcdf68]
Event: 6.349 Thread 0x00000281c2997f70 nmethod 8586 0x00000281b8fce910 code [0x00000281b8fcee00, 0x00000281b8fd07c8]
Event: 6.382 Thread 0x00000281c2adbbf0 8589       1       org.antlr.v4.runtime.atn.ATNConfigSet::equals (105 bytes)
Event: 6.382 Thread 0x00000281c204d1f0 8588       1       org.antlr.v4.runtime.dfa.DFAState::equals (35 bytes)
Event: 6.382 Thread 0x00000281c204d1f0 nmethod 8588 0x00000281b8fd1790 code [0x00000281b8fd1940, 0x00000281b8fd1b28]
Event: 6.382 Thread 0x00000281c2adbbf0 nmethod 8589 0x00000281b8fd1c10 code [0x00000281b8fd1dc0, 0x00000281b8fd2028]
Event: 6.386 Thread 0x00000281c2adbbf0 8590       1       org.antlr.v4.runtime.misc.FlexibleHashMap::<init> (60 bytes)
Event: 6.388 Thread 0x00000281c2adbbf0 nmethod 8590 0x00000281b8fd2110 code [0x00000281b8fd22e0, 0x00000281b8fd2588]
Event: 6.391 Thread 0x00000281c2080ab0 8591       1       org.antlr.v4.runtime.atn.PredictionMode::allConfigsInRuleStopStates (41 bytes)
Event: 6.392 Thread 0x00000281c2080ab0 nmethod 8591 0x00000281b8fd2690 code [0x00000281b8fd2840, 0x00000281b8fd2ae8]
Event: 6.420 Thread 0x00000281c2080ab0 8592       1       org.antlr.v4.runtime.atn.PredictionMode::hasSLLConflictTerminatingPrediction (109 bytes)
Event: 6.421 Thread 0x00000281c2080ab0 nmethod 8592 0x00000281b8fd2c90 code [0x00000281b8fd2ea0, 0x00000281b8fd3358]

GC Heap History (20 events):
Event: 5.219 GC heap after
{Heap after GC invocations=15 (full 0):
 garbage-first heap   total 118784K, used 44726K [0x0000000085800000, 0x0000000100000000)
  region size 1024K, 3 young (3072K), 3 survivors (3072K)
 Metaspace       used 59869K, committed 60416K, reserved 1114112K
  class space    used 8622K, committed 8896K, reserved 1048576K
}
Event: 5.776 GC heap before
{Heap before GC invocations=16 (full 0):
 garbage-first heap   total 118784K, used 94902K [0x0000000085800000, 0x0000000100000000)
  region size 1024K, 52 young (53248K), 3 survivors (3072K)
 Metaspace       used 66795K, committed 67392K, reserved 1114112K
  class space    used 9745K, committed 10048K, reserved 1048576K
}
Event: 5.781 GC heap after
{Heap after GC invocations=17 (full 0):
 garbage-first heap   total 118784K, used 49262K [0x0000000085800000, 0x0000000100000000)
  region size 1024K, 7 young (7168K), 7 survivors (7168K)
 Metaspace       used 66795K, committed 67392K, reserved 1114112K
  class space    used 9745K, committed 10048K, reserved 1048576K
}
Event: 5.949 GC heap before
{Heap before GC invocations=17 (full 0):
 garbage-first heap   total 118784K, used 95342K [0x0000000085800000, 0x0000000100000000)
  region size 1024K, 52 young (53248K), 7 survivors (7168K)
 Metaspace       used 69839K, committed 70464K, reserved 1114112K
  class space    used 10302K, committed 10624K, reserved 1048576K
}
Event: 5.960 GC heap after
{Heap after GC invocations=18 (full 0):
 garbage-first heap   total 118784K, used 54250K [0x0000000085800000, 0x0000000100000000)
  region size 1024K, 6 young (6144K), 6 survivors (6144K)
 Metaspace       used 69839K, committed 70464K, reserved 1114112K
  class space    used 10302K, committed 10624K, reserved 1048576K
}
Event: 6.061 GC heap before
{Heap before GC invocations=18 (full 0):
 garbage-first heap   total 118784K, used 94186K [0x0000000085800000, 0x0000000100000000)
  region size 1024K, 45 young (46080K), 6 survivors (6144K)
 Metaspace       used 70314K, committed 70976K, reserved 1114112K
  class space    used 10376K, committed 10688K, reserved 1048576K
}
Event: 6.065 GC heap after
{Heap after GC invocations=19 (full 0):
 garbage-first heap   total 118784K, used 52456K [0x0000000085800000, 0x0000000100000000)
  region size 1024K, 2 young (2048K), 2 survivors (2048K)
 Metaspace       used 70314K, committed 70976K, reserved 1114112K
  class space    used 10376K, committed 10688K, reserved 1048576K
}
Event: 6.329 GC heap before
{Heap before GC invocations=19 (full 0):
 garbage-first heap   total 118784K, used 95464K [0x0000000085800000, 0x0000000100000000)
  region size 1024K, 44 young (45056K), 2 survivors (2048K)
 Metaspace       used 72386K, committed 73024K, reserved 1114112K
  class space    used 10690K, committed 11008K, reserved 1048576K
}
Event: 6.332 GC heap after
{Heap after GC invocations=20 (full 0):
 garbage-first heap   total 118784K, used 53846K [0x0000000085800000, 0x0000000100000000)
  region size 1024K, 3 young (3072K), 3 survivors (3072K)
 Metaspace       used 72386K, committed 73024K, reserved 1114112K
  class space    used 10690K, committed 11008K, reserved 1048576K
}
Event: 6.413 GC heap before
{Heap before GC invocations=20 (full 0):
 garbage-first heap   total 118784K, used 95830K [0x0000000085800000, 0x0000000100000000)
  region size 1024K, 44 young (45056K), 3 survivors (3072K)
 Metaspace       used 72411K, committed 73088K, reserved 1114112K
  class space    used 10695K, committed 11008K, reserved 1048576K
}
Event: 6.419 GC heap after
{Heap after GC invocations=21 (full 0):
 garbage-first heap   total 153600K, used 60061K [0x0000000085800000, 0x0000000100000000)
  region size 1024K, 6 young (6144K), 6 survivors (6144K)
 Metaspace       used 72411K, committed 73088K, reserved 1114112K
  class space    used 10695K, committed 11008K, reserved 1048576K
}
Event: 6.556 GC heap before
{Heap before GC invocations=21 (full 0):
 garbage-first heap   total 153600K, used 119453K [0x0000000085800000, 0x0000000100000000)
  region size 1024K, 64 young (65536K), 6 survivors (6144K)
 Metaspace       used 72411K, committed 73088K, reserved 1114112K
  class space    used 10695K, committed 11008K, reserved 1048576K
}
Event: 6.575 GC heap after
{Heap after GC invocations=22 (full 0):
 garbage-first heap   total 153600K, used 81274K [0x0000000085800000, 0x0000000100000000)
  region size 1024K, 8 young (8192K), 8 survivors (8192K)
 Metaspace       used 72411K, committed 73088K, reserved 1114112K
  class space    used 10695K, committed 11008K, reserved 1048576K
}
Event: 6.581 GC heap before
{Heap before GC invocations=22 (full 0):
 garbage-first heap   total 153600K, used 82298K [0x0000000085800000, 0x0000000100000000)
  region size 1024K, 10 young (10240K), 8 survivors (8192K)
 Metaspace       used 72411K, committed 73088K, reserved 1114112K
  class space    used 10695K, committed 11008K, reserved 1048576K
}
Event: 6.588 GC heap after
{Heap after GC invocations=23 (full 0):
 garbage-first heap   total 153600K, used 84407K [0x0000000085800000, 0x0000000100000000)
  region size 1024K, 2 young (2048K), 2 survivors (2048K)
 Metaspace       used 72411K, committed 73088K, reserved 1114112K
  class space    used 10695K, committed 11008K, reserved 1048576K
}
Event: 6.762 GC heap before
{Heap before GC invocations=24 (full 0):
 garbage-first heap   total 167936K, used 114103K [0x0000000085800000, 0x0000000100000000)
  region size 1024K, 30 young (30720K), 2 survivors (2048K)
 Metaspace       used 72408K, committed 73088K, reserved 1114112K
  class space    used 10695K, committed 11008K, reserved 1048576K
}
Event: 6.778 GC heap after
{Heap after GC invocations=25 (full 0):
 garbage-first heap   total 167936K, used 96586K [0x0000000085800000, 0x0000000100000000)
  region size 1024K, 4 young (4096K), 4 survivors (4096K)
 Metaspace       used 72408K, committed 73088K, reserved 1114112K
  class space    used 10695K, committed 11008K, reserved 1048576K
}
Event: 6.811 GC heap before
{Heap before GC invocations=25 (full 0):
 garbage-first heap   total 167936K, used 100682K [0x0000000085800000, 0x0000000100000000)
  region size 1024K, 8 young (8192K), 4 survivors (4096K)
 Metaspace       used 72408K, committed 73088K, reserved 1114112K
  class space    used 10695K, committed 11008K, reserved 1048576K
}
Event: 6.828 GC heap after
{Heap after GC invocations=26 (full 0):
 garbage-first heap   total 167936K, used 98967K [0x0000000085800000, 0x0000000100000000)
  region size 1024K, 1 young (1024K), 1 survivors (1024K)
 Metaspace       used 72408K, committed 73088K, reserved 1114112K
  class space    used 10695K, committed 11008K, reserved 1048576K
}
Event: 6.885 GC heap before
{Heap before GC invocations=26 (full 0):
 garbage-first heap   total 167936K, used 108183K [0x0000000085800000, 0x0000000100000000)
  region size 1024K, 11 young (11264K), 1 survivors (1024K)
 Metaspace       used 72408K, committed 73088K, reserved 1114112K
  class space    used 10695K, committed 11008K, reserved 1048576K
}

Dll operation events (13 events):
Event: 0.024 Loaded shared library C:\Users\hp\.jdks\ms-17.0.17\bin\java.dll
Event: 0.046 Loaded shared library C:\Users\hp\.jdks\ms-17.0.17\bin\jsvml.dll
Event: 0.168 Loaded shared library C:\Users\hp\.jdks\ms-17.0.17\bin\zip.dll
Event: 0.172 Loaded shared library C:\Users\hp\.jdks\ms-17.0.17\bin\instrument.dll
Event: 0.181 Loaded shared library C:\Users\hp\.jdks\ms-17.0.17\bin\net.dll
Event: 0.184 Loaded shared library C:\Users\hp\.jdks\ms-17.0.17\bin\nio.dll
Event: 0.186 Loaded shared library C:\Users\hp\.jdks\ms-17.0.17\bin\zip.dll
Event: 0.305 Loaded shared library C:\Users\hp\.jdks\ms-17.0.17\bin\extnet.dll
Event: 0.323 Loaded shared library C:\Users\hp\.jdks\ms-17.0.17\bin\jimage.dll
Event: 0.716 Loaded shared library C:\Users\hp\.jdks\ms-17.0.17\bin\management.dll
Event: 0.718 Loaded shared library C:\Users\hp\.jdks\ms-17.0.17\bin\management_ext.dll
Event: 1.831 Loaded shared library C:\Users\hp\.jdks\ms-17.0.17\bin\sunmscapi.dll
Event: 3.889 Loaded shared library C:\Users\hp\.jdks\ms-17.0.17\bin\verify.dll

Deoptimization events (6 events):
Event: 4.202 Thread 0x0000028208859100 DEOPT PACKING pc=0x00000281b858cf19 sp=0x0000009620df8390
Event: 4.202 Thread 0x0000028208859100 DEOPT UNPACKING pc=0x00000281b8037143 sp=0x0000009620df7830 mode 3
Event: 4.203 Thread 0x000002820941d7a0 DEOPT PACKING pc=0x00000281b856d1af sp=0x00000096218ff190
Event: 4.203 Thread 0x000002820941d7a0 DEOPT UNPACKING pc=0x00000281b8037143 sp=0x00000096218fe5f8 mode 3
Event: 4.923 Thread 0x0000028208859100 DEOPT PACKING pc=0x00000281b8c2015c sp=0x0000009620df7280
Event: 4.923 Thread 0x0000028208859100 DEOPT UNPACKING pc=0x00000281b8037143 sp=0x0000009620df6720 mode 0

Classes loaded (20 events):
Event: 6.247 Loading class javax/crypto/JceSecurity$WeakIdentityWrapper
Event: 6.247 Loading class javax/crypto/JceSecurity$WeakIdentityWrapper done
Event: 6.247 Loading class javax/crypto/JceSecurity$2
Event: 6.247 Loading class javax/crypto/JceSecurity$2 done
Event: 6.247 Loading class javax/crypto/JceSecurity$3
Event: 6.247 Loading class javax/crypto/JceSecurity$3 done
Event: 6.247 Loading class java/lang/Class$Holder
Event: 6.247 Loading class java/lang/Class$Holder done
Event: 6.247 Loading class java/security/AllPermissionCollection
Event: 6.247 Loading class java/security/AllPermissionCollection done
Event: 6.247 Loading class javax/crypto/ProviderVerifier
Event: 6.247 Loading class javax/crypto/ProviderVerifier done
Event: 6.247 Loading class com/sun/crypto/provider/PBKDF2Core$HmacSHA256
Event: 6.247 Loading class com/sun/crypto/provider/PBKDF2Core
Event: 6.247 Loading class javax/crypto/SecretKeyFactorySpi
Event: 6.247 Loading class javax/crypto/SecretKeyFactorySpi done
Event: 6.247 Loading class com/sun/crypto/provider/PBKDF2Core done
Event: 6.247 Loading class com/sun/crypto/provider/PBKDF2Core$HmacSHA256 done
Event: 6.284 Loading class sun/reflect/annotation/AnnotationInvocationHandler$1
Event: 6.284 Loading class sun/reflect/annotation/AnnotationInvocationHandler$1 done

Classes unloaded (1 events):
Event: 6.638 Thread 0x00000281c205e4c0 Unloading class 0x00000281c4a74000 'jdk/internal/reflect/GeneratedSerializationConstructorAccessor1'

Classes redefined (0 events):
No events

Internal exceptions (20 events):
Event: 6.020 Thread 0x0000028208859100 Exception <a 'java/lang/reflect/InvocationTargetException'{0x000000008af77880}> (0x000000008af77880) 
thrown [s\src\hotspot\share\runtime\reflection.cpp, line 1128]
Event: 6.031 Thread 0x0000028208859100 Exception <a 'java/lang/reflect/InvocationTargetException'{0x000000008aa44fc0}> (0x000000008aa44fc0) 
thrown [s\src\hotspot\share\runtime\reflection.cpp, line 1128]
Event: 6.033 Thread 0x0000028208859100 Exception <a 'java/lang/reflect/InvocationTargetException'{0x000000008aa5c2f8}> (0x000000008aa5c2f8) 
thrown [s\src\hotspot\share\runtime\reflection.cpp, line 1128]
Event: 6.038 Thread 0x0000028208859100 Exception <a 'java/lang/NoSuchMethodError'{0x000000008aab90b8}: 'int java.lang.invoke.DirectMethodHandle$Holder.invokeStatic(java.lang.Object, java.lang.Object, int)'> (0x000000008aab90b8) 
thrown [s\src\hotspot\share\interpreter\linkResolver.cpp, line 759]
Event: 6.041 Thread 0x0000028208859100 Exception <a 'java/lang/IncompatibleClassChangeError'{0x000000008aaf43c0}: Found class java.lang.Object, but interface was expected> (0x000000008aaf43c0) 
thrown [s\src\hotspot\share\interpreter\linkResolver.cpp, line 826]
Event: 6.041 Thread 0x0000028208859100 Exception <a 'java/lang/IncompatibleClassChangeError'{0x000000008aafb1a0}: Found class java.lang.Object, but interface was expected> (0x000000008aafb1a0) 
thrown [s\src\hotspot\share\interpreter\linkResolver.cpp, line 826]
Event: 6.048 Thread 0x0000028208859100 Exception <a 'java/lang/reflect/InvocationTargetException'{0x000000008a9b0c70}> (0x000000008a9b0c70) 
thrown [s\src\hotspot\share\runtime\reflection.cpp, line 1128]
Event: 6.049 Thread 0x0000028208859100 Exception <a 'java/lang/reflect/InvocationTargetException'{0x000000008a9bac08}> (0x000000008a9bac08) 
thrown [s\src\hotspot\share\runtime\reflection.cpp, line 1128]
Event: 6.050 Thread 0x0000028208859100 Exception <a 'java/lang/reflect/InvocationTargetException'{0x000000008a9c6d18}> (0x000000008a9c6d18) 
thrown [s\src\hotspot\share\runtime\reflection.cpp, line 1128]
Event: 6.050 Thread 0x0000028208859100 Exception <a 'java/lang/reflect/InvocationTargetException'{0x000000008a9d3818}> (0x000000008a9d3818) 
thrown [s\src\hotspot\share\runtime\reflection.cpp, line 1128]
Event: 6.052 Thread 0x0000028208859100 Exception <a 'java/lang/reflect/InvocationTargetException'{0x000000008a9e63b0}> (0x000000008a9e63b0) 
thrown [s\src\hotspot\share\runtime\reflection.cpp, line 1128]
Event: 6.052 Thread 0x0000028208859100 Exception <a 'java/lang/reflect/InvocationTargetException'{0x000000008a9f21d0}> (0x000000008a9f21d0) 
thrown [s\src\hotspot\share\runtime\reflection.cpp, line 1128]
Event: 6.053 Thread 0x0000028208859100 Exception <a 'java/lang/reflect/InvocationTargetException'{0x000000008a9fe318}> (0x000000008a9fe318) 
thrown [s\src\hotspot\share\runtime\reflection.cpp, line 1128]
Event: 6.053 Thread 0x0000028208859100 Exception <a 'java/lang/reflect/InvocationTargetException'{0x000000008a80d360}> (0x000000008a80d360) 
thrown [s\src\hotspot\share\runtime\reflection.cpp, line 1128]
Event: 6.081 Thread 0x0000028208859100 Exception <a 'java/lang/reflect/InvocationTargetException'{0x000000008c05d3e8}> (0x000000008c05d3e8) 
thrown [s\src\hotspot\share\runtime\reflection.cpp, line 1128]
Event: 6.084 Thread 0x0000028208859100 Exception <a 'java/lang/reflect/InvocationTargetException'{0x000000008c0a0118}> (0x000000008c0a0118) 
thrown [s\src\hotspot\share\runtime\reflection.cpp, line 1128]
Event: 6.101 Thread 0x0000028208859100 Exception <a 'java/lang/NoSuchMethodError'{0x000000008bb7e228}: 'int java.lang.invoke.DirectMethodHandle$Holder.invokeStaticInit(java.lang.Object, int, java.lang.Object, java.lang.Object, java.lang.Object, java.lang.Object)'> (0x000000008bb7e228) 
thrown [s\src\hotspot\share\interpreter\linkResolver.cpp, line 759]
Event: 6.177 Thread 0x0000028208859100 Exception <a 'java/lang/NoSuchMethodError'{0x000000008b68b2e0}: 'long java.lang.invoke.DirectMethodHandle$Holder.invokeVirtual(java.lang.Object, java.lang.Object)'> (0x000000008b68b2e0) 
thrown [s\src\hotspot\share\interpreter\linkResolver.cpp, line 759]
Event: 6.180 Thread 0x0000028208859100 Exception <a 'java/io/FileNotFoundException'{0x000000008b6bdbf0}> (0x000000008b6bdbf0) 
thrown [s\src\hotspot\share\prims\jni.cpp, line 516]
Event: 6.244 Thread 0x0000028208859100 Exception <a 'sun/nio/fs/WindowsException'{0x000000008b0ea8b0}> (0x000000008b0ea8b0) 
thrown [s\src\hotspot\share\prims\jni.cpp, line 516]

VM Operations (20 events):
Event: 6.247 Executing VM operation: HandshakeAllThreads done
Event: 6.281 Executing VM operation: HandshakeAllThreads
Event: 6.281 Executing VM operation: HandshakeAllThreads done
Event: 6.329 Executing VM operation: G1CollectForAllocation
Event: 6.332 Executing VM operation: G1CollectForAllocation done
Event: 6.413 Executing VM operation: G1CollectForAllocation
Event: 6.419 Executing VM operation: G1CollectForAllocation done
Event: 6.556 Executing VM operation: G1CollectForAllocation
Event: 6.575 Executing VM operation: G1CollectForAllocation done
Event: 6.581 Executing VM operation: G1TryInitiateConcMark
Event: 6.588 Executing VM operation: G1TryInitiateConcMark done
Event: 6.637 Executing VM operation: G1PauseRemark
Event: 6.658 Executing VM operation: G1PauseRemark done
Event: 6.710 Executing VM operation: G1PauseCleanup
Event: 6.711 Executing VM operation: G1PauseCleanup done
Event: 6.762 Executing VM operation: G1CollectForAllocation
Event: 6.778 Executing VM operation: G1CollectForAllocation done
Event: 6.811 Executing VM operation: G1CollectForAllocation
Event: 6.828 Executing VM operation: G1CollectForAllocation done
Event: 6.885 Executing VM operation: G1TryInitiateConcMark

Memory protections (0 events):
No events

Nmethod flushes (0 events):
No events

Events (20 events):
Event: 0.155 Thread 0x00000281c2997f70 Thread added: 0x00000281c2adbbf0
Event: 0.298 Thread 0x00000281b047d110 Thread added: 0x0000028208341030
Event: 0.298 Thread 0x00000281b047d110 Thread added: 0x0000028208341510
Event: 0.756 Thread 0x00000281b047d110 Thread added: 0x000002820884d030
Event: 0.759 Thread 0x000002820884d030 Thread added: 0x0000028208859100
Event: 1.195 Thread 0x0000028208859100 Thread added: 0x00000282089c96f0
Event: 1.211 Thread 0x00000282089c96f0 Thread exited: 0x00000282089c96f0
Event: 1.301 Thread 0x0000028208859100 Thread added: 0x0000028208a18080
Event: 1.808 Thread 0x0000028208859100 Thread added: 0x0000028208e4b2d0
Event: 1.843 Thread 0x0000028208a18080 Thread exited: 0x0000028208a18080
Event: 1.882 Thread 0x0000028208e4b2d0 Thread exited: 0x0000028208e4b2d0
Event: 3.995 Thread 0x0000028208859100 Thread added: 0x000002820941e6d0
Event: 4.189 Thread 0x0000028208859100 Thread added: 0x000002820941dcb0
Event: 4.200 Thread 0x0000028208859100 Thread added: 0x000002820941d7a0
Event: 4.303 Thread 0x000002820941d7a0 Thread added: 0x000002820941d290
Event: 4.693 Thread 0x000002820941dcb0 Thread added: 0x0000028209420a40
Event: 4.696 Thread 0x0000028209420a40 Thread added: 0x000002820941e1c0
Event: 6.188 Thread 0x0000028208859100 Thread added: 0x000002820941f600
Event: 6.189 Thread 0x000002820941f600 Thread added: 0x0000028209420020
Event: 6.191 Thread 0x0000028208859100 Thread added: 0x000002820941fb10


Dynamic libraries:
0x00007ff6ea0d0000 - 0x00007ff6ea0de000 	C:\Users\hp\.jdks\ms-17.0.17\bin\java.exe
0x00007ff85c320000 - 0x00007ff85c588000 	C:\WINDOWS\SYSTEM32\ntdll.dll
0x00007ff85a0d0000 - 0x00007ff85a199000 	C:\WINDOWS\System32\KERNEL32.DLL
0x00007ff858ed0000 - 0x00007ff8592c1000 	C:\WINDOWS\System32\KERNELBASE.dll
0x00007ff8595b0000 - 0x00007ff8596fb000 	C:\WINDOWS\System32\ucrtbase.dll
0x00007ff8510d0000 - 0x00007ff8510e8000 	C:\Users\hp\.jdks\ms-17.0.17\bin\jli.dll
0x00007ff821300000 - 0x00007ff82131e000 	C:\Users\hp\.jdks\ms-17.0.17\bin\VCRUNTIME140.dll
0x00007ff85b220000 - 0x00007ff85b3e6000 	C:\WINDOWS\System32\USER32.dll
0x00007ff858c00000 - 0x00007ff858c27000 	C:\WINDOWS\System32\win32u.dll
0x00007ff85bc00000 - 0x00007ff85bc2b000 	C:\WINDOWS\System32\GDI32.dll
0x00007ff836b70000 - 0x00007ff836e03000 	C:\WINDOWS\WinSxS\amd64_microsoft.windows.common-controls_6595b64144ccf1df_6.0.26100.7824_none_3e0870b2e3345462\COMCTL32.dll
0x00007ff858da0000 - 0x00007ff858ecb000 	C:\WINDOWS\System32\gdi32full.dll
0x00007ff85ac70000 - 0x00007ff85ad19000 	C:\WINDOWS\System32\msvcrt.dll
0x00007ff859380000 - 0x00007ff859423000 	C:\WINDOWS\System32\msvcp_win.dll
0x00007ff85abe0000 - 0x00007ff85ac11000 	C:\WINDOWS\System32\IMM32.DLL
0x00007ff83bfe0000 - 0x00007ff83bfec000 	C:\Users\hp\.jdks\ms-17.0.17\bin\vcruntime140_1.dll
0x00007ff810940000 - 0x00007ff8109c9000 	C:\Users\hp\.jdks\ms-17.0.17\bin\msvcp140.dll
0x00007fff6d0c0000 - 0x00007fff6dd3a000 	C:\Users\hp\.jdks\ms-17.0.17\bin\server\jvm.dll
0x00007ff85a2a0000 - 0x00007ff85a354000 	C:\WINDOWS\System32\ADVAPI32.dll
0x00007ff85bb50000 - 0x00007ff85bbf6000 	C:\WINDOWS\System32\sechost.dll
0x00007ff85bc30000 - 0x00007ff85bd48000 	C:\WINDOWS\System32\RPCRT4.dll
0x00007ff85bd60000 - 0x00007ff85bdd4000 	C:\WINDOWS\System32\WS2_32.dll
0x00007ff858a60000 - 0x00007ff858abe000 	C:\WINDOWS\SYSTEM32\POWRPROF.dll
0x00007ff853bd0000 - 0x00007ff853c05000 	C:\WINDOWS\SYSTEM32\WINMM.dll
0x00007ff84e8a0000 - 0x00007ff84e8ab000 	C:\WINDOWS\SYSTEM32\VERSION.dll
0x00007ff858a40000 - 0x00007ff858a54000 	C:\WINDOWS\SYSTEM32\UMPDC.dll
0x00007ff8579a0000 - 0x00007ff8579bb000 	C:\WINDOWS\SYSTEM32\kernel.appcore.dll
0x00007ff8356e0000 - 0x00007ff8356ea000 	C:\Users\hp\.jdks\ms-17.0.17\bin\jimage.dll
0x00007ff856a30000 - 0x00007ff856c72000 	C:\WINDOWS\SYSTEM32\DBGHELP.DLL
0x00007ff85bf50000 - 0x00007ff85c2d6000 	C:\WINDOWS\System32\combase.dll
0x00007ff85af00000 - 0x00007ff85afd7000 	C:\WINDOWS\System32\OLEAUT32.dll
0x00007ff834260000 - 0x00007ff83429b000 	C:\WINDOWS\SYSTEM32\dbgcore.DLL
0x00007ff8592d0000 - 0x00007ff859375000 	C:\WINDOWS\System32\bcryptPrimitives.dll
0x00007ff8212c0000 - 0x00007ff8212cf000 	C:\Users\hp\.jdks\ms-17.0.17\bin\instrument.dll
0x00007ff813de0000 - 0x00007ff813e06000 	C:\Users\hp\.jdks\ms-17.0.17\bin\java.dll
0x00007ff810860000 - 0x00007ff810936000 	C:\Users\hp\.jdks\ms-17.0.17\bin\jsvml.dll
0x00007ff85b3f0000 - 0x00007ff85bb42000 	C:\WINDOWS\System32\SHELL32.dll
0x00007ff858c30000 - 0x00007ff858d9a000 	C:\WINDOWS\System32\wintypes.dll
0x00007ff859850000 - 0x00007ff85a0b3000 	C:\WINDOWS\System32\windows.storage.dll
0x00007ff85bdf0000 - 0x00007ff85bee6000 	C:\WINDOWS\System32\SHCORE.dll
0x00007ff85a230000 - 0x00007ff85a297000 	C:\WINDOWS\System32\shlwapi.dll
0x00007ff858b20000 - 0x00007ff858b49000 	C:\WINDOWS\SYSTEM32\profapi.dll
0x00007ff812890000 - 0x00007ff8128a8000 	C:\Users\hp\.jdks\ms-17.0.17\bin\zip.dll
0x00007ff813dc0000 - 0x00007ff813ddb000 	C:\Users\hp\.jdks\ms-17.0.17\bin\net.dll
0x00007ff851550000 - 0x00007ff851677000 	C:\WINDOWS\SYSTEM32\WINHTTP.dll
0x00007ff857f10000 - 0x00007ff857f7b000 	C:\WINDOWS\system32\mswsock.dll
0x00007ff8128b0000 - 0x00007ff8128c6000 	C:\Users\hp\.jdks\ms-17.0.17\bin\nio.dll
0x00007ff8212b0000 - 0x00007ff8212b9000 	C:\Users\hp\.jdks\ms-17.0.17\bin\extnet.dll
0x00007ff812880000 - 0x00007ff81288a000 	C:\Users\hp\.jdks\ms-17.0.17\bin\management.dll
0x00007ff811060000 - 0x00007ff81106c000 	C:\Users\hp\.jdks\ms-17.0.17\bin\management_ext.dll
0x00007ff85a0c0000 - 0x00007ff85a0c8000 	C:\WINDOWS\System32\PSAPI.DLL
0x00007ff857370000 - 0x00007ff8573a4000 	C:\WINDOWS\SYSTEM32\IPHLPAPI.DLL
0x00007ff85bde0000 - 0x00007ff85bdea000 	C:\WINDOWS\System32\NSI.dll
0x00007ff852430000 - 0x00007ff85244e000 	C:\WINDOWS\SYSTEM32\dhcpcsvc6.DLL
0x00007ff851ee0000 - 0x00007ff851f03000 	C:\WINDOWS\SYSTEM32\dhcpcsvc.DLL
0x00007ff8573b0000 - 0x00007ff8574dc000 	C:\WINDOWS\SYSTEM32\DNSAPI.dll
0x00007ff84e890000 - 0x00007ff84e89b000 	C:\Windows\System32\rasadhlp.dll
0x00007ff852a30000 - 0x00007ff852ab6000 	C:\WINDOWS\System32\fwpuclnt.dll
0x00007ff813680000 - 0x00007ff81368e000 	C:\Users\hp\.jdks\ms-17.0.17\bin\sunmscapi.dll
0x00007ff859430000 - 0x00007ff8595a7000 	C:\WINDOWS\System32\CRYPT32.dll
0x00007ff858400000 - 0x00007ff858430000 	C:\WINDOWS\SYSTEM32\ncrypt.dll
0x00007ff8583b0000 - 0x00007ff8583ef000 	C:\WINDOWS\SYSTEM32\NTASN1.dll
0x00007ff8581f0000 - 0x00007ff85820b000 	C:\WINDOWS\SYSTEM32\CRYPTSP.dll
0x00007ff857900000 - 0x00007ff857939000 	C:\WINDOWS\system32\rsaenh.dll
0x00007ff857fc0000 - 0x00007ff857feb000 	C:\WINDOWS\SYSTEM32\USERENV.dll
0x00007ff858af0000 - 0x00007ff858b1a000 	C:\WINDOWS\SYSTEM32\bcrypt.dll
0x00007ff8581e0000 - 0x00007ff8581ec000 	C:\WINDOWS\SYSTEM32\CRYPTBASE.dll
0x00007ff810f10000 - 0x00007ff810f20000 	C:\Users\hp\.jdks\ms-17.0.17\bin\verify.dll

dbghelp: loaded successfully - version: 4.0.5 - missing functions: none
symbol engine: initialized successfully - sym options: 0x614 - pdb path: .;C:\Users\hp\.jdks\ms-17.0.17\bin;C:\WINDOWS\SYSTEM32;C:\WINDOWS\WinSxS\amd64_microsoft.windows.common-controls_6595b64144ccf1df_6.0.26100.7824_none_3e0870b2e3345462;C:\Users\hp\.jdks\ms-17.0.17\bin\server

VM Arguments:
jvm_args: -XX:TieredStopAtLevel=1 -Dspring.output.ansi.enabled=always -javaagent:C:\Users\hp\Desktop\IntelliJ IDEA 2025.3\lib\idea_rt.jar=49671 -Dfile.encoding=UTF-8 
java_command: com.esprit.platformepediatricback.PlatformePediatricBackApplication
java_class_path (initial): D:\Platform-Pediatric-pidev-platform-nephrologie\Platform-Pediatric-pidev-platform-nephrologie\Back\target\classes;D:\maven-repo\org\springframework\boot\spring-boot-starter-data-jpa\3.4.0\spring-boot-starter-data-jpa-3.4.0.jar;D:\maven-repo\org\springframework\boot\spring-boot-starter\3.4.0\spring-boot-starter-3.4.0.jar;D:\maven-repo\org\springframework\boot\spring-boot-starter-logging\3.4.0\spring-boot-starter-logging-3.4.0.jar;D:\maven-repo\ch\qos\logback\logback-classic\1.5.12\logback-classic-1.5.12.jar;D:\maven-repo\ch\qos\logback\logback-core\1.5.12\logback-core-1.5.12.jar;D:\maven-repo\org\apache\logging\log4j\log4j-to-slf4j\2.24.1\log4j-to-slf4j-2.24.1.jar;D:\maven-repo\org\apache\logging\log4j\log4j-api\2.24.1\log4j-api-2.24.1.jar;D:\maven-repo\org\slf4j\jul-to-slf4j\2.0.16\jul-to-slf4j-2.0.16.jar;D:\maven-repo\jakarta\annotation\jakarta.annotation-api\2.1.1\jakarta.annotation-api-2.1.1.jar;D:\maven-repo\org\yaml\snakeyaml\2.3\snakeyaml-2.3.jar;D:\maven-repo\org\springframework\boot\spring-boot-starter-jdbc\3.4.0\spring-boot-starter-jdbc-3.4.0.jar;D:\maven-repo\com\zaxxer\HikariCP\5.1.0\HikariCP-5.1.0.jar;D:\maven-repo\org\springframework\spring-jdbc\6.2.0\spring-jdbc-6.2.0.jar;D:\maven-repo\org\hibernate\orm\hibernate-core\6.6.2.Final\hibernate-core-6.6.2.Final.jar;D:\maven-repo\jakarta\persistence\jakarta.persistence-api\3.1.0\jakarta.persistence-api-3.1.0.jar;D:\maven-repo\jakarta\transaction\jakarta.transaction-api\2.0.1\jakarta.transaction-api-2.0.1.jar;D:\maven-repo\org\jboss\logging\jboss-logging\3.6.1.Final\jboss-logging-3.6.1.Final.jar;D:\maven-repo\org\hibernate\common\hibernate-commons-annotations\7.0.3.Final\hibernate-commons-annotations-7.0.3.Final.jar;D:\maven-repo\io\smallrye\jandex\3.2.0\jandex-3.2.0.jar;D:\maven-repo\com\fasterxml\classmate\1.7.0\classmate-1.7.0.jar;D:\maven-repo\net\bytebuddy\byte-buddy\1.15.10\byte-buddy-1.15.10.jar;D:\maven-repo\org\glassfish\jaxb\jaxb-runtime\4.0.5\jaxb-runtime-4.0.5.jar;D:\
Launcher Type: SUN_STANDARD

[Global flags]
     intx CICompilerCount                          = 4                                         {product} {ergonomic}
     uint ConcGCThreads                            = 3                                         {product} {ergonomic}
     uint G1ConcRefinementThreads                  = 10                                        {product} {ergonomic}
   size_t G1HeapRegionSize                         = 1048576                                   {product} {ergonomic}
    uintx GCDrainStackTargetSize                   = 64                                        {product} {ergonomic}
   size_t InitialHeapSize                          = 130023424                                 {product} {ergonomic}
   size_t MarkStackSize                            = 4194304                                   {product} {ergonomic}
   size_t MaxHeapSize                              = 2055208960                                {product} {ergonomic}
   size_t MaxNewSize                               = 1233125376                                {product} {ergonomic}
   size_t MinHeapDeltaBytes                        = 1048576                                   {product} {ergonomic}
   size_t MinHeapSize                              = 8388608                                   {product} {ergonomic}
    uintx NonProfiledCodeHeapSize                  = 0                                      {pd product} {ergonomic}
     bool ProfileInterpreter                       = false                                  {pd product} {command line}
    uintx ProfiledCodeHeapSize                     = 0                                      {pd product} {ergonomic}
   size_t SoftMaxHeapSize                          = 2055208960                             {manageable} {ergonomic}
     intx TieredStopAtLevel                        = 1                                         {product} {command line}
     bool UseCompressedClassPointers               = true                           {product lp64_product} {ergonomic}
     bool UseCompressedOops                        = true                           {product lp64_product} {ergonomic}
     bool UseG1GC                                  = true                                      {product} {ergonomic}
     bool UseLargePagesIndividualAllocation        = false                                  {pd product} {ergonomic}

Logging:
Log output configuration:
 #0: stdout all=warning uptime,level,tags
 #1: stderr all=off uptime,level,tags

Environment Variables:
JAVA_HOME=C:\Program Files\Eclipse Adoptium\jdk-17.0.16.8-hotspot
PATH=C:\Windows\system32;C:\Windows;C:\Windows\System32\Wbem;C:\Windows\System32\WindowsPowerShell\v1.0\;C:\Users\hp\AppData\Local\Microsoft\WindowsApps;C:\Users\hp\AppData\Local\Programs\Microsoft VS Code\bin;C:\Users\hp\AppData\Local\Programs\IntelliJ IDEA 2025.2\bin;C:\Users\hp\AppData\Roaming\npm;C:\Users\hp\AppData\Local\Programs\Windsurf\bin;C:\gradle\gradle-8.14-bin\gradle-8.14\bin;C:\ProgramData\chocolatey\bin;C:\maven;C:\flutter\bin;C:\Program Files\nodejs\;C:\Program Files\Microsoft SQL Server\170\Tools\Binn\;C:\Users\hp\.dotnet\tools;C:\Program Files\Oracle\VirtualBox;C:\Program Files\Oracle\VirtualBox;D:\minikube;C:\apache-maven-3.9.11\bin;C:\Program Files\Apache\maven\apache-maven-3.9.6\bin;C:\apache-maven-3.9.11\bin;C:\Program Files\Git\cmd;d:\Users\hp\AppData\Local\Programs\cursor\resources\app\codeBin;C:\Users\hp\AppData\Local\Programs\Eclipse Adoptium\jdk-25.0.1.8-hotspot\bin;C:\Users\hp\Desktop\IntelliJ IDEA 2025.3\bin;C:\Programmes\Git\cmd;C:\Programmes\Git\bin;C:\Program Files\Apache Software Foundation;d:\Users\hp\AppData\Local\Programs\cursor\resources\app\bin;C:\Users\hp\AppData\Roaming\npm-global;C:\app\hp\product\21c\dbhome_1\BIN;C:\Program Files\Kubernetes\Minikube;;C:\Program Files\Docker\Docker\resources\bin;C:\Program Files (x86)\VMware\VMware Player\bin\;C:\Windows\system32;C:\Windows;C:\Windows\System32\Wbem;C:\Windows\System32\WindowsPowerShell\v1.0\;C:\Users\hp\AppData\Local\Microsoft\WindowsApps;C:\Users\hp\AppData\Local\Programs\Microsoft VS Code\bin;C:\Users\hp\AppData\Local\Programs\IntelliJ IDEA 2025.2\bin;C:\Users\hp\AppData\Roaming\npm;C:\Users\hp\AppData\Local\Programs\Windsurf\bin;C:\gradle\gradle-8.14-bin\gradle-8.14\bin;C:\ProgramData\chocolatey\bin;C:\maven;C:\flutter\bin;C:\Program Files\nodejs\;C:\Program Files\Microsoft SQL Server\170\Tools\Binn\;C:\Program Files\Vagrant\bin;C:\Program Files\Docker\Docker\resources\bin;C:\Users\hp\.dotnet\tools;C:\Program Files\Oracle\VirtualBox;C:\Program Files\Oracle\VirtualBox;D:\minikube;C:\apache-maven-3.9.11\bin;C:\Program Files\Apache\maven\apache-maven-3.9.6\bin;C:\apache-maven-3.9.11\bin;C:\Program Files\Git\cmd;d:\Users\hp\AppData\Local\Programs\cursor\resources\app\codeBin;C:\Users\hp\AppData\Local\Programs\Eclipse Adoptium\jdk-25.0.1.8-hotspot\bin;C:\Users\hp\Desktop\IntelliJ IDEA 2025.3\bin;C:\Programmes\Git\cmd;C:\Programmes\Git\bin;C:\Program Files\Apache Software Foundation;C:\Users\hp\AppData\Roaming\npm-global;C:\Users\hp\AppData\Local\Microsoft\WinGet\Links
USERNAME=hp
OS=Windows_NT
PROCESSOR_IDENTIFIER=Intel64 Family 6 Model 186 Stepping 3, GenuineIntel
TMP=C:\Users\hp\AppData\Local\Temp
TEMP=C:\Users\hp\AppData\Local\Temp



Periodic native trim disabled


---------------  S Y S T E M  ---------------

OS:
 Windows 11 , 64 bit Build 26100 (10.0.26100.7705)
OS uptime: 1 days 17:27 hours
Hyper-V role detected

CPU: total 12 (initial active 12) (6 cores per cpu, 2 threads per core) family 6 model 186 stepping 3 microcode 0x4121, cx8, cmov, fxsr, ht, mmx, 3dnowpref, sse, sse2, sse3, ssse3, sse4.1, sse4.2, popcnt, lzcnt, tsc, tscinvbit, avx, avx2, aes, erms, clmul, bmi1, bmi2, adx, sha, fma, vzeroupper, clflush, clflushopt, clwb, hv
Processor Information for processor 0
  Max Mhz: 1300, Current Mhz: 1300, Mhz Limit: 1300
Processor Information for processor 1
  Max Mhz: 1300, Current Mhz: 1300, Mhz Limit: 1300
Processor Information for processor 2
  Max Mhz: 1300, Current Mhz: 1300, Mhz Limit: 1300
Processor Information for processor 3
  Max Mhz: 1300, Current Mhz: 1300, Mhz Limit: 1300
Processor Information for processor 4
  Max Mhz: 1300, Current Mhz: 900, Mhz Limit: 897
Processor Information for processor 5
  Max Mhz: 1300, Current Mhz: 900, Mhz Limit: 897
Processor Information for processor 6
  Max Mhz: 1300, Current Mhz: 900, Mhz Limit: 897
Processor Information for processor 7
  Max Mhz: 1300, Current Mhz: 900, Mhz Limit: 897
Processor Information for processor 8
  Max Mhz: 1300, Current Mhz: 900, Mhz Limit: 897
Processor Information for processor 9
  Max Mhz: 1300, Current Mhz: 900, Mhz Limit: 897
Processor Information for processor 10
  Max Mhz: 1300, Current Mhz: 900, Mhz Limit: 897
Processor Information for processor 11
  Max Mhz: 1300, Current Mhz: 900, Mhz Limit: 897

Memory: 4k page, system-wide physical 7835M (800M free)
TotalPageFile size 21297M (AvailPageFile size 61M)
current process WorkingSet (physical memory assigned to process): 330M, peak: 330M
current process commit charge ("private bytes"): 378M, peak: 612M

vm_info: OpenJDK 64-Bit Server VM (17.0.17+10-LTS) for windows-amd64 JRE (17.0.17+10-LTS), built on Oct 13 2025 22:19:56 by "MicrosoftCorporation" with unknown MS VC++:1944

END.
